Info: Generated by version: 25.1.1 build 125
Info: Starting: Create simulation model
Info: qsys-generate /mnt/ssd2/hamza/altera_video_pipeline/IPs/clipper_axisfull_reconfigurable/ip/clipper_ip/clipper_ip_intel_vvp_tpg_0.ip --simulation=VERILOG --allow-mixed-language-simulation --output-directory=/mnt/ssd2/hamza/altera_video_pipeline/IPs/clipper_axisfull_reconfigurable/ip/clipper_ip/clipper_ip_intel_vvp_tpg_0 --family="Cyclone 10 GX" --part=10CX220YF780I5G
Info: clipper_ip_intel_vvp_tpg_0: "Transforming system: clipper_ip_intel_vvp_tpg_0"
Info: clipper_ip_intel_vvp_tpg_0: "Naming system components in system: clipper_ip_intel_vvp_tpg_0"
Info: clipper_ip_intel_vvp_tpg_0: "Processing generation queue"
Info: clipper_ip_intel_vvp_tpg_0: "Generating: clipper_ip_intel_vvp_tpg_0"
Info: clipper_ip_intel_vvp_tpg_0: "Generating: clipper_ip_intel_vvp_tpg_0_intel_vvp_tpg_2451_d5l5lza"
Info: clipper_ip_intel_vvp_tpg_0: "Generating: intel_vvp_reset_sync"
Info: clipper_ip_intel_vvp_tpg_0: "Generating: intel_vvp_tpg_scheduler"
Info: clipper_ip_intel_vvp_tpg_0: "Generating: intel_vvp_output_interface_bridge"
Info: clipper_ip_intel_vvp_tpg_0: "Generating: intel_vvp_tpg_bars_algo_comp"
Info: clipper_ip_intel_vvp_tpg_0: Done "clipper_ip_intel_vvp_tpg_0" with 6 modules, 96 files
Info: Generating the following file(s) for MODELSIM simulator in /mnt/ssd2/hamza/altera_video_pipeline/IPs/clipper_axisfull_reconfigurable/ip/clipper_ip/clipper_ip_intel_vvp_tpg_0/sim/ directory:
Info: 	common/modelsim_files.tcl
Info: Generating the following file(s) for VCSMX simulator in /mnt/ssd2/hamza/altera_video_pipeline/IPs/clipper_axisfull_reconfigurable/ip/clipper_ip/clipper_ip_intel_vvp_tpg_0/sim/ directory:
Info: 	common/vcsmx_files.tcl
Info: Generating the following file(s) for VCS simulator in /mnt/ssd2/hamza/altera_video_pipeline/IPs/clipper_axisfull_reconfigurable/ip/clipper_ip/clipper_ip_intel_vvp_tpg_0/sim/ directory:
Info: 	common/vcs_files.tcl
Info: Generating the following file(s) for XCELIUM simulator in /mnt/ssd2/hamza/altera_video_pipeline/IPs/clipper_axisfull_reconfigurable/ip/clipper_ip/clipper_ip_intel_vvp_tpg_0/sim/ directory:
Info: 	common/xcelium_files.tcl
Info: Generating the following file(s) for RIVIERA simulator in /mnt/ssd2/hamza/altera_video_pipeline/IPs/clipper_axisfull_reconfigurable/ip/clipper_ip/clipper_ip_intel_vvp_tpg_0/sim/ directory:
Info: 	common/riviera_files.tcl
Info: For information on how to simulate your IP, see the explanatory comments in the simulator-specific subdirectories under /mnt/ssd2/hamza/altera_video_pipeline/IPs/clipper_axisfull_reconfigurable/ip/clipper_ip/clipper_ip_intel_vvp_tpg_0/sim/.
Info: Regenerate these scripts whenever you make any change to any Quartus-generated IP in your project.
Info: Finished: Create simulation model
Info: Starting: Create simulation script
Info: sim-script-gen --system-file=/mnt/ssd2/hamza/altera_video_pipeline/IPs/clipper_axisfull_reconfigurable/ip/clipper_ip/clipper_ip_intel_vvp_tpg_0.ip --output-directory=/mnt/ssd2/hamza/altera_video_pipeline/IPs/clipper_axisfull_reconfigurable/ip/clipper_ip/clipper_ip_intel_vvp_tpg_0/sim/ --use-relative-paths=true
Info: Generating the following file(s) for MODELSIM simulator in /mnt/ssd2/hamza/altera_video_pipeline/IPs/clipper_axisfull_reconfigurable/ip/clipper_ip/clipper_ip_intel_vvp_tpg_0/sim/ directory:
Info: 	mentor/msim_setup.tcl
Info: 	mentor/run_msim_setup.tcl
Info: Generating the following file(s) for VCSMX simulator in /mnt/ssd2/hamza/altera_video_pipeline/IPs/clipper_axisfull_reconfigurable/ip/clipper_ip/clipper_ip_intel_vvp_tpg_0/sim/ directory:
Info: 	synopsys/vcsmx/_device_synopsys_sim.setup
Info: 	synopsys/vcsmx/synopsys_sim.setup
Info: 	synopsys/vcsmx/vcsmx_setup.sh
Info: Generating the following file(s) for VCS simulator in /mnt/ssd2/hamza/altera_video_pipeline/IPs/clipper_axisfull_reconfigurable/ip/clipper_ip/clipper_ip_intel_vvp_tpg_0/sim/ directory:
Info: 	synopsys/vcs/vcs_setup.sh
Info: Generating the following file(s) for XCELIUM simulator in /mnt/ssd2/hamza/altera_video_pipeline/IPs/clipper_axisfull_reconfigurable/ip/clipper_ip/clipper_ip_intel_vvp_tpg_0/sim/ directory:
Info: 	xcelium/cds.lib
Info: 	xcelium/hdl.var
Info: 	xcelium/xcelium_setup.sh
Info: 	8 .cds.lib files in xcelium/cds_libs/ directory
Info: Generating the following file(s) for RIVIERA simulator in /mnt/ssd2/hamza/altera_video_pipeline/IPs/clipper_axisfull_reconfigurable/ip/clipper_ip/clipper_ip_intel_vvp_tpg_0/sim/ directory:
Info: 	aldec/rivierapro_setup.tcl
Info: 	aldec/run_rivierapro_setup.tcl
Info: For information on how to simulate your IP, see the explanatory comments in the simulator-specific subdirectories under /mnt/ssd2/hamza/altera_video_pipeline/IPs/clipper_axisfull_reconfigurable/ip/clipper_ip/clipper_ip_intel_vvp_tpg_0/sim/.
Info: Regenerate these scripts whenever you make any change to any Quartus-generated IP in your project.
Info: Finished: Create simulation script
Info: Starting: Create block symbol file (.bsf)
Info: qsys-generate /mnt/ssd2/hamza/altera_video_pipeline/IPs/clipper_axisfull_reconfigurable/ip/clipper_ip/clipper_ip_intel_vvp_tpg_0.ip --block-symbol-file --output-directory=/mnt/ssd2/hamza/altera_video_pipeline/IPs/clipper_axisfull_reconfigurable/ip/clipper_ip/clipper_ip_intel_vvp_tpg_0 --family="Cyclone 10 GX" --part=10CX220YF780I5G
Info: Finished: Create block symbol file (.bsf)
Info: 
Info: Starting: Create HDL design files for synthesis
Info: qsys-generate /mnt/ssd2/hamza/altera_video_pipeline/IPs/clipper_axisfull_reconfigurable/ip/clipper_ip/clipper_ip_intel_vvp_tpg_0.ip --synthesis=VERILOG --output-directory=/mnt/ssd2/hamza/altera_video_pipeline/IPs/clipper_axisfull_reconfigurable/ip/clipper_ip/clipper_ip_intel_vvp_tpg_0 --family="Cyclone 10 GX" --part=10CX220YF780I5G
Info: clipper_ip_intel_vvp_tpg_0: "Transforming system: clipper_ip_intel_vvp_tpg_0"
Info: clipper_ip_intel_vvp_tpg_0: "Naming system components in system: clipper_ip_intel_vvp_tpg_0"
Info: clipper_ip_intel_vvp_tpg_0: "Processing generation queue"
Info: clipper_ip_intel_vvp_tpg_0: "Generating: clipper_ip_intel_vvp_tpg_0"
Info: clipper_ip_intel_vvp_tpg_0: "Generating: clipper_ip_intel_vvp_tpg_0_intel_vvp_tpg_2451_d5l5lza"
Info: clipper_ip_intel_vvp_tpg_0: "Generating: intel_vvp_reset_sync"
Info: clipper_ip_intel_vvp_tpg_0: "Generating: intel_vvp_tpg_scheduler"
Info: clipper_ip_intel_vvp_tpg_0: "Generating: intel_vvp_output_interface_bridge"
Info: clipper_ip_intel_vvp_tpg_0: "Generating: intel_vvp_tpg_bars_algo_comp"
Info: clipper_ip_intel_vvp_tpg_0: Done "clipper_ip_intel_vvp_tpg_0" with 6 modules, 27 files
Info: Finished: Create HDL design files for synthesis
