Info: Generated by version: 25.1 build 129
Info: Starting: Create simulation model
Info: qsys-generate /home/lpt-10xe/Desktop/Internship10x/Clipper_IP/ip/clipper_ip/clipper_ip_intel_vvp_tpg_0.ip --simulation=VERILOG --allow-mixed-language-simulation --simulator=MODELSIM --output-directory=/home/lpt-10xe/Desktop/Internship10x/Clipper_IP/ip/clipper_ip/clipper_ip_intel_vvp_tpg_0 --family="Cyclone 10 GX" --part=10CX220YF780I5G
Info: clipper_ip_intel_vvp_tpg_0: "Transforming system: clipper_ip_intel_vvp_tpg_0"
Info: clipper_ip_intel_vvp_tpg_0: "Naming system components in system: clipper_ip_intel_vvp_tpg_0"
Info: clipper_ip_intel_vvp_tpg_0: "Processing generation queue"
Info: clipper_ip_intel_vvp_tpg_0: "Generating: clipper_ip_intel_vvp_tpg_0"
Info: clipper_ip_intel_vvp_tpg_0: "Generating: clipper_ip_intel_vvp_tpg_0_intel_vvp_tpg_2450_aovmnxi"
Info: clipper_ip_intel_vvp_tpg_0: "Generating: intel_vvp_reset_sync"
Info: clipper_ip_intel_vvp_tpg_0: "Generating: intel_vvp_tpg_scheduler"
Info: clipper_ip_intel_vvp_tpg_0: "Generating: intel_vvp_output_interface_bridge"
Info: clipper_ip_intel_vvp_tpg_0: "Generating: intel_vvp_tpg_bars_algo_comp"
Info: clipper_ip_intel_vvp_tpg_0: Done "clipper_ip_intel_vvp_tpg_0" with 6 modules, 96 files
Info: Generating the following file(s) for MODELSIM simulator in /home/lpt-10xe/Desktop/Internship10x/Clipper_IP/ip/clipper_ip/clipper_ip_intel_vvp_tpg_0/sim/ directory:
Info: 	common/modelsim_files.tcl
Info: For information on how to simulate your IP, see the explanatory comments in the simulator-specific subdirectories under /home/lpt-10xe/Desktop/Internship10x/Clipper_IP/ip/clipper_ip/clipper_ip_intel_vvp_tpg_0/sim/.
Info: Regenerate these scripts whenever you make any change to any Quartus-generated IP in your project.
Info: Finished: Create simulation model
Info: Starting: Create simulation script
Info: sim-script-gen --system-file=/home/lpt-10xe/Desktop/Internship10x/Clipper_IP/ip/clipper_ip/clipper_ip_intel_vvp_tpg_0.ip --simulator=MODELSIM --output-directory=/home/lpt-10xe/Desktop/Internship10x/Clipper_IP/ip/clipper_ip/clipper_ip_intel_vvp_tpg_0/sim/ --use-relative-paths=true --modelsim-flow=traditional
Info: Generating the following file(s) for MODELSIM simulator in /home/lpt-10xe/Desktop/Internship10x/Clipper_IP/ip/clipper_ip/clipper_ip_intel_vvp_tpg_0/sim/ directory:
Info: 	mentor/msim_setup.tcl
Info: 	mentor/run_msim_setup.tcl
Info: For information on how to simulate your IP, see the explanatory comments in the simulator-specific subdirectories under /home/lpt-10xe/Desktop/Internship10x/Clipper_IP/ip/clipper_ip/clipper_ip_intel_vvp_tpg_0/sim/.
Info: Regenerate these scripts whenever you make any change to any Quartus-generated IP in your project.
Info: Finished: Create simulation script
Info: 
Info: Starting: Create HDL design files for synthesis
Info: qsys-generate /home/lpt-10xe/Desktop/Internship10x/Clipper_IP/ip/clipper_ip/clipper_ip_intel_vvp_tpg_0.ip --synthesis=VERILOG --output-directory=/home/lpt-10xe/Desktop/Internship10x/Clipper_IP/ip/clipper_ip/clipper_ip_intel_vvp_tpg_0 --family="Cyclone 10 GX" --part=10CX220YF780I5G
Info: clipper_ip_intel_vvp_tpg_0: "Transforming system: clipper_ip_intel_vvp_tpg_0"
Info: clipper_ip_intel_vvp_tpg_0: "Naming system components in system: clipper_ip_intel_vvp_tpg_0"
Info: clipper_ip_intel_vvp_tpg_0: "Processing generation queue"
Info: clipper_ip_intel_vvp_tpg_0: "Generating: clipper_ip_intel_vvp_tpg_0"
Info: clipper_ip_intel_vvp_tpg_0: "Generating: clipper_ip_intel_vvp_tpg_0_intel_vvp_tpg_2450_aovmnxi"
Info: clipper_ip_intel_vvp_tpg_0: "Generating: intel_vvp_reset_sync"
Info: clipper_ip_intel_vvp_tpg_0: "Generating: intel_vvp_tpg_scheduler"
Info: clipper_ip_intel_vvp_tpg_0: "Generating: intel_vvp_output_interface_bridge"
Info: clipper_ip_intel_vvp_tpg_0: "Generating: intel_vvp_tpg_bars_algo_comp"
Info: clipper_ip_intel_vvp_tpg_0: Done "clipper_ip_intel_vvp_tpg_0" with 6 modules, 27 files
Info: Finished: Create HDL design files for synthesis
