Info: Generated by version: 25.1.1 build 125
Info: Starting: Create simulation model
Info: qsys-generate /mnt/ssd2/hamza/hello_world/niosv.qsys --simulation=VERILOG --allow-mixed-language-simulation --simulator=MODELSIM --output-directory=/mnt/ssd2/hamza/hello_world/niosv --family="Agilex 5" --part=A5ED065BB32AE6SR0
Progress: Loading hello_world/niosv.qsys
Progress: Reading input file
Progress: Parameterizing module DEBUG
Progress: Parameterizing module My_NiosV
Progress: Parameterizing module SRAM
Progress: Parameterizing module clock_in
Progress: Parameterizing module intel_vvp_scaler_0
Progress: Parameterizing module intel_vvp_tpg_0
Progress: Parameterizing module reset_in
Progress: Building connections
Progress: Parameterizing connections
Progress: Validating
Progress: Done reading input file
Info: niosv: "Transforming system: niosv"
Info: niosv: "Naming system components in system: niosv"
Info: niosv: "Processing generation queue"
Info: niosv: "Generating: niosv"
Info: niosv: "Generating: niosv_jtag_uart_0"
Info: niosv: "Generating: niosv_intel_niosv_m_0"
Info: niosv: "Generating: niosv_intel_onchip_memory_0"
Info: niosv: "Generating: niosv_clock_in"
Info: niosv: "Generating: niosv_intel_vvp_scaler_0"
Info: niosv: "Generating: niosv_intel_vvp_tpg_0"
Info: niosv: "Generating: niosv_reset_in"
Info: niosv: "Generating: niosv_altera_mm_interconnect_1920_xhyle7q"
Info: niosv: "Generating: niosv_altera_irq_mapper_2001_x43qi7i"
Info: niosv: "Generating: altera_reset_controller"
Info: niosv: "Generating: niosv_altera_merlin_slave_translator_191_xg7rzxi"
Info: niosv: "Generating: niosv_altera_merlin_axi_master_ni_19112_2jrcixq"
Info: niosv: "Generating: niosv_altera_merlin_slave_agent_1930_jxauz3i"
Info: niosv: "Generating: niosv_altera_avalon_sc_fifo_1932_22gxxgi"
Info: niosv: "Generating: niosv_altera_merlin_router_1921_hxjaghy"
Info: niosv: "Generating: niosv_altera_merlin_router_1921_qibpk2y"
Info: niosv: "Generating: niosv_altera_merlin_router_1921_2c3yowy"
Info: niosv: "Generating: niosv_altera_merlin_router_1921_fv5lsya"
Info: niosv: "Generating: niosv_altera_merlin_traffic_limiter_1921_2thi65i"
Info: my_altera_avalon_sc_fifo_dest_id_fifo: "Generating: my_altera_avalon_sc_fifo_dest_id_fifo"
Info: niosv: "Generating: niosv_altera_merlin_demultiplexer_1921_tzpzzfi"
Info: niosv: "Generating: niosv_altera_merlin_demultiplexer_1921_iqu23ka"
Info: niosv: "Generating: niosv_altera_merlin_multiplexer_1922_r3eaopi"
Info: niosv: "Generating: niosv_altera_merlin_multiplexer_1922_ivj7c2q"
Info: niosv: "Generating: niosv_altera_merlin_demultiplexer_1921_7qm2rni"
Info: niosv: "Generating: niosv_altera_merlin_demultiplexer_1921_llj7jvi"
Info: niosv: "Generating: niosv_altera_merlin_multiplexer_1922_qgsvfny"
Info: niosv: "Generating: niosv_altera_merlin_multiplexer_1922_vgo2gcq"
Info: niosv: "Generating: niosv_altera_merlin_traffic_limiter_altera_avalon_sc_fifo_1921_jyjty3i"
Info: niosv: Done "niosv" with 29 modules, 32 files
Info: Generating the following file(s) for MODELSIM simulator in /mnt/ssd2/hamza/hello_world/niosv/sim/ directory:
Info: 	common/modelsim_files.tcl
Info: For information on how to simulate your IP, see the explanatory comments in the simulator-specific subdirectories under /mnt/ssd2/hamza/hello_world/niosv/sim/.
Info: Regenerate these scripts whenever you make any change to any Quartus-generated IP in your project.
Info: Finished: Create simulation model
Info: Starting: Create simulation script
Info: sim-script-gen --system-file=/mnt/ssd2/hamza/hello_world/niosv.qsys --simulator=MODELSIM --output-directory=/mnt/ssd2/hamza/hello_world/niosv/sim/ --use-relative-paths=true --modelsim-flow=traditional
Info: Generating the following file(s) for MODELSIM simulator in /mnt/ssd2/hamza/hello_world/niosv/sim/ directory:
Info: 	mentor/msim_setup.tcl
Info: 	mentor/run_msim_setup.tcl
Info: For information on how to simulate your IP, see the explanatory comments in the simulator-specific subdirectories under /mnt/ssd2/hamza/hello_world/niosv/sim/.
Info: Regenerate these scripts whenever you make any change to any Quartus-generated IP in your project.
Info: Finished: Create simulation script
Info: Starting: Create block symbol file (.bsf)
Info: qsys-generate /mnt/ssd2/hamza/hello_world/niosv.qsys --block-symbol-file --output-directory=/mnt/ssd2/hamza/hello_world/niosv --family="Agilex 5" --part=A5ED065BB32AE6SR0
Progress: Loading hello_world/niosv.qsys
Progress: Reading input file
Progress: Parameterizing module DEBUG
Progress: Parameterizing module My_NiosV
Progress: Parameterizing module SRAM
Progress: Parameterizing module clock_in
Progress: Parameterizing module intel_vvp_scaler_0
Progress: Parameterizing module intel_vvp_tpg_0
Progress: Parameterizing module reset_in
Progress: Building connections
Progress: Parameterizing connections
Progress: Validating
Progress: Done reading input file
Info: Finished: Create block symbol file (.bsf)
Info: 
Warning: Creating netlists for third-party EDA synthesis is only supported for standalone IP. Skipping greybox generation for /mnt/ssd2/hamza/hello_world/niosv.qsys.
Info: Starting: Create HDL design files for synthesis
Info: qsys-generate /mnt/ssd2/hamza/hello_world/niosv.qsys --synthesis=VERILOG --output-directory=/mnt/ssd2/hamza/hello_world/niosv --family="Agilex 5" --part=A5ED065BB32AE6SR0
Progress: Loading hello_world/niosv.qsys
Progress: Reading input file
Progress: Parameterizing module DEBUG
Progress: Parameterizing module My_NiosV
Progress: Parameterizing module SRAM
Progress: Parameterizing module clock_in
Progress: Parameterizing module intel_vvp_scaler_0
Progress: Parameterizing module intel_vvp_tpg_0
Progress: Parameterizing module reset_in
Progress: Building connections
Progress: Parameterizing connections
Progress: Validating
Progress: Done reading input file
Info: niosv: "Transforming system: niosv"
Info: niosv: "Naming system components in system: niosv"
Info: niosv: "Processing generation queue"
Info: niosv: "Generating: niosv"
Info: niosv: "Generating: niosv_jtag_uart_0"
Info: niosv: "Generating: niosv_intel_niosv_m_0"
Info: niosv: "Generating: niosv_intel_onchip_memory_0"
Info: niosv: "Generating: niosv_clock_in"
Info: niosv: "Generating: niosv_intel_vvp_scaler_0"
Info: niosv: "Generating: niosv_intel_vvp_tpg_0"
Info: niosv: "Generating: niosv_reset_in"
Info: niosv: "Generating: niosv_altera_mm_interconnect_1920_xhyle7q"
Info: niosv: "Generating: niosv_altera_irq_mapper_2001_x43qi7i"
Info: niosv: "Generating: altera_reset_controller"
Info: niosv: "Generating: niosv_altera_merlin_slave_translator_191_xg7rzxi"
Info: niosv: "Generating: niosv_altera_merlin_axi_master_ni_19112_2jrcixq"
Info: niosv: "Generating: niosv_altera_merlin_slave_agent_1930_jxauz3i"
Info: niosv: "Generating: niosv_altera_avalon_sc_fifo_1932_22gxxgi"
Info: niosv: "Generating: niosv_altera_merlin_router_1921_hxjaghy"
Info: niosv: "Generating: niosv_altera_merlin_router_1921_qibpk2y"
Info: niosv: "Generating: niosv_altera_merlin_router_1921_2c3yowy"
Info: niosv: "Generating: niosv_altera_merlin_router_1921_fv5lsya"
Info: niosv: "Generating: niosv_altera_merlin_traffic_limiter_1921_2thi65i"
Info: my_altera_avalon_sc_fifo_dest_id_fifo: "Generating: my_altera_avalon_sc_fifo_dest_id_fifo"
Info: niosv: "Generating: niosv_altera_merlin_demultiplexer_1921_tzpzzfi"
Info: niosv: "Generating: niosv_altera_merlin_demultiplexer_1921_iqu23ka"
Info: niosv: "Generating: niosv_altera_merlin_multiplexer_1922_r3eaopi"
Info: niosv: "Generating: niosv_altera_merlin_multiplexer_1922_ivj7c2q"
Info: niosv: "Generating: niosv_altera_merlin_demultiplexer_1921_7qm2rni"
Info: niosv: "Generating: niosv_altera_merlin_demultiplexer_1921_llj7jvi"
Info: niosv: "Generating: niosv_altera_merlin_multiplexer_1922_qgsvfny"
Info: niosv: "Generating: niosv_altera_merlin_multiplexer_1922_vgo2gcq"
Info: niosv: "Generating: niosv_altera_merlin_traffic_limiter_altera_avalon_sc_fifo_1921_jyjty3i"
Info: niosv: Done "niosv" with 29 modules, 32 files
Info: Finished: Create HDL design files for synthesis
Info: Starting: IP-XACT
Info: qsys-generate /mnt/ssd2/hamza/hello_world/niosv.qsys --synthesis=VERILOG --ipxact --output-directory=/mnt/ssd2/hamza/hello_world/niosv --family="Agilex 5" --part=A5ED065BB32AE6SR0
Info: Finished: IP-XACT
Info: Starting: Generate IP Core Documentation
Info: No documentation filesets were found for components in niosv. No files generated.
Info: Finished: Generate IP Core Documentation
