Info: Generated by version: 25.1.1 build 125
Info: Starting: Create simulation model
Info: qsys-generate /mnt/ssd2/Faruqi/ip/pl_sys/pl_sys_intel_vvp_dil_0.ip --simulation=VERILOG --allow-mixed-language-simulation --simulator=MODELSIM --output-directory=/mnt/ssd2/Faruqi/ip/pl_sys/pl_sys_intel_vvp_dil_0 --family="Cyclone 10 GX" --part=10CX220YF672E5G
Info: pl_sys_intel_vvp_dil_0: "Transforming system: pl_sys_intel_vvp_dil_0"
Info: pl_sys_intel_vvp_dil_0: "Naming system components in system: pl_sys_intel_vvp_dil_0"
Info: pl_sys_intel_vvp_dil_0: "Processing generation queue"
Info: pl_sys_intel_vvp_dil_0: "Generating: pl_sys_intel_vvp_dil_0"
Info: pl_sys_intel_vvp_dil_0: "Generating: pl_sys_intel_vvp_dil_0_intel_vvp_dil_2451_zskkody"
Info: pl_sys_intel_vvp_dil_0: "Generating: intel_vvp_reset_sync"
Info: pl_sys_intel_vvp_dil_0: "Generating: intel_vvp_input_interface_bridge"
Info: pl_sys_intel_vvp_dil_0: "Generating: intel_vvp_pkt_mux"
Info: pl_sys_intel_vvp_dil_0: "Generating: intel_vvp_output_interface_bridge"
Info: pl_sys_intel_vvp_dil_0: "Generating: intel_vvp_pkt_duplicator"
Info: pl_sys_intel_vvp_dil_0: "Generating: intel_vvp_dil_bob_algo_comp"
Info: pl_sys_intel_vvp_dil_0: "Generating: intel_vvp_dil_bob_scheduler"
Info: pl_sys_intel_vvp_dil_0: "Generating: intel_vvp_line_buffer"
Info: pl_sys_intel_vvp_dil_0: Done "pl_sys_intel_vvp_dil_0" with 10 modules, 212 files
Info: Generating the following file(s) for MODELSIM simulator in /mnt/ssd2/Faruqi/ip/pl_sys/pl_sys_intel_vvp_dil_0/sim/ directory:
Info: 	common/modelsim_files.tcl
Info: For information on how to simulate your IP, see the explanatory comments in the simulator-specific subdirectories under /mnt/ssd2/Faruqi/ip/pl_sys/pl_sys_intel_vvp_dil_0/sim/.
Info: Regenerate these scripts whenever you make any change to any Quartus-generated IP in your project.
Info: Finished: Create simulation model
Info: Starting: Create simulation script
Info: sim-script-gen --system-file=/mnt/ssd2/Faruqi/ip/pl_sys/pl_sys_intel_vvp_dil_0.ip --simulator=MODELSIM --output-directory=/mnt/ssd2/Faruqi/ip/pl_sys/pl_sys_intel_vvp_dil_0/sim/ --use-relative-paths=true --modelsim-flow=traditional
Info: Generating the following file(s) for MODELSIM simulator in /mnt/ssd2/Faruqi/ip/pl_sys/pl_sys_intel_vvp_dil_0/sim/ directory:
Info: 	mentor/msim_setup.tcl
Info: 	mentor/run_msim_setup.tcl
Info: For information on how to simulate your IP, see the explanatory comments in the simulator-specific subdirectories under /mnt/ssd2/Faruqi/ip/pl_sys/pl_sys_intel_vvp_dil_0/sim/.
Info: Regenerate these scripts whenever you make any change to any Quartus-generated IP in your project.
Info: Finished: Create simulation script
Info: 
Info: Starting: Create HDL design files for synthesis
Info: qsys-generate /mnt/ssd2/Faruqi/ip/pl_sys/pl_sys_intel_vvp_dil_0.ip --synthesis=VERILOG --output-directory=/mnt/ssd2/Faruqi/ip/pl_sys/pl_sys_intel_vvp_dil_0 --family="Cyclone 10 GX" --part=10CX220YF672E5G
Info: pl_sys_intel_vvp_dil_0: "Transforming system: pl_sys_intel_vvp_dil_0"
Info: pl_sys_intel_vvp_dil_0: "Naming system components in system: pl_sys_intel_vvp_dil_0"
Info: pl_sys_intel_vvp_dil_0: "Processing generation queue"
Info: pl_sys_intel_vvp_dil_0: "Generating: pl_sys_intel_vvp_dil_0"
Info: pl_sys_intel_vvp_dil_0: "Generating: pl_sys_intel_vvp_dil_0_intel_vvp_dil_2451_zskkody"
Info: pl_sys_intel_vvp_dil_0: "Generating: intel_vvp_reset_sync"
Info: pl_sys_intel_vvp_dil_0: "Generating: intel_vvp_input_interface_bridge"
Info: pl_sys_intel_vvp_dil_0: "Generating: intel_vvp_pkt_mux"
Info: pl_sys_intel_vvp_dil_0: "Generating: intel_vvp_output_interface_bridge"
Info: pl_sys_intel_vvp_dil_0: "Generating: intel_vvp_pkt_duplicator"
Info: pl_sys_intel_vvp_dil_0: "Generating: intel_vvp_dil_bob_algo_comp"
Info: pl_sys_intel_vvp_dil_0: "Generating: intel_vvp_dil_bob_scheduler"
Info: pl_sys_intel_vvp_dil_0: "Generating: intel_vvp_line_buffer"
Info: pl_sys_intel_vvp_dil_0: Done "pl_sys_intel_vvp_dil_0" with 10 modules, 56 files
Info: Finished: Create HDL design files for synthesis
