Info: Generated by version: 25.1.1 build 125
Info: Starting: Create simulation model
Info: qsys-generate /mnt/ssd2/hamza/hello_world/ip/niosv/niosv_intel_niosv_m_0.ip --simulation=VERILOG --allow-mixed-language-simulation --simulator=MODELSIM --output-directory=/mnt/ssd2/hamza/hello_world/ip/niosv/niosv_intel_niosv_m_0 --family="Agilex 5" --part=A5ED065BB32AE6SR0
Info: hart.niosv_reset_controller: Deassert with RESET_REQUEST_PRESENT will have Minimum of 4 cycles difference between assertion of reset_req to reset_out
Info: niosv_intel_niosv_m_0: "Transforming system: niosv_intel_niosv_m_0"
Info: niosv_intel_niosv_m_0: "Naming system components in system: niosv_intel_niosv_m_0"
Info: niosv_intel_niosv_m_0: "Processing generation queue"
Info: niosv_intel_niosv_m_0: "Generating: niosv_intel_niosv_m_0"
Info: niosv_intel_niosv_m_0: "Generating: niosv_intel_niosv_m_0_intel_niosv_m_2600_27lgwlq"
Info: niosv_intel_niosv_m_0: "Generating: niosv_intel_niosv_m_0_intel_niosv_m_unit_2600_e7eme3a"
Info: niosv_reset_controller: "Generating: niosv_reset_controller"
Info: niosv_intel_niosv_m_0: "Generating: niosv_timer_msip"
Info: niosv_intel_niosv_m_0: "Generating: niosv_dm_top"
Info: niosv_intel_niosv_m_0: "Generating: niosv_intel_niosv_m_0_altera_irq_mapper_2001_wgtbcyy"
Info: niosv_intel_niosv_m_0: "Generating: altera_reset_controller"
Info: niosv_intel_niosv_m_0: "Generating: niosv_reset_controller"
Info: niosv_intel_niosv_m_0: Done "niosv_intel_niosv_m_0" with 8 modules, 59 files
Info: Generating the following file(s) for MODELSIM simulator in /mnt/ssd2/hamza/hello_world/ip/niosv/niosv_intel_niosv_m_0/sim/ directory:
Info: 	common/modelsim_files.tcl
Info: For information on how to simulate your IP, see the explanatory comments in the simulator-specific subdirectories under /mnt/ssd2/hamza/hello_world/ip/niosv/niosv_intel_niosv_m_0/sim/.
Info: Regenerate these scripts whenever you make any change to any Quartus-generated IP in your project.
Info: Finished: Create simulation model
Info: Starting: Create simulation script
Info: sim-script-gen --system-file=/mnt/ssd2/hamza/hello_world/ip/niosv/niosv_intel_niosv_m_0.ip --simulator=MODELSIM --output-directory=/mnt/ssd2/hamza/hello_world/ip/niosv/niosv_intel_niosv_m_0/sim/ --use-relative-paths=true --modelsim-flow=traditional
Info: Generating the following file(s) for MODELSIM simulator in /mnt/ssd2/hamza/hello_world/ip/niosv/niosv_intel_niosv_m_0/sim/ directory:
Info: 	mentor/msim_setup.tcl
Info: 	mentor/run_msim_setup.tcl
Info: For information on how to simulate your IP, see the explanatory comments in the simulator-specific subdirectories under /mnt/ssd2/hamza/hello_world/ip/niosv/niosv_intel_niosv_m_0/sim/.
Info: Regenerate these scripts whenever you make any change to any Quartus-generated IP in your project.
Info: Finished: Create simulation script
Info: Starting: Create block symbol file (.bsf)
Info: qsys-generate /mnt/ssd2/hamza/hello_world/ip/niosv/niosv_intel_niosv_m_0.ip --block-symbol-file --output-directory=/mnt/ssd2/hamza/hello_world/ip/niosv/niosv_intel_niosv_m_0 --family="Agilex 5" --part=A5ED065BB32AE6SR0
Info: Finished: Create block symbol file (.bsf)
Info: 
Info: This IP does not support greybox generation. Skipping greybox generation for /mnt/ssd2/hamza/hello_world/ip/niosv/niosv_intel_niosv_m_0.ip.
Info: Starting: Create HDL design files for synthesis
Info: qsys-generate /mnt/ssd2/hamza/hello_world/ip/niosv/niosv_intel_niosv_m_0.ip --synthesis=VERILOG --output-directory=/mnt/ssd2/hamza/hello_world/ip/niosv/niosv_intel_niosv_m_0 --family="Agilex 5" --part=A5ED065BB32AE6SR0
Info: hart.niosv_reset_controller: Deassert with RESET_REQUEST_PRESENT will have Minimum of 4 cycles difference between assertion of reset_req to reset_out
Info: niosv_intel_niosv_m_0: "Transforming system: niosv_intel_niosv_m_0"
Info: niosv_intel_niosv_m_0: "Naming system components in system: niosv_intel_niosv_m_0"
Info: niosv_intel_niosv_m_0: "Processing generation queue"
Info: niosv_intel_niosv_m_0: "Generating: niosv_intel_niosv_m_0"
Info: niosv_intel_niosv_m_0: "Generating: niosv_intel_niosv_m_0_intel_niosv_m_2600_27lgwlq"
Info: niosv_intel_niosv_m_0: "Generating: niosv_intel_niosv_m_0_intel_niosv_m_unit_2600_e7eme3a"
Info: niosv_reset_controller: "Generating: niosv_reset_controller"
Info: niosv_intel_niosv_m_0: "Generating: niosv_timer_msip"
Info: niosv_intel_niosv_m_0: "Generating: niosv_dm_top"
Info: niosv_intel_niosv_m_0: "Generating: niosv_intel_niosv_m_0_altera_irq_mapper_2001_wgtbcyy"
Info: niosv_intel_niosv_m_0: "Generating: altera_reset_controller"
Info: niosv_intel_niosv_m_0: "Generating: niosv_reset_controller"
Info: niosv_intel_niosv_m_0: Done "niosv_intel_niosv_m_0" with 8 modules, 59 files
Info: Finished: Create HDL design files for synthesis
Info: Starting: IP-XACT
Info: qsys-generate /mnt/ssd2/hamza/hello_world/ip/niosv/niosv_intel_niosv_m_0.ip --synthesis=VERILOG --ipxact --output-directory=/mnt/ssd2/hamza/hello_world/ip/niosv/niosv_intel_niosv_m_0 --family="Agilex 5" --part=A5ED065BB32AE6SR0
Info: Finished: IP-XACT
Info: Starting: Generate IP Core Documentation
Info: No documentation filesets were found for components in niosv_intel_niosv_m_0. No files generated.
Info: Finished: Generate IP Core Documentation
