Archive member included because of file (symbol)

../HELLO_bsp//libhal_bsp.a(alt_load.o)
                              ../HELLO_bsp//obj/HAL/src/crt0.o (alt_load)
../HELLO_bsp//libhal_bsp.a(alt_main.o)
                              ../HELLO_bsp//obj/HAL/src/crt0.o (alt_main)
../HELLO_bsp//libhal_bsp.a(alt_putstr.o)
                              obj/default/hello_world_small.o (alt_putstr)
../HELLO_bsp//libhal_bsp.a(alt_sys_init.o)
                              ../HELLO_bsp//libhal_bsp.a(alt_main.o) (alt_sys_init)
../HELLO_bsp//libhal_bsp.a(altera_avalon_jtag_uart_write.o)
                              ../HELLO_bsp//libhal_bsp.a(alt_putstr.o) (altera_avalon_jtag_uart_write)
../HELLO_bsp//libhal_bsp.a(alt_dcache_flush_all.o)
                              ../HELLO_bsp//libhal_bsp.a(alt_load.o) (alt_dcache_flush_all)
../HELLO_bsp//libhal_bsp.a(alt_icache_flush_all.o)
                              ../HELLO_bsp//libhal_bsp.a(alt_load.o) (alt_icache_flush_all)
../HELLO_bsp//libhal_bsp.a(altera_nios2_qsys_irq.o)
                              ../HELLO_bsp//libhal_bsp.a(alt_sys_init.o) (altera_nios2_qsys_irq_init)
/mnt/ssd2/Quartus13Web/nios2eds/bin/gnu/H-i686-pc-linux-gnu/bin/../lib/gcc/nios2-elf/4.1.2/../../../../nios2-elf/lib/mno-hw-mul/libsmallc.a(lib_a-strlen.o)
                              ../HELLO_bsp//libhal_bsp.a(alt_putstr.o) (strlen)

Memory Configuration

Name             Origin             Length             Attributes
reset            0x00002000         0x00000020
onchip_memory2_0 0x00002020         0x00001fe0
*default*        0x00000000         0xffffffff

Linker script and memory map

LOAD ../HELLO_bsp//obj/HAL/src/crt0.o
                0x0000200c                exit = _exit
LOAD obj/default/hello_world_small.o
LOAD /mnt/ssd2/Quartus13Web/nios2eds/bin/gnu/H-i686-pc-linux-gnu/bin/../lib/gcc/nios2-elf/4.1.2/../../../../nios2-elf/lib/mno-hw-mul/libstdc++.a
LOAD /mnt/ssd2/Quartus13Web/nios2eds/bin/gnu/H-i686-pc-linux-gnu/bin/../lib/gcc/nios2-elf/4.1.2/../../../../nios2-elf/lib/mno-hw-mul/libm.a
LOAD /mnt/ssd2/Quartus13Web/nios2eds/bin/gnu/H-i686-pc-linux-gnu/bin/../lib/gcc/nios2-elf/4.1.2/mno-hw-mul/libgcc.a
START GROUP
LOAD /mnt/ssd2/Quartus13Web/nios2eds/bin/gnu/H-i686-pc-linux-gnu/bin/../lib/gcc/nios2-elf/4.1.2/../../../../nios2-elf/lib/mno-hw-mul/libsmallc.a
LOAD /mnt/ssd2/Quartus13Web/nios2eds/bin/gnu/H-i686-pc-linux-gnu/bin/../lib/gcc/nios2-elf/4.1.2/mno-hw-mul/libgcc.a
LOAD ../HELLO_bsp//libhal_bsp.a
END GROUP
LOAD /mnt/ssd2/Quartus13Web/nios2eds/bin/gnu/H-i686-pc-linux-gnu/bin/../lib/gcc/nios2-elf/4.1.2/mno-hw-mul/libgcc.a
                0x00002000                __alt_mem_onchip_memory2_0 = 0x2000

.entry          0x00002000       0x20
 *(.entry)
 .entry         0x00002000       0x20 ../HELLO_bsp//obj/HAL/src/crt0.o
                0x00002000                __reset
                0x0000200c                _exit

.exceptions     0x00002020        0x0
                0x00002020                PROVIDE (__ram_exceptions_start, ABSOLUTE (.))
                0x00002020                . = ALIGN (0x20)
 *(.irq)
 *(.exceptions.entry.label)
 *(.exceptions.entry.user)
 *(.exceptions.entry)
 *(.exceptions.irqtest.user)
 *(.exceptions.irqtest)
 *(.exceptions.irqhandler.user)
 *(.exceptions.irqhandler)
 *(.exceptions.irqreturn.user)
 *(.exceptions.irqreturn)
 *(.exceptions.notirq.label)
 *(.exceptions.notirq.user)
 *(.exceptions.notirq)
 *(.exceptions.soft.user)
 *(.exceptions.soft)
 *(.exceptions.unknown.user)
 *(.exceptions.unknown)
 *(.exceptions.exit.label)
 *(.exceptions.exit.user)
 *(.exceptions.exit)
 *(.exceptions)
                0x00002020                PROVIDE (__ram_exceptions_end, ABSOLUTE (.))
                0x00002020                PROVIDE (__flash_exceptions_start, LOADADDR (.exceptions))

.text           0x00002020      0x1d8
                0x00002020                PROVIDE (stext, ABSOLUTE (.))
 *(.interp)
 *(.hash)
 *(.dynsym)
 *(.dynstr)
 *(.gnu.version)
 *(.gnu.version_d)
 *(.gnu.version_r)
 *(.rel.init)
 *(.rela.init)
 *(.rel.text .rel.text.* .rel.gnu.linkonce.t.*)
 *(.rela.text .rela.text.* .rela.gnu.linkonce.t.*)
 *(.rel.fini)
 *(.rela.fini)
 *(.rel.rodata .rel.rodata.* .rel.gnu.linkonce.r.*)
 *(.rela.rodata .rela.rodata.* .rela.gnu.linkonce.r.*)
 *(.rel.data .rel.data.* .rel.gnu.linkonce.d.*)
 *(.rela.data .rela.data.* .rela.gnu.linkonce.d.*)
 *(.rel.tdata .rel.tdata.* .rel.gnu.linkonce.td.*)
 *(.rela.tdata .rela.tdata.* .rela.gnu.linkonce.td.*)
 *(.rel.tbss .rel.tbss.* .rel.gnu.linkonce.tb.*)
 *(.rela.tbss .rela.tbss.* .rela.gnu.linkonce.tb.*)
 *(.rel.ctors)
 *(.rela.ctors)
 *(.rel.dtors)
 *(.rela.dtors)
 *(.rel.got)
 *(.rela.got)
 *(.rel.sdata .rel.sdata.* .rel.gnu.linkonce.s.*)
 *(.rela.sdata .rela.sdata.* .rela.gnu.linkonce.s.*)
 *(.rel.sbss .rel.sbss.* .rel.gnu.linkonce.sb.*)
 *(.rela.sbss .rela.sbss.* .rela.gnu.linkonce.sb.*)
 *(.rel.sdata2 .rel.sdata2.* .rel.gnu.linkonce.s2.*)
 *(.rela.sdata2 .rela.sdata2.* .rela.gnu.linkonce.s2.*)
 *(.rel.sbss2 .rel.sbss2.* .rel.gnu.linkonce.sb2.*)
 *(.rela.sbss2 .rela.sbss2.* .rela.gnu.linkonce.sb2.*)
 *(.rel.bss .rel.bss.* .rel.gnu.linkonce.b.*)
 *(.rela.bss .rela.bss.* .rela.gnu.linkonce.b.*)
 *(.rel.plt)
 *(.rela.plt)
 *(.rel.dyn)
 *(.init)
 *(.plt)
 *(.text .stub .text.* .gnu.linkonce.t.*)
 .text          0x00002020       0x3c ../HELLO_bsp//obj/HAL/src/crt0.o
                0x00002020                _start
 .text          0x0000205c       0x18 obj/default/hello_world_small.o
                0x0000205c                main
 .text          0x00002074       0x8c ../HELLO_bsp//libhal_bsp.a(alt_load.o)
                0x00002094                alt_load
 .text          0x00002100       0x2c ../HELLO_bsp//libhal_bsp.a(alt_main.o)
                0x00002100                alt_main
 .text          0x0000212c       0x38 ../HELLO_bsp//libhal_bsp.a(alt_putstr.o)
                0x0000212c                alt_putstr
 .text          0x00002164       0x30 ../HELLO_bsp//libhal_bsp.a(alt_sys_init.o)
                0x00002164                alt_sys_init
                0x00002174                alt_irq_init
 .text          0x00002194       0x34 ../HELLO_bsp//libhal_bsp.a(altera_avalon_jtag_uart_write.o)
                0x00002194                altera_avalon_jtag_uart_write
 .text          0x000021c8        0x4 ../HELLO_bsp//libhal_bsp.a(alt_dcache_flush_all.o)
                0x000021c8                alt_dcache_flush_all
 .text          0x000021cc        0x4 ../HELLO_bsp//libhal_bsp.a(alt_icache_flush_all.o)
                0x000021cc                alt_icache_flush_all
 .text          0x000021d0        0x8 ../HELLO_bsp//libhal_bsp.a(altera_nios2_qsys_irq.o)
                0x000021d0                altera_nios2_qsys_irq_init
 .text          0x000021d8       0x20 /mnt/ssd2/Quartus13Web/nios2eds/bin/gnu/H-i686-pc-linux-gnu/bin/../lib/gcc/nios2-elf/4.1.2/../../../../nios2-elf/lib/mno-hw-mul/libsmallc.a(lib_a-strlen.o)
                0x000021d8                strlen
 *(.gnu.warning.*)
 *(.fini)
                0x000021f8                PROVIDE (__etext, ABSOLUTE (.))
                0x000021f8                PROVIDE (_etext, ABSOLUTE (.))
                0x000021f8                PROVIDE (etext, ABSOLUTE (.))
 *(.eh_frame_hdr)
                0x000021f8                . = ALIGN (0x4)
                0x000021f8                PROVIDE (__preinit_array_start, ABSOLUTE (.))
 *(.preinit_array)
                0x000021f8                PROVIDE (__preinit_array_end, ABSOLUTE (.))
                0x000021f8                PROVIDE (__init_array_start, ABSOLUTE (.))
 *(.init_array)
                0x000021f8                PROVIDE (__init_array_end, ABSOLUTE (.))
                0x000021f8                PROVIDE (__fini_array_start, ABSOLUTE (.))
 *(.fini_array)
                0x000021f8                PROVIDE (__fini_array_end, ABSOLUTE (.))
 *(.eh_frame)
 *(.gcc_except_table)
 *(.dynamic)
                0x000021f8                PROVIDE (__CTOR_LIST__, ABSOLUTE (.))
 *(.ctors)
 *(SORT(.ctors.*))
                0x000021f8                PROVIDE (__CTOR_END__, ABSOLUTE (.))
                0x000021f8                PROVIDE (__DTOR_LIST__, ABSOLUTE (.))
 *(.dtors)
 *(SORT(.dtors.*))
                0x000021f8                PROVIDE (__DTOR_END__, ABSOLUTE (.))
 *(.jcr)
                0x000021f8                . = ALIGN (0x4)

.rodata         0x000021f8       0x18
                0x000021f8                PROVIDE (__ram_rodata_start, ABSOLUTE (.))
                0x000021f8                . = ALIGN (0x4)
 *(.rodata .rodata.* .gnu.linkonce.r.*)
 .rodata.str1.4
                0x000021f8       0x18 obj/default/hello_world_small.o
 *(.rodata1)
                0x00002210                . = ALIGN (0x4)
                0x00002210                PROVIDE (__ram_rodata_end, ABSOLUTE (.))
                0x000021f8                PROVIDE (__flash_rodata_start, LOADADDR (.rodata))

.rwdata         0x00002210        0x4 load address 0x00002214
                0x00002210                PROVIDE (__ram_rwdata_start, ABSOLUTE (.))
                0x00002210                . = ALIGN (0x4)
 *(.got.plt)
 *(.got)
 *(.data1)
 *(.data .data.* .gnu.linkonce.d.*)
 .data          0x00002210        0x0 ../HELLO_bsp//obj/HAL/src/crt0.o
 .data          0x00002210        0x0 obj/default/hello_world_small.o
 .data          0x00002210        0x0 ../HELLO_bsp//libhal_bsp.a(alt_load.o)
 .data          0x00002210        0x0 ../HELLO_bsp//libhal_bsp.a(alt_main.o)
 .data          0x00002210        0x0 ../HELLO_bsp//libhal_bsp.a(alt_putstr.o)
 .data          0x00002210        0x0 ../HELLO_bsp//libhal_bsp.a(alt_sys_init.o)
 .data          0x00002210        0x0 ../HELLO_bsp//libhal_bsp.a(altera_avalon_jtag_uart_write.o)
 .data          0x00002210        0x0 ../HELLO_bsp//libhal_bsp.a(alt_dcache_flush_all.o)
 .data          0x00002210        0x0 ../HELLO_bsp//libhal_bsp.a(alt_icache_flush_all.o)
 .data          0x00002210        0x0 ../HELLO_bsp//libhal_bsp.a(altera_nios2_qsys_irq.o)
 .data          0x00002210        0x0 /mnt/ssd2/Quartus13Web/nios2eds/bin/gnu/H-i686-pc-linux-gnu/bin/../lib/gcc/nios2-elf/4.1.2/../../../../nios2-elf/lib/mno-hw-mul/libsmallc.a(lib_a-strlen.o)
                0x0000a210                _gp = ABSOLUTE ((. + 0x8000))
                0x0000a210                PROVIDE (gp, _gp)
 *(.rwdata .rwdata.*)
 *(.sdata .sdata.* .gnu.linkonce.s.*)
 .sdata         0x00002210        0x4 ../HELLO_bsp//libhal_bsp.a(alt_sys_init.o)
                0x00002210                jtag_uart_0
 *(.sdata2 .sdata2.* .gnu.linkonce.s2.*)
                0x00002214                . = ALIGN (0x4)
                0x00002214                _edata = ABSOLUTE (.)
                0x00002214                PROVIDE (edata, ABSOLUTE (.))
                0x00002214                PROVIDE (__ram_rwdata_end, ABSOLUTE (.))
                0x00002214                PROVIDE (__flash_rwdata_start, LOADADDR (.rwdata))

.bss            0x00002218        0xc
                0x00002218                __bss_start = ABSOLUTE (.)
                0x00002218                PROVIDE (__sbss_start, ABSOLUTE (.))
                0x00002218                PROVIDE (___sbss_start, ABSOLUTE (.))
 *(.dynsbss)
 *(.sbss .sbss.* .gnu.linkonce.sb.*)
 .sbss          0x00002218        0xc ../HELLO_bsp//libhal_bsp.a(alt_main.o)
                0x00002218                alt_argc
                0x0000221c                alt_argv
                0x00002220                alt_envp
 *(.sbss2 .sbss2.* .gnu.linkonce.sb2.*)
 *(.scommon)
                0x00002224                PROVIDE (__sbss_end, ABSOLUTE (.))
                0x00002224                PROVIDE (___sbss_end, ABSOLUTE (.))
 *(.dynbss)
 *(.bss .bss.* .gnu.linkonce.b.*)
 .bss           0x00002224        0x0 ../HELLO_bsp//obj/HAL/src/crt0.o
 .bss           0x00002224        0x0 obj/default/hello_world_small.o
 .bss           0x00002224        0x0 ../HELLO_bsp//libhal_bsp.a(alt_load.o)
 .bss           0x00002224        0x0 ../HELLO_bsp//libhal_bsp.a(alt_main.o)
 .bss           0x00002224        0x0 ../HELLO_bsp//libhal_bsp.a(alt_putstr.o)
 .bss           0x00002224        0x0 ../HELLO_bsp//libhal_bsp.a(alt_sys_init.o)
 .bss           0x00002224        0x0 ../HELLO_bsp//libhal_bsp.a(altera_avalon_jtag_uart_write.o)
 .bss           0x00002224        0x0 ../HELLO_bsp//libhal_bsp.a(alt_dcache_flush_all.o)
 .bss           0x00002224        0x0 ../HELLO_bsp//libhal_bsp.a(alt_icache_flush_all.o)
 .bss           0x00002224        0x0 ../HELLO_bsp//libhal_bsp.a(altera_nios2_qsys_irq.o)
 .bss           0x00002224        0x0 /mnt/ssd2/Quartus13Web/nios2eds/bin/gnu/H-i686-pc-linux-gnu/bin/../lib/gcc/nios2-elf/4.1.2/../../../../nios2-elf/lib/mno-hw-mul/libsmallc.a(lib_a-strlen.o)
 *(COMMON)
                0x00002224                . = ALIGN (0x4)
                0x00002224                __bss_end = ABSOLUTE (.)

.onchip_memory2_0
                0x00002224        0x0
                0x00002224                PROVIDE (_alt_partition_onchip_memory2_0_start, ABSOLUTE (.))
 *(.onchip_memory2_0. onchip_memory2_0.*)
                0x00002224                . = ALIGN (0x4)
                0x00002224                PROVIDE (_alt_partition_onchip_memory2_0_end, ABSOLUTE (.))
                0x00002224                _end = ABSOLUTE (.)
                0x00002224                end = ABSOLUTE (.)
                0x00002224                __alt_stack_base = ABSOLUTE (.)
                0x00002224                PROVIDE (_alt_partition_onchip_memory2_0_load_addr, LOADADDR (.onchip_memory2_0))

.stab
 *(.stab)

.stabstr
 *(.stabstr)

.stab.excl
 *(.stab.excl)

.stab.exclstr
 *(.stab.exclstr)

.stab.index
 *(.stab.index)

.stab.indexstr
 *(.stab.indexstr)

.comment        0x00000000       0x26
 *(.comment)
 .comment       0x00000000       0x26 obj/default/hello_world_small.o
                                 0x27 (size before relaxing)
 .comment       0x00000000       0x27 ../HELLO_bsp//libhal_bsp.a(alt_load.o)
 .comment       0x00000000       0x27 ../HELLO_bsp//libhal_bsp.a(alt_main.o)
 .comment       0x00000000       0x27 ../HELLO_bsp//libhal_bsp.a(alt_putstr.o)
 .comment       0x00000000       0x27 ../HELLO_bsp//libhal_bsp.a(alt_sys_init.o)
 .comment       0x00000000       0x27 ../HELLO_bsp//libhal_bsp.a(altera_avalon_jtag_uart_write.o)
 .comment       0x00000000       0x27 ../HELLO_bsp//libhal_bsp.a(alt_dcache_flush_all.o)
 .comment       0x00000000       0x27 ../HELLO_bsp//libhal_bsp.a(alt_icache_flush_all.o)
 .comment       0x00000000       0x27 ../HELLO_bsp//libhal_bsp.a(altera_nios2_qsys_irq.o)
 .comment       0x00000000       0x27 /mnt/ssd2/Quartus13Web/nios2eds/bin/gnu/H-i686-pc-linux-gnu/bin/../lib/gcc/nios2-elf/4.1.2/../../../../nios2-elf/lib/mno-hw-mul/libsmallc.a(lib_a-strlen.o)

.debug
 *(.debug)

.line
 *(.line)

.debug_srcinfo
 *(.debug_srcinfo)

.debug_sfnames
 *(.debug_sfnames)

.debug_aranges  0x00000000      0x168
 *(.debug_aranges)
 .debug_aranges
                0x00000000       0x28 ../HELLO_bsp//obj/HAL/src/crt0.o
 .debug_aranges
                0x00000028       0x20 obj/default/hello_world_small.o
 .debug_aranges
                0x00000048       0x20 ../HELLO_bsp//libhal_bsp.a(alt_load.o)
 .debug_aranges
                0x00000068       0x20 ../HELLO_bsp//libhal_bsp.a(alt_main.o)
 .debug_aranges
                0x00000088       0x20 ../HELLO_bsp//libhal_bsp.a(alt_putstr.o)
 .debug_aranges
                0x000000a8       0x20 ../HELLO_bsp//libhal_bsp.a(alt_sys_init.o)
 .debug_aranges
                0x000000c8       0x20 ../HELLO_bsp//libhal_bsp.a(altera_avalon_jtag_uart_write.o)
 .debug_aranges
                0x000000e8       0x20 ../HELLO_bsp//libhal_bsp.a(alt_dcache_flush_all.o)
 .debug_aranges
                0x00000108       0x20 ../HELLO_bsp//libhal_bsp.a(alt_icache_flush_all.o)
 .debug_aranges
                0x00000128       0x20 ../HELLO_bsp//libhal_bsp.a(altera_nios2_qsys_irq.o)
 .debug_aranges
                0x00000148       0x20 /mnt/ssd2/Quartus13Web/nios2eds/bin/gnu/H-i686-pc-linux-gnu/bin/../lib/gcc/nios2-elf/4.1.2/../../../../nios2-elf/lib/mno-hw-mul/libsmallc.a(lib_a-strlen.o)

.debug_pubnames
                0x00000000      0x1bd
 *(.debug_pubnames)
 .debug_pubnames
                0x00000000       0x1b obj/default/hello_world_small.o
 .debug_pubnames
                0x0000001b       0x1f ../HELLO_bsp//libhal_bsp.a(alt_load.o)
 .debug_pubnames
                0x0000003a       0x46 ../HELLO_bsp//libhal_bsp.a(alt_main.o)
 .debug_pubnames
                0x00000080       0x21 ../HELLO_bsp//libhal_bsp.a(alt_putstr.o)
 .debug_pubnames
                0x000000a1       0x44 ../HELLO_bsp//libhal_bsp.a(alt_sys_init.o)
 .debug_pubnames
                0x000000e5       0x34 ../HELLO_bsp//libhal_bsp.a(altera_avalon_jtag_uart_write.o)
 .debug_pubnames
                0x00000119       0x2b ../HELLO_bsp//libhal_bsp.a(alt_dcache_flush_all.o)
 .debug_pubnames
                0x00000144       0x2b ../HELLO_bsp//libhal_bsp.a(alt_icache_flush_all.o)
 .debug_pubnames
                0x0000016f       0x31 ../HELLO_bsp//libhal_bsp.a(altera_nios2_qsys_irq.o)
 .debug_pubnames
                0x000001a0       0x1d /mnt/ssd2/Quartus13Web/nios2eds/bin/gnu/H-i686-pc-linux-gnu/bin/../lib/gcc/nios2-elf/4.1.2/../../../../nios2-elf/lib/mno-hw-mul/libsmallc.a(lib_a-strlen.o)

.debug_info     0x00000000      0x937
 *(.debug_info .gnu.linkonce.wi.*)
 .debug_info    0x00000000       0x65 ../HELLO_bsp//obj/HAL/src/crt0.o
 .debug_info    0x00000065       0x45 obj/default/hello_world_small.o
 .debug_info    0x000000aa      0x12e ../HELLO_bsp//libhal_bsp.a(alt_load.o)
 .debug_info    0x000001d8      0x125 ../HELLO_bsp//libhal_bsp.a(alt_main.o)
 .debug_info    0x000002fd       0xc5 ../HELLO_bsp//libhal_bsp.a(alt_putstr.o)
 .debug_info    0x000003c2      0x17d ../HELLO_bsp//libhal_bsp.a(alt_sys_init.o)
 .debug_info    0x0000053f      0x18f ../HELLO_bsp//libhal_bsp.a(altera_avalon_jtag_uart_write.o)
 .debug_info    0x000006ce       0x8d ../HELLO_bsp//libhal_bsp.a(alt_dcache_flush_all.o)
 .debug_info    0x0000075b       0x8d ../HELLO_bsp//libhal_bsp.a(alt_icache_flush_all.o)
 .debug_info    0x000007e8       0x8d ../HELLO_bsp//libhal_bsp.a(altera_nios2_qsys_irq.o)
 .debug_info    0x00000875       0xc2 /mnt/ssd2/Quartus13Web/nios2eds/bin/gnu/H-i686-pc-linux-gnu/bin/../lib/gcc/nios2-elf/4.1.2/../../../../nios2-elf/lib/mno-hw-mul/libsmallc.a(lib_a-strlen.o)

.debug_abbrev   0x00000000      0x509
 *(.debug_abbrev)
 .debug_abbrev  0x00000000       0x12 ../HELLO_bsp//obj/HAL/src/crt0.o
 .debug_abbrev  0x00000012       0x34 obj/default/hello_world_small.o
 .debug_abbrev  0x00000046       0x97 ../HELLO_bsp//libhal_bsp.a(alt_load.o)
 .debug_abbrev  0x000000dd       0xa6 ../HELLO_bsp//libhal_bsp.a(alt_main.o)
 .debug_abbrev  0x00000183       0x7c ../HELLO_bsp//libhal_bsp.a(alt_putstr.o)
 .debug_abbrev  0x000001ff       0xe3 ../HELLO_bsp//libhal_bsp.a(alt_sys_init.o)
 .debug_abbrev  0x000002e2       0xf0 ../HELLO_bsp//libhal_bsp.a(altera_avalon_jtag_uart_write.o)
 .debug_abbrev  0x000003d2       0x3f ../HELLO_bsp//libhal_bsp.a(alt_dcache_flush_all.o)
 .debug_abbrev  0x00000411       0x3f ../HELLO_bsp//libhal_bsp.a(alt_icache_flush_all.o)
 .debug_abbrev  0x00000450       0x3f ../HELLO_bsp//libhal_bsp.a(altera_nios2_qsys_irq.o)
 .debug_abbrev  0x0000048f       0x7a /mnt/ssd2/Quartus13Web/nios2eds/bin/gnu/H-i686-pc-linux-gnu/bin/../lib/gcc/nios2-elf/4.1.2/../../../../nios2-elf/lib/mno-hw-mul/libsmallc.a(lib_a-strlen.o)

.debug_line     0x00000000     0x15ab
 *(.debug_line)
 .debug_line    0x00000000       0x66 ../HELLO_bsp//obj/HAL/src/crt0.o
 .debug_line    0x00000066       0xe9 obj/default/hello_world_small.o
 .debug_line    0x0000014f      0x22b ../HELLO_bsp//libhal_bsp.a(alt_load.o)
 .debug_line    0x0000037a      0x2d6 ../HELLO_bsp//libhal_bsp.a(alt_main.o)
 .debug_line    0x00000650      0x1ed ../HELLO_bsp//libhal_bsp.a(alt_putstr.o)
 .debug_line    0x0000083d      0x2a2 ../HELLO_bsp//libhal_bsp.a(alt_sys_init.o)
 .debug_line    0x00000adf      0x308 ../HELLO_bsp//libhal_bsp.a(altera_avalon_jtag_uart_write.o)
 .debug_line    0x00000de7      0x1c9 ../HELLO_bsp//libhal_bsp.a(alt_dcache_flush_all.o)
 .debug_line    0x00000fb0      0x1c9 ../HELLO_bsp//libhal_bsp.a(alt_icache_flush_all.o)
 .debug_line    0x00001179      0x1e2 ../HELLO_bsp//libhal_bsp.a(altera_nios2_qsys_irq.o)
 .debug_line    0x0000135b      0x250 /mnt/ssd2/Quartus13Web/nios2eds/bin/gnu/H-i686-pc-linux-gnu/bin/../lib/gcc/nios2-elf/4.1.2/../../../../nios2-elf/lib/mno-hw-mul/libsmallc.a(lib_a-strlen.o)

.debug_frame    0x00000000      0x188
 *(.debug_frame)
 .debug_frame   0x00000000       0x28 obj/default/hello_world_small.o
 .debug_frame   0x00000028       0x38 ../HELLO_bsp//libhal_bsp.a(alt_load.o)
 .debug_frame   0x00000060       0x28 ../HELLO_bsp//libhal_bsp.a(alt_main.o)
 .debug_frame   0x00000088       0x28 ../HELLO_bsp//libhal_bsp.a(alt_putstr.o)
 .debug_frame   0x000000b0       0x38 ../HELLO_bsp//libhal_bsp.a(alt_sys_init.o)
 .debug_frame   0x000000e8       0x20 ../HELLO_bsp//libhal_bsp.a(altera_avalon_jtag_uart_write.o)
 .debug_frame   0x00000108       0x20 ../HELLO_bsp//libhal_bsp.a(alt_dcache_flush_all.o)
 .debug_frame   0x00000128       0x20 ../HELLO_bsp//libhal_bsp.a(alt_icache_flush_all.o)
 .debug_frame   0x00000148       0x20 ../HELLO_bsp//libhal_bsp.a(altera_nios2_qsys_irq.o)
 .debug_frame   0x00000168       0x20 /mnt/ssd2/Quartus13Web/nios2eds/bin/gnu/H-i686-pc-linux-gnu/bin/../lib/gcc/nios2-elf/4.1.2/../../../../nios2-elf/lib/mno-hw-mul/libsmallc.a(lib_a-strlen.o)

.debug_str      0x00000000      0x4f2
 *(.debug_str)
 .debug_str     0x00000000       0x50 obj/default/hello_world_small.o
                                 0x55 (size before relaxing)
 .debug_str     0x00000050      0x175 ../HELLO_bsp//libhal_bsp.a(alt_load.o)
                                0x1ba (size before relaxing)
 .debug_str     0x000001c5       0x75 ../HELLO_bsp//libhal_bsp.a(alt_main.o)
                                0x13e (size before relaxing)
 .debug_str     0x0000023a       0x4c ../HELLO_bsp//libhal_bsp.a(alt_putstr.o)
                                0x115 (size before relaxing)
 .debug_str     0x00000286       0x85 ../HELLO_bsp//libhal_bsp.a(alt_sys_init.o)
                                0x1b3 (size before relaxing)
 .debug_str     0x0000030b       0x56 ../HELLO_bsp//libhal_bsp.a(altera_avalon_jtag_uart_write.o)
                                0x1b6 (size before relaxing)
 .debug_str     0x00000361       0x34 ../HELLO_bsp//libhal_bsp.a(alt_dcache_flush_all.o)
                                 0xfd (size before relaxing)
 .debug_str     0x00000395       0x34 ../HELLO_bsp//libhal_bsp.a(alt_icache_flush_all.o)
                                 0xfd (size before relaxing)
 .debug_str     0x000003c9       0x3b ../HELLO_bsp//libhal_bsp.a(altera_nios2_qsys_irq.o)
                                0x104 (size before relaxing)
 .debug_str     0x00000404       0xee /mnt/ssd2/Quartus13Web/nios2eds/bin/gnu/H-i686-pc-linux-gnu/bin/../lib/gcc/nios2-elf/4.1.2/../../../../nios2-elf/lib/mno-hw-mul/libsmallc.a(lib_a-strlen.o)
                                0x189 (size before relaxing)

.debug_loc      0x00000000      0x11b
 *(.debug_loc)
 .debug_loc     0x00000000       0x1f obj/default/hello_world_small.o
 .debug_loc     0x0000001f       0x1f ../HELLO_bsp//libhal_bsp.a(alt_load.o)
 .debug_loc     0x0000003e       0x1f ../HELLO_bsp//libhal_bsp.a(alt_main.o)
 .debug_loc     0x0000005d       0x48 ../HELLO_bsp//libhal_bsp.a(alt_putstr.o)
 .debug_loc     0x000000a5       0x32 ../HELLO_bsp//libhal_bsp.a(alt_sys_init.o)
 .debug_loc     0x000000d7       0x26 ../HELLO_bsp//libhal_bsp.a(altera_avalon_jtag_uart_write.o)
 .debug_loc     0x000000fd       0x1e /mnt/ssd2/Quartus13Web/nios2eds/bin/gnu/H-i686-pc-linux-gnu/bin/../lib/gcc/nios2-elf/4.1.2/../../../../nios2-elf/lib/mno-hw-mul/libsmallc.a(lib_a-strlen.o)

.debug_macinfo
 *(.debug_macinfo)

.debug_weaknames
 *(.debug_weaknames)

.debug_funcnames
 *(.debug_funcnames)

.debug_typenames
 *(.debug_typenames)

.debug_varnames
 *(.debug_varnames)

.debug_alt_sim_info
                0x00000000       0x10
 *(.debug_alt_sim_info)
 .debug_alt_sim_info
                0x00000000       0x10 ../HELLO_bsp//obj/HAL/src/crt0.o
                0x00004000                __alt_data_end = 0x4000
                0x00004000                PROVIDE (__alt_stack_pointer, __alt_data_end)
                0x00002224                PROVIDE (__alt_stack_limit, __alt_stack_base)
                0x00002224                PROVIDE (__alt_heap_start, end)
                0x00004000                PROVIDE (__alt_heap_limit, 0x4000)
OUTPUT(HELLO.elf elf32-littlenios2)

.debug_ranges   0x00000000       0x20
 .debug_ranges  0x00000000       0x20 ../HELLO_bsp//obj/HAL/src/crt0.o
