IP Ports Diff Report for clipper_ip_intel_vvp_clipper_0
Tue May  5 12:30:38 2026
Quartus Prime Version 25.1.1 Build 125 07/31/2025 Patches 1.31 SC Pro Edition


---------------------
; Table of Contents ;
---------------------
  1. IP Information



+--------------------------------------------------------------------------------------------------------------------------------------------------------------------------------------+
; IP Information                                                                                                                                                                       ;
+----------------------+---------------------------------------------------------------------------------------------------------------------------------------------------------------+
; IP Variation Name    ; clipper_ip_intel_vvp_clipper_0                                                                                                                                ;
; Prior Version        ; 24.5.0                                                                                                                                                        ;
; New Version          ; 24.5.1                                                                                                                                                        ;
; New File             ; /mnt/ssd2/hamza/altera_video_pipeline/IPs/clipper_axisfull_reconfigurable/ip/clipper_ip/clipper_ip_intel_vvp_clipper_0/synth/clipper_ip_intel_vvp_clipper_0.v ;
; Has Port Differences ; No                                                                                                                                                            ;
+----------------------+---------------------------------------------------------------------------------------------------------------------------------------------------------------+


