Questa Intel Starter FPGA Edition-64 qrun 2025.1 Utility 2025.01 Jan 18 2025
Start time: 11:15:25 on Jul 10,2026
qrun -compile -noautoorder -parallel -outdir ./libraries -vlog.options -end -vcom.options -end -vlog.ext=+.vo -vlog.ext=+.vt -vcom.ext=+.vho -sv -suppress 13338 -f modelsim_com.f 
Mapping library 'altera_common_sv_packages' to './libraries/altera_common_sv_packages'.
Mapping library 'intel_vvp_reset_sync_2440' to './libraries/intel_vvp_reset_sync_2440'.
Mapping library 'intel_vvp_input_interface_bridge_2440' to './libraries/intel_vvp_input_interface_bridge_2440'.
Mapping library 'intel_vvp_output_interface_bridge_2440' to './libraries/intel_vvp_output_interface_bridge_2440'.
Mapping library 'intel_vvp_mixer_slave_2451' to './libraries/intel_vvp_mixer_slave_2451'.
Mapping library 'intel_vvp_mixer_scheduler_2451' to './libraries/intel_vvp_mixer_scheduler_2451'.
Mapping library 'intel_vvp_mixer_algo_comp_2451' to './libraries/intel_vvp_mixer_algo_comp_2451'.
Mapping library 'intel_vvp_packet_discard_2440' to './libraries/intel_vvp_packet_discard_2440'.
Mapping library 'intel_vvp_reset_bridge_2440' to './libraries/intel_vvp_reset_bridge_2440'.
Mapping library 'intel_vvp_ro_reg_servicer_2441' to './libraries/intel_vvp_ro_reg_servicer_2441'.
Mapping library 'intel_vvp_mm_agent_reset_hold_2440' to './libraries/intel_vvp_mm_agent_reset_hold_2440'.
Mapping library 'altera_merlin_master_translator_193' to './libraries/altera_merlin_master_translator_193'.
Mapping library 'altera_merlin_slave_translator_191' to './libraries/altera_merlin_slave_translator_191'.
Mapping library 'altera_mm_interconnect_1920' to './libraries/altera_mm_interconnect_1920'.
Mapping library 'intel_vvp_slave_front_end_2441' to './libraries/intel_vvp_slave_front_end_2441'.
Mapping library 'intel_vvp_mixer_2451' to './libraries/intel_vvp_mixer_2451'.
Mapping library 'system_intel_vvp_mixer_1' to './libraries/system_intel_vvp_mixer_1'.
Mapping library 'system_reset_in' to './libraries/system_reset_in'.
Mapping library 'intel_vvp_tpg_scheduler_2451' to './libraries/intel_vvp_tpg_scheduler_2451'.
Mapping library 'intel_vvp_tpg_const_algo_comp_2451' to './libraries/intel_vvp_tpg_const_algo_comp_2451'.
Mapping library 'intel_vvp_tpg_2451' to './libraries/intel_vvp_tpg_2451'.
Mapping library 'system_intel_vvp_tpg_8' to './libraries/system_intel_vvp_tpg_8'.
Mapping library 'intel_vvp_tpg_bars_algo_comp_2451' to './libraries/intel_vvp_tpg_bars_algo_comp_2451'.
Mapping library 'system_intel_vvp_tpg_2' to './libraries/system_intel_vvp_tpg_2'.
Mapping library 'system_intel_vvp_tpg_3' to './libraries/system_intel_vvp_tpg_3'.
Mapping library 'system_intel_vvp_tpg_9' to './libraries/system_intel_vvp_tpg_9'.
Mapping library 'system_intel_vvp_tpg_4' to './libraries/system_intel_vvp_tpg_4'.
Mapping library 'system_intel_vvp_tpg_7' to './libraries/system_intel_vvp_tpg_7'.
Mapping library 'system_clock_in' to './libraries/system_clock_in'.
Mapping library 'system_intel_vvp_tpg_5' to './libraries/system_intel_vvp_tpg_5'.
Mapping library 'system_intel_vvp_tpg_6' to './libraries/system_intel_vvp_tpg_6'.
Mapping library 'altera_reset_controller_1924' to './libraries/altera_reset_controller_1924'.
Mapping library 'system' to './libraries/system'.
-- Skipping 'vlog -sv -suppress 13338 ../../../ip/system/system_intel_vvp...'
-- Skipping 'vlog -sv -suppress 13338 ../../../ip/system/system_intel_vvp...'
-- Skipping 'vlog -sv -suppress 13338 ../../../ip/system/system_intel_vvp...'
-- Skipping 'vlog -sv -suppress 13338 ../../../ip/system/system_intel_vvp...'
-- Skipping 'vlog -sv -suppress 13338 ../../../ip/system/system_intel_vvp...'
-- Skipping 'vlog -sv -suppress 13338 -L altera_common_sv_packages ../../...'
-- Skipping 'vlog -sv -suppress 13338 -L altera_common_sv_packages ../../...'
-- Skipping 'vlog -sv -suppress 13338 -L altera_common_sv_packages ../../...'
-- Skipping 'vlog -sv -suppress 13338 -L altera_common_sv_packages ../../...'
-- Skipping 'vlog -sv -suppress 13338 -L altera_common_sv_packages ../../...'
-- Skipping 'vlog -sv -suppress 13338 -L altera_common_sv_packages ../../...'
-- Skipping 'vlog -sv -suppress 13338 -L altera_common_sv_packages ../../...'
-- Skipping 'vlog -sv -suppress 13338 -L altera_common_sv_packages ../../...'
-- Skipping 'vlog -sv -suppress 13338 -L altera_common_sv_packages ../../...'
-- Skipping 'vlog -sv -suppress 13338 -L altera_common_sv_packages ../../...'
-- Skipping 'vlog -sv -suppress 13338 -L altera_common_sv_packages ../../...'
-- Skipping 'vlog -sv -suppress 13338 -L altera_common_sv_packages ../../...'
-- Skipping 'vlog -sv -suppress 13338 -L altera_common_sv_packages ../../...'
-- Skipping 'vlog -sv -suppress 13338 -L altera_common_sv_packages ../../...'
-- Skipping 'vlog -sv -suppress 13338 -L altera_common_sv_packages ../../...'
-- Skipping 'vlog -sv -suppress 13338 -L altera_common_sv_packages ../../...'
-- Skipping 'vlog -sv -suppress 13338 -L altera_common_sv_packages ../../...'
-- Skipping 'vlog -sv -suppress 13338 -L altera_common_sv_packages ../../...'
-- Skipping 'vlog -sv -suppress 13338 -L altera_common_sv_packages ../../...'
-- Skipping 'vlog -sv -suppress 13338 -L altera_common_sv_packages ../../...'
-- Skipping 'vlog -sv -suppress 13338 -L altera_common_sv_packages ../../...'
-- Skipping 'vlog -sv -suppress 13338 -L altera_common_sv_packages ../../...'
-- Skipping 'vlog -sv -suppress 13338 -L altera_common_sv_packages ../../...'
-- Skipping 'vlog -sv -suppress 13338 -L altera_common_sv_packages ../../...'
-- Skipping 'vlog -sv -suppress 13338 -L altera_common_sv_packages ../../...'
-- Skipping 'vlog -sv -suppress 13338 -L altera_common_sv_packages ../../...'
-- Skipping 'vlog -sv -suppress 13338 -L altera_common_sv_packages ../../...'
-- Skipping 'vlog -sv -suppress 13338 -L altera_common_sv_packages ../../...'
-- Skipping 'vlog -sv -suppress 13338 -L altera_common_sv_packages ../../...'
-- Skipping 'vlog -sv -suppress 13338 -L altera_common_sv_packages ../../...'
-- Skipping 'vlog -sv -suppress 13338 -L altera_common_sv_packages ../../...'
-- Skipping 'vlog -sv -suppress 13338 -L altera_common_sv_packages ../../...'
-- Skipping 'vlog -sv -suppress 13338 -L altera_common_sv_packages ../../...'
-- Skipping 'vlog -sv -suppress 13338 -L altera_common_sv_packages ../../...'
-- Skipping 'vlog -sv -suppress 13338 -L altera_common_sv_packages ../../...'
-- Skipping 'vlog -sv -suppress 13338 -L altera_common_sv_packages ../../...'
-- Skipping 'vlog -sv -suppress 13338 -L altera_common_sv_packages ../../...'
-- Skipping 'vlog -sv -suppress 13338 ../../../ip/system/system_intel_vvp...'
-- Skipping 'vlog -sv -suppress 13338 ../../../ip/system/system_intel_vvp...'
-- Skipping 'vlog -sv -suppress 13338 ../../../ip/system/system_intel_vvp...'
-- Skipping 'vlog -sv -suppress 13338 ../../../ip/system/system_intel_vvp...'
-- Skipping 'vlog -sv -suppress 13338 ../../../ip/system/system_intel_vvp...'
-- Skipping 'vlog -sv -suppress 13338 ../../../ip/system/system_reset_in/...'
-- Skipping 'vlog -sv -suppress 13338 -L altera_common_sv_packages ../../...'
-- Skipping 'vlog -sv -suppress 13338 -L altera_common_sv_packages ../../...'
-- Skipping 'vlog -sv -suppress 13338 ../../../ip/system/system_intel_vvp...'
-- Skipping 'vlog -sv -suppress 13338 ../../../ip/system/system_intel_vvp...'
-- Skipping 'vlog -sv -suppress 13338 ../../../ip/system/system_intel_vvp...'
-- Skipping 'vlog -sv -suppress 13338 ../../../ip/system/system_intel_vvp...'
-- Skipping 'vlog -sv -suppress 13338 ../../../ip/system/system_intel_vvp...'
-- Skipping 'vlog -sv -suppress 13338 -L altera_common_sv_packages ../../...'
-- Skipping 'vlog -sv -suppress 13338 -L altera_common_sv_packages ../../...'
-- Skipping 'vlog -sv -suppress 13338 -L altera_common_sv_packages ../../...'
-- Skipping 'vlog -sv -suppress 13338 -L altera_common_sv_packages ../../...'
-- Skipping 'vlog -sv -suppress 13338 -L altera_common_sv_packages ../../...'
-- Skipping 'vlog -sv -suppress 13338 -L altera_common_sv_packages ../../...'
-- Skipping 'vlog -sv -suppress 13338 -L altera_common_sv_packages ../../...'
-- Skipping 'vlog -sv -suppress 13338 -L altera_common_sv_packages ../../...'
-- Skipping 'vlog -sv -suppress 13338 ../../../ip/system/system_intel_vvp...'
-- Skipping 'vlog -sv -suppress 13338 ../../../ip/system/system_intel_vvp...'
-- Skipping 'vlog -sv -suppress 13338 ../../../ip/system/system_intel_vvp...'
-- Skipping 'vlog -sv -suppress 13338 ../../../ip/system/system_intel_vvp...'
-- Skipping 'vlog -sv -suppress 13338 ../../../ip/system/system_intel_vvp...'
-- Skipping 'vlog -sv -suppress 13338 -L altera_common_sv_packages ../../...'
-- Skipping 'vlog -sv -suppress 13338 -L altera_common_sv_packages ../../...'
-- Skipping 'vlog -sv -suppress 13338 ../../../ip/system/system_intel_vvp...'
-- Skipping 'vlog -sv -suppress 13338 ../../../ip/system/system_intel_vvp...'
-- Skipping 'vlog -sv -suppress 13338 ../../../ip/system/system_intel_vvp...'
-- Skipping 'vlog -sv -suppress 13338 ../../../ip/system/system_intel_vvp...'
-- Skipping 'vlog -sv -suppress 13338 ../../../ip/system/system_intel_vvp...'
-- Skipping 'vlog -sv -suppress 13338 -L altera_common_sv_packages ../../...'
-- Skipping 'vlog -sv -suppress 13338 -L altera_common_sv_packages ../../...'
-- Skipping 'vlog -sv -suppress 13338 ../../../ip/system/system_intel_vvp...'
-- Skipping 'vlog -sv -suppress 13338 ../../../ip/system/system_intel_vvp...'
-- Skipping 'vlog -sv -suppress 13338 ../../../ip/system/system_intel_vvp...'
-- Skipping 'vlog -sv -suppress 13338 ../../../ip/system/system_intel_vvp...'
-- Skipping 'vlog -sv -suppress 13338 ../../../ip/system/system_intel_vvp...'
-- Skipping 'vlog -sv -suppress 13338 -L altera_common_sv_packages ../../...'
-- Skipping 'vlog -sv -suppress 13338 -L altera_common_sv_packages ../../...'
-- Skipping 'vlog -sv -suppress 13338 ../../../ip/system/system_intel_vvp...'
-- Skipping 'vlog -sv -suppress 13338 ../../../ip/system/system_intel_vvp...'
-- Skipping 'vlog -sv -suppress 13338 ../../../ip/system/system_intel_vvp...'
-- Skipping 'vlog -sv -suppress 13338 ../../../ip/system/system_intel_vvp...'
-- Skipping 'vlog -sv -suppress 13338 ../../../ip/system/system_intel_vvp...'
-- Skipping 'vlog -sv -suppress 13338 -L altera_common_sv_packages ../../...'
-- Skipping 'vlog -sv -suppress 13338 -L altera_common_sv_packages ../../...'
-- Skipping 'vlog -sv -suppress 13338 ../../../ip/system/system_intel_vvp...'
-- Skipping 'vlog -sv -suppress 13338 ../../../ip/system/system_intel_vvp...'
-- Skipping 'vlog -sv -suppress 13338 ../../../ip/system/system_intel_vvp...'
-- Skipping 'vlog -sv -suppress 13338 ../../../ip/system/system_intel_vvp...'
-- Skipping 'vlog -sv -suppress 13338 ../../../ip/system/system_intel_vvp...'
-- Skipping 'vlog -sv -suppress 13338 ../../../ip/system/system_clock_in/...'
-- Skipping 'vlog -sv -suppress 13338 -L altera_common_sv_packages ../../...'
-- Skipping 'vlog -sv -suppress 13338 -L altera_common_sv_packages ../../...'
-- Skipping 'vlog -sv -suppress 13338 ../../../ip/system/system_intel_vvp...'
-- Skipping 'vlog -sv -suppress 13338 ../../../ip/system/system_intel_vvp...'
-- Skipping 'vlog -sv -suppress 13338 ../../../ip/system/system_intel_vvp...'
-- Skipping 'vlog -sv -suppress 13338 ../../../ip/system/system_intel_vvp...'
-- Skipping 'vlog -sv -suppress 13338 ../../../ip/system/system_intel_vvp...'
-- Skipping 'vlog -sv -suppress 13338 -L altera_common_sv_packages ../../...'
-- Skipping 'vlog -sv -suppress 13338 -L altera_common_sv_packages ../../...'
-- Skipping 'vlog -sv -suppress 13338 ../../../ip/system/system_intel_vvp...'
-- Skipping 'vlog -sv -suppress 13338 ../../../ip/system/system_intel_vvp...'
-- Skipping 'vlog -sv -suppress 13338 ../../../ip/system/system_intel_vvp...'
-- Skipping 'vlog -sv -suppress 13338 ../../../ip/system/system_intel_vvp...'
-- Skipping 'vlog -sv -suppress 13338 ../../../ip/system/system_intel_vvp...'
-- Skipping 'vlog -sv -suppress 13338 ../../altera_reset_controller_1924/...'
-- Skipping 'vlog -sv -suppress 13338 ../../altera_reset_controller_1924/...'
-- Skipping 'vlog -sv -suppress 13338 ../system.v -work ./libraries/syste...'
Questa Intel Starter FPGA Edition-64 vlog 2025.1 Compiler 2025.01 Jan 18 2025
Start time: 11:15:26 on Jul 10,2026
vlog -sv -suppress 13338 -L altera_common_sv_packages ../../../ip/system/system_intel_vvp_mixer_1/intel_vvp_reset_sync_2440/sim/mentor/src_hdl/intel_vvp_reset_sync.sv -work ./libraries/intel_vvp_reset_sync_2440 -statslog ./libraries/stats_log -writesessionid "+./libraries/top_dus" -csession=incr -csessiondir ./libraries/sessions 

Top level modules:
End time: 11:15:26 on Jul 10,2026, Elapsed time: 0:00:00
Errors: 0, Warnings: 0
Questa Intel Starter FPGA Edition-64 vlog 2025.1 Compiler 2025.01 Jan 18 2025
Start time: 11:15:26 on Jul 10,2026
vlog -sv -suppress 13338 -L altera_common_sv_packages ../../../ip/system/system_intel_vvp_tpg_8/intel_vvp_tpg_const_algo_comp_2451/sim/mentor/intel_vvp_axi_zero_pad.sv -work ./libraries/intel_vvp_tpg_const_algo_comp_2451 -statslog ./libraries/stats_log -writesessionid "+./libraries/top_dus" -csession=incr -csessiondir ./libraries/sessions 

Top level modules:
End time: 11:15:26 on Jul 10,2026, Elapsed time: 0:00:00
Errors: 0, Warnings: 0
Questa Intel Starter FPGA Edition-64 vlog 2025.1 Compiler 2025.01 Jan 18 2025
Start time: 11:15:26 on Jul 10,2026
vlog -sv -suppress 13338 -L altera_common_sv_packages ../../../ip/system/system_intel_vvp_mixer_1/intel_vvp_output_interface_bridge_2440/sim/mentor/intel_vvp_axi_pipeline_stage.sv -work ./libraries/intel_vvp_output_interface_bridge_2440 -statslog ./libraries/stats_log -writesessionid "+./libraries/top_dus" -csession=incr -csessiondir ./libraries/sessions 

Top level modules:
End time: 11:15:26 on Jul 10,2026, Elapsed time: 0:00:00
Errors: 0, Warnings: 0
Questa Intel Starter FPGA Edition-64 vlog 2025.1 Compiler 2025.01 Jan 18 2025
Start time: 11:15:26 on Jul 10,2026
vlog -sv -suppress 13338 -L altera_common_sv_packages ../../../ip/system/system_intel_vvp_mixer_1/intel_vvp_reset_bridge_2440/sim/mentor/src_hdl/intel_vvp_reset_bridge.sv -work ./libraries/intel_vvp_reset_bridge_2440 -statslog ./libraries/stats_log -writesessionid "+./libraries/top_dus" -csession=incr -csessiondir ./libraries/sessions 

Top level modules:
End time: 11:15:26 on Jul 10,2026, Elapsed time: 0:00:00
Errors: 0, Warnings: 0
Questa Intel Starter FPGA Edition-64 vlog 2025.1 Compiler 2025.01 Jan 18 2025
Start time: 11:15:26 on Jul 10,2026
vlog -sv -suppress 13338 -L altera_common_sv_packages ../../../ip/system/system_intel_vvp_mixer_1/intel_vvp_ro_reg_servicer_2441/sim/mentor/src_hdl/intel_vvp_ro_reg_servicer.sv -work ./libraries/intel_vvp_ro_reg_servicer_2441 -statslog ./libraries/stats_log -writesessionid "+./libraries/top_dus" -csession=incr -csessiondir ./libraries/sessions 

Top level modules:
End time: 11:15:26 on Jul 10,2026, Elapsed time: 0:00:00
Errors: 0, Warnings: 0
-- Skipping 'vlog -sv -suppress 13338 -L altera_common_sv_packages ../../...'
Questa Intel Starter FPGA Edition-64 vlog 2025.1 Compiler 2025.01 Jan 18 2025
Start time: 11:15:26 on Jul 10,2026
vlog -sv -suppress 13338 -L altera_common_sv_packages ../../../ip/system/system_intel_vvp_mixer_1/intel_vvp_mm_agent_reset_hold_2440/sim/mentor/src_hdl/intel_vvp_mm_agent_reset_hold.sv -work ./libraries/intel_vvp_mm_agent_reset_hold_2440 -statslog ./libraries/stats_log -writesessionid "+./libraries/top_dus" -csession=incr -csessiondir ./libraries/sessions 

Top level modules:
End time: 11:15:26 on Jul 10,2026, Elapsed time: 0:00:00
Errors: 0, Warnings: 0
Questa Intel Starter FPGA Edition-64 vlog 2025.1 Compiler 2025.01 Jan 18 2025
Start time: 11:15:26 on Jul 10,2026
vlog -sv -suppress 13338 -L altera_common_sv_packages ../../../ip/system/system_intel_vvp_tpg_8/intel_vvp_tpg_scheduler_2451/sim/mentor/intel_vvp_axi_pipeline_stage.sv -work ./libraries/intel_vvp_tpg_scheduler_2451 -statslog ./libraries/stats_log -writesessionid "+./libraries/top_dus" -csession=incr -csessiondir ./libraries/sessions 

Top level modules:
End time: 11:15:26 on Jul 10,2026, Elapsed time: 0:00:00
Errors: 0, Warnings: 0
Questa Intel Starter FPGA Edition-64 vlog 2025.1 Compiler 2025.01 Jan 18 2025
Start time: 11:15:26 on Jul 10,2026
vlog -sv -suppress 13338 -L altera_common_sv_packages ../../../ip/system/system_intel_vvp_tpg_8/intel_vvp_reset_sync_2440/sim/mentor/src_hdl/intel_vvp_reset_sync.sv -work ./libraries/intel_vvp_reset_sync_2440 -statslog ./libraries/stats_log -writesessionid "+./libraries/top_dus" -csession=incr -csessiondir ./libraries/sessions 

Top level modules:
End time: 11:15:26 on Jul 10,2026, Elapsed time: 0:00:00
Errors: 0, Warnings: 0
Questa Intel Starter FPGA Edition-64 vlog 2025.1 Compiler 2025.01 Jan 18 2025
Start time: 11:15:26 on Jul 10,2026
vlog -sv -suppress 13338 -L altera_common_sv_packages ../../../ip/system/system_intel_vvp_tpg_8/intel_vvp_tpg_scheduler_2451/sim/mentor/intel_vvp_axi_master.sv -work ./libraries/intel_vvp_tpg_scheduler_2451 -statslog ./libraries/stats_log -writesessionid "+./libraries/top_dus" -csession=incr -csessiondir ./libraries/sessions 

Top level modules:
End time: 11:15:26 on Jul 10,2026, Elapsed time: 0:00:00
Errors: 0, Warnings: 0
Questa Intel Starter FPGA Edition-64 vlog 2025.1 Compiler 2025.01 Jan 18 2025
Start time: 11:15:26 on Jul 10,2026
vlog -sv -suppress 13338 -L altera_common_sv_packages ../../../ip/system/system_intel_vvp_tpg_8/intel_vvp_tpg_const_algo_comp_2451/sim/mentor/intel_vvp_axi_zero_strip.sv -work ./libraries/intel_vvp_tpg_const_algo_comp_2451 -statslog ./libraries/stats_log -writesessionid "+./libraries/top_dus" -csession=incr -csessiondir ./libraries/sessions 

Top level modules:
End time: 11:15:26 on Jul 10,2026, Elapsed time: 0:00:00
Errors: 0, Warnings: 0
Questa Intel Starter FPGA Edition-64 vlog 2025.1 Compiler 2025.01 Jan 18 2025
Start time: 11:15:26 on Jul 10,2026
vlog -sv -suppress 13338 -L altera_common_sv_packages ../../../ip/system/system_intel_vvp_mixer_1/intel_vvp_output_interface_bridge_2440/sim/mentor/intel_vvp_axi_master.sv -work ./libraries/intel_vvp_output_interface_bridge_2440 -statslog ./libraries/stats_log -writesessionid "+./libraries/top_dus" -csession=incr -csessiondir ./libraries/sessions 

Top level modules:
End time: 11:15:26 on Jul 10,2026, Elapsed time: 0:00:00
Errors: 0, Warnings: 0
Questa Intel Starter FPGA Edition-64 vlog 2025.1 Compiler 2025.01 Jan 18 2025
Start time: 11:15:26 on Jul 10,2026
vlog -sv -suppress 13338 -L altera_common_sv_packages ../../../ip/system/system_intel_vvp_tpg_8/intel_vvp_reset_bridge_2440/sim/mentor/src_hdl/intel_vvp_reset_bridge.sv -work ./libraries/intel_vvp_reset_bridge_2440 -statslog ./libraries/stats_log -writesessionid "+./libraries/top_dus" -csession=incr -csessiondir ./libraries/sessions 

Top level modules:
End time: 11:15:26 on Jul 10,2026, Elapsed time: 0:00:00
Errors: 0, Warnings: 0
Questa Intel Starter FPGA Edition-64 vlog 2025.1 Compiler 2025.01 Jan 18 2025
Start time: 11:15:26 on Jul 10,2026
vlog -sv -suppress 13338 -L altera_common_sv_packages ../../../ip/system/system_intel_vvp_tpg_8/intel_vvp_ro_reg_servicer_2441/sim/mentor/src_hdl/intel_vvp_ro_reg_servicer.sv -work ./libraries/intel_vvp_ro_reg_servicer_2441 -statslog ./libraries/stats_log -writesessionid "+./libraries/top_dus" -csession=incr -csessiondir ./libraries/sessions 

Top level modules:
End time: 11:15:26 on Jul 10,2026, Elapsed time: 0:00:00
Errors: 0, Warnings: 0
-- Skipping 'vlog -sv -suppress 13338 -L altera_common_sv_packages ../../...'
Questa Intel Starter FPGA Edition-64 vlog 2025.1 Compiler 2025.01 Jan 18 2025
Start time: 11:15:26 on Jul 10,2026
vlog -sv -suppress 13338 -L altera_common_sv_packages ../../../ip/system/system_intel_vvp_tpg_8/intel_vvp_mm_agent_reset_hold_2440/sim/mentor/src_hdl/intel_vvp_mm_agent_reset_hold.sv -work ./libraries/intel_vvp_mm_agent_reset_hold_2440 -statslog ./libraries/stats_log -writesessionid "+./libraries/top_dus" -csession=incr -csessiondir ./libraries/sessions 

Top level modules:
End time: 11:15:26 on Jul 10,2026, Elapsed time: 0:00:00
Errors: 0, Warnings: 0
Questa Intel Starter FPGA Edition-64 vlog 2025.1 Compiler 2025.01 Jan 18 2025
Start time: 11:15:26 on Jul 10,2026
vlog -sv -suppress 13338 -L altera_common_sv_packages ../../../ip/system/system_intel_vvp_tpg_2/intel_vvp_reset_sync_2440/sim/mentor/src_hdl/intel_vvp_reset_sync.sv -work ./libraries/intel_vvp_reset_sync_2440 -statslog ./libraries/stats_log -writesessionid "+./libraries/top_dus" -csession=incr -csessiondir ./libraries/sessions 

Top level modules:
End time: 11:15:26 on Jul 10,2026, Elapsed time: 0:00:00
Errors: 0, Warnings: 0
Questa Intel Starter FPGA Edition-64 vlog 2025.1 Compiler 2025.01 Jan 18 2025
Start time: 11:15:26 on Jul 10,2026
vlog -sv -suppress 13338 -L altera_common_sv_packages ../../../ip/system/system_intel_vvp_tpg_2/intel_vvp_mm_agent_reset_hold_2440/sim/mentor/src_hdl/intel_vvp_mm_agent_reset_hold.sv -work ./libraries/intel_vvp_mm_agent_reset_hold_2440 -statslog ./libraries/stats_log -writesessionid "+./libraries/top_dus" -csession=incr -csessiondir ./libraries/sessions 

Top level modules:
End time: 11:15:26 on Jul 10,2026, Elapsed time: 0:00:00
Errors: 0, Warnings: 0
Questa Intel Starter FPGA Edition-64 vlog 2025.1 Compiler 2025.01 Jan 18 2025
Start time: 11:15:26 on Jul 10,2026
vlog -sv -suppress 13338 -L altera_common_sv_packages ../../../ip/system/system_intel_vvp_tpg_8/intel_vvp_tpg_scheduler_2451/sim/mentor/intel_vvp_pipelined_mux.sv -work ./libraries/intel_vvp_tpg_scheduler_2451 -statslog ./libraries/stats_log -writesessionid "+./libraries/top_dus" -csession=incr -csessiondir ./libraries/sessions 

Top level modules:
End time: 11:15:26 on Jul 10,2026, Elapsed time: 0:00:00
Errors: 0, Warnings: 0
Questa Intel Starter FPGA Edition-64 vlog 2025.1 Compiler 2025.01 Jan 18 2025
Start time: 11:15:26 on Jul 10,2026
vlog -sv -suppress 13338 -L altera_common_sv_packages ../../../ip/system/system_intel_vvp_tpg_8/intel_vvp_tpg_const_algo_comp_2451/sim/mentor/intel_vvp_axi_pipeline_stage.sv -work ./libraries/intel_vvp_tpg_const_algo_comp_2451 -statslog ./libraries/stats_log -writesessionid "+./libraries/top_dus" -csession=incr -csessiondir ./libraries/sessions 

Top level modules:
End time: 11:15:26 on Jul 10,2026, Elapsed time: 0:00:00
Errors: 0, Warnings: 0
Questa Intel Starter FPGA Edition-64 vlog 2025.1 Compiler 2025.01 Jan 18 2025
Start time: 11:15:26 on Jul 10,2026
vlog -sv -suppress 13338 -L altera_common_sv_packages ../../../ip/system/system_intel_vvp_mixer_1/intel_vvp_output_interface_bridge_2440/sim/mentor/src_hdl/intel_vvp_output_interface_bridge.sv -work ./libraries/intel_vvp_output_interface_bridge_2440 -statslog ./libraries/stats_log -writesessionid "+./libraries/top_dus" -csession=incr -csessiondir ./libraries/sessions 

Top level modules:
End time: 11:15:26 on Jul 10,2026, Elapsed time: 0:00:00
Errors: 0, Warnings: 0
Questa Intel Starter FPGA Edition-64 vlog 2025.1 Compiler 2025.01 Jan 18 2025
Start time: 11:15:26 on Jul 10,2026
vlog -sv -suppress 13338 -L altera_common_sv_packages ../../../ip/system/system_intel_vvp_tpg_2/intel_vvp_reset_bridge_2440/sim/mentor/src_hdl/intel_vvp_reset_bridge.sv -work ./libraries/intel_vvp_reset_bridge_2440 -statslog ./libraries/stats_log -writesessionid "+./libraries/top_dus" -csession=incr -csessiondir ./libraries/sessions 

Top level modules:
End time: 11:15:26 on Jul 10,2026, Elapsed time: 0:00:00
Errors: 0, Warnings: 0
Questa Intel Starter FPGA Edition-64 vlog 2025.1 Compiler 2025.01 Jan 18 2025
Start time: 11:15:26 on Jul 10,2026
vlog -sv -suppress 13338 -L altera_common_sv_packages ../../../ip/system/system_intel_vvp_tpg_2/intel_vvp_ro_reg_servicer_2441/sim/mentor/src_hdl/intel_vvp_ro_reg_servicer.sv -work ./libraries/intel_vvp_ro_reg_servicer_2441 -statslog ./libraries/stats_log -writesessionid "+./libraries/top_dus" -csession=incr -csessiondir ./libraries/sessions 

Top level modules:
End time: 11:15:26 on Jul 10,2026, Elapsed time: 0:00:00
Errors: 0, Warnings: 0
-- Skipping 'vlog -sv -suppress 13338 -L altera_common_sv_packages ../../...'
Questa Intel Starter FPGA Edition-64 vlog 2025.1 Compiler 2025.01 Jan 18 2025
Start time: 11:15:26 on Jul 10,2026
vlog -sv -suppress 13338 -L altera_common_sv_packages ../../../ip/system/system_intel_vvp_tpg_3/intel_vvp_reset_sync_2440/sim/mentor/src_hdl/intel_vvp_reset_sync.sv -work ./libraries/intel_vvp_reset_sync_2440 -statslog ./libraries/stats_log -writesessionid "+./libraries/top_dus" -csession=incr -csessiondir ./libraries/sessions 

Top level modules:
End time: 11:15:27 on Jul 10,2026, Elapsed time: 0:00:01
Errors: 0, Warnings: 0
Questa Intel Starter FPGA Edition-64 vlog 2025.1 Compiler 2025.01 Jan 18 2025
Start time: 11:15:27 on Jul 10,2026
vlog -sv -suppress 13338 -L altera_common_sv_packages ../../../ip/system/system_intel_vvp_tpg_3/intel_vvp_ro_reg_servicer_2441/sim/mentor/src_hdl/intel_vvp_ro_reg_servicer.sv -work ./libraries/intel_vvp_ro_reg_servicer_2441 -statslog ./libraries/stats_log -writesessionid "+./libraries/top_dus" -csession=incr -csessiondir ./libraries/sessions 

Top level modules:
End time: 11:15:27 on Jul 10,2026, Elapsed time: 0:00:00
Errors: 0, Warnings: 0
-- Skipping 'vlog -sv -suppress 13338 -L altera_common_sv_packages ../../...'
Questa Intel Starter FPGA Edition-64 vlog 2025.1 Compiler 2025.01 Jan 18 2025
Start time: 11:15:26 on Jul 10,2026
vlog -sv -suppress 13338 -L altera_common_sv_packages ../../../ip/system/system_intel_vvp_tpg_3/intel_vvp_mm_agent_reset_hold_2440/sim/mentor/src_hdl/intel_vvp_mm_agent_reset_hold.sv -work ./libraries/intel_vvp_mm_agent_reset_hold_2440 -statslog ./libraries/stats_log -writesessionid "+./libraries/top_dus" -csession=incr -csessiondir ./libraries/sessions 

Top level modules:
End time: 11:15:27 on Jul 10,2026, Elapsed time: 0:00:01
Errors: 0, Warnings: 0
Questa Intel Starter FPGA Edition-64 vlog 2025.1 Compiler 2025.01 Jan 18 2025
Start time: 11:15:26 on Jul 10,2026
vlog -sv -suppress 13338 -L altera_common_sv_packages ../../../ip/system/system_intel_vvp_tpg_8/intel_vvp_tpg_scheduler_2451/sim/mentor/intel_vvp_common_slave_interface.sv -work ./libraries/intel_vvp_tpg_scheduler_2451 -statslog ./libraries/stats_log -writesessionid "+./libraries/top_dus" -csession=incr -csessiondir ./libraries/sessions 

Top level modules:
End time: 11:15:27 on Jul 10,2026, Elapsed time: 0:00:01
Errors: 0, Warnings: 0
Questa Intel Starter FPGA Edition-64 vlog 2025.1 Compiler 2025.01 Jan 18 2025
Start time: 11:15:26 on Jul 10,2026
vlog -sv -suppress 13338 -L altera_common_sv_packages ../../../ip/system/system_intel_vvp_tpg_8/intel_vvp_tpg_const_algo_comp_2451/sim/mentor/intel_vvp_axi_master.sv -work ./libraries/intel_vvp_tpg_const_algo_comp_2451 -statslog ./libraries/stats_log -writesessionid "+./libraries/top_dus" -csession=incr -csessiondir ./libraries/sessions 

Top level modules:
End time: 11:15:27 on Jul 10,2026, Elapsed time: 0:00:01
Errors: 0, Warnings: 0
Questa Intel Starter FPGA Edition-64 vlog 2025.1 Compiler 2025.01 Jan 18 2025
Start time: 11:15:27 on Jul 10,2026
vlog -sv -suppress 13338 -L altera_common_sv_packages ../../../ip/system/system_intel_vvp_tpg_8/intel_vvp_output_interface_bridge_2440/sim/mentor/intel_vvp_axi_pipeline_stage.sv -work ./libraries/intel_vvp_output_interface_bridge_2440 -statslog ./libraries/stats_log -writesessionid "+./libraries/top_dus" -csession=incr -csessiondir ./libraries/sessions 

Top level modules:
End time: 11:15:27 on Jul 10,2026, Elapsed time: 0:00:00
Errors: 0, Warnings: 0
Questa Intel Starter FPGA Edition-64 vlog 2025.1 Compiler 2025.01 Jan 18 2025
Start time: 11:15:27 on Jul 10,2026
vlog -sv -suppress 13338 -L altera_common_sv_packages ../../../ip/system/system_intel_vvp_tpg_3/intel_vvp_reset_bridge_2440/sim/mentor/src_hdl/intel_vvp_reset_bridge.sv -work ./libraries/intel_vvp_reset_bridge_2440 -statslog ./libraries/stats_log -writesessionid "+./libraries/top_dus" -csession=incr -csessiondir ./libraries/sessions 

Top level modules:
End time: 11:15:27 on Jul 10,2026, Elapsed time: 0:00:00
Errors: 0, Warnings: 0
Questa Intel Starter FPGA Edition-64 vlog 2025.1 Compiler 2025.01 Jan 18 2025
Start time: 11:15:27 on Jul 10,2026
vlog -sv -suppress 13338 -L altera_common_sv_packages ../../../ip/system/system_intel_vvp_tpg_9/intel_vvp_reset_sync_2440/sim/mentor/src_hdl/intel_vvp_reset_sync.sv -work ./libraries/intel_vvp_reset_sync_2440 -statslog ./libraries/stats_log -writesessionid "+./libraries/top_dus" -csession=incr -csessiondir ./libraries/sessions 

Top level modules:
End time: 11:15:27 on Jul 10,2026, Elapsed time: 0:00:00
Errors: 0, Warnings: 0
Questa Intel Starter FPGA Edition-64 vlog 2025.1 Compiler 2025.01 Jan 18 2025
Start time: 11:15:27 on Jul 10,2026
vlog -sv -suppress 13338 -L altera_common_sv_packages ../../../ip/system/system_intel_vvp_tpg_9/intel_vvp_reset_bridge_2440/sim/mentor/src_hdl/intel_vvp_reset_bridge.sv -work ./libraries/intel_vvp_reset_bridge_2440 -statslog ./libraries/stats_log -writesessionid "+./libraries/top_dus" -csession=incr -csessiondir ./libraries/sessions 

Top level modules:
End time: 11:15:27 on Jul 10,2026, Elapsed time: 0:00:00
Errors: 0, Warnings: 0
Questa Intel Starter FPGA Edition-64 vlog 2025.1 Compiler 2025.01 Jan 18 2025
Start time: 11:15:27 on Jul 10,2026
vlog -sv -suppress 13338 -L altera_common_sv_packages ../../../ip/system/system_intel_vvp_tpg_9/intel_vvp_ro_reg_servicer_2441/sim/mentor/src_hdl/intel_vvp_ro_reg_servicer.sv -work ./libraries/intel_vvp_ro_reg_servicer_2441 -statslog ./libraries/stats_log -writesessionid "+./libraries/top_dus" -csession=incr -csessiondir ./libraries/sessions 

Top level modules:
End time: 11:15:27 on Jul 10,2026, Elapsed time: 0:00:00
Errors: 0, Warnings: 0
-- Skipping 'vlog -sv -suppress 13338 -L altera_common_sv_packages ../../...'
Questa Intel Starter FPGA Edition-64 vlog 2025.1 Compiler 2025.01 Jan 18 2025
Start time: 11:15:27 on Jul 10,2026
vlog -sv -suppress 13338 -L altera_common_sv_packages ../../../ip/system/system_intel_vvp_tpg_9/intel_vvp_mm_agent_reset_hold_2440/sim/mentor/src_hdl/intel_vvp_mm_agent_reset_hold.sv -work ./libraries/intel_vvp_mm_agent_reset_hold_2440 -statslog ./libraries/stats_log -writesessionid "+./libraries/top_dus" -csession=incr -csessiondir ./libraries/sessions 

Top level modules:
End time: 11:15:27 on Jul 10,2026, Elapsed time: 0:00:00
Errors: 0, Warnings: 0
Questa Intel Starter FPGA Edition-64 vlog 2025.1 Compiler 2025.01 Jan 18 2025
Start time: 11:15:27 on Jul 10,2026
vlog -sv -suppress 13338 -L altera_common_sv_packages ../../../ip/system/system_intel_vvp_tpg_8/intel_vvp_tpg_scheduler_2451/sim/mentor/src_hdl/intel_vvp_tpg_scheduler.sv -work ./libraries/intel_vvp_tpg_scheduler_2451 -statslog ./libraries/stats_log -writesessionid "+./libraries/top_dus" -csession=incr -csessiondir ./libraries/sessions 

Top level modules:
End time: 11:15:27 on Jul 10,2026, Elapsed time: 0:00:00
Errors: 0, Warnings: 0
Questa Intel Starter FPGA Edition-64 vlog 2025.1 Compiler 2025.01 Jan 18 2025
Start time: 11:15:27 on Jul 10,2026
vlog -sv -suppress 13338 -L altera_common_sv_packages ../../../ip/system/system_intel_vvp_tpg_8/intel_vvp_tpg_const_algo_comp_2451/sim/mentor/src_hdl/intel_vvp_tpg_const_algo_comp.sv -work ./libraries/intel_vvp_tpg_const_algo_comp_2451 -statslog ./libraries/stats_log -writesessionid "+./libraries/top_dus" -csession=incr -csessiondir ./libraries/sessions 

Top level modules:
End time: 11:15:27 on Jul 10,2026, Elapsed time: 0:00:00
Errors: 0, Warnings: 0
Questa Intel Starter FPGA Edition-64 vlog 2025.1 Compiler 2025.01 Jan 18 2025
Start time: 11:15:27 on Jul 10,2026
vlog -sv -suppress 13338 -L altera_common_sv_packages ../../../ip/system/system_intel_vvp_tpg_8/intel_vvp_output_interface_bridge_2440/sim/mentor/intel_vvp_axi_master.sv -work ./libraries/intel_vvp_output_interface_bridge_2440 -statslog ./libraries/stats_log -writesessionid "+./libraries/top_dus" -csession=incr -csessiondir ./libraries/sessions 

Top level modules:
End time: 11:15:27 on Jul 10,2026, Elapsed time: 0:00:00
Errors: 0, Warnings: 0
Questa Intel Starter FPGA Edition-64 vlog 2025.1 Compiler 2025.01 Jan 18 2025
Start time: 11:15:27 on Jul 10,2026
vlog -sv -suppress 13338 -L altera_common_sv_packages ../../../ip/system/system_intel_vvp_tpg_4/intel_vvp_reset_sync_2440/sim/mentor/src_hdl/intel_vvp_reset_sync.sv -work ./libraries/intel_vvp_reset_sync_2440 -statslog ./libraries/stats_log -writesessionid "+./libraries/top_dus" -csession=incr -csessiondir ./libraries/sessions 

Top level modules:
End time: 11:15:27 on Jul 10,2026, Elapsed time: 0:00:00
Errors: 0, Warnings: 0
Questa Intel Starter FPGA Edition-64 vlog 2025.1 Compiler 2025.01 Jan 18 2025
Start time: 11:15:27 on Jul 10,2026
vlog -sv -suppress 13338 -L altera_common_sv_packages ../../../ip/system/system_intel_vvp_tpg_8/intel_vvp_output_interface_bridge_2440/sim/mentor/src_hdl/intel_vvp_output_interface_bridge.sv -work ./libraries/intel_vvp_output_interface_bridge_2440 -statslog ./libraries/stats_log -writesessionid "+./libraries/top_dus" -csession=incr -csessiondir ./libraries/sessions 

Top level modules:
End time: 11:15:27 on Jul 10,2026, Elapsed time: 0:00:00
Errors: 0, Warnings: 0
Questa Intel Starter FPGA Edition-64 vlog 2025.1 Compiler 2025.01 Jan 18 2025
Start time: 11:15:27 on Jul 10,2026
vlog -sv -suppress 13338 -L altera_common_sv_packages ../../../ip/system/system_intel_vvp_tpg_4/intel_vvp_reset_bridge_2440/sim/mentor/src_hdl/intel_vvp_reset_bridge.sv -work ./libraries/intel_vvp_reset_bridge_2440 -statslog ./libraries/stats_log -writesessionid "+./libraries/top_dus" -csession=incr -csessiondir ./libraries/sessions 

Top level modules:
End time: 11:15:27 on Jul 10,2026, Elapsed time: 0:00:00
Errors: 0, Warnings: 0
Questa Intel Starter FPGA Edition-64 vlog 2025.1 Compiler 2025.01 Jan 18 2025
Start time: 11:15:27 on Jul 10,2026
vlog -sv -suppress 13338 -L altera_common_sv_packages ../../../ip/system/system_intel_vvp_tpg_4/intel_vvp_ro_reg_servicer_2441/sim/mentor/src_hdl/intel_vvp_ro_reg_servicer.sv -work ./libraries/intel_vvp_ro_reg_servicer_2441 -statslog ./libraries/stats_log -writesessionid "+./libraries/top_dus" -csession=incr -csessiondir ./libraries/sessions 

Top level modules:
End time: 11:15:27 on Jul 10,2026, Elapsed time: 0:00:00
Errors: 0, Warnings: 0
-- Skipping 'vlog -sv -suppress 13338 -L altera_common_sv_packages ../../...'
Questa Intel Starter FPGA Edition-64 vlog 2025.1 Compiler 2025.01 Jan 18 2025
Start time: 11:15:27 on Jul 10,2026
vlog -sv -suppress 13338 -L altera_common_sv_packages ../../../ip/system/system_intel_vvp_tpg_4/intel_vvp_mm_agent_reset_hold_2440/sim/mentor/src_hdl/intel_vvp_mm_agent_reset_hold.sv -work ./libraries/intel_vvp_mm_agent_reset_hold_2440 -statslog ./libraries/stats_log -writesessionid "+./libraries/top_dus" -csession=incr -csessiondir ./libraries/sessions 

Top level modules:
End time: 11:15:27 on Jul 10,2026, Elapsed time: 0:00:00
Errors: 0, Warnings: 0
Questa Intel Starter FPGA Edition-64 vlog 2025.1 Compiler 2025.01 Jan 18 2025
Start time: 11:15:27 on Jul 10,2026
vlog -sv -suppress 13338 -L altera_common_sv_packages ../../../ip/system/system_intel_vvp_tpg_8/intel_vvp_tpg_scheduler_2451/sim/mentor/src_hdl/intel_vvp_tpg_scheduler_stopwatch.sv -work ./libraries/intel_vvp_tpg_scheduler_2451 -statslog ./libraries/stats_log -writesessionid "+./libraries/top_dus" -csession=incr -csessiondir ./libraries/sessions 

Top level modules:
End time: 11:15:27 on Jul 10,2026, Elapsed time: 0:00:00
Errors: 0, Warnings: 0
Questa Intel Starter FPGA Edition-64 vlog 2025.1 Compiler 2025.01 Jan 18 2025
Start time: 11:15:27 on Jul 10,2026
vlog -sv -suppress 13338 -L altera_common_sv_packages ../../../ip/system/system_intel_vvp_tpg_3/intel_vvp_tpg_const_algo_comp_2451/sim/mentor/intel_vvp_axi_zero_pad.sv -work ./libraries/intel_vvp_tpg_const_algo_comp_2451 -statslog ./libraries/stats_log -writesessionid "+./libraries/top_dus" -csession=incr -csessiondir ./libraries/sessions 

Top level modules:
End time: 11:15:27 on Jul 10,2026, Elapsed time: 0:00:00
Errors: 0, Warnings: 0
Questa Intel Starter FPGA Edition-64 vlog 2025.1 Compiler 2025.01 Jan 18 2025
Start time: 11:15:27 on Jul 10,2026
vlog -sv -suppress 13338 -L altera_common_sv_packages ../../../ip/system/system_intel_vvp_tpg_7/intel_vvp_reset_sync_2440/sim/mentor/src_hdl/intel_vvp_reset_sync.sv -work ./libraries/intel_vvp_reset_sync_2440 -statslog ./libraries/stats_log -writesessionid "+./libraries/top_dus" -csession=incr -csessiondir ./libraries/sessions 

Top level modules:
End time: 11:15:27 on Jul 10,2026, Elapsed time: 0:00:00
Errors: 0, Warnings: 0
Questa Intel Starter FPGA Edition-64 vlog 2025.1 Compiler 2025.01 Jan 18 2025
Start time: 11:15:27 on Jul 10,2026
vlog -sv -suppress 13338 -L altera_common_sv_packages ../../../ip/system/system_intel_vvp_tpg_3/intel_vvp_tpg_const_algo_comp_2451/sim/mentor/intel_vvp_axi_zero_strip.sv -work ./libraries/intel_vvp_tpg_const_algo_comp_2451 -statslog ./libraries/stats_log -writesessionid "+./libraries/top_dus" -csession=incr -csessiondir ./libraries/sessions 

Top level modules:
End time: 11:15:27 on Jul 10,2026, Elapsed time: 0:00:00
Errors: 0, Warnings: 0
Questa Intel Starter FPGA Edition-64 vlog 2025.1 Compiler 2025.01 Jan 18 2025
Start time: 11:15:27 on Jul 10,2026
vlog -sv -suppress 13338 -L altera_common_sv_packages ../../../ip/system/system_intel_vvp_tpg_2/intel_vvp_output_interface_bridge_2440/sim/mentor/intel_vvp_axi_pipeline_stage.sv -work ./libraries/intel_vvp_output_interface_bridge_2440 -statslog ./libraries/stats_log -writesessionid "+./libraries/top_dus" -csession=incr -csessiondir ./libraries/sessions 

Top level modules:
End time: 11:15:27 on Jul 10,2026, Elapsed time: 0:00:00
Errors: 0, Warnings: 0
Questa Intel Starter FPGA Edition-64 vlog 2025.1 Compiler 2025.01 Jan 18 2025
Start time: 11:15:27 on Jul 10,2026
vlog -sv -suppress 13338 -L altera_common_sv_packages ../../../ip/system/system_intel_vvp_tpg_7/intel_vvp_reset_bridge_2440/sim/mentor/src_hdl/intel_vvp_reset_bridge.sv -work ./libraries/intel_vvp_reset_bridge_2440 -statslog ./libraries/stats_log -writesessionid "+./libraries/top_dus" -csession=incr -csessiondir ./libraries/sessions 

Top level modules:
End time: 11:15:27 on Jul 10,2026, Elapsed time: 0:00:00
Errors: 0, Warnings: 0
Questa Intel Starter FPGA Edition-64 vlog 2025.1 Compiler 2025.01 Jan 18 2025
Start time: 11:15:27 on Jul 10,2026
vlog -sv -suppress 13338 -L altera_common_sv_packages ../../../ip/system/system_intel_vvp_tpg_7/intel_vvp_ro_reg_servicer_2441/sim/mentor/src_hdl/intel_vvp_ro_reg_servicer.sv -work ./libraries/intel_vvp_ro_reg_servicer_2441 -statslog ./libraries/stats_log -writesessionid "+./libraries/top_dus" -csession=incr -csessiondir ./libraries/sessions 

Top level modules:
End time: 11:15:27 on Jul 10,2026, Elapsed time: 0:00:00
Errors: 0, Warnings: 0
-- Skipping 'vlog -sv -suppress 13338 -L altera_common_sv_packages ../../...'
Questa Intel Starter FPGA Edition-64 vlog 2025.1 Compiler 2025.01 Jan 18 2025
Start time: 11:15:27 on Jul 10,2026
vlog -sv -suppress 13338 -L altera_common_sv_packages ../../../ip/system/system_intel_vvp_tpg_7/intel_vvp_mm_agent_reset_hold_2440/sim/mentor/src_hdl/intel_vvp_mm_agent_reset_hold.sv -work ./libraries/intel_vvp_mm_agent_reset_hold_2440 -statslog ./libraries/stats_log -writesessionid "+./libraries/top_dus" -csession=incr -csessiondir ./libraries/sessions 

Top level modules:
End time: 11:15:27 on Jul 10,2026, Elapsed time: 0:00:00
Errors: 0, Warnings: 0
Questa Intel Starter FPGA Edition-64 vlog 2025.1 Compiler 2025.01 Jan 18 2025
Start time: 11:15:27 on Jul 10,2026
vlog -sv -suppress 13338 -L altera_common_sv_packages ../../../ip/system/system_intel_vvp_tpg_2/intel_vvp_tpg_scheduler_2451/sim/mentor/intel_vvp_axi_pipeline_stage.sv -work ./libraries/intel_vvp_tpg_scheduler_2451 -statslog ./libraries/stats_log -writesessionid "+./libraries/top_dus" -csession=incr -csessiondir ./libraries/sessions 

Top level modules:
End time: 11:15:27 on Jul 10,2026, Elapsed time: 0:00:00
Errors: 0, Warnings: 0
Questa Intel Starter FPGA Edition-64 vlog 2025.1 Compiler 2025.01 Jan 18 2025
Start time: 11:15:27 on Jul 10,2026
vlog -sv -suppress 13338 -L altera_common_sv_packages ../../../ip/system/system_intel_vvp_tpg_5/intel_vvp_reset_sync_2440/sim/mentor/src_hdl/intel_vvp_reset_sync.sv -work ./libraries/intel_vvp_reset_sync_2440 -statslog ./libraries/stats_log -writesessionid "+./libraries/top_dus" -csession=incr -csessiondir ./libraries/sessions 

Top level modules:
End time: 11:15:27 on Jul 10,2026, Elapsed time: 0:00:00
Errors: 0, Warnings: 0
Questa Intel Starter FPGA Edition-64 vlog 2025.1 Compiler 2025.01 Jan 18 2025
Start time: 11:15:27 on Jul 10,2026
vlog -sv -suppress 13338 -L altera_common_sv_packages ../../../ip/system/system_intel_vvp_tpg_2/intel_vvp_tpg_scheduler_2451/sim/mentor/intel_vvp_axi_master.sv -work ./libraries/intel_vvp_tpg_scheduler_2451 -statslog ./libraries/stats_log -writesessionid "+./libraries/top_dus" -csession=incr -csessiondir ./libraries/sessions 

Top level modules:
End time: 11:15:27 on Jul 10,2026, Elapsed time: 0:00:00
Errors: 0, Warnings: 0
Questa Intel Starter FPGA Edition-64 vlog 2025.1 Compiler 2025.01 Jan 18 2025
Start time: 11:15:27 on Jul 10,2026
vlog -sv -suppress 13338 -L altera_common_sv_packages ../../../ip/system/system_intel_vvp_tpg_3/intel_vvp_tpg_const_algo_comp_2451/sim/mentor/intel_vvp_axi_pipeline_stage.sv -work ./libraries/intel_vvp_tpg_const_algo_comp_2451 -statslog ./libraries/stats_log -writesessionid "+./libraries/top_dus" -csession=incr -csessiondir ./libraries/sessions 

Top level modules:
End time: 11:15:27 on Jul 10,2026, Elapsed time: 0:00:00
Errors: 0, Warnings: 0
Questa Intel Starter FPGA Edition-64 vlog 2025.1 Compiler 2025.01 Jan 18 2025
Start time: 11:15:27 on Jul 10,2026
vlog -sv -suppress 13338 -L altera_common_sv_packages ../../../ip/system/system_intel_vvp_tpg_2/intel_vvp_output_interface_bridge_2440/sim/mentor/intel_vvp_axi_master.sv -work ./libraries/intel_vvp_output_interface_bridge_2440 -statslog ./libraries/stats_log -writesessionid "+./libraries/top_dus" -csession=incr -csessiondir ./libraries/sessions 

Top level modules:
End time: 11:15:27 on Jul 10,2026, Elapsed time: 0:00:00
Errors: 0, Warnings: 0
Questa Intel Starter FPGA Edition-64 vlog 2025.1 Compiler 2025.01 Jan 18 2025
Start time: 11:15:27 on Jul 10,2026
vlog -sv -suppress 13338 -L altera_common_sv_packages ../../../ip/system/system_intel_vvp_tpg_5/intel_vvp_reset_bridge_2440/sim/mentor/src_hdl/intel_vvp_reset_bridge.sv -work ./libraries/intel_vvp_reset_bridge_2440 -statslog ./libraries/stats_log -writesessionid "+./libraries/top_dus" -csession=incr -csessiondir ./libraries/sessions 

Top level modules:
End time: 11:15:27 on Jul 10,2026, Elapsed time: 0:00:00
Errors: 0, Warnings: 0
Questa Intel Starter FPGA Edition-64 vlog 2025.1 Compiler 2025.01 Jan 18 2025
Start time: 11:15:27 on Jul 10,2026
vlog -sv -suppress 13338 -L altera_common_sv_packages ../../../ip/system/system_intel_vvp_tpg_5/intel_vvp_ro_reg_servicer_2441/sim/mentor/src_hdl/intel_vvp_ro_reg_servicer.sv -work ./libraries/intel_vvp_ro_reg_servicer_2441 -statslog ./libraries/stats_log -writesessionid "+./libraries/top_dus" -csession=incr -csessiondir ./libraries/sessions 

Top level modules:
End time: 11:15:27 on Jul 10,2026, Elapsed time: 0:00:00
Errors: 0, Warnings: 0
-- Skipping 'vlog -sv -suppress 13338 -L altera_common_sv_packages ../../...'
Questa Intel Starter FPGA Edition-64 vlog 2025.1 Compiler 2025.01 Jan 18 2025
Start time: 11:15:27 on Jul 10,2026
vlog -sv -suppress 13338 -L altera_common_sv_packages ../../../ip/system/system_intel_vvp_tpg_5/intel_vvp_mm_agent_reset_hold_2440/sim/mentor/src_hdl/intel_vvp_mm_agent_reset_hold.sv -work ./libraries/intel_vvp_mm_agent_reset_hold_2440 -statslog ./libraries/stats_log -writesessionid "+./libraries/top_dus" -csession=incr -csessiondir ./libraries/sessions 

Top level modules:
End time: 11:15:27 on Jul 10,2026, Elapsed time: 0:00:00
Errors: 0, Warnings: 0
Questa Intel Starter FPGA Edition-64 vlog 2025.1 Compiler 2025.01 Jan 18 2025
Start time: 11:15:27 on Jul 10,2026
vlog -sv -suppress 13338 -L altera_common_sv_packages ../../../ip/system/system_intel_vvp_tpg_6/intel_vvp_reset_sync_2440/sim/mentor/src_hdl/intel_vvp_reset_sync.sv -work ./libraries/intel_vvp_reset_sync_2440 -statslog ./libraries/stats_log -writesessionid "+./libraries/top_dus" -csession=incr -csessiondir ./libraries/sessions 

Top level modules:
End time: 11:15:28 on Jul 10,2026, Elapsed time: 0:00:01
Errors: 0, Warnings: 0
Questa Intel Starter FPGA Edition-64 vlog 2025.1 Compiler 2025.01 Jan 18 2025
Start time: 11:15:28 on Jul 10,2026
vlog -sv -suppress 13338 -L altera_common_sv_packages ../../../ip/system/system_intel_vvp_tpg_6/intel_vvp_mm_agent_reset_hold_2440/sim/mentor/src_hdl/intel_vvp_mm_agent_reset_hold.sv -work ./libraries/intel_vvp_mm_agent_reset_hold_2440 -statslog ./libraries/stats_log -writesessionid "+./libraries/top_dus" -csession=incr -csessiondir ./libraries/sessions 

Top level modules:
End time: 11:15:28 on Jul 10,2026, Elapsed time: 0:00:00
Errors: 0, Warnings: 0
Questa Intel Starter FPGA Edition-64 vlog 2025.1 Compiler 2025.01 Jan 18 2025
Start time: 11:15:28 on Jul 10,2026
vlog -sv -suppress 13338 -L altera_common_sv_packages ../../../ip/system/system_intel_vvp_tpg_6/intel_vvp_ro_reg_servicer_2441/sim/mentor/src_hdl/intel_vvp_ro_reg_servicer.sv -work ./libraries/intel_vvp_ro_reg_servicer_2441 -statslog ./libraries/stats_log -writesessionid "+./libraries/top_dus" -csession=incr -csessiondir ./libraries/sessions 

Top level modules:
End time: 11:15:28 on Jul 10,2026, Elapsed time: 0:00:00
Errors: 0, Warnings: 0
-- Skipping 'vlog -sv -suppress 13338 -L altera_common_sv_packages ../../...'
Questa Intel Starter FPGA Edition-64 vlog 2025.1 Compiler 2025.01 Jan 18 2025
Start time: 11:15:28 on Jul 10,2026
vlog -sv -suppress 13338 -L altera_common_sv_packages ../../../ip/system/system_intel_vvp_tpg_6/intel_vvp_reset_bridge_2440/sim/mentor/src_hdl/intel_vvp_reset_bridge.sv -work ./libraries/intel_vvp_reset_bridge_2440 -statslog ./libraries/stats_log -writesessionid "+./libraries/top_dus" -csession=incr -csessiondir ./libraries/sessions 

Top level modules:
End time: 11:15:28 on Jul 10,2026, Elapsed time: 0:00:00
Errors: 0, Warnings: 0
Questa Intel Starter FPGA Edition-64 vlog 2025.1 Compiler 2025.01 Jan 18 2025
Start time: 11:15:28 on Jul 10,2026
vlog -sv -suppress 13338 -L altera_common_sv_packages ../../../ip/system/system_intel_vvp_tpg_2/intel_vvp_output_interface_bridge_2440/sim/mentor/src_hdl/intel_vvp_output_interface_bridge.sv -work ./libraries/intel_vvp_output_interface_bridge_2440 -statslog ./libraries/stats_log -writesessionid "+./libraries/top_dus" -csession=incr -csessiondir ./libraries/sessions 

Top level modules:
End time: 11:15:28 on Jul 10,2026, Elapsed time: 0:00:00
Errors: 0, Warnings: 0
Questa Intel Starter FPGA Edition-64 vlog 2025.1 Compiler 2025.01 Jan 18 2025
Start time: 11:15:28 on Jul 10,2026
vlog -sv -suppress 13338 -L altera_common_sv_packages ../../../ip/system/system_intel_vvp_tpg_3/intel_vvp_tpg_const_algo_comp_2451/sim/mentor/intel_vvp_axi_master.sv -work ./libraries/intel_vvp_tpg_const_algo_comp_2451 -statslog ./libraries/stats_log -writesessionid "+./libraries/top_dus" -csession=incr -csessiondir ./libraries/sessions 

Top level modules:
End time: 11:15:28 on Jul 10,2026, Elapsed time: 0:00:00
Errors: 0, Warnings: 0
Questa Intel Starter FPGA Edition-64 vlog 2025.1 Compiler 2025.01 Jan 18 2025
Start time: 11:15:28 on Jul 10,2026
vlog -sv -suppress 13338 -L altera_common_sv_packages ../../../ip/system/system_intel_vvp_tpg_2/intel_vvp_tpg_scheduler_2451/sim/mentor/intel_vvp_pipelined_mux.sv -work ./libraries/intel_vvp_tpg_scheduler_2451 -statslog ./libraries/stats_log -writesessionid "+./libraries/top_dus" -csession=incr -csessiondir ./libraries/sessions 

Top level modules:
End time: 11:15:28 on Jul 10,2026, Elapsed time: 0:00:00
Errors: 0, Warnings: 0
Questa Intel Starter FPGA Edition-64 vlog 2025.1 Compiler 2025.01 Jan 18 2025
Start time: 11:15:28 on Jul 10,2026
vlog -sv -suppress 13338 -L altera_common_sv_packages ../../../ip/system/system_intel_vvp_tpg_3/intel_vvp_output_interface_bridge_2440/sim/mentor/intel_vvp_axi_pipeline_stage.sv -work ./libraries/intel_vvp_output_interface_bridge_2440 -statslog ./libraries/stats_log -writesessionid "+./libraries/top_dus" -csession=incr -csessiondir ./libraries/sessions 

Top level modules:
End time: 11:15:28 on Jul 10,2026, Elapsed time: 0:00:00
Errors: 0, Warnings: 0
Questa Intel Starter FPGA Edition-64 vlog 2025.1 Compiler 2025.01 Jan 18 2025
Start time: 11:15:28 on Jul 10,2026
vlog -sv -suppress 13338 -L altera_common_sv_packages ../../../ip/system/system_intel_vvp_tpg_2/intel_vvp_tpg_scheduler_2451/sim/mentor/intel_vvp_common_slave_interface.sv -work ./libraries/intel_vvp_tpg_scheduler_2451 -statslog ./libraries/stats_log -writesessionid "+./libraries/top_dus" -csession=incr -csessiondir ./libraries/sessions 

Top level modules:
End time: 11:15:28 on Jul 10,2026, Elapsed time: 0:00:00
Errors: 0, Warnings: 0
Questa Intel Starter FPGA Edition-64 vlog 2025.1 Compiler 2025.01 Jan 18 2025
Start time: 11:15:28 on Jul 10,2026
vlog -sv -suppress 13338 -L altera_common_sv_packages ../../../ip/system/system_intel_vvp_tpg_3/intel_vvp_tpg_const_algo_comp_2451/sim/mentor/src_hdl/intel_vvp_tpg_const_algo_comp.sv -work ./libraries/intel_vvp_tpg_const_algo_comp_2451 -statslog ./libraries/stats_log -writesessionid "+./libraries/top_dus" -csession=incr -csessiondir ./libraries/sessions 

Top level modules:
End time: 11:15:28 on Jul 10,2026, Elapsed time: 0:00:00
Errors: 0, Warnings: 0
Questa Intel Starter FPGA Edition-64 vlog 2025.1 Compiler 2025.01 Jan 18 2025
Start time: 11:15:28 on Jul 10,2026
vlog -sv -suppress 13338 -L altera_common_sv_packages ../../../ip/system/system_intel_vvp_tpg_3/intel_vvp_output_interface_bridge_2440/sim/mentor/intel_vvp_axi_master.sv -work ./libraries/intel_vvp_output_interface_bridge_2440 -statslog ./libraries/stats_log -writesessionid "+./libraries/top_dus" -csession=incr -csessiondir ./libraries/sessions 

Top level modules:
End time: 11:15:28 on Jul 10,2026, Elapsed time: 0:00:00
Errors: 0, Warnings: 0
Questa Intel Starter FPGA Edition-64 vlog 2025.1 Compiler 2025.01 Jan 18 2025
Start time: 11:15:28 on Jul 10,2026
vlog -sv -suppress 13338 -L altera_common_sv_packages ../../../ip/system/system_intel_vvp_tpg_9/intel_vvp_tpg_const_algo_comp_2451/sim/mentor/intel_vvp_axi_zero_pad.sv -work ./libraries/intel_vvp_tpg_const_algo_comp_2451 -statslog ./libraries/stats_log -writesessionid "+./libraries/top_dus" -csession=incr -csessiondir ./libraries/sessions 

Top level modules:
End time: 11:15:28 on Jul 10,2026, Elapsed time: 0:00:00
Errors: 0, Warnings: 0
Questa Intel Starter FPGA Edition-64 vlog 2025.1 Compiler 2025.01 Jan 18 2025
Start time: 11:15:28 on Jul 10,2026
vlog -sv -suppress 13338 -L altera_common_sv_packages ../../../ip/system/system_intel_vvp_tpg_2/intel_vvp_tpg_scheduler_2451/sim/mentor/src_hdl/intel_vvp_tpg_scheduler.sv -work ./libraries/intel_vvp_tpg_scheduler_2451 -statslog ./libraries/stats_log -writesessionid "+./libraries/top_dus" -csession=incr -csessiondir ./libraries/sessions 

Top level modules:
End time: 11:15:28 on Jul 10,2026, Elapsed time: 0:00:00
Errors: 0, Warnings: 0
Questa Intel Starter FPGA Edition-64 vlog 2025.1 Compiler 2025.01 Jan 18 2025
Start time: 11:15:28 on Jul 10,2026
vlog -sv -suppress 13338 -L altera_common_sv_packages ../../../ip/system/system_intel_vvp_tpg_3/intel_vvp_output_interface_bridge_2440/sim/mentor/src_hdl/intel_vvp_output_interface_bridge.sv -work ./libraries/intel_vvp_output_interface_bridge_2440 -statslog ./libraries/stats_log -writesessionid "+./libraries/top_dus" -csession=incr -csessiondir ./libraries/sessions 

Top level modules:
End time: 11:15:28 on Jul 10,2026, Elapsed time: 0:00:00
Errors: 0, Warnings: 0
Questa Intel Starter FPGA Edition-64 vlog 2025.1 Compiler 2025.01 Jan 18 2025
Start time: 11:15:28 on Jul 10,2026
vlog -sv -suppress 13338 -L altera_common_sv_packages ../../../ip/system/system_intel_vvp_tpg_2/intel_vvp_tpg_scheduler_2451/sim/mentor/src_hdl/intel_vvp_tpg_scheduler_stopwatch.sv -work ./libraries/intel_vvp_tpg_scheduler_2451 -statslog ./libraries/stats_log -writesessionid "+./libraries/top_dus" -csession=incr -csessiondir ./libraries/sessions 

Top level modules:
End time: 11:15:28 on Jul 10,2026, Elapsed time: 0:00:00
Errors: 0, Warnings: 0
Questa Intel Starter FPGA Edition-64 vlog 2025.1 Compiler 2025.01 Jan 18 2025
Start time: 11:15:28 on Jul 10,2026
vlog -sv -suppress 13338 -L altera_common_sv_packages ../../../ip/system/system_intel_vvp_tpg_9/intel_vvp_tpg_const_algo_comp_2451/sim/mentor/intel_vvp_axi_zero_strip.sv -work ./libraries/intel_vvp_tpg_const_algo_comp_2451 -statslog ./libraries/stats_log -writesessionid "+./libraries/top_dus" -csession=incr -csessiondir ./libraries/sessions 

Top level modules:
End time: 11:15:28 on Jul 10,2026, Elapsed time: 0:00:00
Errors: 0, Warnings: 0
Questa Intel Starter FPGA Edition-64 vlog 2025.1 Compiler 2025.01 Jan 18 2025
Start time: 11:15:28 on Jul 10,2026
vlog -sv -suppress 13338 -L altera_common_sv_packages ../../../ip/system/system_intel_vvp_tpg_9/intel_vvp_output_interface_bridge_2440/sim/mentor/intel_vvp_axi_pipeline_stage.sv -work ./libraries/intel_vvp_output_interface_bridge_2440 -statslog ./libraries/stats_log -writesessionid "+./libraries/top_dus" -csession=incr -csessiondir ./libraries/sessions 

Top level modules:
End time: 11:15:28 on Jul 10,2026, Elapsed time: 0:00:00
Errors: 0, Warnings: 0
Questa Intel Starter FPGA Edition-64 vlog 2025.1 Compiler 2025.01 Jan 18 2025
Start time: 11:15:28 on Jul 10,2026
vlog -sv -suppress 13338 -L altera_common_sv_packages ../../../ip/system/system_intel_vvp_tpg_9/intel_vvp_tpg_const_algo_comp_2451/sim/mentor/intel_vvp_axi_pipeline_stage.sv -work ./libraries/intel_vvp_tpg_const_algo_comp_2451 -statslog ./libraries/stats_log -writesessionid "+./libraries/top_dus" -csession=incr -csessiondir ./libraries/sessions 

Top level modules:
End time: 11:15:28 on Jul 10,2026, Elapsed time: 0:00:00
Errors: 0, Warnings: 0
Questa Intel Starter FPGA Edition-64 vlog 2025.1 Compiler 2025.01 Jan 18 2025
Start time: 11:15:28 on Jul 10,2026
vlog -sv -suppress 13338 -L altera_common_sv_packages ../../../ip/system/system_intel_vvp_tpg_3/intel_vvp_tpg_scheduler_2451/sim/mentor/intel_vvp_axi_pipeline_stage.sv -work ./libraries/intel_vvp_tpg_scheduler_2451 -statslog ./libraries/stats_log -writesessionid "+./libraries/top_dus" -csession=incr -csessiondir ./libraries/sessions 

Top level modules:
End time: 11:15:28 on Jul 10,2026, Elapsed time: 0:00:00
Errors: 0, Warnings: 0
Questa Intel Starter FPGA Edition-64 vlog 2025.1 Compiler 2025.01 Jan 18 2025
Start time: 11:15:28 on Jul 10,2026
vlog -sv -suppress 13338 -L altera_common_sv_packages ../../../ip/system/system_intel_vvp_tpg_9/intel_vvp_output_interface_bridge_2440/sim/mentor/intel_vvp_axi_master.sv -work ./libraries/intel_vvp_output_interface_bridge_2440 -statslog ./libraries/stats_log -writesessionid "+./libraries/top_dus" -csession=incr -csessiondir ./libraries/sessions 

Top level modules:
End time: 11:15:29 on Jul 10,2026, Elapsed time: 0:00:01
Errors: 0, Warnings: 0
Questa Intel Starter FPGA Edition-64 vlog 2025.1 Compiler 2025.01 Jan 18 2025
Start time: 11:15:28 on Jul 10,2026
vlog -sv -suppress 13338 -L altera_common_sv_packages ../../../ip/system/system_intel_vvp_tpg_3/intel_vvp_tpg_scheduler_2451/sim/mentor/intel_vvp_axi_master.sv -work ./libraries/intel_vvp_tpg_scheduler_2451 -statslog ./libraries/stats_log -writesessionid "+./libraries/top_dus" -csession=incr -csessiondir ./libraries/sessions 

Top level modules:
End time: 11:15:29 on Jul 10,2026, Elapsed time: 0:00:01
Errors: 0, Warnings: 0
Questa Intel Starter FPGA Edition-64 vlog 2025.1 Compiler 2025.01 Jan 18 2025
Start time: 11:15:28 on Jul 10,2026
vlog -sv -suppress 13338 -L altera_common_sv_packages ../../../ip/system/system_intel_vvp_tpg_9/intel_vvp_tpg_const_algo_comp_2451/sim/mentor/intel_vvp_axi_master.sv -work ./libraries/intel_vvp_tpg_const_algo_comp_2451 -statslog ./libraries/stats_log -writesessionid "+./libraries/top_dus" -csession=incr -csessiondir ./libraries/sessions 

Top level modules:
End time: 11:15:29 on Jul 10,2026, Elapsed time: 0:00:01
Errors: 0, Warnings: 0
Questa Intel Starter FPGA Edition-64 vlog 2025.1 Compiler 2025.01 Jan 18 2025
Start time: 11:15:29 on Jul 10,2026
vlog -sv -suppress 13338 -L altera_common_sv_packages ../../../ip/system/system_intel_vvp_tpg_9/intel_vvp_output_interface_bridge_2440/sim/mentor/src_hdl/intel_vvp_output_interface_bridge.sv -work ./libraries/intel_vvp_output_interface_bridge_2440 -statslog ./libraries/stats_log -writesessionid "+./libraries/top_dus" -csession=incr -csessiondir ./libraries/sessions 

Top level modules:
End time: 11:15:29 on Jul 10,2026, Elapsed time: 0:00:00
Errors: 0, Warnings: 0
Questa Intel Starter FPGA Edition-64 vlog 2025.1 Compiler 2025.01 Jan 18 2025
Start time: 11:15:29 on Jul 10,2026
vlog -sv -suppress 13338 -L altera_common_sv_packages ../../../ip/system/system_intel_vvp_tpg_9/intel_vvp_tpg_const_algo_comp_2451/sim/mentor/src_hdl/intel_vvp_tpg_const_algo_comp.sv -work ./libraries/intel_vvp_tpg_const_algo_comp_2451 -statslog ./libraries/stats_log -writesessionid "+./libraries/top_dus" -csession=incr -csessiondir ./libraries/sessions 

Top level modules:
End time: 11:15:29 on Jul 10,2026, Elapsed time: 0:00:00
Errors: 0, Warnings: 0
Questa Intel Starter FPGA Edition-64 vlog 2025.1 Compiler 2025.01 Jan 18 2025
Start time: 11:15:29 on Jul 10,2026
vlog -sv -suppress 13338 -L altera_common_sv_packages ../../../ip/system/system_intel_vvp_tpg_3/intel_vvp_tpg_scheduler_2451/sim/mentor/intel_vvp_pipelined_mux.sv -work ./libraries/intel_vvp_tpg_scheduler_2451 -statslog ./libraries/stats_log -writesessionid "+./libraries/top_dus" -csession=incr -csessiondir ./libraries/sessions 

Top level modules:
End time: 11:15:29 on Jul 10,2026, Elapsed time: 0:00:00
Errors: 0, Warnings: 0
Questa Intel Starter FPGA Edition-64 vlog 2025.1 Compiler 2025.01 Jan 18 2025
Start time: 11:15:29 on Jul 10,2026
vlog -sv -suppress 13338 -L altera_common_sv_packages ../../../ip/system/system_intel_vvp_tpg_4/intel_vvp_output_interface_bridge_2440/sim/mentor/intel_vvp_axi_pipeline_stage.sv -work ./libraries/intel_vvp_output_interface_bridge_2440 -statslog ./libraries/stats_log -writesessionid "+./libraries/top_dus" -csession=incr -csessiondir ./libraries/sessions 

Top level modules:
End time: 11:15:29 on Jul 10,2026, Elapsed time: 0:00:00
Errors: 0, Warnings: 0
Questa Intel Starter FPGA Edition-64 vlog 2025.1 Compiler 2025.01 Jan 18 2025
Start time: 11:15:29 on Jul 10,2026
vlog -sv -suppress 13338 -L altera_common_sv_packages ../../../ip/system/system_intel_vvp_tpg_3/intel_vvp_tpg_scheduler_2451/sim/mentor/intel_vvp_common_slave_interface.sv -work ./libraries/intel_vvp_tpg_scheduler_2451 -statslog ./libraries/stats_log -writesessionid "+./libraries/top_dus" -csession=incr -csessiondir ./libraries/sessions 

Top level modules:
End time: 11:15:29 on Jul 10,2026, Elapsed time: 0:00:00
Errors: 0, Warnings: 0
Questa Intel Starter FPGA Edition-64 vlog 2025.1 Compiler 2025.01 Jan 18 2025
Start time: 11:15:29 on Jul 10,2026
vlog -sv -suppress 13338 -L altera_common_sv_packages ../../../ip/system/system_intel_vvp_tpg_4/intel_vvp_tpg_const_algo_comp_2451/sim/mentor/intel_vvp_axi_zero_pad.sv -work ./libraries/intel_vvp_tpg_const_algo_comp_2451 -statslog ./libraries/stats_log -writesessionid "+./libraries/top_dus" -csession=incr -csessiondir ./libraries/sessions 

Top level modules:
End time: 11:15:29 on Jul 10,2026, Elapsed time: 0:00:00
Errors: 0, Warnings: 0
Questa Intel Starter FPGA Edition-64 vlog 2025.1 Compiler 2025.01 Jan 18 2025
Start time: 11:15:29 on Jul 10,2026
vlog -sv -suppress 13338 -L altera_common_sv_packages ../../../ip/system/system_intel_vvp_tpg_4/intel_vvp_output_interface_bridge_2440/sim/mentor/intel_vvp_axi_master.sv -work ./libraries/intel_vvp_output_interface_bridge_2440 -statslog ./libraries/stats_log -writesessionid "+./libraries/top_dus" -csession=incr -csessiondir ./libraries/sessions 

Top level modules:
End time: 11:15:29 on Jul 10,2026, Elapsed time: 0:00:00
Errors: 0, Warnings: 0
Questa Intel Starter FPGA Edition-64 vlog 2025.1 Compiler 2025.01 Jan 18 2025
Start time: 11:15:29 on Jul 10,2026
vlog -sv -suppress 13338 -L altera_common_sv_packages ../../../ip/system/system_intel_vvp_tpg_4/intel_vvp_tpg_const_algo_comp_2451/sim/mentor/intel_vvp_axi_zero_strip.sv -work ./libraries/intel_vvp_tpg_const_algo_comp_2451 -statslog ./libraries/stats_log -writesessionid "+./libraries/top_dus" -csession=incr -csessiondir ./libraries/sessions 

Top level modules:
End time: 11:15:29 on Jul 10,2026, Elapsed time: 0:00:00
Errors: 0, Warnings: 0
Questa Intel Starter FPGA Edition-64 vlog 2025.1 Compiler 2025.01 Jan 18 2025
Start time: 11:15:29 on Jul 10,2026
vlog -sv -suppress 13338 -L altera_common_sv_packages ../../../ip/system/system_intel_vvp_tpg_3/intel_vvp_tpg_scheduler_2451/sim/mentor/src_hdl/intel_vvp_tpg_scheduler.sv -work ./libraries/intel_vvp_tpg_scheduler_2451 -statslog ./libraries/stats_log -writesessionid "+./libraries/top_dus" -csession=incr -csessiondir ./libraries/sessions 

Top level modules:
End time: 11:15:29 on Jul 10,2026, Elapsed time: 0:00:00
Errors: 0, Warnings: 0
Questa Intel Starter FPGA Edition-64 vlog 2025.1 Compiler 2025.01 Jan 18 2025
Start time: 11:15:29 on Jul 10,2026
vlog -sv -suppress 13338 -L altera_common_sv_packages ../../../ip/system/system_intel_vvp_tpg_4/intel_vvp_output_interface_bridge_2440/sim/mentor/src_hdl/intel_vvp_output_interface_bridge.sv -work ./libraries/intel_vvp_output_interface_bridge_2440 -statslog ./libraries/stats_log -writesessionid "+./libraries/top_dus" -csession=incr -csessiondir ./libraries/sessions 

Top level modules:
End time: 11:15:29 on Jul 10,2026, Elapsed time: 0:00:00
Errors: 0, Warnings: 0
Questa Intel Starter FPGA Edition-64 vlog 2025.1 Compiler 2025.01 Jan 18 2025
Start time: 11:15:29 on Jul 10,2026
vlog -sv -suppress 13338 -L altera_common_sv_packages ../../../ip/system/system_intel_vvp_tpg_3/intel_vvp_tpg_scheduler_2451/sim/mentor/src_hdl/intel_vvp_tpg_scheduler_stopwatch.sv -work ./libraries/intel_vvp_tpg_scheduler_2451 -statslog ./libraries/stats_log -writesessionid "+./libraries/top_dus" -csession=incr -csessiondir ./libraries/sessions 

Top level modules:
End time: 11:15:29 on Jul 10,2026, Elapsed time: 0:00:00
Errors: 0, Warnings: 0
Questa Intel Starter FPGA Edition-64 vlog 2025.1 Compiler 2025.01 Jan 18 2025
Start time: 11:15:29 on Jul 10,2026
vlog -sv -suppress 13338 -L altera_common_sv_packages ../../../ip/system/system_intel_vvp_tpg_4/intel_vvp_tpg_const_algo_comp_2451/sim/mentor/intel_vvp_axi_pipeline_stage.sv -work ./libraries/intel_vvp_tpg_const_algo_comp_2451 -statslog ./libraries/stats_log -writesessionid "+./libraries/top_dus" -csession=incr -csessiondir ./libraries/sessions 

Top level modules:
End time: 11:15:29 on Jul 10,2026, Elapsed time: 0:00:00
Errors: 0, Warnings: 0
Questa Intel Starter FPGA Edition-64 vlog 2025.1 Compiler 2025.01 Jan 18 2025
Start time: 11:15:29 on Jul 10,2026
vlog -sv -suppress 13338 -L altera_common_sv_packages ../../../ip/system/system_intel_vvp_tpg_7/intel_vvp_output_interface_bridge_2440/sim/mentor/intel_vvp_axi_pipeline_stage.sv -work ./libraries/intel_vvp_output_interface_bridge_2440 -statslog ./libraries/stats_log -writesessionid "+./libraries/top_dus" -csession=incr -csessiondir ./libraries/sessions 

Top level modules:
End time: 11:15:30 on Jul 10,2026, Elapsed time: 0:00:01
Errors: 0, Warnings: 0
Questa Intel Starter FPGA Edition-64 vlog 2025.1 Compiler 2025.01 Jan 18 2025
Start time: 11:15:29 on Jul 10,2026
vlog -sv -suppress 13338 -L altera_common_sv_packages ../../../ip/system/system_intel_vvp_tpg_4/intel_vvp_tpg_const_algo_comp_2451/sim/mentor/intel_vvp_axi_master.sv -work ./libraries/intel_vvp_tpg_const_algo_comp_2451 -statslog ./libraries/stats_log -writesessionid "+./libraries/top_dus" -csession=incr -csessiondir ./libraries/sessions 

Top level modules:
End time: 11:15:30 on Jul 10,2026, Elapsed time: 0:00:01
Errors: 0, Warnings: 0
Questa Intel Starter FPGA Edition-64 vlog 2025.1 Compiler 2025.01 Jan 18 2025
Start time: 11:15:29 on Jul 10,2026
vlog -sv -suppress 13338 -L altera_common_sv_packages ../../../ip/system/system_intel_vvp_tpg_9/intel_vvp_tpg_scheduler_2451/sim/mentor/intel_vvp_axi_pipeline_stage.sv -work ./libraries/intel_vvp_tpg_scheduler_2451 -statslog ./libraries/stats_log -writesessionid "+./libraries/top_dus" -csession=incr -csessiondir ./libraries/sessions 

Top level modules:
End time: 11:15:30 on Jul 10,2026, Elapsed time: 0:00:01
Errors: 0, Warnings: 0
Questa Intel Starter FPGA Edition-64 vlog 2025.1 Compiler 2025.01 Jan 18 2025
Start time: 11:15:30 on Jul 10,2026
vlog -sv -suppress 13338 -L altera_common_sv_packages ../../../ip/system/system_intel_vvp_tpg_7/intel_vvp_output_interface_bridge_2440/sim/mentor/intel_vvp_axi_master.sv -work ./libraries/intel_vvp_output_interface_bridge_2440 -statslog ./libraries/stats_log -writesessionid "+./libraries/top_dus" -csession=incr -csessiondir ./libraries/sessions 

Top level modules:
End time: 11:15:30 on Jul 10,2026, Elapsed time: 0:00:00
Errors: 0, Warnings: 0
Questa Intel Starter FPGA Edition-64 vlog 2025.1 Compiler 2025.01 Jan 18 2025
Start time: 11:15:30 on Jul 10,2026
vlog -sv -suppress 13338 -L altera_common_sv_packages ../../../ip/system/system_intel_vvp_tpg_9/intel_vvp_tpg_scheduler_2451/sim/mentor/intel_vvp_axi_master.sv -work ./libraries/intel_vvp_tpg_scheduler_2451 -statslog ./libraries/stats_log -writesessionid "+./libraries/top_dus" -csession=incr -csessiondir ./libraries/sessions 

Top level modules:
End time: 11:15:30 on Jul 10,2026, Elapsed time: 0:00:00
Errors: 0, Warnings: 0
Questa Intel Starter FPGA Edition-64 vlog 2025.1 Compiler 2025.01 Jan 18 2025
Start time: 11:15:30 on Jul 10,2026
vlog -sv -suppress 13338 -L altera_common_sv_packages ../../../ip/system/system_intel_vvp_tpg_4/intel_vvp_tpg_const_algo_comp_2451/sim/mentor/src_hdl/intel_vvp_tpg_const_algo_comp.sv -work ./libraries/intel_vvp_tpg_const_algo_comp_2451 -statslog ./libraries/stats_log -writesessionid "+./libraries/top_dus" -csession=incr -csessiondir ./libraries/sessions 

Top level modules:
End time: 11:15:30 on Jul 10,2026, Elapsed time: 0:00:00
Errors: 0, Warnings: 0
Questa Intel Starter FPGA Edition-64 vlog 2025.1 Compiler 2025.01 Jan 18 2025
Start time: 11:15:30 on Jul 10,2026
vlog -sv -suppress 13338 -L altera_common_sv_packages ../../../ip/system/system_intel_vvp_tpg_7/intel_vvp_output_interface_bridge_2440/sim/mentor/src_hdl/intel_vvp_output_interface_bridge.sv -work ./libraries/intel_vvp_output_interface_bridge_2440 -statslog ./libraries/stats_log -writesessionid "+./libraries/top_dus" -csession=incr -csessiondir ./libraries/sessions 

Top level modules:
End time: 11:15:30 on Jul 10,2026, Elapsed time: 0:00:00
Errors: 0, Warnings: 0
Questa Intel Starter FPGA Edition-64 vlog 2025.1 Compiler 2025.01 Jan 18 2025
Start time: 11:15:30 on Jul 10,2026
vlog -sv -suppress 13338 -L altera_common_sv_packages ../../../ip/system/system_intel_vvp_tpg_7/intel_vvp_tpg_const_algo_comp_2451/sim/mentor/intel_vvp_axi_zero_pad.sv -work ./libraries/intel_vvp_tpg_const_algo_comp_2451 -statslog ./libraries/stats_log -writesessionid "+./libraries/top_dus" -csession=incr -csessiondir ./libraries/sessions 

Top level modules:
End time: 11:15:30 on Jul 10,2026, Elapsed time: 0:00:00
Errors: 0, Warnings: 0
Questa Intel Starter FPGA Edition-64 vlog 2025.1 Compiler 2025.01 Jan 18 2025
Start time: 11:15:30 on Jul 10,2026
vlog -sv -suppress 13338 -L altera_common_sv_packages ../../../ip/system/system_intel_vvp_tpg_9/intel_vvp_tpg_scheduler_2451/sim/mentor/intel_vvp_pipelined_mux.sv -work ./libraries/intel_vvp_tpg_scheduler_2451 -statslog ./libraries/stats_log -writesessionid "+./libraries/top_dus" -csession=incr -csessiondir ./libraries/sessions 

Top level modules:
End time: 11:15:30 on Jul 10,2026, Elapsed time: 0:00:00
Errors: 0, Warnings: 0
Questa Intel Starter FPGA Edition-64 vlog 2025.1 Compiler 2025.01 Jan 18 2025
Start time: 11:15:30 on Jul 10,2026
vlog -sv -suppress 13338 -L altera_common_sv_packages ../../../ip/system/system_intel_vvp_tpg_5/intel_vvp_output_interface_bridge_2440/sim/mentor/intel_vvp_axi_pipeline_stage.sv -work ./libraries/intel_vvp_output_interface_bridge_2440 -statslog ./libraries/stats_log -writesessionid "+./libraries/top_dus" -csession=incr -csessiondir ./libraries/sessions 

Top level modules:
End time: 11:15:30 on Jul 10,2026, Elapsed time: 0:00:00
Errors: 0, Warnings: 0
Questa Intel Starter FPGA Edition-64 vlog 2025.1 Compiler 2025.01 Jan 18 2025
Start time: 11:15:30 on Jul 10,2026
vlog -sv -suppress 13338 -L altera_common_sv_packages ../../../ip/system/system_intel_vvp_tpg_9/intel_vvp_tpg_scheduler_2451/sim/mentor/intel_vvp_common_slave_interface.sv -work ./libraries/intel_vvp_tpg_scheduler_2451 -statslog ./libraries/stats_log -writesessionid "+./libraries/top_dus" -csession=incr -csessiondir ./libraries/sessions 

Top level modules:
End time: 11:15:30 on Jul 10,2026, Elapsed time: 0:00:00
Errors: 0, Warnings: 0
Questa Intel Starter FPGA Edition-64 vlog 2025.1 Compiler 2025.01 Jan 18 2025
Start time: 11:15:30 on Jul 10,2026
vlog -sv -suppress 13338 -L altera_common_sv_packages ../../../ip/system/system_intel_vvp_tpg_7/intel_vvp_tpg_const_algo_comp_2451/sim/mentor/intel_vvp_axi_zero_strip.sv -work ./libraries/intel_vvp_tpg_const_algo_comp_2451 -statslog ./libraries/stats_log -writesessionid "+./libraries/top_dus" -csession=incr -csessiondir ./libraries/sessions 

Top level modules:
End time: 11:15:30 on Jul 10,2026, Elapsed time: 0:00:00
Errors: 0, Warnings: 0
Questa Intel Starter FPGA Edition-64 vlog 2025.1 Compiler 2025.01 Jan 18 2025
Start time: 11:15:30 on Jul 10,2026
vlog -sv -suppress 13338 -L altera_common_sv_packages ../../../ip/system/system_intel_vvp_tpg_5/intel_vvp_output_interface_bridge_2440/sim/mentor/intel_vvp_axi_master.sv -work ./libraries/intel_vvp_output_interface_bridge_2440 -statslog ./libraries/stats_log -writesessionid "+./libraries/top_dus" -csession=incr -csessiondir ./libraries/sessions 

Top level modules:
End time: 11:15:30 on Jul 10,2026, Elapsed time: 0:00:00
Errors: 0, Warnings: 0
Questa Intel Starter FPGA Edition-64 vlog 2025.1 Compiler 2025.01 Jan 18 2025
Start time: 11:15:30 on Jul 10,2026
vlog -sv -suppress 13338 -L altera_common_sv_packages ../../../ip/system/system_intel_vvp_tpg_7/intel_vvp_tpg_const_algo_comp_2451/sim/mentor/intel_vvp_axi_pipeline_stage.sv -work ./libraries/intel_vvp_tpg_const_algo_comp_2451 -statslog ./libraries/stats_log -writesessionid "+./libraries/top_dus" -csession=incr -csessiondir ./libraries/sessions 

Top level modules:
End time: 11:15:30 on Jul 10,2026, Elapsed time: 0:00:00
Errors: 0, Warnings: 0
Questa Intel Starter FPGA Edition-64 vlog 2025.1 Compiler 2025.01 Jan 18 2025
Start time: 11:15:30 on Jul 10,2026
vlog -sv -suppress 13338 -L altera_common_sv_packages ../../../ip/system/system_intel_vvp_tpg_9/intel_vvp_tpg_scheduler_2451/sim/mentor/src_hdl/intel_vvp_tpg_scheduler.sv -work ./libraries/intel_vvp_tpg_scheduler_2451 -statslog ./libraries/stats_log -writesessionid "+./libraries/top_dus" -csession=incr -csessiondir ./libraries/sessions 

Top level modules:
End time: 11:15:30 on Jul 10,2026, Elapsed time: 0:00:00
Errors: 0, Warnings: 0
Questa Intel Starter FPGA Edition-64 vlog 2025.1 Compiler 2025.01 Jan 18 2025
Start time: 11:15:30 on Jul 10,2026
vlog -sv -suppress 13338 -L altera_common_sv_packages ../../../ip/system/system_intel_vvp_tpg_5/intel_vvp_output_interface_bridge_2440/sim/mentor/src_hdl/intel_vvp_output_interface_bridge.sv -work ./libraries/intel_vvp_output_interface_bridge_2440 -statslog ./libraries/stats_log -writesessionid "+./libraries/top_dus" -csession=incr -csessiondir ./libraries/sessions 

Top level modules:
End time: 11:15:31 on Jul 10,2026, Elapsed time: 0:00:01
Errors: 0, Warnings: 0
Questa Intel Starter FPGA Edition-64 vlog 2025.1 Compiler 2025.01 Jan 18 2025
Start time: 11:15:30 on Jul 10,2026
vlog -sv -suppress 13338 -L altera_common_sv_packages ../../../ip/system/system_intel_vvp_tpg_9/intel_vvp_tpg_scheduler_2451/sim/mentor/src_hdl/intel_vvp_tpg_scheduler_stopwatch.sv -work ./libraries/intel_vvp_tpg_scheduler_2451 -statslog ./libraries/stats_log -writesessionid "+./libraries/top_dus" -csession=incr -csessiondir ./libraries/sessions 

Top level modules:
End time: 11:15:31 on Jul 10,2026, Elapsed time: 0:00:01
Errors: 0, Warnings: 0
Questa Intel Starter FPGA Edition-64 vlog 2025.1 Compiler 2025.01 Jan 18 2025
Start time: 11:15:30 on Jul 10,2026
vlog -sv -suppress 13338 -L altera_common_sv_packages ../../../ip/system/system_intel_vvp_tpg_7/intel_vvp_tpg_const_algo_comp_2451/sim/mentor/intel_vvp_axi_master.sv -work ./libraries/intel_vvp_tpg_const_algo_comp_2451 -statslog ./libraries/stats_log -writesessionid "+./libraries/top_dus" -csession=incr -csessiondir ./libraries/sessions 

Top level modules:
End time: 11:15:31 on Jul 10,2026, Elapsed time: 0:00:01
Errors: 0, Warnings: 0
Questa Intel Starter FPGA Edition-64 vlog 2025.1 Compiler 2025.01 Jan 18 2025
Start time: 11:15:31 on Jul 10,2026
vlog -sv -suppress 13338 -L altera_common_sv_packages ../../../ip/system/system_intel_vvp_tpg_6/intel_vvp_output_interface_bridge_2440/sim/mentor/intel_vvp_axi_pipeline_stage.sv -work ./libraries/intel_vvp_output_interface_bridge_2440 -statslog ./libraries/stats_log -writesessionid "+./libraries/top_dus" -csession=incr -csessiondir ./libraries/sessions 

Top level modules:
End time: 11:15:31 on Jul 10,2026, Elapsed time: 0:00:00
Errors: 0, Warnings: 0
Questa Intel Starter FPGA Edition-64 vlog 2025.1 Compiler 2025.01 Jan 18 2025
Start time: 11:15:31 on Jul 10,2026
vlog -sv -suppress 13338 -L altera_common_sv_packages ../../../ip/system/system_intel_vvp_tpg_7/intel_vvp_tpg_const_algo_comp_2451/sim/mentor/src_hdl/intel_vvp_tpg_const_algo_comp.sv -work ./libraries/intel_vvp_tpg_const_algo_comp_2451 -statslog ./libraries/stats_log -writesessionid "+./libraries/top_dus" -csession=incr -csessiondir ./libraries/sessions 

Top level modules:
End time: 11:15:31 on Jul 10,2026, Elapsed time: 0:00:00
Errors: 0, Warnings: 0
Questa Intel Starter FPGA Edition-64 vlog 2025.1 Compiler 2025.01 Jan 18 2025
Start time: 11:15:31 on Jul 10,2026
vlog -sv -suppress 13338 -L altera_common_sv_packages ../../../ip/system/system_intel_vvp_tpg_4/intel_vvp_tpg_scheduler_2451/sim/mentor/intel_vvp_axi_pipeline_stage.sv -work ./libraries/intel_vvp_tpg_scheduler_2451 -statslog ./libraries/stats_log -writesessionid "+./libraries/top_dus" -csession=incr -csessiondir ./libraries/sessions 

Top level modules:
End time: 11:15:31 on Jul 10,2026, Elapsed time: 0:00:00
Errors: 0, Warnings: 0
Questa Intel Starter FPGA Edition-64 vlog 2025.1 Compiler 2025.01 Jan 18 2025
Start time: 11:15:31 on Jul 10,2026
vlog -sv -suppress 13338 -L altera_common_sv_packages ../../../ip/system/system_intel_vvp_tpg_6/intel_vvp_output_interface_bridge_2440/sim/mentor/intel_vvp_axi_master.sv -work ./libraries/intel_vvp_output_interface_bridge_2440 -statslog ./libraries/stats_log -writesessionid "+./libraries/top_dus" -csession=incr -csessiondir ./libraries/sessions 

Top level modules:
End time: 11:15:31 on Jul 10,2026, Elapsed time: 0:00:00
Errors: 0, Warnings: 0
Questa Intel Starter FPGA Edition-64 vlog 2025.1 Compiler 2025.01 Jan 18 2025
Start time: 11:15:31 on Jul 10,2026
vlog -sv -suppress 13338 -L altera_common_sv_packages ../../../ip/system/system_intel_vvp_tpg_4/intel_vvp_tpg_scheduler_2451/sim/mentor/intel_vvp_axi_master.sv -work ./libraries/intel_vvp_tpg_scheduler_2451 -statslog ./libraries/stats_log -writesessionid "+./libraries/top_dus" -csession=incr -csessiondir ./libraries/sessions 

Top level modules:
End time: 11:15:31 on Jul 10,2026, Elapsed time: 0:00:00
Errors: 0, Warnings: 0
Questa Intel Starter FPGA Edition-64 vlog 2025.1 Compiler 2025.01 Jan 18 2025
Start time: 11:15:31 on Jul 10,2026
vlog -sv -suppress 13338 -L altera_common_sv_packages ../../../ip/system/system_intel_vvp_tpg_5/intel_vvp_tpg_const_algo_comp_2451/sim/mentor/intel_vvp_axi_zero_pad.sv -work ./libraries/intel_vvp_tpg_const_algo_comp_2451 -statslog ./libraries/stats_log -writesessionid "+./libraries/top_dus" -csession=incr -csessiondir ./libraries/sessions 

Top level modules:
End time: 11:15:31 on Jul 10,2026, Elapsed time: 0:00:00
Errors: 0, Warnings: 0
Questa Intel Starter FPGA Edition-64 vlog 2025.1 Compiler 2025.01 Jan 18 2025
Start time: 11:15:31 on Jul 10,2026
vlog -sv -suppress 13338 -L altera_common_sv_packages ../../../ip/system/system_intel_vvp_tpg_6/intel_vvp_output_interface_bridge_2440/sim/mentor/src_hdl/intel_vvp_output_interface_bridge.sv -work ./libraries/intel_vvp_output_interface_bridge_2440 -statslog ./libraries/stats_log -writesessionid "+./libraries/top_dus" -csession=incr -csessiondir ./libraries/sessions 

Top level modules:
End time: 11:15:31 on Jul 10,2026, Elapsed time: 0:00:00
Errors: 0, Warnings: 0
Questa Intel Starter FPGA Edition-64 vlog 2025.1 Compiler 2025.01 Jan 18 2025
Start time: 11:15:31 on Jul 10,2026
vlog -sv -suppress 13338 -L altera_common_sv_packages ../../../ip/system/system_intel_vvp_tpg_5/intel_vvp_tpg_const_algo_comp_2451/sim/mentor/intel_vvp_axi_zero_strip.sv -work ./libraries/intel_vvp_tpg_const_algo_comp_2451 -statslog ./libraries/stats_log -writesessionid "+./libraries/top_dus" -csession=incr -csessiondir ./libraries/sessions 

Top level modules:
End time: 11:15:31 on Jul 10,2026, Elapsed time: 0:00:00
Errors: 0, Warnings: 0
Questa Intel Starter FPGA Edition-64 vlog 2025.1 Compiler 2025.01 Jan 18 2025
Start time: 11:15:31 on Jul 10,2026
vlog -sv -suppress 13338 -L altera_common_sv_packages ../../../ip/system/system_intel_vvp_tpg_4/intel_vvp_tpg_scheduler_2451/sim/mentor/intel_vvp_pipelined_mux.sv -work ./libraries/intel_vvp_tpg_scheduler_2451 -statslog ./libraries/stats_log -writesessionid "+./libraries/top_dus" -csession=incr -csessiondir ./libraries/sessions 

Top level modules:
End time: 11:15:31 on Jul 10,2026, Elapsed time: 0:00:00
Errors: 0, Warnings: 0
Questa Intel Starter FPGA Edition-64 vlog 2025.1 Compiler 2025.01 Jan 18 2025
Start time: 11:15:31 on Jul 10,2026
vlog -sv -suppress 13338 -L altera_common_sv_packages ../../../ip/system/system_intel_vvp_tpg_5/intel_vvp_tpg_const_algo_comp_2451/sim/mentor/intel_vvp_axi_pipeline_stage.sv -work ./libraries/intel_vvp_tpg_const_algo_comp_2451 -statslog ./libraries/stats_log -writesessionid "+./libraries/top_dus" -csession=incr -csessiondir ./libraries/sessions 

Top level modules:
End time: 11:15:31 on Jul 10,2026, Elapsed time: 0:00:00
Errors: 0, Warnings: 0
Questa Intel Starter FPGA Edition-64 vlog 2025.1 Compiler 2025.01 Jan 18 2025
Start time: 11:15:31 on Jul 10,2026
vlog -sv -suppress 13338 -L altera_common_sv_packages ../../../ip/system/system_intel_vvp_tpg_4/intel_vvp_tpg_scheduler_2451/sim/mentor/intel_vvp_common_slave_interface.sv -work ./libraries/intel_vvp_tpg_scheduler_2451 -statslog ./libraries/stats_log -writesessionid "+./libraries/top_dus" -csession=incr -csessiondir ./libraries/sessions 

Top level modules:
End time: 11:15:31 on Jul 10,2026, Elapsed time: 0:00:00
Errors: 0, Warnings: 0
Questa Intel Starter FPGA Edition-64 vlog 2025.1 Compiler 2025.01 Jan 18 2025
Start time: 11:15:31 on Jul 10,2026
vlog -sv -suppress 13338 -L altera_common_sv_packages ../../../ip/system/system_intel_vvp_tpg_5/intel_vvp_tpg_const_algo_comp_2451/sim/mentor/intel_vvp_axi_master.sv -work ./libraries/intel_vvp_tpg_const_algo_comp_2451 -statslog ./libraries/stats_log -writesessionid "+./libraries/top_dus" -csession=incr -csessiondir ./libraries/sessions 

Top level modules:
End time: 11:15:31 on Jul 10,2026, Elapsed time: 0:00:00
Errors: 0, Warnings: 0
Questa Intel Starter FPGA Edition-64 vlog 2025.1 Compiler 2025.01 Jan 18 2025
Start time: 11:15:31 on Jul 10,2026
vlog -sv -suppress 13338 -L altera_common_sv_packages ../../../ip/system/system_intel_vvp_tpg_4/intel_vvp_tpg_scheduler_2451/sim/mentor/src_hdl/intel_vvp_tpg_scheduler.sv -work ./libraries/intel_vvp_tpg_scheduler_2451 -statslog ./libraries/stats_log -writesessionid "+./libraries/top_dus" -csession=incr -csessiondir ./libraries/sessions 

Top level modules:
End time: 11:15:32 on Jul 10,2026, Elapsed time: 0:00:01
Errors: 0, Warnings: 0
Questa Intel Starter FPGA Edition-64 vlog 2025.1 Compiler 2025.01 Jan 18 2025
Start time: 11:15:32 on Jul 10,2026
vlog -sv -suppress 13338 -L altera_common_sv_packages ../../../ip/system/system_intel_vvp_tpg_5/intel_vvp_tpg_const_algo_comp_2451/sim/mentor/src_hdl/intel_vvp_tpg_const_algo_comp.sv -work ./libraries/intel_vvp_tpg_const_algo_comp_2451 -statslog ./libraries/stats_log -writesessionid "+./libraries/top_dus" -csession=incr -csessiondir ./libraries/sessions 

Top level modules:
End time: 11:15:32 on Jul 10,2026, Elapsed time: 0:00:00
Errors: 0, Warnings: 0
Questa Intel Starter FPGA Edition-64 vlog 2025.1 Compiler 2025.01 Jan 18 2025
Start time: 11:15:32 on Jul 10,2026
vlog -sv -suppress 13338 -L altera_common_sv_packages ../../../ip/system/system_intel_vvp_tpg_4/intel_vvp_tpg_scheduler_2451/sim/mentor/src_hdl/intel_vvp_tpg_scheduler_stopwatch.sv -work ./libraries/intel_vvp_tpg_scheduler_2451 -statslog ./libraries/stats_log -writesessionid "+./libraries/top_dus" -csession=incr -csessiondir ./libraries/sessions 

Top level modules:
End time: 11:15:32 on Jul 10,2026, Elapsed time: 0:00:00
Errors: 0, Warnings: 0
Questa Intel Starter FPGA Edition-64 vlog 2025.1 Compiler 2025.01 Jan 18 2025
Start time: 11:15:32 on Jul 10,2026
vlog -sv -suppress 13338 -L altera_common_sv_packages ../../../ip/system/system_intel_vvp_tpg_6/intel_vvp_tpg_const_algo_comp_2451/sim/mentor/intel_vvp_axi_zero_pad.sv -work ./libraries/intel_vvp_tpg_const_algo_comp_2451 -statslog ./libraries/stats_log -writesessionid "+./libraries/top_dus" -csession=incr -csessiondir ./libraries/sessions 

Top level modules:
End time: 11:15:32 on Jul 10,2026, Elapsed time: 0:00:00
Errors: 0, Warnings: 0
Questa Intel Starter FPGA Edition-64 vlog 2025.1 Compiler 2025.01 Jan 18 2025
Start time: 11:15:32 on Jul 10,2026
vlog -sv -suppress 13338 -L altera_common_sv_packages ../../../ip/system/system_intel_vvp_tpg_7/intel_vvp_tpg_scheduler_2451/sim/mentor/intel_vvp_axi_pipeline_stage.sv -work ./libraries/intel_vvp_tpg_scheduler_2451 -statslog ./libraries/stats_log -writesessionid "+./libraries/top_dus" -csession=incr -csessiondir ./libraries/sessions 

Top level modules:
End time: 11:15:32 on Jul 10,2026, Elapsed time: 0:00:00
Errors: 0, Warnings: 0
Questa Intel Starter FPGA Edition-64 vlog 2025.1 Compiler 2025.01 Jan 18 2025
Start time: 11:15:32 on Jul 10,2026
vlog -sv -suppress 13338 -L altera_common_sv_packages ../../../ip/system/system_intel_vvp_tpg_6/intel_vvp_tpg_const_algo_comp_2451/sim/mentor/intel_vvp_axi_zero_strip.sv -work ./libraries/intel_vvp_tpg_const_algo_comp_2451 -statslog ./libraries/stats_log -writesessionid "+./libraries/top_dus" -csession=incr -csessiondir ./libraries/sessions 

Top level modules:
End time: 11:15:32 on Jul 10,2026, Elapsed time: 0:00:00
Errors: 0, Warnings: 0
Questa Intel Starter FPGA Edition-64 vlog 2025.1 Compiler 2025.01 Jan 18 2025
Start time: 11:15:32 on Jul 10,2026
vlog -sv -suppress 13338 -L altera_common_sv_packages ../../../ip/system/system_intel_vvp_tpg_7/intel_vvp_tpg_scheduler_2451/sim/mentor/intel_vvp_axi_master.sv -work ./libraries/intel_vvp_tpg_scheduler_2451 -statslog ./libraries/stats_log -writesessionid "+./libraries/top_dus" -csession=incr -csessiondir ./libraries/sessions 

Top level modules:
End time: 11:15:32 on Jul 10,2026, Elapsed time: 0:00:00
Errors: 0, Warnings: 0
Questa Intel Starter FPGA Edition-64 vlog 2025.1 Compiler 2025.01 Jan 18 2025
Start time: 11:15:32 on Jul 10,2026
vlog -sv -suppress 13338 -L altera_common_sv_packages ../../../ip/system/system_intel_vvp_tpg_6/intel_vvp_tpg_const_algo_comp_2451/sim/mentor/intel_vvp_axi_pipeline_stage.sv -work ./libraries/intel_vvp_tpg_const_algo_comp_2451 -statslog ./libraries/stats_log -writesessionid "+./libraries/top_dus" -csession=incr -csessiondir ./libraries/sessions 

Top level modules:
End time: 11:15:32 on Jul 10,2026, Elapsed time: 0:00:00
Errors: 0, Warnings: 0
Questa Intel Starter FPGA Edition-64 vlog 2025.1 Compiler 2025.01 Jan 18 2025
Start time: 11:15:32 on Jul 10,2026
vlog -sv -suppress 13338 -L altera_common_sv_packages ../../../ip/system/system_intel_vvp_tpg_7/intel_vvp_tpg_scheduler_2451/sim/mentor/intel_vvp_pipelined_mux.sv -work ./libraries/intel_vvp_tpg_scheduler_2451 -statslog ./libraries/stats_log -writesessionid "+./libraries/top_dus" -csession=incr -csessiondir ./libraries/sessions 

Top level modules:
End time: 11:15:32 on Jul 10,2026, Elapsed time: 0:00:00
Errors: 0, Warnings: 0
Questa Intel Starter FPGA Edition-64 vlog 2025.1 Compiler 2025.01 Jan 18 2025
Start time: 11:15:32 on Jul 10,2026
vlog -sv -suppress 13338 -L altera_common_sv_packages ../../../ip/system/system_intel_vvp_tpg_6/intel_vvp_tpg_const_algo_comp_2451/sim/mentor/intel_vvp_axi_master.sv -work ./libraries/intel_vvp_tpg_const_algo_comp_2451 -statslog ./libraries/stats_log -writesessionid "+./libraries/top_dus" -csession=incr -csessiondir ./libraries/sessions 

Top level modules:
End time: 11:15:32 on Jul 10,2026, Elapsed time: 0:00:00
Errors: 0, Warnings: 0
Questa Intel Starter FPGA Edition-64 vlog 2025.1 Compiler 2025.01 Jan 18 2025
Start time: 11:15:32 on Jul 10,2026
vlog -sv -suppress 13338 -L altera_common_sv_packages ../../../ip/system/system_intel_vvp_tpg_7/intel_vvp_tpg_scheduler_2451/sim/mentor/intel_vvp_common_slave_interface.sv -work ./libraries/intel_vvp_tpg_scheduler_2451 -statslog ./libraries/stats_log -writesessionid "+./libraries/top_dus" -csession=incr -csessiondir ./libraries/sessions 

Top level modules:
End time: 11:15:32 on Jul 10,2026, Elapsed time: 0:00:00
Errors: 0, Warnings: 0
Questa Intel Starter FPGA Edition-64 vlog 2025.1 Compiler 2025.01 Jan 18 2025
Start time: 11:15:33 on Jul 10,2026
vlog -sv -suppress 13338 -L altera_common_sv_packages ../../../ip/system/system_intel_vvp_tpg_6/intel_vvp_tpg_const_algo_comp_2451/sim/mentor/src_hdl/intel_vvp_tpg_const_algo_comp.sv -work ./libraries/intel_vvp_tpg_const_algo_comp_2451 -statslog ./libraries/stats_log -writesessionid "+./libraries/top_dus" -csession=incr -csessiondir ./libraries/sessions 

Top level modules:
End time: 11:15:33 on Jul 10,2026, Elapsed time: 0:00:00
Errors: 0, Warnings: 0
Questa Intel Starter FPGA Edition-64 vlog 2025.1 Compiler 2025.01 Jan 18 2025
Start time: 11:15:33 on Jul 10,2026
vlog -sv -suppress 13338 -L altera_common_sv_packages ../../../ip/system/system_intel_vvp_tpg_7/intel_vvp_tpg_scheduler_2451/sim/mentor/src_hdl/intel_vvp_tpg_scheduler.sv -work ./libraries/intel_vvp_tpg_scheduler_2451 -statslog ./libraries/stats_log -writesessionid "+./libraries/top_dus" -csession=incr -csessiondir ./libraries/sessions 

Top level modules:
End time: 11:15:33 on Jul 10,2026, Elapsed time: 0:00:00
Errors: 0, Warnings: 0
Questa Intel Starter FPGA Edition-64 vlog 2025.1 Compiler 2025.01 Jan 18 2025
Start time: 11:15:33 on Jul 10,2026
vlog -sv -suppress 13338 -L altera_common_sv_packages ../../../ip/system/system_intel_vvp_tpg_7/intel_vvp_tpg_scheduler_2451/sim/mentor/src_hdl/intel_vvp_tpg_scheduler_stopwatch.sv -work ./libraries/intel_vvp_tpg_scheduler_2451 -statslog ./libraries/stats_log -writesessionid "+./libraries/top_dus" -csession=incr -csessiondir ./libraries/sessions 

Top level modules:
End time: 11:15:33 on Jul 10,2026, Elapsed time: 0:00:00
Errors: 0, Warnings: 0
Questa Intel Starter FPGA Edition-64 vlog 2025.1 Compiler 2025.01 Jan 18 2025
Start time: 11:15:33 on Jul 10,2026
vlog -sv -suppress 13338 -L altera_common_sv_packages ../../../ip/system/system_intel_vvp_tpg_5/intel_vvp_tpg_scheduler_2451/sim/mentor/intel_vvp_axi_pipeline_stage.sv -work ./libraries/intel_vvp_tpg_scheduler_2451 -statslog ./libraries/stats_log -writesessionid "+./libraries/top_dus" -csession=incr -csessiondir ./libraries/sessions 

Top level modules:
End time: 11:15:33 on Jul 10,2026, Elapsed time: 0:00:00
Errors: 0, Warnings: 0
Questa Intel Starter FPGA Edition-64 vlog 2025.1 Compiler 2025.01 Jan 18 2025
Start time: 11:15:33 on Jul 10,2026
vlog -sv -suppress 13338 -L altera_common_sv_packages ../../../ip/system/system_intel_vvp_tpg_5/intel_vvp_tpg_scheduler_2451/sim/mentor/intel_vvp_axi_master.sv -work ./libraries/intel_vvp_tpg_scheduler_2451 -statslog ./libraries/stats_log -writesessionid "+./libraries/top_dus" -csession=incr -csessiondir ./libraries/sessions 

Top level modules:
End time: 11:15:33 on Jul 10,2026, Elapsed time: 0:00:00
Errors: 0, Warnings: 0
Questa Intel Starter FPGA Edition-64 vlog 2025.1 Compiler 2025.01 Jan 18 2025
Start time: 11:15:33 on Jul 10,2026
vlog -sv -suppress 13338 -L altera_common_sv_packages ../../../ip/system/system_intel_vvp_tpg_5/intel_vvp_tpg_scheduler_2451/sim/mentor/intel_vvp_pipelined_mux.sv -work ./libraries/intel_vvp_tpg_scheduler_2451 -statslog ./libraries/stats_log -writesessionid "+./libraries/top_dus" -csession=incr -csessiondir ./libraries/sessions 

Top level modules:
End time: 11:15:33 on Jul 10,2026, Elapsed time: 0:00:00
Errors: 0, Warnings: 0
Questa Intel Starter FPGA Edition-64 vlog 2025.1 Compiler 2025.01 Jan 18 2025
Start time: 11:15:34 on Jul 10,2026
vlog -sv -suppress 13338 -L altera_common_sv_packages ../../../ip/system/system_intel_vvp_tpg_5/intel_vvp_tpg_scheduler_2451/sim/mentor/intel_vvp_common_slave_interface.sv -work ./libraries/intel_vvp_tpg_scheduler_2451 -statslog ./libraries/stats_log -writesessionid "+./libraries/top_dus" -csession=incr -csessiondir ./libraries/sessions 

Top level modules:
End time: 11:15:34 on Jul 10,2026, Elapsed time: 0:00:00
Errors: 0, Warnings: 0
Questa Intel Starter FPGA Edition-64 vlog 2025.1 Compiler 2025.01 Jan 18 2025
Start time: 11:15:34 on Jul 10,2026
vlog -sv -suppress 13338 -L altera_common_sv_packages ../../../ip/system/system_intel_vvp_tpg_5/intel_vvp_tpg_scheduler_2451/sim/mentor/src_hdl/intel_vvp_tpg_scheduler.sv -work ./libraries/intel_vvp_tpg_scheduler_2451 -statslog ./libraries/stats_log -writesessionid "+./libraries/top_dus" -csession=incr -csessiondir ./libraries/sessions 

Top level modules:
End time: 11:15:34 on Jul 10,2026, Elapsed time: 0:00:00
Errors: 0, Warnings: 0
Questa Intel Starter FPGA Edition-64 vlog 2025.1 Compiler 2025.01 Jan 18 2025
Start time: 11:15:34 on Jul 10,2026
vlog -sv -suppress 13338 -L altera_common_sv_packages ../../../ip/system/system_intel_vvp_tpg_5/intel_vvp_tpg_scheduler_2451/sim/mentor/src_hdl/intel_vvp_tpg_scheduler_stopwatch.sv -work ./libraries/intel_vvp_tpg_scheduler_2451 -statslog ./libraries/stats_log -writesessionid "+./libraries/top_dus" -csession=incr -csessiondir ./libraries/sessions 

Top level modules:
End time: 11:15:34 on Jul 10,2026, Elapsed time: 0:00:00
Errors: 0, Warnings: 0
Questa Intel Starter FPGA Edition-64 vlog 2025.1 Compiler 2025.01 Jan 18 2025
Start time: 11:15:34 on Jul 10,2026
vlog -sv -suppress 13338 -L altera_common_sv_packages ../../../ip/system/system_intel_vvp_tpg_6/intel_vvp_tpg_scheduler_2451/sim/mentor/intel_vvp_axi_pipeline_stage.sv -work ./libraries/intel_vvp_tpg_scheduler_2451 -statslog ./libraries/stats_log -writesessionid "+./libraries/top_dus" -csession=incr -csessiondir ./libraries/sessions 

Top level modules:
End time: 11:15:34 on Jul 10,2026, Elapsed time: 0:00:00
Errors: 0, Warnings: 0
Questa Intel Starter FPGA Edition-64 vlog 2025.1 Compiler 2025.01 Jan 18 2025
Start time: 11:15:34 on Jul 10,2026
vlog -sv -suppress 13338 -L altera_common_sv_packages ../../../ip/system/system_intel_vvp_tpg_6/intel_vvp_tpg_scheduler_2451/sim/mentor/intel_vvp_axi_master.sv -work ./libraries/intel_vvp_tpg_scheduler_2451 -statslog ./libraries/stats_log -writesessionid "+./libraries/top_dus" -csession=incr -csessiondir ./libraries/sessions 

Top level modules:
End time: 11:15:34 on Jul 10,2026, Elapsed time: 0:00:00
Errors: 0, Warnings: 0
Questa Intel Starter FPGA Edition-64 vlog 2025.1 Compiler 2025.01 Jan 18 2025
Start time: 11:15:34 on Jul 10,2026
vlog -sv -suppress 13338 -L altera_common_sv_packages ../../../ip/system/system_intel_vvp_tpg_6/intel_vvp_tpg_scheduler_2451/sim/mentor/intel_vvp_pipelined_mux.sv -work ./libraries/intel_vvp_tpg_scheduler_2451 -statslog ./libraries/stats_log -writesessionid "+./libraries/top_dus" -csession=incr -csessiondir ./libraries/sessions 

Top level modules:
End time: 11:15:35 on Jul 10,2026, Elapsed time: 0:00:01
Errors: 0, Warnings: 0
Questa Intel Starter FPGA Edition-64 vlog 2025.1 Compiler 2025.01 Jan 18 2025
Start time: 11:15:35 on Jul 10,2026
vlog -sv -suppress 13338 -L altera_common_sv_packages ../../../ip/system/system_intel_vvp_tpg_6/intel_vvp_tpg_scheduler_2451/sim/mentor/intel_vvp_common_slave_interface.sv -work ./libraries/intel_vvp_tpg_scheduler_2451 -statslog ./libraries/stats_log -writesessionid "+./libraries/top_dus" -csession=incr -csessiondir ./libraries/sessions 

Top level modules:
End time: 11:15:35 on Jul 10,2026, Elapsed time: 0:00:00
Errors: 0, Warnings: 0
Questa Intel Starter FPGA Edition-64 vlog 2025.1 Compiler 2025.01 Jan 18 2025
Start time: 11:15:35 on Jul 10,2026
vlog -sv -suppress 13338 -L altera_common_sv_packages ../../../ip/system/system_intel_vvp_tpg_6/intel_vvp_tpg_scheduler_2451/sim/mentor/src_hdl/intel_vvp_tpg_scheduler.sv -work ./libraries/intel_vvp_tpg_scheduler_2451 -statslog ./libraries/stats_log -writesessionid "+./libraries/top_dus" -csession=incr -csessiondir ./libraries/sessions 

Top level modules:
End time: 11:15:35 on Jul 10,2026, Elapsed time: 0:00:00
Errors: 0, Warnings: 0
Questa Intel Starter FPGA Edition-64 vlog 2025.1 Compiler 2025.01 Jan 18 2025
Start time: 11:15:35 on Jul 10,2026
vlog -sv -suppress 13338 -L altera_common_sv_packages ../../../ip/system/system_intel_vvp_tpg_6/intel_vvp_tpg_scheduler_2451/sim/mentor/src_hdl/intel_vvp_tpg_scheduler_stopwatch.sv -work ./libraries/intel_vvp_tpg_scheduler_2451 -statslog ./libraries/stats_log -writesessionid "+./libraries/top_dus" -csession=incr -csessiondir ./libraries/sessions 

Top level modules:
End time: 11:15:35 on Jul 10,2026, Elapsed time: 0:00:00
Errors: 0, Warnings: 0
End time: 11:15:35 on Jul 10,2026, Elapsed time: 0:00:10
*** Summary *********************************************
    qrun: Errors:   0, Warnings:   0
    vlog: Errors:   0, Warnings:   0
  Totals: Errors:   0, Warnings:   0
