Archive member included because of file (symbol)

/mnt/ssd2/Altera_Quartus_13/nios2eds/bin/gnu/H-i686-pc-linux-gnu/bin/../lib/gcc/nios2-elf/4.1.2/../../../../nios2-elf/lib/mno-hw-mul/libsmallc.a(lib_a-printf.o)
                              obj/default/hello_world_small.o (printf)
/mnt/ssd2/Altera_Quartus_13/nios2eds/bin/gnu/H-i686-pc-linux-gnu/bin/../lib/gcc/nios2-elf/4.1.2/../../../../nios2-elf/lib/mno-hw-mul/libsmallc.a(lib_a-vfprintf.o)
                              /mnt/ssd2/Altera_Quartus_13/nios2eds/bin/gnu/H-i686-pc-linux-gnu/bin/../lib/gcc/nios2-elf/4.1.2/../../../../nios2-elf/lib/mno-hw-mul/libsmallc.a(lib_a-printf.o) (___vfprintf_internal_r)
/mnt/ssd2/Altera_Quartus_13/nios2eds/bin/gnu/H-i686-pc-linux-gnu/bin/../lib/gcc/nios2-elf/4.1.2/../../../../nios2-elf/lib/mno-hw-mul/libsmallc.a(lib_a-fvwrite_small_dev.o)
                              /mnt/ssd2/Altera_Quartus_13/nios2eds/bin/gnu/H-i686-pc-linux-gnu/bin/../lib/gcc/nios2-elf/4.1.2/../../../../nios2-elf/lib/mno-hw-mul/libsmallc.a(lib_a-printf.o) (__sfvwrite_small_dev)
/mnt/ssd2/Altera_Quartus_13/nios2eds/bin/gnu/H-i686-pc-linux-gnu/bin/../lib/gcc/nios2-elf/4.1.2/../../../../nios2-elf/lib/mno-hw-mul/libsmallc.a(lib_a-impure.o)
                              /mnt/ssd2/Altera_Quartus_13/nios2eds/bin/gnu/H-i686-pc-linux-gnu/bin/../lib/gcc/nios2-elf/4.1.2/../../../../nios2-elf/lib/mno-hw-mul/libsmallc.a(lib_a-printf.o) (_impure_ptr)
/mnt/ssd2/Altera_Quartus_13/nios2eds/bin/gnu/H-i686-pc-linux-gnu/bin/../lib/gcc/nios2-elf/4.1.2/../../../../nios2-elf/lib/mno-hw-mul/libsmallc.a(lib_a-strlen.o)
                              /mnt/ssd2/Altera_Quartus_13/nios2eds/bin/gnu/H-i686-pc-linux-gnu/bin/../lib/gcc/nios2-elf/4.1.2/../../../../nios2-elf/lib/mno-hw-mul/libsmallc.a(lib_a-vfprintf.o) (strlen)
/mnt/ssd2/Altera_Quartus_13/nios2eds/bin/gnu/H-i686-pc-linux-gnu/bin/../lib/gcc/nios2-elf/4.1.2/../../../../nios2-elf/lib/mno-hw-mul/libsmallc.a(lib_a-writer.o)
                              /mnt/ssd2/Altera_Quartus_13/nios2eds/bin/gnu/H-i686-pc-linux-gnu/bin/../lib/gcc/nios2-elf/4.1.2/../../../../nios2-elf/lib/mno-hw-mul/libsmallc.a(lib_a-fvwrite_small_dev.o) (_write_r)
/mnt/ssd2/Altera_Quartus_13/nios2eds/bin/gnu/H-i686-pc-linux-gnu/bin/../lib/gcc/nios2-elf/4.1.2/../../../../nios2-elf/lib/mno-hw-mul/libsmallc.a(lib_a-int_errno.o)
                              /mnt/ssd2/Altera_Quartus_13/nios2eds/bin/gnu/H-i686-pc-linux-gnu/bin/../lib/gcc/nios2-elf/4.1.2/../../../../nios2-elf/lib/mno-hw-mul/libsmallc.a(lib_a-writer.o) (errno)
/mnt/ssd2/Altera_Quartus_13/nios2eds/bin/gnu/H-i686-pc-linux-gnu/bin/../lib/gcc/nios2-elf/4.1.2/mno-hw-mul/libgcc.a(lib2-divmod.o)
                              /mnt/ssd2/Altera_Quartus_13/nios2eds/bin/gnu/H-i686-pc-linux-gnu/bin/../lib/gcc/nios2-elf/4.1.2/../../../../nios2-elf/lib/mno-hw-mul/libsmallc.a(lib_a-vfprintf.o) (__udivsi3)
/mnt/ssd2/Altera_Quartus_13/nios2eds/bin/gnu/H-i686-pc-linux-gnu/bin/../lib/gcc/nios2-elf/4.1.2/mno-hw-mul/libgcc.a(lib2-mul.o)
                              /mnt/ssd2/Altera_Quartus_13/nios2eds/bin/gnu/H-i686-pc-linux-gnu/bin/../lib/gcc/nios2-elf/4.1.2/../../../../nios2-elf/lib/mno-hw-mul/libsmallc.a(lib_a-vfprintf.o) (__mulsi3)
../Tpg_Scaler_bsp//libhal_bsp.a(alt_load.o)
                              ../Tpg_Scaler_bsp//obj/HAL/src/crt0.o (alt_load)
../Tpg_Scaler_bsp//libhal_bsp.a(alt_main.o)
                              ../Tpg_Scaler_bsp//obj/HAL/src/crt0.o (alt_main)
../Tpg_Scaler_bsp//libhal_bsp.a(alt_write.o)
                              /mnt/ssd2/Altera_Quartus_13/nios2eds/bin/gnu/H-i686-pc-linux-gnu/bin/../lib/gcc/nios2-elf/4.1.2/../../../../nios2-elf/lib/mno-hw-mul/libsmallc.a(lib_a-writer.o) (write)
../Tpg_Scaler_bsp//libhal_bsp.a(alt_sys_init.o)
                              ../Tpg_Scaler_bsp//libhal_bsp.a(alt_main.o) (alt_sys_init)
../Tpg_Scaler_bsp//libhal_bsp.a(altera_avalon_jtag_uart_write.o)
                              ../Tpg_Scaler_bsp//libhal_bsp.a(alt_write.o) (altera_avalon_jtag_uart_write)
../Tpg_Scaler_bsp//libhal_bsp.a(alt_dcache_flush_all.o)
                              ../Tpg_Scaler_bsp//libhal_bsp.a(alt_load.o) (alt_dcache_flush_all)
../Tpg_Scaler_bsp//libhal_bsp.a(alt_errno.o)
                              ../Tpg_Scaler_bsp//libhal_bsp.a(alt_write.o) (alt_errno)
../Tpg_Scaler_bsp//libhal_bsp.a(alt_icache_flush_all.o)
                              ../Tpg_Scaler_bsp//libhal_bsp.a(alt_load.o) (alt_icache_flush_all)
../Tpg_Scaler_bsp//libhal_bsp.a(altera_nios2_qsys_irq.o)
                              ../Tpg_Scaler_bsp//libhal_bsp.a(alt_sys_init.o) (altera_nios2_qsys_irq_init)

Allocating common symbols
Common symbol       size              file

errno               0x4               /mnt/ssd2/Altera_Quartus_13/nios2eds/bin/gnu/H-i686-pc-linux-gnu/bin/../lib/gcc/nios2-elf/4.1.2/../../../../nios2-elf/lib/mno-hw-mul/libsmallc.a(lib_a-int_errno.o)

Memory Configuration

Name             Origin             Length             Attributes
reset            0x00002000         0x00000020
onchip_memory2_0 0x00002020         0x00001fe0
*default*        0x00000000         0xffffffff

Linker script and memory map

LOAD ../Tpg_Scaler_bsp//obj/HAL/src/crt0.o
                0x0000200c                exit = _exit
LOAD obj/default/hello_world_small.o
LOAD /mnt/ssd2/Altera_Quartus_13/nios2eds/bin/gnu/H-i686-pc-linux-gnu/bin/../lib/gcc/nios2-elf/4.1.2/../../../../nios2-elf/lib/mno-hw-mul/libstdc++.a
LOAD /mnt/ssd2/Altera_Quartus_13/nios2eds/bin/gnu/H-i686-pc-linux-gnu/bin/../lib/gcc/nios2-elf/4.1.2/../../../../nios2-elf/lib/mno-hw-mul/libm.a
LOAD /mnt/ssd2/Altera_Quartus_13/nios2eds/bin/gnu/H-i686-pc-linux-gnu/bin/../lib/gcc/nios2-elf/4.1.2/mno-hw-mul/libgcc.a
START GROUP
LOAD /mnt/ssd2/Altera_Quartus_13/nios2eds/bin/gnu/H-i686-pc-linux-gnu/bin/../lib/gcc/nios2-elf/4.1.2/../../../../nios2-elf/lib/mno-hw-mul/libsmallc.a
LOAD /mnt/ssd2/Altera_Quartus_13/nios2eds/bin/gnu/H-i686-pc-linux-gnu/bin/../lib/gcc/nios2-elf/4.1.2/mno-hw-mul/libgcc.a
LOAD ../Tpg_Scaler_bsp//libhal_bsp.a
END GROUP
LOAD /mnt/ssd2/Altera_Quartus_13/nios2eds/bin/gnu/H-i686-pc-linux-gnu/bin/../lib/gcc/nios2-elf/4.1.2/mno-hw-mul/libgcc.a
                0x00002000                __alt_mem_onchip_memory2_0 = 0x2000

.entry          0x00002000       0x20
 *(.entry)
 .entry         0x00002000       0x20 ../Tpg_Scaler_bsp//obj/HAL/src/crt0.o
                0x00002000                __reset
                0x0000200c                _exit

.exceptions     0x00002020        0x0
                0x00002020                PROVIDE (__ram_exceptions_start, ABSOLUTE (.))
                0x00002020                . = ALIGN (0x20)
 *(.irq)
 *(.exceptions.entry.label)
 *(.exceptions.entry.user)
 *(.exceptions.entry)
 *(.exceptions.irqtest.user)
 *(.exceptions.irqtest)
 *(.exceptions.irqhandler.user)
 *(.exceptions.irqhandler)
 *(.exceptions.irqreturn.user)
 *(.exceptions.irqreturn)
 *(.exceptions.notirq.label)
 *(.exceptions.notirq.user)
 *(.exceptions.notirq)
 *(.exceptions.soft.user)
 *(.exceptions.soft)
 *(.exceptions.unknown.user)
 *(.exceptions.unknown)
 *(.exceptions.exit.label)
 *(.exceptions.exit.user)
 *(.exceptions.exit)
 *(.exceptions)
                0x00002020                PROVIDE (__ram_exceptions_end, ABSOLUTE (.))
                0x00002020                PROVIDE (__flash_exceptions_start, LOADADDR (.exceptions))

.text           0x00002020      0xce0
                0x00002020                PROVIDE (stext, ABSOLUTE (.))
 *(.interp)
 *(.hash)
 *(.dynsym)
 *(.dynstr)
 *(.gnu.version)
 *(.gnu.version_d)
 *(.gnu.version_r)
 *(.rel.init)
 *(.rela.init)
 *(.rel.text .rel.text.* .rel.gnu.linkonce.t.*)
 *(.rela.text .rela.text.* .rela.gnu.linkonce.t.*)
 *(.rel.fini)
 *(.rela.fini)
 *(.rel.rodata .rel.rodata.* .rel.gnu.linkonce.r.*)
 *(.rela.rodata .rela.rodata.* .rela.gnu.linkonce.r.*)
 *(.rel.data .rel.data.* .rel.gnu.linkonce.d.*)
 *(.rela.data .rela.data.* .rela.gnu.linkonce.d.*)
 *(.rel.tdata .rel.tdata.* .rel.gnu.linkonce.td.*)
 *(.rela.tdata .rela.tdata.* .rela.gnu.linkonce.td.*)
 *(.rel.tbss .rel.tbss.* .rel.gnu.linkonce.tb.*)
 *(.rela.tbss .rela.tbss.* .rela.gnu.linkonce.tb.*)
 *(.rel.ctors)
 *(.rela.ctors)
 *(.rel.dtors)
 *(.rela.dtors)
 *(.rel.got)
 *(.rela.got)
 *(.rel.sdata .rel.sdata.* .rel.gnu.linkonce.s.*)
 *(.rela.sdata .rela.sdata.* .rela.gnu.linkonce.s.*)
 *(.rel.sbss .rel.sbss.* .rel.gnu.linkonce.sb.*)
 *(.rela.sbss .rela.sbss.* .rela.gnu.linkonce.sb.*)
 *(.rel.sdata2 .rel.sdata2.* .rel.gnu.linkonce.s2.*)
 *(.rela.sdata2 .rela.sdata2.* .rela.gnu.linkonce.s2.*)
 *(.rel.sbss2 .rel.sbss2.* .rel.gnu.linkonce.sb2.*)
 *(.rela.sbss2 .rela.sbss2.* .rela.gnu.linkonce.sb2.*)
 *(.rel.bss .rel.bss.* .rel.gnu.linkonce.b.*)
 *(.rela.bss .rela.bss.* .rela.gnu.linkonce.b.*)
 *(.rel.plt)
 *(.rela.plt)
 *(.rel.dyn)
 *(.init)
 *(.plt)
 *(.text .stub .text.* .gnu.linkonce.t.*)
 .text          0x00002020       0x3c ../Tpg_Scaler_bsp//obj/HAL/src/crt0.o
                0x00002020                _start
 .text          0x0000205c       0x50 obj/default/hello_world_small.o
                0x0000205c                main
 .text          0x000020ac       0x98 /mnt/ssd2/Altera_Quartus_13/nios2eds/bin/gnu/H-i686-pc-linux-gnu/bin/../lib/gcc/nios2-elf/4.1.2/../../../../nios2-elf/lib/mno-hw-mul/libsmallc.a(lib_a-printf.o)
                0x000020ac                printf
                0x00002100                _printf_r
 .text          0x00002144      0x740 /mnt/ssd2/Altera_Quartus_13/nios2eds/bin/gnu/H-i686-pc-linux-gnu/bin/../lib/gcc/nios2-elf/4.1.2/../../../../nios2-elf/lib/mno-hw-mul/libsmallc.a(lib_a-vfprintf.o)
                0x000021c4                ___vfprintf_internal_r
                0x00002860                __vfprintf_internal
 .text          0x00002884       0xbc /mnt/ssd2/Altera_Quartus_13/nios2eds/bin/gnu/H-i686-pc-linux-gnu/bin/../lib/gcc/nios2-elf/4.1.2/../../../../nios2-elf/lib/mno-hw-mul/libsmallc.a(lib_a-fvwrite_small_dev.o)
                0x00002884                __sfvwrite_small_dev
 .text          0x00002940        0x0 /mnt/ssd2/Altera_Quartus_13/nios2eds/bin/gnu/H-i686-pc-linux-gnu/bin/../lib/gcc/nios2-elf/4.1.2/../../../../nios2-elf/lib/mno-hw-mul/libsmallc.a(lib_a-impure.o)
 .text          0x00002940       0x20 /mnt/ssd2/Altera_Quartus_13/nios2eds/bin/gnu/H-i686-pc-linux-gnu/bin/../lib/gcc/nios2-elf/4.1.2/../../../../nios2-elf/lib/mno-hw-mul/libsmallc.a(lib_a-strlen.o)
                0x00002940                strlen
 .text          0x00002960       0x78 /mnt/ssd2/Altera_Quartus_13/nios2eds/bin/gnu/H-i686-pc-linux-gnu/bin/../lib/gcc/nios2-elf/4.1.2/../../../../nios2-elf/lib/mno-hw-mul/libsmallc.a(lib_a-writer.o)
                0x00002960                _write_r
 .text          0x000029d8        0x0 /mnt/ssd2/Altera_Quartus_13/nios2eds/bin/gnu/H-i686-pc-linux-gnu/bin/../lib/gcc/nios2-elf/4.1.2/../../../../nios2-elf/lib/mno-hw-mul/libsmallc.a(lib_a-int_errno.o)
 .text          0x000029d8      0x14c /mnt/ssd2/Altera_Quartus_13/nios2eds/bin/gnu/H-i686-pc-linux-gnu/bin/../lib/gcc/nios2-elf/4.1.2/mno-hw-mul/libgcc.a(lib2-divmod.o)
                0x00002a54                __divsi3
                0x00002ab4                __modsi3
                0x00002b14                __udivsi3
                0x00002b1c                __umodsi3
 .text          0x00002b24       0x38 /mnt/ssd2/Altera_Quartus_13/nios2eds/bin/gnu/H-i686-pc-linux-gnu/bin/../lib/gcc/nios2-elf/4.1.2/mno-hw-mul/libgcc.a(lib2-mul.o)
                0x00002b24                __mulsi3
 .text          0x00002b5c       0x8c ../Tpg_Scaler_bsp//libhal_bsp.a(alt_load.o)
                0x00002b7c                alt_load
 .text          0x00002be8       0x2c ../Tpg_Scaler_bsp//libhal_bsp.a(alt_main.o)
                0x00002be8                alt_main
 .text          0x00002c14       0x78 ../Tpg_Scaler_bsp//libhal_bsp.a(alt_write.o)
                0x00002c14                write
 .text          0x00002c8c       0x30 ../Tpg_Scaler_bsp//libhal_bsp.a(alt_sys_init.o)
                0x00002c8c                alt_sys_init
                0x00002c9c                alt_irq_init
 .text          0x00002cbc       0x34 ../Tpg_Scaler_bsp//libhal_bsp.a(altera_avalon_jtag_uart_write.o)
                0x00002cbc                altera_avalon_jtag_uart_write
 .text          0x00002cf0        0x4 ../Tpg_Scaler_bsp//libhal_bsp.a(alt_dcache_flush_all.o)
                0x00002cf0                alt_dcache_flush_all
 .text          0x00002cf4        0x0 ../Tpg_Scaler_bsp//libhal_bsp.a(alt_errno.o)
 .text          0x00002cf4        0x4 ../Tpg_Scaler_bsp//libhal_bsp.a(alt_icache_flush_all.o)
                0x00002cf4                alt_icache_flush_all
 .text          0x00002cf8        0x8 ../Tpg_Scaler_bsp//libhal_bsp.a(altera_nios2_qsys_irq.o)
                0x00002cf8                altera_nios2_qsys_irq_init
 *(.gnu.warning.*)
 *(.fini)
                0x00002d00                PROVIDE (__etext, ABSOLUTE (.))
                0x00002d00                PROVIDE (_etext, ABSOLUTE (.))
                0x00002d00                PROVIDE (etext, ABSOLUTE (.))
 *(.eh_frame_hdr)
                0x00002d00                . = ALIGN (0x4)
                0x00002d00                PROVIDE (__preinit_array_start, ABSOLUTE (.))
 *(.preinit_array)
                0x00002d00                PROVIDE (__preinit_array_end, ABSOLUTE (.))
                0x00002d00                PROVIDE (__init_array_start, ABSOLUTE (.))
 *(.init_array)
                0x00002d00                PROVIDE (__init_array_end, ABSOLUTE (.))
                0x00002d00                PROVIDE (__fini_array_start, ABSOLUTE (.))
 *(.fini_array)
                0x00002d00                PROVIDE (__fini_array_end, ABSOLUTE (.))
 *(.eh_frame)
 *(.gcc_except_table)
 *(.dynamic)
                0x00002d00                PROVIDE (__CTOR_LIST__, ABSOLUTE (.))
 *(.ctors)
 *(SORT(.ctors.*))
                0x00002d00                PROVIDE (__CTOR_END__, ABSOLUTE (.))
                0x00002d00                PROVIDE (__DTOR_LIST__, ABSOLUTE (.))
 *(.dtors)
 *(SORT(.dtors.*))
                0x00002d00                PROVIDE (__DTOR_END__, ABSOLUTE (.))
 *(.jcr)
                0x00002d00                . = ALIGN (0x4)

.rodata         0x00002d00       0x28
                0x00002d00                PROVIDE (__ram_rodata_start, ABSOLUTE (.))
                0x00002d00                . = ALIGN (0x4)
 *(.rodata .rodata.* .gnu.linkonce.r.*)
 .rodata.str1.4
                0x00002d00       0x28 obj/default/hello_world_small.o
 *(.rodata1)
                0x00002d28                . = ALIGN (0x4)
                0x00002d28                PROVIDE (__ram_rodata_end, ABSOLUTE (.))
                0x00002d00                PROVIDE (__flash_rodata_start, LOADADDR (.rodata))

.rwdata         0x00002d28       0xf0 load address 0x00002e18
                0x00002d28                PROVIDE (__ram_rwdata_start, ABSOLUTE (.))
                0x00002d28                . = ALIGN (0x4)
 *(.got.plt)
 *(.got)
 *(.data1)
 *(.data .data.* .gnu.linkonce.d.*)
 .data          0x00002d28        0x0 ../Tpg_Scaler_bsp//obj/HAL/src/crt0.o
 .data          0x00002d28        0x0 obj/default/hello_world_small.o
 .data          0x00002d28        0x0 /mnt/ssd2/Altera_Quartus_13/nios2eds/bin/gnu/H-i686-pc-linux-gnu/bin/../lib/gcc/nios2-elf/4.1.2/../../../../nios2-elf/lib/mno-hw-mul/libsmallc.a(lib_a-printf.o)
 .data          0x00002d28        0x0 /mnt/ssd2/Altera_Quartus_13/nios2eds/bin/gnu/H-i686-pc-linux-gnu/bin/../lib/gcc/nios2-elf/4.1.2/../../../../nios2-elf/lib/mno-hw-mul/libsmallc.a(lib_a-vfprintf.o)
 .data          0x00002d28        0x0 /mnt/ssd2/Altera_Quartus_13/nios2eds/bin/gnu/H-i686-pc-linux-gnu/bin/../lib/gcc/nios2-elf/4.1.2/../../../../nios2-elf/lib/mno-hw-mul/libsmallc.a(lib_a-fvwrite_small_dev.o)
 .data          0x00002d28       0xe0 /mnt/ssd2/Altera_Quartus_13/nios2eds/bin/gnu/H-i686-pc-linux-gnu/bin/../lib/gcc/nios2-elf/4.1.2/../../../../nios2-elf/lib/mno-hw-mul/libsmallc.a(lib_a-impure.o)
 .data          0x00002e08        0x0 /mnt/ssd2/Altera_Quartus_13/nios2eds/bin/gnu/H-i686-pc-linux-gnu/bin/../lib/gcc/nios2-elf/4.1.2/../../../../nios2-elf/lib/mno-hw-mul/libsmallc.a(lib_a-strlen.o)
 .data          0x00002e08        0x0 /mnt/ssd2/Altera_Quartus_13/nios2eds/bin/gnu/H-i686-pc-linux-gnu/bin/../lib/gcc/nios2-elf/4.1.2/../../../../nios2-elf/lib/mno-hw-mul/libsmallc.a(lib_a-writer.o)
 .data          0x00002e08        0x0 /mnt/ssd2/Altera_Quartus_13/nios2eds/bin/gnu/H-i686-pc-linux-gnu/bin/../lib/gcc/nios2-elf/4.1.2/../../../../nios2-elf/lib/mno-hw-mul/libsmallc.a(lib_a-int_errno.o)
 .data          0x00002e08        0x0 /mnt/ssd2/Altera_Quartus_13/nios2eds/bin/gnu/H-i686-pc-linux-gnu/bin/../lib/gcc/nios2-elf/4.1.2/mno-hw-mul/libgcc.a(lib2-divmod.o)
 .data          0x00002e08        0x0 /mnt/ssd2/Altera_Quartus_13/nios2eds/bin/gnu/H-i686-pc-linux-gnu/bin/../lib/gcc/nios2-elf/4.1.2/mno-hw-mul/libgcc.a(lib2-mul.o)
 .data          0x00002e08        0x0 ../Tpg_Scaler_bsp//libhal_bsp.a(alt_load.o)
 .data          0x00002e08        0x0 ../Tpg_Scaler_bsp//libhal_bsp.a(alt_main.o)
 .data          0x00002e08        0x0 ../Tpg_Scaler_bsp//libhal_bsp.a(alt_write.o)
 .data          0x00002e08        0x0 ../Tpg_Scaler_bsp//libhal_bsp.a(alt_sys_init.o)
 .data          0x00002e08        0x0 ../Tpg_Scaler_bsp//libhal_bsp.a(altera_avalon_jtag_uart_write.o)
 .data          0x00002e08        0x0 ../Tpg_Scaler_bsp//libhal_bsp.a(alt_dcache_flush_all.o)
 .data          0x00002e08        0x0 ../Tpg_Scaler_bsp//libhal_bsp.a(alt_errno.o)
 .data          0x00002e08        0x0 ../Tpg_Scaler_bsp//libhal_bsp.a(alt_icache_flush_all.o)
 .data          0x00002e08        0x0 ../Tpg_Scaler_bsp//libhal_bsp.a(altera_nios2_qsys_irq.o)
                0x0000ae08                _gp = ABSOLUTE ((. + 0x8000))
                0x0000ae08                PROVIDE (gp, _gp)
 *(.rwdata .rwdata.*)
 *(.sdata .sdata.* .gnu.linkonce.s.*)
 .sdata         0x00002e08        0x8 /mnt/ssd2/Altera_Quartus_13/nios2eds/bin/gnu/H-i686-pc-linux-gnu/bin/../lib/gcc/nios2-elf/4.1.2/../../../../nios2-elf/lib/mno-hw-mul/libsmallc.a(lib_a-impure.o)
                0x00002e08                _impure_ptr
                0x00002e0c                _global_impure_ptr
 .sdata         0x00002e10        0x4 ../Tpg_Scaler_bsp//libhal_bsp.a(alt_sys_init.o)
                0x00002e10                jtag_uart_0
 .sdata         0x00002e14        0x4 ../Tpg_Scaler_bsp//libhal_bsp.a(alt_errno.o)
                0x00002e14                alt_errno
 *(.sdata2 .sdata2.* .gnu.linkonce.s2.*)
                0x00002e18                . = ALIGN (0x4)
                0x00002e18                _edata = ABSOLUTE (.)
                0x00002e18                PROVIDE (edata, ABSOLUTE (.))
                0x00002e18                PROVIDE (__ram_rwdata_end, ABSOLUTE (.))
                0x00002e18                PROVIDE (__flash_rwdata_start, LOADADDR (.rwdata))

.bss            0x00002f08       0x10
                0x00002f08                __bss_start = ABSOLUTE (.)
                0x00002f08                PROVIDE (__sbss_start, ABSOLUTE (.))
                0x00002f08                PROVIDE (___sbss_start, ABSOLUTE (.))
 *(.dynsbss)
 *(.sbss .sbss.* .gnu.linkonce.sb.*)
 .sbss          0x00002f08        0x4 /mnt/ssd2/Altera_Quartus_13/nios2eds/bin/gnu/H-i686-pc-linux-gnu/bin/../lib/gcc/nios2-elf/4.1.2/../../../../nios2-elf/lib/mno-hw-mul/libsmallc.a(lib_a-int_errno.o)
                0x00002f08                errno
 .sbss          0x00002f0c        0xc ../Tpg_Scaler_bsp//libhal_bsp.a(alt_main.o)
                0x00002f0c                alt_argc
                0x00002f10                alt_argv
                0x00002f14                alt_envp
 *(.sbss2 .sbss2.* .gnu.linkonce.sb2.*)
 *(.scommon)
                0x00002f18                PROVIDE (__sbss_end, ABSOLUTE (.))
                0x00002f18                PROVIDE (___sbss_end, ABSOLUTE (.))
 *(.dynbss)
 *(.bss .bss.* .gnu.linkonce.b.*)
 .bss           0x00002f18        0x0 ../Tpg_Scaler_bsp//obj/HAL/src/crt0.o
 .bss           0x00002f18        0x0 obj/default/hello_world_small.o
 .bss           0x00002f18        0x0 /mnt/ssd2/Altera_Quartus_13/nios2eds/bin/gnu/H-i686-pc-linux-gnu/bin/../lib/gcc/nios2-elf/4.1.2/../../../../nios2-elf/lib/mno-hw-mul/libsmallc.a(lib_a-printf.o)
 .bss           0x00002f18        0x0 /mnt/ssd2/Altera_Quartus_13/nios2eds/bin/gnu/H-i686-pc-linux-gnu/bin/../lib/gcc/nios2-elf/4.1.2/../../../../nios2-elf/lib/mno-hw-mul/libsmallc.a(lib_a-vfprintf.o)
 .bss           0x00002f18        0x0 /mnt/ssd2/Altera_Quartus_13/nios2eds/bin/gnu/H-i686-pc-linux-gnu/bin/../lib/gcc/nios2-elf/4.1.2/../../../../nios2-elf/lib/mno-hw-mul/libsmallc.a(lib_a-fvwrite_small_dev.o)
 .bss           0x00002f18        0x0 /mnt/ssd2/Altera_Quartus_13/nios2eds/bin/gnu/H-i686-pc-linux-gnu/bin/../lib/gcc/nios2-elf/4.1.2/../../../../nios2-elf/lib/mno-hw-mul/libsmallc.a(lib_a-impure.o)
 .bss           0x00002f18        0x0 /mnt/ssd2/Altera_Quartus_13/nios2eds/bin/gnu/H-i686-pc-linux-gnu/bin/../lib/gcc/nios2-elf/4.1.2/../../../../nios2-elf/lib/mno-hw-mul/libsmallc.a(lib_a-strlen.o)
 .bss           0x00002f18        0x0 /mnt/ssd2/Altera_Quartus_13/nios2eds/bin/gnu/H-i686-pc-linux-gnu/bin/../lib/gcc/nios2-elf/4.1.2/../../../../nios2-elf/lib/mno-hw-mul/libsmallc.a(lib_a-writer.o)
 .bss           0x00002f18        0x0 /mnt/ssd2/Altera_Quartus_13/nios2eds/bin/gnu/H-i686-pc-linux-gnu/bin/../lib/gcc/nios2-elf/4.1.2/../../../../nios2-elf/lib/mno-hw-mul/libsmallc.a(lib_a-int_errno.o)
 .bss           0x00002f18        0x0 /mnt/ssd2/Altera_Quartus_13/nios2eds/bin/gnu/H-i686-pc-linux-gnu/bin/../lib/gcc/nios2-elf/4.1.2/mno-hw-mul/libgcc.a(lib2-divmod.o)
 .bss           0x00002f18        0x0 /mnt/ssd2/Altera_Quartus_13/nios2eds/bin/gnu/H-i686-pc-linux-gnu/bin/../lib/gcc/nios2-elf/4.1.2/mno-hw-mul/libgcc.a(lib2-mul.o)
 .bss           0x00002f18        0x0 ../Tpg_Scaler_bsp//libhal_bsp.a(alt_load.o)
 .bss           0x00002f18        0x0 ../Tpg_Scaler_bsp//libhal_bsp.a(alt_main.o)
 .bss           0x00002f18        0x0 ../Tpg_Scaler_bsp//libhal_bsp.a(alt_write.o)
 .bss           0x00002f18        0x0 ../Tpg_Scaler_bsp//libhal_bsp.a(alt_sys_init.o)
 .bss           0x00002f18        0x0 ../Tpg_Scaler_bsp//libhal_bsp.a(altera_avalon_jtag_uart_write.o)
 .bss           0x00002f18        0x0 ../Tpg_Scaler_bsp//libhal_bsp.a(alt_dcache_flush_all.o)
 .bss           0x00002f18        0x0 ../Tpg_Scaler_bsp//libhal_bsp.a(alt_errno.o)
 .bss           0x00002f18        0x0 ../Tpg_Scaler_bsp//libhal_bsp.a(alt_icache_flush_all.o)
 .bss           0x00002f18        0x0 ../Tpg_Scaler_bsp//libhal_bsp.a(altera_nios2_qsys_irq.o)
 *(COMMON)
                0x00002f18                . = ALIGN (0x4)
                0x00002f18                __bss_end = ABSOLUTE (.)

.onchip_memory2_0
                0x00002f18        0x0
                0x00002f18                PROVIDE (_alt_partition_onchip_memory2_0_start, ABSOLUTE (.))
 *(.onchip_memory2_0. onchip_memory2_0.*)
                0x00002f18                . = ALIGN (0x4)
                0x00002f18                PROVIDE (_alt_partition_onchip_memory2_0_end, ABSOLUTE (.))
                0x00002f18                _end = ABSOLUTE (.)
                0x00002f18                end = ABSOLUTE (.)
                0x00002f18                __alt_stack_base = ABSOLUTE (.)
                0x00002f18                PROVIDE (_alt_partition_onchip_memory2_0_load_addr, LOADADDR (.onchip_memory2_0))

.stab
 *(.stab)

.stabstr
 *(.stabstr)

.stab.excl
 *(.stab.excl)

.stab.exclstr
 *(.stab.exclstr)

.stab.index
 *(.stab.index)

.stab.indexstr
 *(.stab.indexstr)

.comment        0x00000000       0x26
 *(.comment)
 .comment       0x00000000       0x26 obj/default/hello_world_small.o
                                 0x27 (size before relaxing)
 .comment       0x00000000       0x27 /mnt/ssd2/Altera_Quartus_13/nios2eds/bin/gnu/H-i686-pc-linux-gnu/bin/../lib/gcc/nios2-elf/4.1.2/../../../../nios2-elf/lib/mno-hw-mul/libsmallc.a(lib_a-printf.o)
 .comment       0x00000000       0x27 /mnt/ssd2/Altera_Quartus_13/nios2eds/bin/gnu/H-i686-pc-linux-gnu/bin/../lib/gcc/nios2-elf/4.1.2/../../../../nios2-elf/lib/mno-hw-mul/libsmallc.a(lib_a-vfprintf.o)
 .comment       0x00000000       0x27 /mnt/ssd2/Altera_Quartus_13/nios2eds/bin/gnu/H-i686-pc-linux-gnu/bin/../lib/gcc/nios2-elf/4.1.2/../../../../nios2-elf/lib/mno-hw-mul/libsmallc.a(lib_a-fvwrite_small_dev.o)
 .comment       0x00000000       0x27 /mnt/ssd2/Altera_Quartus_13/nios2eds/bin/gnu/H-i686-pc-linux-gnu/bin/../lib/gcc/nios2-elf/4.1.2/../../../../nios2-elf/lib/mno-hw-mul/libsmallc.a(lib_a-impure.o)
 .comment       0x00000000       0x27 /mnt/ssd2/Altera_Quartus_13/nios2eds/bin/gnu/H-i686-pc-linux-gnu/bin/../lib/gcc/nios2-elf/4.1.2/../../../../nios2-elf/lib/mno-hw-mul/libsmallc.a(lib_a-strlen.o)
 .comment       0x00000000       0x27 /mnt/ssd2/Altera_Quartus_13/nios2eds/bin/gnu/H-i686-pc-linux-gnu/bin/../lib/gcc/nios2-elf/4.1.2/../../../../nios2-elf/lib/mno-hw-mul/libsmallc.a(lib_a-writer.o)
 .comment       0x00000000       0x27 /mnt/ssd2/Altera_Quartus_13/nios2eds/bin/gnu/H-i686-pc-linux-gnu/bin/../lib/gcc/nios2-elf/4.1.2/../../../../nios2-elf/lib/mno-hw-mul/libsmallc.a(lib_a-int_errno.o)
 .comment       0x00000000       0x27 /mnt/ssd2/Altera_Quartus_13/nios2eds/bin/gnu/H-i686-pc-linux-gnu/bin/../lib/gcc/nios2-elf/4.1.2/mno-hw-mul/libgcc.a(lib2-divmod.o)
 .comment       0x00000000       0x27 /mnt/ssd2/Altera_Quartus_13/nios2eds/bin/gnu/H-i686-pc-linux-gnu/bin/../lib/gcc/nios2-elf/4.1.2/mno-hw-mul/libgcc.a(lib2-mul.o)
 .comment       0x00000000       0x27 ../Tpg_Scaler_bsp//libhal_bsp.a(alt_load.o)
 .comment       0x00000000       0x27 ../Tpg_Scaler_bsp//libhal_bsp.a(alt_main.o)
 .comment       0x00000000       0x27 ../Tpg_Scaler_bsp//libhal_bsp.a(alt_write.o)
 .comment       0x00000000       0x27 ../Tpg_Scaler_bsp//libhal_bsp.a(alt_sys_init.o)
 .comment       0x00000000       0x27 ../Tpg_Scaler_bsp//libhal_bsp.a(altera_avalon_jtag_uart_write.o)
 .comment       0x00000000       0x27 ../Tpg_Scaler_bsp//libhal_bsp.a(alt_dcache_flush_all.o)
 .comment       0x00000000       0x27 ../Tpg_Scaler_bsp//libhal_bsp.a(alt_errno.o)
 .comment       0x00000000       0x27 ../Tpg_Scaler_bsp//libhal_bsp.a(alt_icache_flush_all.o)
 .comment       0x00000000       0x27 ../Tpg_Scaler_bsp//libhal_bsp.a(altera_nios2_qsys_irq.o)

.debug
 *(.debug)

.line
 *(.line)

.debug_srcinfo
 *(.debug_srcinfo)

.debug_sfnames
 *(.debug_sfnames)

.debug_aranges  0x00000000      0x228
 *(.debug_aranges)
 .debug_aranges
                0x00000000       0x28 ../Tpg_Scaler_bsp//obj/HAL/src/crt0.o
 .debug_aranges
                0x00000028       0x20 obj/default/hello_world_small.o
 .debug_aranges
                0x00000048       0x20 /mnt/ssd2/Altera_Quartus_13/nios2eds/bin/gnu/H-i686-pc-linux-gnu/bin/../lib/gcc/nios2-elf/4.1.2/../../../../nios2-elf/lib/mno-hw-mul/libsmallc.a(lib_a-printf.o)
 .debug_aranges
                0x00000068       0x20 /mnt/ssd2/Altera_Quartus_13/nios2eds/bin/gnu/H-i686-pc-linux-gnu/bin/../lib/gcc/nios2-elf/4.1.2/../../../../nios2-elf/lib/mno-hw-mul/libsmallc.a(lib_a-vfprintf.o)
 .debug_aranges
                0x00000088       0x20 /mnt/ssd2/Altera_Quartus_13/nios2eds/bin/gnu/H-i686-pc-linux-gnu/bin/../lib/gcc/nios2-elf/4.1.2/../../../../nios2-elf/lib/mno-hw-mul/libsmallc.a(lib_a-fvwrite_small_dev.o)
 .debug_aranges
                0x000000a8       0x20 /mnt/ssd2/Altera_Quartus_13/nios2eds/bin/gnu/H-i686-pc-linux-gnu/bin/../lib/gcc/nios2-elf/4.1.2/../../../../nios2-elf/lib/mno-hw-mul/libsmallc.a(lib_a-strlen.o)
 .debug_aranges
                0x000000c8       0x20 /mnt/ssd2/Altera_Quartus_13/nios2eds/bin/gnu/H-i686-pc-linux-gnu/bin/../lib/gcc/nios2-elf/4.1.2/../../../../nios2-elf/lib/mno-hw-mul/libsmallc.a(lib_a-writer.o)
 .debug_aranges
                0x000000e8       0x20 /mnt/ssd2/Altera_Quartus_13/nios2eds/bin/gnu/H-i686-pc-linux-gnu/bin/../lib/gcc/nios2-elf/4.1.2/mno-hw-mul/libgcc.a(lib2-divmod.o)
 .debug_aranges
                0x00000108       0x20 /mnt/ssd2/Altera_Quartus_13/nios2eds/bin/gnu/H-i686-pc-linux-gnu/bin/../lib/gcc/nios2-elf/4.1.2/mno-hw-mul/libgcc.a(lib2-mul.o)
 .debug_aranges
                0x00000128       0x20 ../Tpg_Scaler_bsp//libhal_bsp.a(alt_load.o)
 .debug_aranges
                0x00000148       0x20 ../Tpg_Scaler_bsp//libhal_bsp.a(alt_main.o)
 .debug_aranges
                0x00000168       0x20 ../Tpg_Scaler_bsp//libhal_bsp.a(alt_write.o)
 .debug_aranges
                0x00000188       0x20 ../Tpg_Scaler_bsp//libhal_bsp.a(alt_sys_init.o)
 .debug_aranges
                0x000001a8       0x20 ../Tpg_Scaler_bsp//libhal_bsp.a(altera_avalon_jtag_uart_write.o)
 .debug_aranges
                0x000001c8       0x20 ../Tpg_Scaler_bsp//libhal_bsp.a(alt_dcache_flush_all.o)
 .debug_aranges
                0x000001e8       0x20 ../Tpg_Scaler_bsp//libhal_bsp.a(alt_icache_flush_all.o)
 .debug_aranges
                0x00000208       0x20 ../Tpg_Scaler_bsp//libhal_bsp.a(altera_nios2_qsys_irq.o)

.debug_pubnames
                0x00000000      0x34e
 *(.debug_pubnames)
 .debug_pubnames
                0x00000000       0x1b obj/default/hello_world_small.o
 .debug_pubnames
                0x0000001b       0x2b /mnt/ssd2/Altera_Quartus_13/nios2eds/bin/gnu/H-i686-pc-linux-gnu/bin/../lib/gcc/nios2-elf/4.1.2/../../../../nios2-elf/lib/mno-hw-mul/libsmallc.a(lib_a-printf.o)
 .debug_pubnames
                0x00000046       0x45 /mnt/ssd2/Altera_Quartus_13/nios2eds/bin/gnu/H-i686-pc-linux-gnu/bin/../lib/gcc/nios2-elf/4.1.2/../../../../nios2-elf/lib/mno-hw-mul/libsmallc.a(lib_a-vfprintf.o)
 .debug_pubnames
                0x0000008b       0x2b /mnt/ssd2/Altera_Quartus_13/nios2eds/bin/gnu/H-i686-pc-linux-gnu/bin/../lib/gcc/nios2-elf/4.1.2/../../../../nios2-elf/lib/mno-hw-mul/libsmallc.a(lib_a-fvwrite_small_dev.o)
 .debug_pubnames
                0x000000b6       0x39 /mnt/ssd2/Altera_Quartus_13/nios2eds/bin/gnu/H-i686-pc-linux-gnu/bin/../lib/gcc/nios2-elf/4.1.2/../../../../nios2-elf/lib/mno-hw-mul/libsmallc.a(lib_a-impure.o)
 .debug_pubnames
                0x000000ef       0x1d /mnt/ssd2/Altera_Quartus_13/nios2eds/bin/gnu/H-i686-pc-linux-gnu/bin/../lib/gcc/nios2-elf/4.1.2/../../../../nios2-elf/lib/mno-hw-mul/libsmallc.a(lib_a-strlen.o)
 .debug_pubnames
                0x0000010c       0x1f /mnt/ssd2/Altera_Quartus_13/nios2eds/bin/gnu/H-i686-pc-linux-gnu/bin/../lib/gcc/nios2-elf/4.1.2/../../../../nios2-elf/lib/mno-hw-mul/libsmallc.a(lib_a-writer.o)
 .debug_pubnames
                0x0000012b       0x1c /mnt/ssd2/Altera_Quartus_13/nios2eds/bin/gnu/H-i686-pc-linux-gnu/bin/../lib/gcc/nios2-elf/4.1.2/../../../../nios2-elf/lib/mno-hw-mul/libsmallc.a(lib_a-int_errno.o)
 .debug_pubnames
                0x00000147       0x48 /mnt/ssd2/Altera_Quartus_13/nios2eds/bin/gnu/H-i686-pc-linux-gnu/bin/../lib/gcc/nios2-elf/4.1.2/mno-hw-mul/libgcc.a(lib2-divmod.o)
 .debug_pubnames
                0x0000018f       0x1f /mnt/ssd2/Altera_Quartus_13/nios2eds/bin/gnu/H-i686-pc-linux-gnu/bin/../lib/gcc/nios2-elf/4.1.2/mno-hw-mul/libgcc.a(lib2-mul.o)
 .debug_pubnames
                0x000001ae       0x1f ../Tpg_Scaler_bsp//libhal_bsp.a(alt_load.o)
 .debug_pubnames
                0x000001cd       0x46 ../Tpg_Scaler_bsp//libhal_bsp.a(alt_main.o)
 .debug_pubnames
                0x00000213       0x1c ../Tpg_Scaler_bsp//libhal_bsp.a(alt_write.o)
 .debug_pubnames
                0x0000022f       0x44 ../Tpg_Scaler_bsp//libhal_bsp.a(alt_sys_init.o)
 .debug_pubnames
                0x00000273       0x34 ../Tpg_Scaler_bsp//libhal_bsp.a(altera_avalon_jtag_uart_write.o)
 .debug_pubnames
                0x000002a7       0x2b ../Tpg_Scaler_bsp//libhal_bsp.a(alt_dcache_flush_all.o)
 .debug_pubnames
                0x000002d2       0x20 ../Tpg_Scaler_bsp//libhal_bsp.a(alt_errno.o)
 .debug_pubnames
                0x000002f2       0x2b ../Tpg_Scaler_bsp//libhal_bsp.a(alt_icache_flush_all.o)
 .debug_pubnames
                0x0000031d       0x31 ../Tpg_Scaler_bsp//libhal_bsp.a(altera_nios2_qsys_irq.o)

.debug_info     0x00000000     0x3283
 *(.debug_info .gnu.linkonce.wi.*)
 .debug_info    0x00000000       0x6a ../Tpg_Scaler_bsp//obj/HAL/src/crt0.o
 .debug_info    0x0000006a       0xc4 obj/default/hello_world_small.o
 .debug_info    0x0000012e      0x6c8 /mnt/ssd2/Altera_Quartus_13/nios2eds/bin/gnu/H-i686-pc-linux-gnu/bin/../lib/gcc/nios2-elf/4.1.2/../../../../nios2-elf/lib/mno-hw-mul/libsmallc.a(lib_a-printf.o)
 .debug_info    0x000007f6      0x9b6 /mnt/ssd2/Altera_Quartus_13/nios2eds/bin/gnu/H-i686-pc-linux-gnu/bin/../lib/gcc/nios2-elf/4.1.2/../../../../nios2-elf/lib/mno-hw-mul/libsmallc.a(lib_a-vfprintf.o)
 .debug_info    0x000011ac      0x68e /mnt/ssd2/Altera_Quartus_13/nios2eds/bin/gnu/H-i686-pc-linux-gnu/bin/../lib/gcc/nios2-elf/4.1.2/../../../../nios2-elf/lib/mno-hw-mul/libsmallc.a(lib_a-fvwrite_small_dev.o)
 .debug_info    0x0000183a      0x636 /mnt/ssd2/Altera_Quartus_13/nios2eds/bin/gnu/H-i686-pc-linux-gnu/bin/../lib/gcc/nios2-elf/4.1.2/../../../../nios2-elf/lib/mno-hw-mul/libsmallc.a(lib_a-impure.o)
 .debug_info    0x00001e70       0xc2 /mnt/ssd2/Altera_Quartus_13/nios2eds/bin/gnu/H-i686-pc-linux-gnu/bin/../lib/gcc/nios2-elf/4.1.2/../../../../nios2-elf/lib/mno-hw-mul/libsmallc.a(lib_a-strlen.o)
 .debug_info    0x00001f32      0x68c /mnt/ssd2/Altera_Quartus_13/nios2eds/bin/gnu/H-i686-pc-linux-gnu/bin/../lib/gcc/nios2-elf/4.1.2/../../../../nios2-elf/lib/mno-hw-mul/libsmallc.a(lib_a-writer.o)
 .debug_info    0x000025be       0x8c /mnt/ssd2/Altera_Quartus_13/nios2eds/bin/gnu/H-i686-pc-linux-gnu/bin/../lib/gcc/nios2-elf/4.1.2/../../../../nios2-elf/lib/mno-hw-mul/libsmallc.a(lib_a-int_errno.o)
 .debug_info    0x0000264a      0x21c /mnt/ssd2/Altera_Quartus_13/nios2eds/bin/gnu/H-i686-pc-linux-gnu/bin/../lib/gcc/nios2-elf/4.1.2/mno-hw-mul/libgcc.a(lib2-divmod.o)
 .debug_info    0x00002866       0xf3 /mnt/ssd2/Altera_Quartus_13/nios2eds/bin/gnu/H-i686-pc-linux-gnu/bin/../lib/gcc/nios2-elf/4.1.2/mno-hw-mul/libgcc.a(lib2-mul.o)
 .debug_info    0x00002959      0x12e ../Tpg_Scaler_bsp//libhal_bsp.a(alt_load.o)
 .debug_info    0x00002a87      0x125 ../Tpg_Scaler_bsp//libhal_bsp.a(alt_main.o)
 .debug_info    0x00002bac      0x179 ../Tpg_Scaler_bsp//libhal_bsp.a(alt_write.o)
 .debug_info    0x00002d25      0x17d ../Tpg_Scaler_bsp//libhal_bsp.a(alt_sys_init.o)
 .debug_info    0x00002ea2      0x18f ../Tpg_Scaler_bsp//libhal_bsp.a(altera_avalon_jtag_uart_write.o)
 .debug_info    0x00003031       0x8d ../Tpg_Scaler_bsp//libhal_bsp.a(alt_dcache_flush_all.o)
 .debug_info    0x000030be       0xab ../Tpg_Scaler_bsp//libhal_bsp.a(alt_errno.o)
 .debug_info    0x00003169       0x8d ../Tpg_Scaler_bsp//libhal_bsp.a(alt_icache_flush_all.o)
 .debug_info    0x000031f6       0x8d ../Tpg_Scaler_bsp//libhal_bsp.a(altera_nios2_qsys_irq.o)

.debug_abbrev   0x00000000      0xf8a
 *(.debug_abbrev)
 .debug_abbrev  0x00000000       0x12 ../Tpg_Scaler_bsp//obj/HAL/src/crt0.o
 .debug_abbrev  0x00000012       0x60 obj/default/hello_world_small.o
 .debug_abbrev  0x00000072      0x179 /mnt/ssd2/Altera_Quartus_13/nios2eds/bin/gnu/H-i686-pc-linux-gnu/bin/../lib/gcc/nios2-elf/4.1.2/../../../../nios2-elf/lib/mno-hw-mul/libsmallc.a(lib_a-printf.o)
 .debug_abbrev  0x000001eb      0x263 /mnt/ssd2/Altera_Quartus_13/nios2eds/bin/gnu/H-i686-pc-linux-gnu/bin/../lib/gcc/nios2-elf/4.1.2/../../../../nios2-elf/lib/mno-hw-mul/libsmallc.a(lib_a-vfprintf.o)
 .debug_abbrev  0x0000044e      0x179 /mnt/ssd2/Altera_Quartus_13/nios2eds/bin/gnu/H-i686-pc-linux-gnu/bin/../lib/gcc/nios2-elf/4.1.2/../../../../nios2-elf/lib/mno-hw-mul/libsmallc.a(lib_a-fvwrite_small_dev.o)
 .debug_abbrev  0x000005c7      0x13f /mnt/ssd2/Altera_Quartus_13/nios2eds/bin/gnu/H-i686-pc-linux-gnu/bin/../lib/gcc/nios2-elf/4.1.2/../../../../nios2-elf/lib/mno-hw-mul/libsmallc.a(lib_a-impure.o)
 .debug_abbrev  0x00000706       0x7a /mnt/ssd2/Altera_Quartus_13/nios2eds/bin/gnu/H-i686-pc-linux-gnu/bin/../lib/gcc/nios2-elf/4.1.2/../../../../nios2-elf/lib/mno-hw-mul/libsmallc.a(lib_a-strlen.o)
 .debug_abbrev  0x00000780      0x16c /mnt/ssd2/Altera_Quartus_13/nios2eds/bin/gnu/H-i686-pc-linux-gnu/bin/../lib/gcc/nios2-elf/4.1.2/../../../../nios2-elf/lib/mno-hw-mul/libsmallc.a(lib_a-writer.o)
 .debug_abbrev  0x000008ec       0x3b /mnt/ssd2/Altera_Quartus_13/nios2eds/bin/gnu/H-i686-pc-linux-gnu/bin/../lib/gcc/nios2-elf/4.1.2/../../../../nios2-elf/lib/mno-hw-mul/libsmallc.a(lib_a-int_errno.o)
 .debug_abbrev  0x00000927       0xe0 /mnt/ssd2/Altera_Quartus_13/nios2eds/bin/gnu/H-i686-pc-linux-gnu/bin/../lib/gcc/nios2-elf/4.1.2/mno-hw-mul/libgcc.a(lib2-divmod.o)
 .debug_abbrev  0x00000a07       0x7b /mnt/ssd2/Altera_Quartus_13/nios2eds/bin/gnu/H-i686-pc-linux-gnu/bin/../lib/gcc/nios2-elf/4.1.2/mno-hw-mul/libgcc.a(lib2-mul.o)
 .debug_abbrev  0x00000a82       0x97 ../Tpg_Scaler_bsp//libhal_bsp.a(alt_load.o)
 .debug_abbrev  0x00000b19       0xa6 ../Tpg_Scaler_bsp//libhal_bsp.a(alt_main.o)
 .debug_abbrev  0x00000bbf       0xdd ../Tpg_Scaler_bsp//libhal_bsp.a(alt_write.o)
 .debug_abbrev  0x00000c9c       0xe3 ../Tpg_Scaler_bsp//libhal_bsp.a(alt_sys_init.o)
 .debug_abbrev  0x00000d7f       0xf0 ../Tpg_Scaler_bsp//libhal_bsp.a(altera_avalon_jtag_uart_write.o)
 .debug_abbrev  0x00000e6f       0x3f ../Tpg_Scaler_bsp//libhal_bsp.a(alt_dcache_flush_all.o)
 .debug_abbrev  0x00000eae       0x5e ../Tpg_Scaler_bsp//libhal_bsp.a(alt_errno.o)
 .debug_abbrev  0x00000f0c       0x3f ../Tpg_Scaler_bsp//libhal_bsp.a(alt_icache_flush_all.o)
 .debug_abbrev  0x00000f4b       0x3f ../Tpg_Scaler_bsp//libhal_bsp.a(altera_nios2_qsys_irq.o)

.debug_line     0x00000000     0x3033
 *(.debug_line)
 .debug_line    0x00000000       0x66 ../Tpg_Scaler_bsp//obj/HAL/src/crt0.o
 .debug_line    0x00000066      0x20e obj/default/hello_world_small.o
 .debug_line    0x00000274      0x2be /mnt/ssd2/Altera_Quartus_13/nios2eds/bin/gnu/H-i686-pc-linux-gnu/bin/../lib/gcc/nios2-elf/4.1.2/../../../../nios2-elf/lib/mno-hw-mul/libsmallc.a(lib_a-printf.o)
 .debug_line    0x00000532      0x666 /mnt/ssd2/Altera_Quartus_13/nios2eds/bin/gnu/H-i686-pc-linux-gnu/bin/../lib/gcc/nios2-elf/4.1.2/../../../../nios2-elf/lib/mno-hw-mul/libsmallc.a(lib_a-vfprintf.o)
 .debug_line    0x00000b98      0x2a9 /mnt/ssd2/Altera_Quartus_13/nios2eds/bin/gnu/H-i686-pc-linux-gnu/bin/../lib/gcc/nios2-elf/4.1.2/../../../../nios2-elf/lib/mno-hw-mul/libsmallc.a(lib_a-fvwrite_small_dev.o)
 .debug_line    0x00000e41      0x230 /mnt/ssd2/Altera_Quartus_13/nios2eds/bin/gnu/H-i686-pc-linux-gnu/bin/../lib/gcc/nios2-elf/4.1.2/../../../../nios2-elf/lib/mno-hw-mul/libsmallc.a(lib_a-impure.o)
 .debug_line    0x00001071      0x250 /mnt/ssd2/Altera_Quartus_13/nios2eds/bin/gnu/H-i686-pc-linux-gnu/bin/../lib/gcc/nios2-elf/4.1.2/../../../../nios2-elf/lib/mno-hw-mul/libsmallc.a(lib_a-strlen.o)
 .debug_line    0x000012c1      0x29d /mnt/ssd2/Altera_Quartus_13/nios2eds/bin/gnu/H-i686-pc-linux-gnu/bin/../lib/gcc/nios2-elf/4.1.2/../../../../nios2-elf/lib/mno-hw-mul/libsmallc.a(lib_a-writer.o)
 .debug_line    0x0000155e      0x1e2 /mnt/ssd2/Altera_Quartus_13/nios2eds/bin/gnu/H-i686-pc-linux-gnu/bin/../lib/gcc/nios2-elf/4.1.2/../../../../nios2-elf/lib/mno-hw-mul/libsmallc.a(lib_a-int_errno.o)
 .debug_line    0x00001740      0x2c6 /mnt/ssd2/Altera_Quartus_13/nios2eds/bin/gnu/H-i686-pc-linux-gnu/bin/../lib/gcc/nios2-elf/4.1.2/mno-hw-mul/libgcc.a(lib2-divmod.o)
 .debug_line    0x00001a06      0x191 /mnt/ssd2/Altera_Quartus_13/nios2eds/bin/gnu/H-i686-pc-linux-gnu/bin/../lib/gcc/nios2-elf/4.1.2/mno-hw-mul/libgcc.a(lib2-mul.o)
 .debug_line    0x00001b97      0x22b ../Tpg_Scaler_bsp//libhal_bsp.a(alt_load.o)
 .debug_line    0x00001dc2      0x2d6 ../Tpg_Scaler_bsp//libhal_bsp.a(alt_main.o)
 .debug_line    0x00002098      0x2bf ../Tpg_Scaler_bsp//libhal_bsp.a(alt_write.o)
 .debug_line    0x00002357      0x2a2 ../Tpg_Scaler_bsp//libhal_bsp.a(alt_sys_init.o)
 .debug_line    0x000025f9      0x308 ../Tpg_Scaler_bsp//libhal_bsp.a(altera_avalon_jtag_uart_write.o)
 .debug_line    0x00002901      0x1c9 ../Tpg_Scaler_bsp//libhal_bsp.a(alt_dcache_flush_all.o)
 .debug_line    0x00002aca      0x1be ../Tpg_Scaler_bsp//libhal_bsp.a(alt_errno.o)
 .debug_line    0x00002c88      0x1c9 ../Tpg_Scaler_bsp//libhal_bsp.a(alt_icache_flush_all.o)
 .debug_line    0x00002e51      0x1e2 ../Tpg_Scaler_bsp//libhal_bsp.a(altera_nios2_qsys_irq.o)

.debug_frame    0x00000000      0x31c
 *(.debug_frame)
 .debug_frame   0x00000000       0x2c obj/default/hello_world_small.o
 .debug_frame   0x0000002c       0x40 /mnt/ssd2/Altera_Quartus_13/nios2eds/bin/gnu/H-i686-pc-linux-gnu/bin/../lib/gcc/nios2-elf/4.1.2/../../../../nios2-elf/lib/mno-hw-mul/libsmallc.a(lib_a-printf.o)
 .debug_frame   0x0000006c       0x64 /mnt/ssd2/Altera_Quartus_13/nios2eds/bin/gnu/H-i686-pc-linux-gnu/bin/../lib/gcc/nios2-elf/4.1.2/../../../../nios2-elf/lib/mno-hw-mul/libsmallc.a(lib_a-vfprintf.o)
 .debug_frame   0x000000d0       0x30 /mnt/ssd2/Altera_Quartus_13/nios2eds/bin/gnu/H-i686-pc-linux-gnu/bin/../lib/gcc/nios2-elf/4.1.2/../../../../nios2-elf/lib/mno-hw-mul/libsmallc.a(lib_a-fvwrite_small_dev.o)
 .debug_frame   0x00000100       0x20 /mnt/ssd2/Altera_Quartus_13/nios2eds/bin/gnu/H-i686-pc-linux-gnu/bin/../lib/gcc/nios2-elf/4.1.2/../../../../nios2-elf/lib/mno-hw-mul/libsmallc.a(lib_a-strlen.o)
 .debug_frame   0x00000120       0x2c /mnt/ssd2/Altera_Quartus_13/nios2eds/bin/gnu/H-i686-pc-linux-gnu/bin/../lib/gcc/nios2-elf/4.1.2/../../../../nios2-elf/lib/mno-hw-mul/libsmallc.a(lib_a-writer.o)
 .debug_frame   0x0000014c       0x70 /mnt/ssd2/Altera_Quartus_13/nios2eds/bin/gnu/H-i686-pc-linux-gnu/bin/../lib/gcc/nios2-elf/4.1.2/mno-hw-mul/libgcc.a(lib2-divmod.o)
 .debug_frame   0x000001bc       0x20 /mnt/ssd2/Altera_Quartus_13/nios2eds/bin/gnu/H-i686-pc-linux-gnu/bin/../lib/gcc/nios2-elf/4.1.2/mno-hw-mul/libgcc.a(lib2-mul.o)
 .debug_frame   0x000001dc       0x38 ../Tpg_Scaler_bsp//libhal_bsp.a(alt_load.o)
 .debug_frame   0x00000214       0x28 ../Tpg_Scaler_bsp//libhal_bsp.a(alt_main.o)
 .debug_frame   0x0000023c       0x28 ../Tpg_Scaler_bsp//libhal_bsp.a(alt_write.o)
 .debug_frame   0x00000264       0x38 ../Tpg_Scaler_bsp//libhal_bsp.a(alt_sys_init.o)
 .debug_frame   0x0000029c       0x20 ../Tpg_Scaler_bsp//libhal_bsp.a(altera_avalon_jtag_uart_write.o)
 .debug_frame   0x000002bc       0x20 ../Tpg_Scaler_bsp//libhal_bsp.a(alt_dcache_flush_all.o)
 .debug_frame   0x000002dc       0x20 ../Tpg_Scaler_bsp//libhal_bsp.a(alt_icache_flush_all.o)
 .debug_frame   0x000002fc       0x20 ../Tpg_Scaler_bsp//libhal_bsp.a(altera_nios2_qsys_irq.o)

.debug_str      0x00000000      0xd60
 *(.debug_str)
 .debug_str     0x00000000       0xb4 obj/default/hello_world_small.o
                                 0xf2 (size before relaxing)
 .debug_str     0x000000b4      0x3a8 /mnt/ssd2/Altera_Quartus_13/nios2eds/bin/gnu/H-i686-pc-linux-gnu/bin/../lib/gcc/nios2-elf/4.1.2/../../../../nios2-elf/lib/mno-hw-mul/libsmallc.a(lib_a-printf.o)
                                0x46b (size before relaxing)
 .debug_str     0x0000045c      0x162 /mnt/ssd2/Altera_Quartus_13/nios2eds/bin/gnu/H-i686-pc-linux-gnu/bin/../lib/gcc/nios2-elf/4.1.2/../../../../nios2-elf/lib/mno-hw-mul/libsmallc.a(lib_a-vfprintf.o)
                                0x5b4 (size before relaxing)
 .debug_str     0x000005be       0x70 /mnt/ssd2/Altera_Quartus_13/nios2eds/bin/gnu/H-i686-pc-linux-gnu/bin/../lib/gcc/nios2-elf/4.1.2/../../../../nios2-elf/lib/mno-hw-mul/libsmallc.a(lib_a-fvwrite_small_dev.o)
                                0x46f (size before relaxing)
 .debug_str     0x0000062e       0xfd /mnt/ssd2/Altera_Quartus_13/nios2eds/bin/gnu/H-i686-pc-linux-gnu/bin/../lib/gcc/nios2-elf/4.1.2/../../../../nios2-elf/lib/mno-hw-mul/libsmallc.a(lib_a-impure.o)
                                0x462 (size before relaxing)
 .debug_str     0x0000072b       0xe7 /mnt/ssd2/Altera_Quartus_13/nios2eds/bin/gnu/H-i686-pc-linux-gnu/bin/../lib/gcc/nios2-elf/4.1.2/../../../../nios2-elf/lib/mno-hw-mul/libsmallc.a(lib_a-strlen.o)
                                0x189 (size before relaxing)
 .debug_str     0x00000812       0x4f /mnt/ssd2/Altera_Quartus_13/nios2eds/bin/gnu/H-i686-pc-linux-gnu/bin/../lib/gcc/nios2-elf/4.1.2/../../../../nios2-elf/lib/mno-hw-mul/libsmallc.a(lib_a-writer.o)
                                0x456 (size before relaxing)
 .debug_str     0x00000861       0x40 /mnt/ssd2/Altera_Quartus_13/nios2eds/bin/gnu/H-i686-pc-linux-gnu/bin/../lib/gcc/nios2-elf/4.1.2/../../../../nios2-elf/lib/mno-hw-mul/libsmallc.a(lib_a-int_errno.o)
                                0x17c (size before relaxing)
 .debug_str     0x000008a1      0x110 /mnt/ssd2/Altera_Quartus_13/nios2eds/bin/gnu/H-i686-pc-linux-gnu/bin/../lib/gcc/nios2-elf/4.1.2/mno-hw-mul/libgcc.a(lib2-divmod.o)
                                0x1b9 (size before relaxing)
 .debug_str     0x000009b1       0x37 /mnt/ssd2/Altera_Quartus_13/nios2eds/bin/gnu/H-i686-pc-linux-gnu/bin/../lib/gcc/nios2-elf/4.1.2/mno-hw-mul/libgcc.a(lib2-mul.o)
                                0x17a (size before relaxing)
 .debug_str     0x000009e8      0x12a ../Tpg_Scaler_bsp//libhal_bsp.a(alt_load.o)
                                0x1bf (size before relaxing)
 .debug_str     0x00000b12       0x70 ../Tpg_Scaler_bsp//libhal_bsp.a(alt_main.o)
                                0x143 (size before relaxing)
 .debug_str     0x00000b82       0x58 ../Tpg_Scaler_bsp//libhal_bsp.a(alt_write.o)
                                0x16f (size before relaxing)
 .debug_str     0x00000bda       0x85 ../Tpg_Scaler_bsp//libhal_bsp.a(alt_sys_init.o)
                                0x1b8 (size before relaxing)
 .debug_str     0x00000c5f       0x4a ../Tpg_Scaler_bsp//libhal_bsp.a(altera_avalon_jtag_uart_write.o)
                                0x1bb (size before relaxing)
 .debug_str     0x00000ca9       0x34 ../Tpg_Scaler_bsp//libhal_bsp.a(alt_dcache_flush_all.o)
                                0x102 (size before relaxing)
 .debug_str     0x00000cdd       0x14 ../Tpg_Scaler_bsp//libhal_bsp.a(alt_errno.o)
                                 0xf2 (size before relaxing)
 .debug_str     0x00000cf1       0x34 ../Tpg_Scaler_bsp//libhal_bsp.a(alt_icache_flush_all.o)
                                0x102 (size before relaxing)
 .debug_str     0x00000d25       0x3b ../Tpg_Scaler_bsp//libhal_bsp.a(altera_nios2_qsys_irq.o)
                                0x109 (size before relaxing)

.debug_loc      0x00000000      0xe8c
 *(.debug_loc)
 .debug_loc     0x00000000       0x1f obj/default/hello_world_small.o
 .debug_loc     0x0000001f       0x8d /mnt/ssd2/Altera_Quartus_13/nios2eds/bin/gnu/H-i686-pc-linux-gnu/bin/../lib/gcc/nios2-elf/4.1.2/../../../../nios2-elf/lib/mno-hw-mul/libsmallc.a(lib_a-printf.o)
 .debug_loc     0x000000ac      0x878 /mnt/ssd2/Altera_Quartus_13/nios2eds/bin/gnu/H-i686-pc-linux-gnu/bin/../lib/gcc/nios2-elf/4.1.2/../../../../nios2-elf/lib/mno-hw-mul/libsmallc.a(lib_a-vfprintf.o)
 .debug_loc     0x00000924      0x162 /mnt/ssd2/Altera_Quartus_13/nios2eds/bin/gnu/H-i686-pc-linux-gnu/bin/../lib/gcc/nios2-elf/4.1.2/../../../../nios2-elf/lib/mno-hw-mul/libsmallc.a(lib_a-fvwrite_small_dev.o)
 .debug_loc     0x00000a86       0x1e /mnt/ssd2/Altera_Quartus_13/nios2eds/bin/gnu/H-i686-pc-linux-gnu/bin/../lib/gcc/nios2-elf/4.1.2/../../../../nios2-elf/lib/mno-hw-mul/libsmallc.a(lib_a-strlen.o)
 .debug_loc     0x00000aa4       0x97 /mnt/ssd2/Altera_Quartus_13/nios2eds/bin/gnu/H-i686-pc-linux-gnu/bin/../lib/gcc/nios2-elf/4.1.2/../../../../nios2-elf/lib/mno-hw-mul/libsmallc.a(lib_a-writer.o)
 .debug_loc     0x00000b3b      0x1d2 /mnt/ssd2/Altera_Quartus_13/nios2eds/bin/gnu/H-i686-pc-linux-gnu/bin/../lib/gcc/nios2-elf/4.1.2/mno-hw-mul/libgcc.a(lib2-divmod.o)
 .debug_loc     0x00000d0d       0x4f /mnt/ssd2/Altera_Quartus_13/nios2eds/bin/gnu/H-i686-pc-linux-gnu/bin/../lib/gcc/nios2-elf/4.1.2/mno-hw-mul/libgcc.a(lib2-mul.o)
 .debug_loc     0x00000d5c       0x1f ../Tpg_Scaler_bsp//libhal_bsp.a(alt_load.o)
 .debug_loc     0x00000d7b       0x1f ../Tpg_Scaler_bsp//libhal_bsp.a(alt_main.o)
 .debug_loc     0x00000d9a       0x9a ../Tpg_Scaler_bsp//libhal_bsp.a(alt_write.o)
 .debug_loc     0x00000e34       0x32 ../Tpg_Scaler_bsp//libhal_bsp.a(alt_sys_init.o)
 .debug_loc     0x00000e66       0x26 ../Tpg_Scaler_bsp//libhal_bsp.a(altera_avalon_jtag_uart_write.o)

.debug_macinfo
 *(.debug_macinfo)

.debug_weaknames
 *(.debug_weaknames)

.debug_funcnames
 *(.debug_funcnames)

.debug_typenames
 *(.debug_typenames)

.debug_varnames
 *(.debug_varnames)

.debug_alt_sim_info
                0x00000000       0x10
 *(.debug_alt_sim_info)
 .debug_alt_sim_info
                0x00000000       0x10 ../Tpg_Scaler_bsp//obj/HAL/src/crt0.o
                0x00004000                __alt_data_end = 0x4000
                0x00004000                PROVIDE (__alt_stack_pointer, __alt_data_end)
                0x00002f18                PROVIDE (__alt_stack_limit, __alt_stack_base)
                0x00002f18                PROVIDE (__alt_heap_start, end)
                0x00004000                PROVIDE (__alt_heap_limit, 0x4000)
OUTPUT(Tpg_Scaler.elf elf32-littlenios2)

.debug_ranges   0x00000000      0x160
 .debug_ranges  0x00000000       0x20 ../Tpg_Scaler_bsp//obj/HAL/src/crt0.o
 .debug_ranges  0x00000020      0x140 /mnt/ssd2/Altera_Quartus_13/nios2eds/bin/gnu/H-i686-pc-linux-gnu/bin/../lib/gcc/nios2-elf/4.1.2/../../../../nios2-elf/lib/mno-hw-mul/libsmallc.a(lib_a-vfprintf.o)
