Info: Generated by version: 25.1.1 build 125
Info: Starting: Create simulation model
Info: qsys-generate /mnt/ssd2/hamza/hello_world/ip/niosv/niosv_intel_vvp_tpg_0.ip --simulation=VERILOG --allow-mixed-language-simulation --simulator=MODELSIM --output-directory=/mnt/ssd2/hamza/hello_world/ip/niosv/niosv_intel_vvp_tpg_0 --family="Agilex 5" --part=A5ED065BB32AE6SR0
Info: niosv_intel_vvp_tpg_0: "Transforming system: niosv_intel_vvp_tpg_0"
Info: Interconnect is inserted between master slave_interface.av_mm_master and slave scheduler.av_mm_slave because the master has address signal 8 bit wide, but the slave is 6 bit wide.
Info: Interconnect is inserted between master mm_reset_hold.av_mm_master and slave ro_reg.av_mm_slave because the master has address signal 9 bit wide, but the slave is 7 bit wide.
Info: niosv_intel_vvp_tpg_0: "Naming system components in system: niosv_intel_vvp_tpg_0"
Info: niosv_intel_vvp_tpg_0: "Processing generation queue"
Info: niosv_intel_vvp_tpg_0: "Generating: niosv_intel_vvp_tpg_0"
Info: niosv_intel_vvp_tpg_0: "Generating: niosv_intel_vvp_tpg_0_intel_vvp_tpg_2451_fnvtpvy"
Info: niosv_intel_vvp_tpg_0: "Generating: intel_vvp_reset_sync"
Info: niosv_intel_vvp_tpg_0: "Generating: intel_vvp_tpg_scheduler"
Info: niosv_intel_vvp_tpg_0: "Generating: intel_vvp_output_interface_bridge"
Info: niosv_intel_vvp_tpg_0: "Generating: intel_vvp_tpg_bars_algo_comp"
Info: niosv_intel_vvp_tpg_0: "Generating: niosv_intel_vvp_tpg_0_intel_vvp_slave_front_end_2441_witiuya"
Info: niosv_intel_vvp_tpg_0: "Generating: niosv_intel_vvp_tpg_0_altera_mm_interconnect_1920_vevxpda"
Info: niosv_intel_vvp_tpg_0: "Generating: intel_vvp_reset_bridge"
Info: niosv_intel_vvp_tpg_0: "Generating: niosv_intel_vvp_tpg_0_intel_vvp_ro_reg_servicer_2441_xz5geqq"
Info: niosv_intel_vvp_tpg_0: "Generating: intel_vvp_mm_agent_reset_hold"
Info: niosv_intel_vvp_tpg_0: "Generating: niosv_intel_vvp_tpg_0_altera_mm_interconnect_1920_epi4vay"
Info: niosv_intel_vvp_tpg_0: "Generating: niosv_intel_vvp_tpg_0_altera_merlin_master_translator_193_lgcew2q"
Info: niosv_intel_vvp_tpg_0: "Generating: niosv_intel_vvp_tpg_0_altera_merlin_slave_translator_191_xg7rzxi"
Info: niosv_intel_vvp_tpg_0: Done "niosv_intel_vvp_tpg_0" with 14 modules, 122 files
Info: Generating the following file(s) for MODELSIM simulator in /mnt/ssd2/hamza/hello_world/ip/niosv/niosv_intel_vvp_tpg_0/sim/ directory:
Info: 	common/modelsim_files.tcl
Info: For information on how to simulate your IP, see the explanatory comments in the simulator-specific subdirectories under /mnt/ssd2/hamza/hello_world/ip/niosv/niosv_intel_vvp_tpg_0/sim/.
Info: Regenerate these scripts whenever you make any change to any Quartus-generated IP in your project.
Info: Finished: Create simulation model
Info: Starting: Create simulation script
Info: sim-script-gen --system-file=/mnt/ssd2/hamza/hello_world/ip/niosv/niosv_intel_vvp_tpg_0.ip --simulator=MODELSIM --output-directory=/mnt/ssd2/hamza/hello_world/ip/niosv/niosv_intel_vvp_tpg_0/sim/ --use-relative-paths=true --modelsim-flow=traditional
Info: Generating the following file(s) for MODELSIM simulator in /mnt/ssd2/hamza/hello_world/ip/niosv/niosv_intel_vvp_tpg_0/sim/ directory:
Info: 	mentor/msim_setup.tcl
Info: 	mentor/run_msim_setup.tcl
Info: For information on how to simulate your IP, see the explanatory comments in the simulator-specific subdirectories under /mnt/ssd2/hamza/hello_world/ip/niosv/niosv_intel_vvp_tpg_0/sim/.
Info: Regenerate these scripts whenever you make any change to any Quartus-generated IP in your project.
Info: Finished: Create simulation script
Info: Starting: Create block symbol file (.bsf)
Info: qsys-generate /mnt/ssd2/hamza/hello_world/ip/niosv/niosv_intel_vvp_tpg_0.ip --block-symbol-file --output-directory=/mnt/ssd2/hamza/hello_world/ip/niosv/niosv_intel_vvp_tpg_0 --family="Agilex 5" --part=A5ED065BB32AE6SR0
Info: Finished: Create block symbol file (.bsf)
Info: 
Info: This IP does not support greybox generation. Skipping greybox generation for /mnt/ssd2/hamza/hello_world/ip/niosv/niosv_intel_vvp_tpg_0.ip.
Info: Starting: Create HDL design files for synthesis
Info: qsys-generate /mnt/ssd2/hamza/hello_world/ip/niosv/niosv_intel_vvp_tpg_0.ip --synthesis=VERILOG --output-directory=/mnt/ssd2/hamza/hello_world/ip/niosv/niosv_intel_vvp_tpg_0 --family="Agilex 5" --part=A5ED065BB32AE6SR0
Info: niosv_intel_vvp_tpg_0: "Transforming system: niosv_intel_vvp_tpg_0"
Info: Interconnect is inserted between master slave_interface.av_mm_master and slave scheduler.av_mm_slave because the master has address signal 8 bit wide, but the slave is 6 bit wide.
Info: Interconnect is inserted between master mm_reset_hold.av_mm_master and slave ro_reg.av_mm_slave because the master has address signal 9 bit wide, but the slave is 7 bit wide.
Info: niosv_intel_vvp_tpg_0: "Naming system components in system: niosv_intel_vvp_tpg_0"
Info: niosv_intel_vvp_tpg_0: "Processing generation queue"
Info: niosv_intel_vvp_tpg_0: "Generating: niosv_intel_vvp_tpg_0"
Info: niosv_intel_vvp_tpg_0: "Generating: niosv_intel_vvp_tpg_0_intel_vvp_tpg_2451_fnvtpvy"
Info: niosv_intel_vvp_tpg_0: "Generating: intel_vvp_reset_sync"
Info: niosv_intel_vvp_tpg_0: "Generating: intel_vvp_tpg_scheduler"
Info: niosv_intel_vvp_tpg_0: "Generating: intel_vvp_output_interface_bridge"
Info: niosv_intel_vvp_tpg_0: "Generating: intel_vvp_tpg_bars_algo_comp"
Info: niosv_intel_vvp_tpg_0: "Generating: niosv_intel_vvp_tpg_0_intel_vvp_slave_front_end_2441_witiuya"
Info: niosv_intel_vvp_tpg_0: "Generating: niosv_intel_vvp_tpg_0_altera_mm_interconnect_1920_vevxpda"
Info: niosv_intel_vvp_tpg_0: "Generating: intel_vvp_reset_bridge"
Info: niosv_intel_vvp_tpg_0: "Generating: niosv_intel_vvp_tpg_0_intel_vvp_ro_reg_servicer_2441_xz5geqq"
Info: niosv_intel_vvp_tpg_0: "Generating: intel_vvp_mm_agent_reset_hold"
Info: niosv_intel_vvp_tpg_0: "Generating: niosv_intel_vvp_tpg_0_altera_mm_interconnect_1920_epi4vay"
Info: niosv_intel_vvp_tpg_0: "Generating: niosv_intel_vvp_tpg_0_altera_merlin_master_translator_193_lgcew2q"
Info: niosv_intel_vvp_tpg_0: "Generating: niosv_intel_vvp_tpg_0_altera_merlin_slave_translator_191_xg7rzxi"
Info: niosv_intel_vvp_tpg_0: Done "niosv_intel_vvp_tpg_0" with 14 modules, 38 files
Info: Finished: Create HDL design files for synthesis
Info: Starting: IP-XACT
Info: qsys-generate /mnt/ssd2/hamza/hello_world/ip/niosv/niosv_intel_vvp_tpg_0.ip --synthesis=VERILOG --ipxact --output-directory=/mnt/ssd2/hamza/hello_world/ip/niosv/niosv_intel_vvp_tpg_0 --family="Agilex 5" --part=A5ED065BB32AE6SR0
Info: Finished: IP-XACT
Info: Starting: Generate IP Core Documentation
Info: No documentation filesets were found for components in niosv_intel_vvp_tpg_0. No files generated.
Info: Finished: Generate IP Core Documentation
