Info: Generated by version: 25.1.1 build 125
Info: Starting: Create simulation model
Info: qsys-generate /home/lpt-10xe/Desktop/Internship10x/tpg_full_mode_configurable/platform/ip/tpg_ip/tpg_ip_intel_vvp_tpg_0.ip --simulation=VERILOG --allow-mixed-language-simulation --simulator=MODELSIM --output-directory=/home/lpt-10xe/Desktop/Internship10x/tpg_full_mode_configurable/platform/ip/tpg_ip/tpg_ip_intel_vvp_tpg_0 --family="Cyclone 10 GX" --part=10CX220YF780I5G
Info: tpg_ip_intel_vvp_tpg_0: "Transforming system: tpg_ip_intel_vvp_tpg_0"
Info: Interconnect is inserted between master slave_interface.av_mm_master and slave scheduler.av_mm_slave because the master has address signal 8 bit wide, but the slave is 6 bit wide.
Info: Interconnect is inserted between master mm_reset_hold.av_mm_master and slave ro_reg.av_mm_slave because the master has address signal 9 bit wide, but the slave is 7 bit wide.
Info: tpg_ip_intel_vvp_tpg_0: "Naming system components in system: tpg_ip_intel_vvp_tpg_0"
Info: tpg_ip_intel_vvp_tpg_0: "Processing generation queue"
Info: tpg_ip_intel_vvp_tpg_0: "Generating: tpg_ip_intel_vvp_tpg_0"
Info: tpg_ip_intel_vvp_tpg_0: "Generating: tpg_ip_intel_vvp_tpg_0_intel_vvp_tpg_2451_fnvtpvy"
Info: tpg_ip_intel_vvp_tpg_0: "Generating: intel_vvp_reset_sync"
Info: tpg_ip_intel_vvp_tpg_0: "Generating: intel_vvp_tpg_scheduler"
Info: tpg_ip_intel_vvp_tpg_0: "Generating: intel_vvp_output_interface_bridge"
Info: tpg_ip_intel_vvp_tpg_0: "Generating: intel_vvp_tpg_bars_algo_comp"
Info: tpg_ip_intel_vvp_tpg_0: "Generating: tpg_ip_intel_vvp_tpg_0_intel_vvp_slave_front_end_2441_witiuya"
Info: tpg_ip_intel_vvp_tpg_0: "Generating: tpg_ip_intel_vvp_tpg_0_altera_mm_interconnect_1920_vevxpda"
Info: tpg_ip_intel_vvp_tpg_0: "Generating: intel_vvp_reset_bridge"
Info: tpg_ip_intel_vvp_tpg_0: "Generating: tpg_ip_intel_vvp_tpg_0_intel_vvp_ro_reg_servicer_2441_xz5geqq"
Info: tpg_ip_intel_vvp_tpg_0: "Generating: intel_vvp_mm_agent_reset_hold"
Info: tpg_ip_intel_vvp_tpg_0: "Generating: tpg_ip_intel_vvp_tpg_0_altera_mm_interconnect_1920_epi4vay"
Info: tpg_ip_intel_vvp_tpg_0: "Generating: tpg_ip_intel_vvp_tpg_0_altera_merlin_master_translator_193_lgcew2q"
Info: tpg_ip_intel_vvp_tpg_0: "Generating: tpg_ip_intel_vvp_tpg_0_altera_merlin_slave_translator_191_xg7rzxi"
Info: tpg_ip_intel_vvp_tpg_0: Done "tpg_ip_intel_vvp_tpg_0" with 14 modules, 122 files
Info: Generating the following file(s) for MODELSIM simulator in /home/lpt-10xe/Desktop/Internship10x/tpg_full_mode_configurable/platform/ip/tpg_ip/tpg_ip_intel_vvp_tpg_0/sim/ directory:
Info: 	common/modelsim_files.tcl
Info: For information on how to simulate your IP, see the explanatory comments in the simulator-specific subdirectories under /home/lpt-10xe/Desktop/Internship10x/tpg_full_mode_configurable/platform/ip/tpg_ip/tpg_ip_intel_vvp_tpg_0/sim/.
Info: Regenerate these scripts whenever you make any change to any Quartus-generated IP in your project.
Info: Finished: Create simulation model
Info: Starting: Create simulation script
Info: sim-script-gen --system-file=/home/lpt-10xe/Desktop/Internship10x/tpg_full_mode_configurable/platform/ip/tpg_ip/tpg_ip_intel_vvp_tpg_0.ip --simulator=MODELSIM --output-directory=/home/lpt-10xe/Desktop/Internship10x/tpg_full_mode_configurable/platform/ip/tpg_ip/tpg_ip_intel_vvp_tpg_0/sim/ --use-relative-paths=true --modelsim-flow=traditional
Info: Generating the following file(s) for MODELSIM simulator in /home/lpt-10xe/Desktop/Internship10x/tpg_full_mode_configurable/platform/ip/tpg_ip/tpg_ip_intel_vvp_tpg_0/sim/ directory:
Info: 	mentor/msim_setup.tcl
Info: 	mentor/run_msim_setup.tcl
Info: For information on how to simulate your IP, see the explanatory comments in the simulator-specific subdirectories under /home/lpt-10xe/Desktop/Internship10x/tpg_full_mode_configurable/platform/ip/tpg_ip/tpg_ip_intel_vvp_tpg_0/sim/.
Info: Regenerate these scripts whenever you make any change to any Quartus-generated IP in your project.
Info: Finished: Create simulation script
Info: 
Info: Starting: Create HDL design files for synthesis
Info: qsys-generate /home/lpt-10xe/Desktop/Internship10x/tpg_full_mode_configurable/platform/ip/tpg_ip/tpg_ip_intel_vvp_tpg_0.ip --synthesis=VERILOG --output-directory=/home/lpt-10xe/Desktop/Internship10x/tpg_full_mode_configurable/platform/ip/tpg_ip/tpg_ip_intel_vvp_tpg_0 --family="Cyclone 10 GX" --part=10CX220YF780I5G
Info: tpg_ip_intel_vvp_tpg_0: "Transforming system: tpg_ip_intel_vvp_tpg_0"
Info: Interconnect is inserted between master slave_interface.av_mm_master and slave scheduler.av_mm_slave because the master has address signal 8 bit wide, but the slave is 6 bit wide.
Info: Interconnect is inserted between master mm_reset_hold.av_mm_master and slave ro_reg.av_mm_slave because the master has address signal 9 bit wide, but the slave is 7 bit wide.
Info: tpg_ip_intel_vvp_tpg_0: "Naming system components in system: tpg_ip_intel_vvp_tpg_0"
Info: tpg_ip_intel_vvp_tpg_0: "Processing generation queue"
Info: tpg_ip_intel_vvp_tpg_0: "Generating: tpg_ip_intel_vvp_tpg_0"
Info: tpg_ip_intel_vvp_tpg_0: "Generating: tpg_ip_intel_vvp_tpg_0_intel_vvp_tpg_2451_fnvtpvy"
Info: tpg_ip_intel_vvp_tpg_0: "Generating: intel_vvp_reset_sync"
Info: tpg_ip_intel_vvp_tpg_0: "Generating: intel_vvp_tpg_scheduler"
Info: tpg_ip_intel_vvp_tpg_0: "Generating: intel_vvp_output_interface_bridge"
Info: tpg_ip_intel_vvp_tpg_0: "Generating: intel_vvp_tpg_bars_algo_comp"
Info: tpg_ip_intel_vvp_tpg_0: "Generating: tpg_ip_intel_vvp_tpg_0_intel_vvp_slave_front_end_2441_witiuya"
Info: tpg_ip_intel_vvp_tpg_0: "Generating: tpg_ip_intel_vvp_tpg_0_altera_mm_interconnect_1920_vevxpda"
Info: tpg_ip_intel_vvp_tpg_0: "Generating: intel_vvp_reset_bridge"
Info: tpg_ip_intel_vvp_tpg_0: "Generating: tpg_ip_intel_vvp_tpg_0_intel_vvp_ro_reg_servicer_2441_xz5geqq"
Info: tpg_ip_intel_vvp_tpg_0: "Generating: intel_vvp_mm_agent_reset_hold"
Info: tpg_ip_intel_vvp_tpg_0: "Generating: tpg_ip_intel_vvp_tpg_0_altera_mm_interconnect_1920_epi4vay"
Info: tpg_ip_intel_vvp_tpg_0: "Generating: tpg_ip_intel_vvp_tpg_0_altera_merlin_master_translator_193_lgcew2q"
Info: tpg_ip_intel_vvp_tpg_0: "Generating: tpg_ip_intel_vvp_tpg_0_altera_merlin_slave_translator_191_xg7rzxi"
Info: tpg_ip_intel_vvp_tpg_0: Done "tpg_ip_intel_vvp_tpg_0" with 14 modules, 38 files
Info: Finished: Create HDL design files for synthesis
Info: Starting: Generate IP Core Documentation
Info: No documentation filesets were found for components in tpg_ip_intel_vvp_tpg_0. No files generated.
Info: Finished: Generate IP Core Documentation
