Info: Generated by version: 25.1.1 build 125
Info: Starting: Create simulation model
Info: qsys-generate /mnt/ssd2/Faruqi/pl_sys.qsys --simulation=VERILOG --allow-mixed-language-simulation --simulator=MODELSIM --output-directory=/mnt/ssd2/Faruqi/pl_sys --family="Cyclone 10 GX" --part=10CX220YF672E5G
Progress: Loading Faruqi/pl_sys.qsys
Progress: Reading input file
Progress: Parameterizing module clock_in
Progress: Parameterizing module intel_vvp_adv_tpg_0
Progress: Parameterizing module intel_vvp_dil_0
Progress: Parameterizing module reset_in
Progress: Building connections
Progress: Parameterizing connections
Progress: Validating
Progress: Done reading input file
Info: pl_sys: "Transforming system: pl_sys"
Info: pl_sys: "Naming system components in system: pl_sys"
Info: pl_sys: "Processing generation queue"
Info: pl_sys: "Generating: pl_sys"
Info: pl_sys: "Generating: pl_sys_clock_in"
Info: pl_sys: "Generating: pl_sys_intel_vvp_adv_tpg_0"
Info: pl_sys: "Generating: pl_sys_intel_vvp_dil_0"
Info: pl_sys: "Generating: pl_sys_reset_in"
Info: pl_sys: "Generating: altera_reset_controller"
Info: pl_sys: Done "pl_sys" with 6 modules, 4 files
Info: Generating the following file(s) for MODELSIM simulator in /mnt/ssd2/Faruqi/pl_sys/sim/ directory:
Info: 	common/modelsim_files.tcl
Info: For information on how to simulate your IP, see the explanatory comments in the simulator-specific subdirectories under /mnt/ssd2/Faruqi/pl_sys/sim/.
Info: Regenerate these scripts whenever you make any change to any Quartus-generated IP in your project.
Info: Finished: Create simulation model
Info: Starting: Create simulation script
Info: sim-script-gen --system-file=/mnt/ssd2/Faruqi/pl_sys.qsys --simulator=MODELSIM --output-directory=/mnt/ssd2/Faruqi/pl_sys/sim/ --use-relative-paths=true --modelsim-flow=traditional
Info: Generating the following file(s) for MODELSIM simulator in /mnt/ssd2/Faruqi/pl_sys/sim/ directory:
Info: 	mentor/msim_setup.tcl
Info: 	mentor/run_msim_setup.tcl
Info: For information on how to simulate your IP, see the explanatory comments in the simulator-specific subdirectories under /mnt/ssd2/Faruqi/pl_sys/sim/.
Info: Regenerate these scripts whenever you make any change to any Quartus-generated IP in your project.
Info: Finished: Create simulation script
Info: 
Info: Starting: Create HDL design files for synthesis
Info: qsys-generate /mnt/ssd2/Faruqi/pl_sys.qsys --synthesis=VERILOG --output-directory=/mnt/ssd2/Faruqi/pl_sys --family="Cyclone 10 GX" --part=10CX220YF672E5G
Progress: Loading Faruqi/pl_sys.qsys
Progress: Reading input file
Progress: Parameterizing module clock_in
Progress: Parameterizing module intel_vvp_adv_tpg_0
Progress: Parameterizing module intel_vvp_dil_0
Progress: Parameterizing module reset_in
Progress: Building connections
Progress: Parameterizing connections
Progress: Validating
Progress: Done reading input file
Info: pl_sys: "Transforming system: pl_sys"
Info: pl_sys: "Naming system components in system: pl_sys"
Info: pl_sys: "Processing generation queue"
Info: pl_sys: "Generating: pl_sys"
Info: pl_sys: "Generating: pl_sys_clock_in"
Info: pl_sys: "Generating: pl_sys_intel_vvp_adv_tpg_0"
Info: pl_sys: "Generating: pl_sys_intel_vvp_dil_0"
Info: pl_sys: "Generating: pl_sys_reset_in"
Info: pl_sys: "Generating: altera_reset_controller"
Info: pl_sys: Done "pl_sys" with 6 modules, 4 files
Info: Finished: Create HDL design files for synthesis
