Info: Generated by version: 25.1 build 129
Info: Starting: Create simulation model
Info: qsys-generate /home/lpt-10xe/Desktop/Internship10x/Clipper_IP/ip/clipper_ip/clipper_ip_reset_in.ip --simulation=VERILOG --allow-mixed-language-simulation --simulator=MODELSIM --output-directory=/home/lpt-10xe/Desktop/Internship10x/Clipper_IP/ip/clipper_ip/clipper_ip_reset_in --family="Cyclone 10 GX" --part=10CX220YF780I5G
Info: clipper_ip_reset_in: "Transforming system: clipper_ip_reset_in"
Info: clipper_ip_reset_in: "Naming system components in system: clipper_ip_reset_in"
Info: clipper_ip_reset_in: "Processing generation queue"
Info: clipper_ip_reset_in: "Generating: clipper_ip_reset_in"
Info: clipper_ip_reset_in: Done "clipper_ip_reset_in" with 1 modules, 1 files
Info: Generating the following file(s) for MODELSIM simulator in /home/lpt-10xe/Desktop/Internship10x/Clipper_IP/ip/clipper_ip/clipper_ip_reset_in/sim/ directory:
Info: 	common/modelsim_files.tcl
Info: For information on how to simulate your IP, see the explanatory comments in the simulator-specific subdirectories under /home/lpt-10xe/Desktop/Internship10x/Clipper_IP/ip/clipper_ip/clipper_ip_reset_in/sim/.
Info: Regenerate these scripts whenever you make any change to any Quartus-generated IP in your project.
Info: Finished: Create simulation model
Info: Starting: Create simulation script
Info: sim-script-gen --system-file=/home/lpt-10xe/Desktop/Internship10x/Clipper_IP/ip/clipper_ip/clipper_ip_reset_in.ip --simulator=MODELSIM --output-directory=/home/lpt-10xe/Desktop/Internship10x/Clipper_IP/ip/clipper_ip/clipper_ip_reset_in/sim/ --use-relative-paths=true --modelsim-flow=traditional
Info: Generating the following file(s) for MODELSIM simulator in /home/lpt-10xe/Desktop/Internship10x/Clipper_IP/ip/clipper_ip/clipper_ip_reset_in/sim/ directory:
Info: 	mentor/msim_setup.tcl
Info: 	mentor/run_msim_setup.tcl
Info: For information on how to simulate your IP, see the explanatory comments in the simulator-specific subdirectories under /home/lpt-10xe/Desktop/Internship10x/Clipper_IP/ip/clipper_ip/clipper_ip_reset_in/sim/.
Info: Regenerate these scripts whenever you make any change to any Quartus-generated IP in your project.
Info: Finished: Create simulation script
Info: 
Info: Starting: Create HDL design files for synthesis
Info: qsys-generate /home/lpt-10xe/Desktop/Internship10x/Clipper_IP/ip/clipper_ip/clipper_ip_reset_in.ip --synthesis=VERILOG --output-directory=/home/lpt-10xe/Desktop/Internship10x/Clipper_IP/ip/clipper_ip/clipper_ip_reset_in --family="Cyclone 10 GX" --part=10CX220YF780I5G
Info: clipper_ip_reset_in: "Transforming system: clipper_ip_reset_in"
Info: clipper_ip_reset_in: "Naming system components in system: clipper_ip_reset_in"
Info: clipper_ip_reset_in: "Processing generation queue"
Info: clipper_ip_reset_in: "Generating: clipper_ip_reset_in"
Info: clipper_ip_reset_in: Done "clipper_ip_reset_in" with 1 modules, 1 files
Info: Finished: Create HDL design files for synthesis
