Info: Generated by version: 25.1.1 build 125
Info: Starting: Create simulation model
Info: qsys-generate /mnt/ssd2/hamza/altera_video_pipeline/IPs/clipper_axisfull_reconfigurable/ip/clipper_ip/clipper_ip_intel_vvp_clipper_0.ip --simulation=VERILOG --allow-mixed-language-simulation --output-directory=/mnt/ssd2/hamza/altera_video_pipeline/IPs/clipper_axisfull_reconfigurable/ip/clipper_ip/clipper_ip_intel_vvp_clipper_0 --family="Cyclone 10 GX" --part=10CX220YF780I5G
Info: clipper_ip_intel_vvp_clipper_0: "Transforming system: clipper_ip_intel_vvp_clipper_0"
Info: Interconnect is inserted between master slave_interface.av_mm_master and slave scheduler.av_mm_slave because the master has address signal 7 bit wide, but the slave is 5 bit wide.
Info: Interconnect is inserted between master mm_reset_hold.av_mm_master and slave ro_reg.av_mm_slave because the master has address signal 9 bit wide, but the slave is 7 bit wide.
Info: clipper_ip_intel_vvp_clipper_0: "Naming system components in system: clipper_ip_intel_vvp_clipper_0"
Info: clipper_ip_intel_vvp_clipper_0: "Processing generation queue"
Info: clipper_ip_intel_vvp_clipper_0: "Generating: clipper_ip_intel_vvp_clipper_0"
Info: clipper_ip_intel_vvp_clipper_0: "Generating: clipper_ip_intel_vvp_clipper_0_intel_vvp_clipper_2451_czyt47i"
Info: clipper_ip_intel_vvp_clipper_0: "Generating: intel_vvp_reset_sync"
Info: clipper_ip_intel_vvp_clipper_0: "Generating: intel_vvp_input_interface_bridge"
Info: clipper_ip_intel_vvp_clipper_0: "Generating: intel_vvp_output_interface_bridge"
Info: clipper_ip_intel_vvp_clipper_0: "Generating: intel_vvp_clipper_scheduler"
Info: clipper_ip_intel_vvp_clipper_0: "Generating: intel_vvp_clipper_algo_comp"
Info: clipper_ip_intel_vvp_clipper_0: "Generating: clipper_ip_intel_vvp_clipper_0_intel_vvp_slave_front_end_2441_bjsqhuy"
Info: clipper_ip_intel_vvp_clipper_0: "Generating: clipper_ip_intel_vvp_clipper_0_altera_mm_interconnect_1920_vibtxqa"
Info: clipper_ip_intel_vvp_clipper_0: "Generating: intel_vvp_reset_bridge"
Info: clipper_ip_intel_vvp_clipper_0: "Generating: clipper_ip_intel_vvp_clipper_0_intel_vvp_ro_reg_servicer_2441_nuyi3qi"
Info: clipper_ip_intel_vvp_clipper_0: "Generating: intel_vvp_mm_agent_reset_hold"
Info: clipper_ip_intel_vvp_clipper_0: "Generating: clipper_ip_intel_vvp_clipper_0_altera_mm_interconnect_1920_epi4vay"
Info: clipper_ip_intel_vvp_clipper_0: "Generating: clipper_ip_intel_vvp_clipper_0_altera_merlin_master_translator_193_lgcew2q"
Info: clipper_ip_intel_vvp_clipper_0: "Generating: clipper_ip_intel_vvp_clipper_0_altera_merlin_slave_translator_191_xg7rzxi"
Info: clipper_ip_intel_vvp_clipper_0: Done "clipper_ip_intel_vvp_clipper_0" with 15 modules, 134 files
Info: Generating the following file(s) for MODELSIM simulator in /mnt/ssd2/hamza/altera_video_pipeline/IPs/clipper_axisfull_reconfigurable/ip/clipper_ip/clipper_ip_intel_vvp_clipper_0/sim/ directory:
Info: 	common/modelsim_files.tcl
Info: Generating the following file(s) for RIVIERA simulator in /mnt/ssd2/hamza/altera_video_pipeline/IPs/clipper_axisfull_reconfigurable/ip/clipper_ip/clipper_ip_intel_vvp_clipper_0/sim/ directory:
Info: 	common/riviera_files.tcl
Info: Generating the following file(s) for VCSMX simulator in /mnt/ssd2/hamza/altera_video_pipeline/IPs/clipper_axisfull_reconfigurable/ip/clipper_ip/clipper_ip_intel_vvp_clipper_0/sim/ directory:
Info: 	common/vcsmx_files.tcl
Info: Generating the following file(s) for XCELIUM simulator in /mnt/ssd2/hamza/altera_video_pipeline/IPs/clipper_axisfull_reconfigurable/ip/clipper_ip/clipper_ip_intel_vvp_clipper_0/sim/ directory:
Info: 	common/xcelium_files.tcl
Info: Generating the following file(s) for VCS simulator in /mnt/ssd2/hamza/altera_video_pipeline/IPs/clipper_axisfull_reconfigurable/ip/clipper_ip/clipper_ip_intel_vvp_clipper_0/sim/ directory:
Info: 	common/vcs_files.tcl
Info: For information on how to simulate your IP, see the explanatory comments in the simulator-specific subdirectories under /mnt/ssd2/hamza/altera_video_pipeline/IPs/clipper_axisfull_reconfigurable/ip/clipper_ip/clipper_ip_intel_vvp_clipper_0/sim/.
Info: Regenerate these scripts whenever you make any change to any Quartus-generated IP in your project.
Info: Finished: Create simulation model
Info: Starting: Create simulation script
Info: sim-script-gen --system-file=/mnt/ssd2/hamza/altera_video_pipeline/IPs/clipper_axisfull_reconfigurable/ip/clipper_ip/clipper_ip_intel_vvp_clipper_0.ip --output-directory=/mnt/ssd2/hamza/altera_video_pipeline/IPs/clipper_axisfull_reconfigurable/ip/clipper_ip/clipper_ip_intel_vvp_clipper_0/sim/ --use-relative-paths=true
Info: Generating the following file(s) for MODELSIM simulator in /mnt/ssd2/hamza/altera_video_pipeline/IPs/clipper_axisfull_reconfigurable/ip/clipper_ip/clipper_ip_intel_vvp_clipper_0/sim/ directory:
Info: 	mentor/msim_setup.tcl
Info: 	mentor/run_msim_setup.tcl
Info: Generating the following file(s) for RIVIERA simulator in /mnt/ssd2/hamza/altera_video_pipeline/IPs/clipper_axisfull_reconfigurable/ip/clipper_ip/clipper_ip_intel_vvp_clipper_0/sim/ directory:
Info: 	aldec/rivierapro_setup.tcl
Info: 	aldec/run_rivierapro_setup.tcl
Info: Generating the following file(s) for VCSMX simulator in /mnt/ssd2/hamza/altera_video_pipeline/IPs/clipper_axisfull_reconfigurable/ip/clipper_ip/clipper_ip_intel_vvp_clipper_0/sim/ directory:
Info: 	synopsys/vcsmx/_device_synopsys_sim.setup
Info: 	synopsys/vcsmx/synopsys_sim.setup
Info: 	synopsys/vcsmx/vcsmx_setup.sh
Info: Generating the following file(s) for XCELIUM simulator in /mnt/ssd2/hamza/altera_video_pipeline/IPs/clipper_axisfull_reconfigurable/ip/clipper_ip/clipper_ip_intel_vvp_clipper_0/sim/ directory:
Info: 	xcelium/cds.lib
Info: 	xcelium/hdl.var
Info: 	xcelium/xcelium_setup.sh
Info: 	16 .cds.lib files in xcelium/cds_libs/ directory
Info: Generating the following file(s) for VCS simulator in /mnt/ssd2/hamza/altera_video_pipeline/IPs/clipper_axisfull_reconfigurable/ip/clipper_ip/clipper_ip_intel_vvp_clipper_0/sim/ directory:
Info: 	synopsys/vcs/vcs_setup.sh
Info: For information on how to simulate your IP, see the explanatory comments in the simulator-specific subdirectories under /mnt/ssd2/hamza/altera_video_pipeline/IPs/clipper_axisfull_reconfigurable/ip/clipper_ip/clipper_ip_intel_vvp_clipper_0/sim/.
Info: Regenerate these scripts whenever you make any change to any Quartus-generated IP in your project.
Info: Finished: Create simulation script
Info: Starting: Create block symbol file (.bsf)
Info: qsys-generate /mnt/ssd2/hamza/altera_video_pipeline/IPs/clipper_axisfull_reconfigurable/ip/clipper_ip/clipper_ip_intel_vvp_clipper_0.ip --block-symbol-file --output-directory=/mnt/ssd2/hamza/altera_video_pipeline/IPs/clipper_axisfull_reconfigurable/ip/clipper_ip/clipper_ip_intel_vvp_clipper_0 --family="Cyclone 10 GX" --part=10CX220YF780I5G
Info: Finished: Create block symbol file (.bsf)
Info: 
Info: Starting: Create HDL design files for synthesis
Info: qsys-generate /mnt/ssd2/hamza/altera_video_pipeline/IPs/clipper_axisfull_reconfigurable/ip/clipper_ip/clipper_ip_intel_vvp_clipper_0.ip --synthesis=VERILOG --output-directory=/mnt/ssd2/hamza/altera_video_pipeline/IPs/clipper_axisfull_reconfigurable/ip/clipper_ip/clipper_ip_intel_vvp_clipper_0 --family="Cyclone 10 GX" --part=10CX220YF780I5G
Info: clipper_ip_intel_vvp_clipper_0: "Transforming system: clipper_ip_intel_vvp_clipper_0"
Info: Interconnect is inserted between master slave_interface.av_mm_master and slave scheduler.av_mm_slave because the master has address signal 7 bit wide, but the slave is 5 bit wide.
Info: Interconnect is inserted between master mm_reset_hold.av_mm_master and slave ro_reg.av_mm_slave because the master has address signal 9 bit wide, but the slave is 7 bit wide.
Info: clipper_ip_intel_vvp_clipper_0: "Naming system components in system: clipper_ip_intel_vvp_clipper_0"
Info: clipper_ip_intel_vvp_clipper_0: "Processing generation queue"
Info: clipper_ip_intel_vvp_clipper_0: "Generating: clipper_ip_intel_vvp_clipper_0"
Info: clipper_ip_intel_vvp_clipper_0: "Generating: clipper_ip_intel_vvp_clipper_0_intel_vvp_clipper_2451_czyt47i"
Info: clipper_ip_intel_vvp_clipper_0: "Generating: intel_vvp_reset_sync"
Info: clipper_ip_intel_vvp_clipper_0: "Generating: intel_vvp_input_interface_bridge"
Info: clipper_ip_intel_vvp_clipper_0: "Generating: intel_vvp_output_interface_bridge"
Info: clipper_ip_intel_vvp_clipper_0: "Generating: intel_vvp_clipper_scheduler"
Info: clipper_ip_intel_vvp_clipper_0: "Generating: intel_vvp_clipper_algo_comp"
Info: clipper_ip_intel_vvp_clipper_0: "Generating: clipper_ip_intel_vvp_clipper_0_intel_vvp_slave_front_end_2441_bjsqhuy"
Info: clipper_ip_intel_vvp_clipper_0: "Generating: clipper_ip_intel_vvp_clipper_0_altera_mm_interconnect_1920_vibtxqa"
Info: clipper_ip_intel_vvp_clipper_0: "Generating: intel_vvp_reset_bridge"
Info: clipper_ip_intel_vvp_clipper_0: "Generating: clipper_ip_intel_vvp_clipper_0_intel_vvp_ro_reg_servicer_2441_nuyi3qi"
Info: clipper_ip_intel_vvp_clipper_0: "Generating: intel_vvp_mm_agent_reset_hold"
Info: clipper_ip_intel_vvp_clipper_0: "Generating: clipper_ip_intel_vvp_clipper_0_altera_mm_interconnect_1920_epi4vay"
Info: clipper_ip_intel_vvp_clipper_0: "Generating: clipper_ip_intel_vvp_clipper_0_altera_merlin_master_translator_193_lgcew2q"
Info: clipper_ip_intel_vvp_clipper_0: "Generating: clipper_ip_intel_vvp_clipper_0_altera_merlin_slave_translator_191_xg7rzxi"
Info: clipper_ip_intel_vvp_clipper_0: Done "clipper_ip_intel_vvp_clipper_0" with 15 modules, 41 files
Info: Finished: Create HDL design files for synthesis
