Info: Generated by version: 25.1.1 build 125
Info: Starting: Create simulation model
Info: qsys-generate /mnt/ssd2/hamza/hello_world/ip/niosv/niosv_jtag_uart_0.ip --simulation=VERILOG --allow-mixed-language-simulation --simulator=MODELSIM --output-directory=/mnt/ssd2/hamza/hello_world/ip/niosv/niosv_jtag_uart_0 --family="Agilex 5" --part=A5ED065BB32AE6SR0
Info: niosv_jtag_uart_0.DEBUG: JTAG UART IP input clock need to be at least double (2x) the operating frequency of JTAG TCK on board
Info: niosv_jtag_uart_0: "Transforming system: niosv_jtag_uart_0"
Info: niosv_jtag_uart_0: "Naming system components in system: niosv_jtag_uart_0"
Info: niosv_jtag_uart_0: "Processing generation queue"
Info: niosv_jtag_uart_0: "Generating: niosv_jtag_uart_0"
Info: niosv_jtag_uart_0: "Generating: altera_avalon_jtag_uart"
Info: niosv_jtag_uart_0: Done "niosv_jtag_uart_0" with 2 modules, 7 files
Info: Generating the following file(s) for MODELSIM simulator in /mnt/ssd2/hamza/hello_world/ip/niosv/niosv_jtag_uart_0/sim/ directory:
Info: 	common/modelsim_files.tcl
Info: For information on how to simulate your IP, see the explanatory comments in the simulator-specific subdirectories under /mnt/ssd2/hamza/hello_world/ip/niosv/niosv_jtag_uart_0/sim/.
Info: Regenerate these scripts whenever you make any change to any Quartus-generated IP in your project.
Info: Finished: Create simulation model
Info: Starting: Create simulation script
Info: sim-script-gen --system-file=/mnt/ssd2/hamza/hello_world/ip/niosv/niosv_jtag_uart_0.ip --simulator=MODELSIM --output-directory=/mnt/ssd2/hamza/hello_world/ip/niosv/niosv_jtag_uart_0/sim/ --use-relative-paths=true --modelsim-flow=traditional
Info: Generating the following file(s) for MODELSIM simulator in /mnt/ssd2/hamza/hello_world/ip/niosv/niosv_jtag_uart_0/sim/ directory:
Info: 	mentor/msim_setup.tcl
Info: 	mentor/run_msim_setup.tcl
Info: For information on how to simulate your IP, see the explanatory comments in the simulator-specific subdirectories under /mnt/ssd2/hamza/hello_world/ip/niosv/niosv_jtag_uart_0/sim/.
Info: Regenerate these scripts whenever you make any change to any Quartus-generated IP in your project.
Info: Finished: Create simulation script
Info: Starting: Create block symbol file (.bsf)
Info: qsys-generate /mnt/ssd2/hamza/hello_world/ip/niosv/niosv_jtag_uart_0.ip --block-symbol-file --output-directory=/mnt/ssd2/hamza/hello_world/ip/niosv/niosv_jtag_uart_0 --family="Agilex 5" --part=A5ED065BB32AE6SR0
Info: niosv_jtag_uart_0.DEBUG: JTAG UART IP input clock need to be at least double (2x) the operating frequency of JTAG TCK on board
Info: Finished: Create block symbol file (.bsf)
Info: 
Info: This IP does not support greybox generation. Skipping greybox generation for /mnt/ssd2/hamza/hello_world/ip/niosv/niosv_jtag_uart_0.ip.
Info: Starting: Create HDL design files for synthesis
Info: qsys-generate /mnt/ssd2/hamza/hello_world/ip/niosv/niosv_jtag_uart_0.ip --synthesis=VERILOG --output-directory=/mnt/ssd2/hamza/hello_world/ip/niosv/niosv_jtag_uart_0 --family="Agilex 5" --part=A5ED065BB32AE6SR0
Info: niosv_jtag_uart_0.DEBUG: JTAG UART IP input clock need to be at least double (2x) the operating frequency of JTAG TCK on board
Info: niosv_jtag_uart_0: "Transforming system: niosv_jtag_uart_0"
Info: niosv_jtag_uart_0: "Naming system components in system: niosv_jtag_uart_0"
Info: niosv_jtag_uart_0: "Processing generation queue"
Info: niosv_jtag_uart_0: "Generating: niosv_jtag_uart_0"
Info: niosv_jtag_uart_0: "Generating: altera_avalon_jtag_uart"
Info: niosv_jtag_uart_0: Done "niosv_jtag_uart_0" with 2 modules, 7 files
Info: Finished: Create HDL design files for synthesis
Info: Starting: IP-XACT
Info: qsys-generate /mnt/ssd2/hamza/hello_world/ip/niosv/niosv_jtag_uart_0.ip --synthesis=VERILOG --ipxact --output-directory=/mnt/ssd2/hamza/hello_world/ip/niosv/niosv_jtag_uart_0 --family="Agilex 5" --part=A5ED065BB32AE6SR0
Info: Finished: IP-XACT
Info: Starting: Generate IP Core Documentation
Info: No documentation filesets were found for components in niosv_jtag_uart_0. No files generated.
Info: Finished: Generate IP Core Documentation
