Info: Generated by version: 25.1.1 build 125
Info: Starting: Create simulation model
Info: qsys-generate /home/lpt-10xe/Desktop/Internship10x/ColorSpace/platform/ip/color_space/color_space_intel_vvp_csc_0.ip --simulation=VERILOG --allow-mixed-language-simulation --simulator=MODELSIM --output-directory=/home/lpt-10xe/Desktop/Internship10x/ColorSpace/platform/ip/color_space/color_space_intel_vvp_csc_0 --family="Cyclone 10 GX" --part=10CX220YF780I5G
Info: color_space_intel_vvp_csc_0: "Transforming system: color_space_intel_vvp_csc_0"
Info: Interconnect is inserted between master slave_interface.av_mm_master and slave scheduler.av_mm_control_agent because the master has address signal 7 bit wide, but the slave is 5 bit wide.
Info: Interconnect is inserted between master mm_reset_hold.av_mm_master and slave ro_reg.av_mm_slave because the master has address signal 9 bit wide, but the slave is 7 bit wide.
Info: color_space_intel_vvp_csc_0: "Naming system components in system: color_space_intel_vvp_csc_0"
Info: color_space_intel_vvp_csc_0: "Processing generation queue"
Info: color_space_intel_vvp_csc_0: "Generating: color_space_intel_vvp_csc_0"
Info: color_space_intel_vvp_csc_0: "Generating: color_space_intel_vvp_csc_0_intel_vvp_csc_2451_gwvoqyi"
Info: color_space_intel_vvp_csc_0: "Generating: intel_vvp_reset_sync"
Info: color_space_intel_vvp_csc_0: "Generating: intel_vvp_csc_algo_comp"
Info: color_space_intel_vvp_csc_0: "Generating: intel_vvp_input_interface_bridge"
Info: color_space_intel_vvp_csc_0: "Generating: intel_vvp_output_interface_bridge"
Info: color_space_intel_vvp_csc_0: "Generating: intel_vvp_csc_scheduler"
Info: color_space_intel_vvp_csc_0: "Generating: color_space_intel_vvp_csc_0_intel_vvp_slave_front_end_2441_7fbb6zi"
Info: color_space_intel_vvp_csc_0: "Generating: color_space_intel_vvp_csc_0_altera_mm_interconnect_1920_e4nv6vy"
Info: color_space_intel_vvp_csc_0: "Generating: intel_vvp_reset_bridge"
Info: color_space_intel_vvp_csc_0: "Generating: color_space_intel_vvp_csc_0_intel_vvp_ro_reg_servicer_2441_utdfbgq"
Info: color_space_intel_vvp_csc_0: "Generating: intel_vvp_mm_agent_reset_hold"
Info: color_space_intel_vvp_csc_0: "Generating: color_space_intel_vvp_csc_0_altera_mm_interconnect_1920_epi4vay"
Info: color_space_intel_vvp_csc_0: "Generating: color_space_intel_vvp_csc_0_altera_merlin_master_translator_193_lgcew2q"
Info: color_space_intel_vvp_csc_0: "Generating: color_space_intel_vvp_csc_0_altera_merlin_slave_translator_191_xg7rzxi"
Info: color_space_intel_vvp_csc_0: Done "color_space_intel_vvp_csc_0" with 15 modules, 154 files
Info: Generating the following file(s) for MODELSIM simulator in /home/lpt-10xe/Desktop/Internship10x/ColorSpace/platform/ip/color_space/color_space_intel_vvp_csc_0/sim/ directory:
Info: 	common/modelsim_files.tcl
Info: For information on how to simulate your IP, see the explanatory comments in the simulator-specific subdirectories under /home/lpt-10xe/Desktop/Internship10x/ColorSpace/platform/ip/color_space/color_space_intel_vvp_csc_0/sim/.
Info: Regenerate these scripts whenever you make any change to any Quartus-generated IP in your project.
Info: Finished: Create simulation model
Info: Starting: Create simulation script
Info: sim-script-gen --system-file=/home/lpt-10xe/Desktop/Internship10x/ColorSpace/platform/ip/color_space/color_space_intel_vvp_csc_0.ip --simulator=MODELSIM --output-directory=/home/lpt-10xe/Desktop/Internship10x/ColorSpace/platform/ip/color_space/color_space_intel_vvp_csc_0/sim/ --use-relative-paths=true --modelsim-flow=traditional
Info: Generating the following file(s) for MODELSIM simulator in /home/lpt-10xe/Desktop/Internship10x/ColorSpace/platform/ip/color_space/color_space_intel_vvp_csc_0/sim/ directory:
Info: 	mentor/msim_setup.tcl
Info: 	mentor/run_msim_setup.tcl
Info: For information on how to simulate your IP, see the explanatory comments in the simulator-specific subdirectories under /home/lpt-10xe/Desktop/Internship10x/ColorSpace/platform/ip/color_space/color_space_intel_vvp_csc_0/sim/.
Info: Regenerate these scripts whenever you make any change to any Quartus-generated IP in your project.
Info: Finished: Create simulation script
Info: Starting: Create block symbol file (.bsf)
Info: qsys-generate /home/lpt-10xe/Desktop/Internship10x/ColorSpace/platform/ip/color_space/color_space_intel_vvp_csc_0.ip --block-symbol-file --output-directory=/home/lpt-10xe/Desktop/Internship10x/ColorSpace/platform/ip/color_space/color_space_intel_vvp_csc_0 --family="Cyclone 10 GX" --part=10CX220YF780I5G
Info: Finished: Create block symbol file (.bsf)
Info: 
Info: This IP does not support greybox generation. Skipping greybox generation for /home/lpt-10xe/Desktop/Internship10x/ColorSpace/platform/ip/color_space/color_space_intel_vvp_csc_0.ip.
Info: Starting: Create HDL design files for synthesis
Info: qsys-generate /home/lpt-10xe/Desktop/Internship10x/ColorSpace/platform/ip/color_space/color_space_intel_vvp_csc_0.ip --synthesis=VERILOG --output-directory=/home/lpt-10xe/Desktop/Internship10x/ColorSpace/platform/ip/color_space/color_space_intel_vvp_csc_0 --family="Cyclone 10 GX" --part=10CX220YF780I5G
Info: color_space_intel_vvp_csc_0: "Transforming system: color_space_intel_vvp_csc_0"
Info: Interconnect is inserted between master slave_interface.av_mm_master and slave scheduler.av_mm_control_agent because the master has address signal 7 bit wide, but the slave is 5 bit wide.
Info: Interconnect is inserted between master mm_reset_hold.av_mm_master and slave ro_reg.av_mm_slave because the master has address signal 9 bit wide, but the slave is 7 bit wide.
Info: color_space_intel_vvp_csc_0: "Naming system components in system: color_space_intel_vvp_csc_0"
Info: color_space_intel_vvp_csc_0: "Processing generation queue"
Info: color_space_intel_vvp_csc_0: "Generating: color_space_intel_vvp_csc_0"
Info: color_space_intel_vvp_csc_0: "Generating: color_space_intel_vvp_csc_0_intel_vvp_csc_2451_gwvoqyi"
Info: color_space_intel_vvp_csc_0: "Generating: intel_vvp_reset_sync"
Info: color_space_intel_vvp_csc_0: "Generating: intel_vvp_csc_algo_comp"
Info: color_space_intel_vvp_csc_0: "Generating: intel_vvp_input_interface_bridge"
Info: color_space_intel_vvp_csc_0: "Generating: intel_vvp_output_interface_bridge"
Info: color_space_intel_vvp_csc_0: "Generating: intel_vvp_csc_scheduler"
Info: color_space_intel_vvp_csc_0: "Generating: color_space_intel_vvp_csc_0_intel_vvp_slave_front_end_2441_7fbb6zi"
Info: color_space_intel_vvp_csc_0: "Generating: color_space_intel_vvp_csc_0_altera_mm_interconnect_1920_e4nv6vy"
Info: color_space_intel_vvp_csc_0: "Generating: intel_vvp_reset_bridge"
Info: color_space_intel_vvp_csc_0: "Generating: color_space_intel_vvp_csc_0_intel_vvp_ro_reg_servicer_2441_utdfbgq"
Info: color_space_intel_vvp_csc_0: "Generating: intel_vvp_mm_agent_reset_hold"
Info: color_space_intel_vvp_csc_0: "Generating: color_space_intel_vvp_csc_0_altera_mm_interconnect_1920_epi4vay"
Info: color_space_intel_vvp_csc_0: "Generating: color_space_intel_vvp_csc_0_altera_merlin_master_translator_193_lgcew2q"
Info: color_space_intel_vvp_csc_0: "Generating: color_space_intel_vvp_csc_0_altera_merlin_slave_translator_191_xg7rzxi"
Info: color_space_intel_vvp_csc_0: Done "color_space_intel_vvp_csc_0" with 15 modules, 46 files
Info: Finished: Create HDL design files for synthesis
Info: Starting: IP-XACT
Info: qsys-generate /home/lpt-10xe/Desktop/Internship10x/ColorSpace/platform/ip/color_space/color_space_intel_vvp_csc_0.ip --synthesis=VERILOG --ipxact --output-directory=/home/lpt-10xe/Desktop/Internship10x/ColorSpace/platform/ip/color_space/color_space_intel_vvp_csc_0 --family="Cyclone 10 GX" --part=10CX220YF780I5G
Info: Finished: IP-XACT
Info: Starting: Generate IP Core Documentation
Info: No documentation filesets were found for components in color_space_intel_vvp_csc_0. No files generated.
Info: Finished: Generate IP Core Documentation
