Info: Generated by version: 25.1.1 build 125
Info: Starting: Create simulation model
Info: qsys-generate /home/lpt-10xe/altera_projects/altera_video_pipeline/IPs/mixer/system.qsys --simulation=VERILOG --allow-mixed-language-simulation --output-directory=/home/lpt-10xe/altera_projects/altera_video_pipeline/IPs/mixer/system --family="Agilex 5" --part=A5ED065BB32AE6SR0
Progress: Loading mixer/system.qsys
Progress: Reading input file
Progress: Parameterizing module clock_in
Progress: Parameterizing module intel_vvp_mixer_0
Progress: Parameterizing module intel_vvp_tpg_0
Progress: Parameterizing module intel_vvp_tpg_1
Progress: Parameterizing module intel_vvp_tpg_2
Progress: Parameterizing module intel_vvp_tpg_3
Progress: Parameterizing module intel_vvp_tpg_4
Progress: Parameterizing module intel_vvp_tpg_5
Progress: Parameterizing module intel_vvp_tpg_6
Progress: Parameterizing module intel_vvp_tpg_7
Progress: Parameterizing module reset_in
Progress: Building connections
Progress: Parameterizing connections
Progress: Validating
Progress: Done reading input file
Info: system: "Transforming system: system"
Info: system: "Naming system components in system: system"
Info: system: "Processing generation queue"
Info: system: "Generating: system"
Info: system: "Generating: system_clock_in"
Info: system: "Generating: system_intel_vvp_mixer_1"
Info: system: "Generating: system_intel_vvp_tpg_2"
Info: system: "Generating: system_intel_vvp_tpg_3"
Info: system: "Generating: system_intel_vvp_tpg_4"
Info: system: "Generating: system_intel_vvp_tpg_5"
Info: system: "Generating: system_intel_vvp_tpg_6"
Info: system: "Generating: system_intel_vvp_tpg_7"
Info: system: "Generating: system_intel_vvp_tpg_8"
Info: system: "Generating: system_intel_vvp_tpg_9"
Info: system: "Generating: system_reset_in"
Info: system: "Generating: altera_reset_controller"
Info: system: Done "system" with 13 modules, 4 files
Warning: Skipping generation of synopsys/vcs/vcs_setup.sh since VCS 2-step flow is not supported for specified device family. Use VCS-MX or another supported simulator.
Info: Generating the following file(s) for MODELSIM simulator in /home/lpt-10xe/altera_projects/altera_video_pipeline/IPs/mixer/system/sim/ directory:
Info: 	common/modelsim_files.tcl
Info: Generating the following file(s) for RIVIERA simulator in /home/lpt-10xe/altera_projects/altera_video_pipeline/IPs/mixer/system/sim/ directory:
Info: 	common/riviera_files.tcl
Info: Generating the following file(s) for VCSMX simulator in /home/lpt-10xe/altera_projects/altera_video_pipeline/IPs/mixer/system/sim/ directory:
Info: 	common/vcsmx_files.tcl
Info: Generating the following file(s) for XCELIUM simulator in /home/lpt-10xe/altera_projects/altera_video_pipeline/IPs/mixer/system/sim/ directory:
Info: 	common/xcelium_files.tcl
Info: For information on how to simulate your IP, see the explanatory comments in the simulator-specific subdirectories under /home/lpt-10xe/altera_projects/altera_video_pipeline/IPs/mixer/system/sim/.
Info: Regenerate these scripts whenever you make any change to any Quartus-generated IP in your project.
Info: Finished: Create simulation model
Info: Starting: Create simulation script
Info: sim-script-gen --system-file=/home/lpt-10xe/altera_projects/altera_video_pipeline/IPs/mixer/system.qsys --output-directory=/home/lpt-10xe/altera_projects/altera_video_pipeline/IPs/mixer/system/sim/ --use-relative-paths=true
Warning: Skipping generation of synopsys/vcs/vcs_setup.sh since VCS 2-step flow is not supported for specified device family. Use VCS-MX or another supported simulator.
Info: Generating the following file(s) for MODELSIM simulator in /home/lpt-10xe/altera_projects/altera_video_pipeline/IPs/mixer/system/sim/ directory:
Info: 	mentor/msim_setup.tcl
Info: 	mentor/run_msim_setup.tcl
Info: Generating the following file(s) for RIVIERA simulator in /home/lpt-10xe/altera_projects/altera_video_pipeline/IPs/mixer/system/sim/ directory:
Info: 	aldec/rivierapro_setup.tcl
Info: 	aldec/run_rivierapro_setup.tcl
Info: Generating the following file(s) for VCSMX simulator in /home/lpt-10xe/altera_projects/altera_video_pipeline/IPs/mixer/system/sim/ directory:
Info: 	synopsys/vcsmx/_device_synopsys_sim.setup
Info: 	synopsys/vcsmx/synopsys_sim.setup
Info: 	synopsys/vcsmx/vcsmx_setup.sh
Info: Generating the following file(s) for XCELIUM simulator in /home/lpt-10xe/altera_projects/altera_video_pipeline/IPs/mixer/system/sim/ directory:
Info: 	xcelium/cds.lib
Info: 	xcelium/hdl.var
Info: 	xcelium/xcelium_setup.sh
Info: 	1 .cds.lib files in xcelium/cds_libs/ directory
Info: For information on how to simulate your IP, see the explanatory comments in the simulator-specific subdirectories under /home/lpt-10xe/altera_projects/altera_video_pipeline/IPs/mixer/system/sim/.
Info: Regenerate these scripts whenever you make any change to any Quartus-generated IP in your project.
Info: Finished: Create simulation script
