Info: Generated by version: 25.1.1 build 125
Info: Starting: Create simulation model
Info: qsys-generate /home/lpt-10xe/altera_projects/altera_video_pipeline/altera_video_pipeline/IPs/mixer/system.qsys --simulation=VERILOG --allow-mixed-language-simulation --simulator=MODELSIM --output-directory=/home/lpt-10xe/altera_projects/altera_video_pipeline/altera_video_pipeline/IPs/mixer/system --family="Agilex 5" --part=A5ED065BB32AE6SR0
Progress: Loading mixer/system.qsys
Progress: Reading input file
Progress: Parameterizing module clock_in
Progress: Parameterizing module intel_vvp_mixer_0
Progress: Parameterizing module intel_vvp_tpg_0
Progress: Parameterizing module intel_vvp_tpg_1
Progress: Parameterizing module reset_in
Progress: Building connections
Progress: Parameterizing connections
Progress: Validating
Progress: Done reading input file
Info: system: "Transforming system: system"
Info: system: "Naming system components in system: system"
Info: system: "Processing generation queue"
Info: system: "Generating: system"
Info: system: "Generating: system_clock_in"
Info: system: "Generating: system_intel_vvp_mixer_0"
Info: system: "Generating: system_intel_vvp_tpg_0"
Info: system: "Generating: system_intel_vvp_tpg_1"
Info: system: "Generating: system_reset_in"
Info: system: "Generating: altera_reset_controller"
Info: system: Done "system" with 7 modules, 4 files
Info: Generating the following file(s) for MODELSIM simulator in /home/lpt-10xe/altera_projects/altera_video_pipeline/altera_video_pipeline/IPs/mixer/system/sim/ directory:
Info: 	common/modelsim_files.tcl
Info: For information on how to simulate your IP, see the explanatory comments in the simulator-specific subdirectories under /home/lpt-10xe/altera_projects/altera_video_pipeline/altera_video_pipeline/IPs/mixer/system/sim/.
Info: Regenerate these scripts whenever you make any change to any Quartus-generated IP in your project.
Info: Finished: Create simulation model
Info: Starting: Create simulation script
Info: sim-script-gen --system-file=/home/lpt-10xe/altera_projects/altera_video_pipeline/altera_video_pipeline/IPs/mixer/system.qsys --simulator=MODELSIM --output-directory=/home/lpt-10xe/altera_projects/altera_video_pipeline/altera_video_pipeline/IPs/mixer/system/sim/ --use-relative-paths=true --modelsim-flow=traditional
Info: Generating the following file(s) for MODELSIM simulator in /home/lpt-10xe/altera_projects/altera_video_pipeline/altera_video_pipeline/IPs/mixer/system/sim/ directory:
Info: 	mentor/msim_setup.tcl
Info: 	mentor/run_msim_setup.tcl
Info: For information on how to simulate your IP, see the explanatory comments in the simulator-specific subdirectories under /home/lpt-10xe/altera_projects/altera_video_pipeline/altera_video_pipeline/IPs/mixer/system/sim/.
Info: Regenerate these scripts whenever you make any change to any Quartus-generated IP in your project.
Info: Finished: Create simulation script
Info: Starting: Create block symbol file (.bsf)
Info: qsys-generate /home/lpt-10xe/altera_projects/altera_video_pipeline/altera_video_pipeline/IPs/mixer/system.qsys --block-symbol-file --output-directory=/home/lpt-10xe/altera_projects/altera_video_pipeline/altera_video_pipeline/IPs/mixer/system --family="Agilex 5" --part=A5ED065BB32AE6SR0
Progress: Loading mixer/system.qsys
Progress: Reading input file
Progress: Parameterizing module clock_in
Progress: Parameterizing module intel_vvp_mixer_0
Progress: Parameterizing module intel_vvp_tpg_0
Progress: Parameterizing module intel_vvp_tpg_1
Progress: Parameterizing module reset_in
Progress: Building connections
Progress: Parameterizing connections
Progress: Validating
Progress: Done reading input file
Info: Finished: Create block symbol file (.bsf)
Info: 
Warning: Creating netlists for third-party EDA synthesis is only supported for standalone IP. Skipping greybox generation for /home/lpt-10xe/altera_projects/altera_video_pipeline/altera_video_pipeline/IPs/mixer/system.qsys.
Info: Starting: Create HDL design files for synthesis
Info: qsys-generate /home/lpt-10xe/altera_projects/altera_video_pipeline/altera_video_pipeline/IPs/mixer/system.qsys --synthesis=VERILOG --output-directory=/home/lpt-10xe/altera_projects/altera_video_pipeline/altera_video_pipeline/IPs/mixer/system --family="Agilex 5" --part=A5ED065BB32AE6SR0
Progress: Loading mixer/system.qsys
Progress: Reading input file
Progress: Parameterizing module clock_in
Progress: Parameterizing module intel_vvp_mixer_0
Progress: Parameterizing module intel_vvp_tpg_0
Progress: Parameterizing module intel_vvp_tpg_1
Progress: Parameterizing module reset_in
Progress: Building connections
Progress: Parameterizing connections
Progress: Validating
Progress: Done reading input file
Info: system: "Transforming system: system"
Info: system: "Naming system components in system: system"
Info: system: "Processing generation queue"
Info: system: "Generating: system"
Info: system: "Generating: system_clock_in"
Info: system: "Generating: system_intel_vvp_mixer_0"
Info: system: "Generating: system_intel_vvp_tpg_0"
Info: system: "Generating: system_intel_vvp_tpg_1"
Info: system: "Generating: system_reset_in"
Info: system: "Generating: altera_reset_controller"
Info: system: Done "system" with 7 modules, 4 files
Info: Finished: Create HDL design files for synthesis
Info: Starting: IP-XACT
Info: qsys-generate /home/lpt-10xe/altera_projects/altera_video_pipeline/altera_video_pipeline/IPs/mixer/system.qsys --synthesis=VERILOG --ipxact --output-directory=/home/lpt-10xe/altera_projects/altera_video_pipeline/altera_video_pipeline/IPs/mixer/system --family="Agilex 5" --part=A5ED065BB32AE6SR0
Info: Finished: IP-XACT
Info: Starting: Generate IP Core Documentation
Info: No documentation filesets were found for components in system. No files generated.
Info: Finished: Generate IP Core Documentation
