IP Ports Diff Report for niosv_reset_in
Wed Jun 24 12:23:44 2026
Quartus Prime Version 25.1.1 Build 125 07/31/2025 Patches 1.31 SC Pro Edition


---------------------
; Table of Contents ;
---------------------
  1. IP Information



+---------------------------------------------------------------------------------------------------+
; IP Information                                                                                    ;
+----------------------+----------------------------------------------------------------------------+
; IP Variation Name    ; niosv_reset_in                                                             ;
; Prior Version        ; ACDS_v25.1.1                                                               ;
; New Version          ; ACDS_v25.1                                                                 ;
; New File             ; /mnt/ssd2/hamza/hello_world/ip/niosv/niosv_reset_in/synth/niosv_reset_in.v ;
; Has Port Differences ; No                                                                         ;
+----------------------+----------------------------------------------------------------------------+


