Info: Generated by version: 25.1.1 build 125
Info: Starting: Create simulation model
Info: qsys-generate /mnt/ssd2/Faruqi/ip/pl_sys/pl_sys_intel_vvp_adv_tpg_1.ip --simulation=VERILOG --allow-mixed-language-simulation --simulator=MODELSIM --output-directory=/mnt/ssd2/Faruqi/ip/pl_sys/pl_sys_intel_vvp_adv_tpg_1 --family="Cyclone 10 GX" --part=10CX220YF672E5G
Info: pl_sys_intel_vvp_adv_tpg_1: "Transforming system: pl_sys_intel_vvp_adv_tpg_1"
Info: pl_sys_intel_vvp_adv_tpg_1: "Naming system components in system: pl_sys_intel_vvp_adv_tpg_1"
Info: pl_sys_intel_vvp_adv_tpg_1: "Processing generation queue"
Info: pl_sys_intel_vvp_adv_tpg_1: "Generating: pl_sys_intel_vvp_adv_tpg_1"
Info: pl_sys_intel_vvp_adv_tpg_1: "Generating: pl_sys_intel_vvp_adv_tpg_1_intel_vvp_adv_tpg_2451_spkd5oa"
Info: pl_sys_intel_vvp_adv_tpg_1: "Generating: intel_vvp_reset_sync"
Info: pl_sys_intel_vvp_adv_tpg_1: "Generating: intel_vvp_adv_tpg_scheduler"
Info: pl_sys_intel_vvp_adv_tpg_1: "Generating: intel_vvp_output_interface_bridge"
Info: pl_sys_intel_vvp_adv_tpg_1: "Generating: intel_vvp_tpg_bars_algo_comp"
Info: pl_sys_intel_vvp_adv_tpg_1: "Generating: intel_vvp_mixer_algo_comp"
Info: pl_sys_intel_vvp_adv_tpg_1: Done "pl_sys_intel_vvp_adv_tpg_1" with 7 modules, 177 files
Info: Generating the following file(s) for MODELSIM simulator in /mnt/ssd2/Faruqi/ip/pl_sys/pl_sys_intel_vvp_adv_tpg_1/sim/ directory:
Info: 	common/modelsim_files.tcl
Info: For information on how to simulate your IP, see the explanatory comments in the simulator-specific subdirectories under /mnt/ssd2/Faruqi/ip/pl_sys/pl_sys_intel_vvp_adv_tpg_1/sim/.
Info: Regenerate these scripts whenever you make any change to any Quartus-generated IP in your project.
Info: Finished: Create simulation model
Info: Starting: Create simulation script
Info: sim-script-gen --system-file=/mnt/ssd2/Faruqi/ip/pl_sys/pl_sys_intel_vvp_adv_tpg_1.ip --simulator=MODELSIM --output-directory=/mnt/ssd2/Faruqi/ip/pl_sys/pl_sys_intel_vvp_adv_tpg_1/sim/ --use-relative-paths=true --modelsim-flow=traditional
Info: Generating the following file(s) for MODELSIM simulator in /mnt/ssd2/Faruqi/ip/pl_sys/pl_sys_intel_vvp_adv_tpg_1/sim/ directory:
Info: 	mentor/msim_setup.tcl
Info: 	mentor/run_msim_setup.tcl
Info: For information on how to simulate your IP, see the explanatory comments in the simulator-specific subdirectories under /mnt/ssd2/Faruqi/ip/pl_sys/pl_sys_intel_vvp_adv_tpg_1/sim/.
Info: Regenerate these scripts whenever you make any change to any Quartus-generated IP in your project.
Info: Finished: Create simulation script
Info: 
Info: Starting: Create HDL design files for synthesis
Info: qsys-generate /mnt/ssd2/Faruqi/ip/pl_sys/pl_sys_intel_vvp_adv_tpg_1.ip --synthesis=VERILOG --output-directory=/mnt/ssd2/Faruqi/ip/pl_sys/pl_sys_intel_vvp_adv_tpg_1 --family="Cyclone 10 GX" --part=10CX220YF672E5G
Info: pl_sys_intel_vvp_adv_tpg_1: "Transforming system: pl_sys_intel_vvp_adv_tpg_1"
Info: pl_sys_intel_vvp_adv_tpg_1: "Naming system components in system: pl_sys_intel_vvp_adv_tpg_1"
Info: pl_sys_intel_vvp_adv_tpg_1: "Processing generation queue"
Info: pl_sys_intel_vvp_adv_tpg_1: "Generating: pl_sys_intel_vvp_adv_tpg_1"
Info: pl_sys_intel_vvp_adv_tpg_1: "Generating: pl_sys_intel_vvp_adv_tpg_1_intel_vvp_adv_tpg_2451_spkd5oa"
Info: pl_sys_intel_vvp_adv_tpg_1: "Generating: intel_vvp_reset_sync"
Info: pl_sys_intel_vvp_adv_tpg_1: "Generating: intel_vvp_adv_tpg_scheduler"
Info: pl_sys_intel_vvp_adv_tpg_1: "Generating: intel_vvp_output_interface_bridge"
Info: pl_sys_intel_vvp_adv_tpg_1: "Generating: intel_vvp_tpg_bars_algo_comp"
Info: pl_sys_intel_vvp_adv_tpg_1: "Generating: intel_vvp_mixer_algo_comp"
Info: pl_sys_intel_vvp_adv_tpg_1: Done "pl_sys_intel_vvp_adv_tpg_1" with 7 modules, 48 files
Info: Finished: Create HDL design files for synthesis
