Info: Generated by version: 25.1.1 build 125
Info: Starting: Create simulation model
Info: qsys-generate /home/lpt-10xe/altera_projects/altera_video_pipeline/IPs/mixer/ip/system/system_intel_vvp_tpg_2.ip --simulation=VERILOG --allow-mixed-language-simulation --output-directory=/home/lpt-10xe/altera_projects/altera_video_pipeline/IPs/mixer/ip/system/system_intel_vvp_tpg_2 --family="Agilex 5" --part=A5ED065BB32AE6SR0
Info: system_intel_vvp_tpg_2: "Transforming system: system_intel_vvp_tpg_2"
Info: Interconnect is inserted between master slave_interface.av_mm_master and slave scheduler.av_mm_slave because the master has address signal 8 bit wide, but the slave is 6 bit wide.
Info: Interconnect is inserted between master mm_reset_hold.av_mm_master and slave ro_reg.av_mm_slave because the master has address signal 9 bit wide, but the slave is 7 bit wide.
Info: system_intel_vvp_tpg_2: "Naming system components in system: system_intel_vvp_tpg_2"
Info: system_intel_vvp_tpg_2: "Processing generation queue"
Info: system_intel_vvp_tpg_2: "Generating: system_intel_vvp_tpg_2"
Info: system_intel_vvp_tpg_2: "Generating: system_intel_vvp_tpg_2_intel_vvp_tpg_2451_fnvtpvy"
Info: system_intel_vvp_tpg_2: "Generating: intel_vvp_reset_sync"
Info: system_intel_vvp_tpg_2: "Generating: intel_vvp_tpg_scheduler"
Info: system_intel_vvp_tpg_2: "Generating: intel_vvp_output_interface_bridge"
Info: system_intel_vvp_tpg_2: "Generating: intel_vvp_tpg_bars_algo_comp"
Info: system_intel_vvp_tpg_2: "Generating: system_intel_vvp_tpg_2_intel_vvp_slave_front_end_2441_witiuya"
Info: system_intel_vvp_tpg_2: "Generating: system_intel_vvp_tpg_2_altera_mm_interconnect_1920_vevxpda"
Info: system_intel_vvp_tpg_2: "Generating: intel_vvp_reset_bridge"
Info: system_intel_vvp_tpg_2: "Generating: system_intel_vvp_tpg_2_intel_vvp_ro_reg_servicer_2441_xz5geqq"
Info: system_intel_vvp_tpg_2: "Generating: intel_vvp_mm_agent_reset_hold"
Info: system_intel_vvp_tpg_2: "Generating: system_intel_vvp_tpg_2_altera_mm_interconnect_1920_epi4vay"
Info: system_intel_vvp_tpg_2: "Generating: system_intel_vvp_tpg_2_altera_merlin_master_translator_193_lgcew2q"
Info: system_intel_vvp_tpg_2: "Generating: system_intel_vvp_tpg_2_altera_merlin_slave_translator_191_xg7rzxi"
Info: system_intel_vvp_tpg_2: Done "system_intel_vvp_tpg_2" with 14 modules, 122 files
Warning: Skipping generation of synopsys/vcs/vcs_setup.sh since VCS 2-step flow is not supported for specified device family. Use VCS-MX or another supported simulator.
Info: Generating the following file(s) for MODELSIM simulator in /home/lpt-10xe/altera_projects/altera_video_pipeline/IPs/mixer/ip/system/system_intel_vvp_tpg_2/sim/ directory:
Info: 	common/modelsim_files.tcl
Info: Generating the following file(s) for RIVIERA simulator in /home/lpt-10xe/altera_projects/altera_video_pipeline/IPs/mixer/ip/system/system_intel_vvp_tpg_2/sim/ directory:
Info: 	common/riviera_files.tcl
Info: Generating the following file(s) for VCSMX simulator in /home/lpt-10xe/altera_projects/altera_video_pipeline/IPs/mixer/ip/system/system_intel_vvp_tpg_2/sim/ directory:
Info: 	common/vcsmx_files.tcl
Info: Generating the following file(s) for XCELIUM simulator in /home/lpt-10xe/altera_projects/altera_video_pipeline/IPs/mixer/ip/system/system_intel_vvp_tpg_2/sim/ directory:
Info: 	common/xcelium_files.tcl
Info: For information on how to simulate your IP, see the explanatory comments in the simulator-specific subdirectories under /home/lpt-10xe/altera_projects/altera_video_pipeline/IPs/mixer/ip/system/system_intel_vvp_tpg_2/sim/.
Info: Regenerate these scripts whenever you make any change to any Quartus-generated IP in your project.
Info: Finished: Create simulation model
Info: Starting: Create simulation script
Info: sim-script-gen --system-file=/home/lpt-10xe/altera_projects/altera_video_pipeline/IPs/mixer/ip/system/system_intel_vvp_tpg_2.ip --output-directory=/home/lpt-10xe/altera_projects/altera_video_pipeline/IPs/mixer/ip/system/system_intel_vvp_tpg_2/sim/ --use-relative-paths=true
Warning: Skipping generation of synopsys/vcs/vcs_setup.sh since VCS 2-step flow is not supported for specified device family. Use VCS-MX or another supported simulator.
Info: Generating the following file(s) for MODELSIM simulator in /home/lpt-10xe/altera_projects/altera_video_pipeline/IPs/mixer/ip/system/system_intel_vvp_tpg_2/sim/ directory:
Info: 	mentor/msim_setup.tcl
Info: 	mentor/run_msim_setup.tcl
Info: Generating the following file(s) for RIVIERA simulator in /home/lpt-10xe/altera_projects/altera_video_pipeline/IPs/mixer/ip/system/system_intel_vvp_tpg_2/sim/ directory:
Info: 	aldec/rivierapro_setup.tcl
Info: 	aldec/run_rivierapro_setup.tcl
Info: Generating the following file(s) for VCSMX simulator in /home/lpt-10xe/altera_projects/altera_video_pipeline/IPs/mixer/ip/system/system_intel_vvp_tpg_2/sim/ directory:
Info: 	synopsys/vcsmx/_device_synopsys_sim.setup
Info: 	synopsys/vcsmx/synopsys_sim.setup
Info: 	synopsys/vcsmx/vcsmx_setup.sh
Info: Generating the following file(s) for XCELIUM simulator in /home/lpt-10xe/altera_projects/altera_video_pipeline/IPs/mixer/ip/system/system_intel_vvp_tpg_2/sim/ directory:
Info: 	xcelium/cds.lib
Info: 	xcelium/hdl.var
Info: 	xcelium/xcelium_setup.sh
Info: 	15 .cds.lib files in xcelium/cds_libs/ directory
Info: For information on how to simulate your IP, see the explanatory comments in the simulator-specific subdirectories under /home/lpt-10xe/altera_projects/altera_video_pipeline/IPs/mixer/ip/system/system_intel_vvp_tpg_2/sim/.
Info: Regenerate these scripts whenever you make any change to any Quartus-generated IP in your project.
Info: Finished: Create simulation script
