Info: Generated by version: 25.1.1 build 125
Info: Starting: Create simulation model
Info: qsys-generate /home/lpt-10xe/Desktop/Internship10x/tpg_full_mode_configrable/platform/tpg_ip.qsys --simulation=VERILOG --allow-mixed-language-simulation --simulator=MODELSIM --output-directory=/home/lpt-10xe/Desktop/Internship10x/tpg_full_mode_configrable/platform/tpg_ip --family="Cyclone 10 GX" --part=10CX220YF780I5G
Progress: Loading platform/tpg_ip.qsys
Progress: Reading input file
Progress: Parameterizing module clock_in
Progress: Parameterizing module intel_vvp_tpg_0
Progress: Parameterizing module reset_in
Progress: Building connections
Progress: Parameterizing connections
Progress: Validating
Progress: Done reading input file
Info: tpg_ip: "Transforming system: tpg_ip"
Info: tpg_ip: "Naming system components in system: tpg_ip"
Info: tpg_ip: "Processing generation queue"
Info: tpg_ip: "Generating: tpg_ip"
Info: tpg_ip: "Generating: tpg_ip_clock_in"
Info: tpg_ip: "Generating: tpg_ip_intel_vvp_tpg_0"
Info: tpg_ip: "Generating: tpg_ip_reset_in"
Info: tpg_ip: "Generating: altera_reset_controller"
Info: tpg_ip: Done "tpg_ip" with 5 modules, 4 files
Info: Generating the following file(s) for MODELSIM simulator in /home/lpt-10xe/Desktop/Internship10x/tpg_full_mode_configrable/platform/tpg_ip/sim/ directory:
Info: 	common/modelsim_files.tcl
Info: For information on how to simulate your IP, see the explanatory comments in the simulator-specific subdirectories under /home/lpt-10xe/Desktop/Internship10x/tpg_full_mode_configrable/platform/tpg_ip/sim/.
Info: Regenerate these scripts whenever you make any change to any Quartus-generated IP in your project.
Info: Finished: Create simulation model
Info: Starting: Create simulation script
Info: sim-script-gen --system-file=/home/lpt-10xe/Desktop/Internship10x/tpg_full_mode_configrable/platform/tpg_ip.qsys --simulator=MODELSIM --output-directory=/home/lpt-10xe/Desktop/Internship10x/tpg_full_mode_configrable/platform/tpg_ip/sim/ --use-relative-paths=true --modelsim-flow=traditional
Info: Generating the following file(s) for MODELSIM simulator in /home/lpt-10xe/Desktop/Internship10x/tpg_full_mode_configrable/platform/tpg_ip/sim/ directory:
Info: 	mentor/msim_setup.tcl
Info: 	mentor/run_msim_setup.tcl
Info: For information on how to simulate your IP, see the explanatory comments in the simulator-specific subdirectories under /home/lpt-10xe/Desktop/Internship10x/tpg_full_mode_configrable/platform/tpg_ip/sim/.
Info: Regenerate these scripts whenever you make any change to any Quartus-generated IP in your project.
Info: Finished: Create simulation script
Info: 
Info: Starting: Create HDL design files for synthesis
Info: qsys-generate /home/lpt-10xe/Desktop/Internship10x/tpg_full_mode_configrable/platform/tpg_ip.qsys --synthesis=VERILOG --output-directory=/home/lpt-10xe/Desktop/Internship10x/tpg_full_mode_configrable/platform/tpg_ip --family="Cyclone 10 GX" --part=10CX220YF780I5G
Progress: Loading platform/tpg_ip.qsys
Progress: Reading input file
Progress: Parameterizing module clock_in
Progress: Parameterizing module intel_vvp_tpg_0
Progress: Parameterizing module reset_in
Progress: Building connections
Progress: Parameterizing connections
Progress: Validating
Progress: Done reading input file
Info: tpg_ip: "Transforming system: tpg_ip"
Info: tpg_ip: "Naming system components in system: tpg_ip"
Info: tpg_ip: "Processing generation queue"
Info: tpg_ip: "Generating: tpg_ip"
Info: tpg_ip: "Generating: tpg_ip_clock_in"
Info: tpg_ip: "Generating: tpg_ip_intel_vvp_tpg_0"
Info: tpg_ip: "Generating: tpg_ip_reset_in"
Info: tpg_ip: "Generating: altera_reset_controller"
Info: tpg_ip: Done "tpg_ip" with 5 modules, 4 files
Info: Finished: Create HDL design files for synthesis
Info: Starting: Generate IP Core Documentation
Info: No documentation filesets were found for components in tpg_ip. No files generated.
Info: Finished: Generate IP Core Documentation
