Info: Generated by version: 25.1.1 build 125
Info: Starting: Create simulation model
Info: qsys-generate /home/lpt-10xe/altera_projects/altera_video_pipeline/IPs/mixer/ip/system/system_reset_in.ip --simulation=VERILOG --allow-mixed-language-simulation --output-directory=/home/lpt-10xe/altera_projects/altera_video_pipeline/IPs/mixer/ip/system/system_reset_in --family="Agilex 5" --part=A5ED065BB32AE6SR0
Info: system_reset_in: "Transforming system: system_reset_in"
Info: system_reset_in: "Naming system components in system: system_reset_in"
Info: system_reset_in: "Processing generation queue"
Info: system_reset_in: "Generating: system_reset_in"
Info: system_reset_in: Done "system_reset_in" with 1 modules, 1 files
Warning: Skipping generation of synopsys/vcs/vcs_setup.sh since VCS 2-step flow is not supported for specified device family. Use VCS-MX or another supported simulator.
Info: Generating the following file(s) for MODELSIM simulator in /home/lpt-10xe/altera_projects/altera_video_pipeline/IPs/mixer/ip/system/system_reset_in/sim/ directory:
Info: 	common/modelsim_files.tcl
Info: Generating the following file(s) for RIVIERA simulator in /home/lpt-10xe/altera_projects/altera_video_pipeline/IPs/mixer/ip/system/system_reset_in/sim/ directory:
Info: 	common/riviera_files.tcl
Info: Generating the following file(s) for XCELIUM simulator in /home/lpt-10xe/altera_projects/altera_video_pipeline/IPs/mixer/ip/system/system_reset_in/sim/ directory:
Info: 	common/xcelium_files.tcl
Info: Generating the following file(s) for VCSMX simulator in /home/lpt-10xe/altera_projects/altera_video_pipeline/IPs/mixer/ip/system/system_reset_in/sim/ directory:
Info: 	common/vcsmx_files.tcl
Info: For information on how to simulate your IP, see the explanatory comments in the simulator-specific subdirectories under /home/lpt-10xe/altera_projects/altera_video_pipeline/IPs/mixer/ip/system/system_reset_in/sim/.
Info: Regenerate these scripts whenever you make any change to any Quartus-generated IP in your project.
Info: Finished: Create simulation model
Info: Starting: Create simulation script
Info: sim-script-gen --system-file=/home/lpt-10xe/altera_projects/altera_video_pipeline/IPs/mixer/ip/system/system_reset_in.ip --output-directory=/home/lpt-10xe/altera_projects/altera_video_pipeline/IPs/mixer/ip/system/system_reset_in/sim/ --use-relative-paths=true
Warning: Skipping generation of synopsys/vcs/vcs_setup.sh since VCS 2-step flow is not supported for specified device family. Use VCS-MX or another supported simulator.
Info: Generating the following file(s) for MODELSIM simulator in /home/lpt-10xe/altera_projects/altera_video_pipeline/IPs/mixer/ip/system/system_reset_in/sim/ directory:
Info: 	mentor/msim_setup.tcl
Info: 	mentor/run_msim_setup.tcl
Info: Generating the following file(s) for RIVIERA simulator in /home/lpt-10xe/altera_projects/altera_video_pipeline/IPs/mixer/ip/system/system_reset_in/sim/ directory:
Info: 	aldec/rivierapro_setup.tcl
Info: 	aldec/run_rivierapro_setup.tcl
Info: Generating the following file(s) for XCELIUM simulator in /home/lpt-10xe/altera_projects/altera_video_pipeline/IPs/mixer/ip/system/system_reset_in/sim/ directory:
Info: 	xcelium/cds.lib
Info: 	xcelium/hdl.var
Info: 	xcelium/xcelium_setup.sh
Info: 	2 .cds.lib files in xcelium/cds_libs/ directory
Info: Generating the following file(s) for VCSMX simulator in /home/lpt-10xe/altera_projects/altera_video_pipeline/IPs/mixer/ip/system/system_reset_in/sim/ directory:
Info: 	synopsys/vcsmx/_device_synopsys_sim.setup
Info: 	synopsys/vcsmx/synopsys_sim.setup
Info: 	synopsys/vcsmx/vcsmx_setup.sh
Info: For information on how to simulate your IP, see the explanatory comments in the simulator-specific subdirectories under /home/lpt-10xe/altera_projects/altera_video_pipeline/IPs/mixer/ip/system/system_reset_in/sim/.
Info: Regenerate these scripts whenever you make any change to any Quartus-generated IP in your project.
Info: Finished: Create simulation script
