Info: Generated by version: 25.1 build 129
Info: Starting: Create simulation model
Info: qsys-generate /home/lpt-10xe/Desktop/Internship10x/Clipper_IP/clipper_ip.qsys --simulation=VERILOG --allow-mixed-language-simulation --simulator=MODELSIM --output-directory=/home/lpt-10xe/Desktop/Internship10x/Clipper_IP/clipper_ip --family="Cyclone 10 GX" --part=10CX220YF780I5G
Progress: Loading Clipper_IP/clipper_ip.qsys
Progress: Reading input file
Progress: Parameterizing module clock_in
Progress: Parameterizing module intel_vvp_clipper_0
Progress: Parameterizing module intel_vvp_tpg_0
Progress: Parameterizing module reset_in
Progress: Building connections
Progress: Parameterizing connections
Progress: Validating
Progress: Done reading input file
Info: clipper_ip: "Transforming system: clipper_ip"
Info: clipper_ip: "Naming system components in system: clipper_ip"
Info: clipper_ip: "Processing generation queue"
Info: clipper_ip: "Generating: clipper_ip"
Info: clipper_ip: "Generating: clipper_ip_clock_in"
Info: clipper_ip: "Generating: clipper_ip_intel_vvp_clipper_0"
Info: clipper_ip: "Generating: clipper_ip_intel_vvp_tpg_0"
Info: clipper_ip: "Generating: clipper_ip_reset_in"
Info: clipper_ip: "Generating: altera_reset_controller"
Info: clipper_ip: Done "clipper_ip" with 6 modules, 4 files
Info: Generating the following file(s) for MODELSIM simulator in /home/lpt-10xe/Desktop/Internship10x/Clipper_IP/clipper_ip/sim/ directory:
Info: 	common/modelsim_files.tcl
Info: For information on how to simulate your IP, see the explanatory comments in the simulator-specific subdirectories under /home/lpt-10xe/Desktop/Internship10x/Clipper_IP/clipper_ip/sim/.
Info: Regenerate these scripts whenever you make any change to any Quartus-generated IP in your project.
Info: Finished: Create simulation model
Info: Starting: Create simulation script
Info: sim-script-gen --system-file=/home/lpt-10xe/Desktop/Internship10x/Clipper_IP/clipper_ip.qsys --simulator=MODELSIM --output-directory=/home/lpt-10xe/Desktop/Internship10x/Clipper_IP/clipper_ip/sim/ --use-relative-paths=true --modelsim-flow=traditional
Info: Generating the following file(s) for MODELSIM simulator in /home/lpt-10xe/Desktop/Internship10x/Clipper_IP/clipper_ip/sim/ directory:
Info: 	mentor/msim_setup.tcl
Info: 	mentor/run_msim_setup.tcl
Info: For information on how to simulate your IP, see the explanatory comments in the simulator-specific subdirectories under /home/lpt-10xe/Desktop/Internship10x/Clipper_IP/clipper_ip/sim/.
Info: Regenerate these scripts whenever you make any change to any Quartus-generated IP in your project.
Info: Finished: Create simulation script
Info: 
Info: Starting: Create HDL design files for synthesis
Info: qsys-generate /home/lpt-10xe/Desktop/Internship10x/Clipper_IP/clipper_ip.qsys --synthesis=VERILOG --output-directory=/home/lpt-10xe/Desktop/Internship10x/Clipper_IP/clipper_ip --family="Cyclone 10 GX" --part=10CX220YF780I5G
Progress: Loading Clipper_IP/clipper_ip.qsys
Progress: Reading input file
Progress: Parameterizing module clock_in
Progress: Parameterizing module intel_vvp_clipper_0
Progress: Parameterizing module intel_vvp_tpg_0
Progress: Parameterizing module reset_in
Progress: Building connections
Progress: Parameterizing connections
Progress: Validating
Progress: Done reading input file
Info: clipper_ip: "Transforming system: clipper_ip"
Info: clipper_ip: "Naming system components in system: clipper_ip"
Info: clipper_ip: "Processing generation queue"
Info: clipper_ip: "Generating: clipper_ip"
Info: clipper_ip: "Generating: clipper_ip_clock_in"
Info: clipper_ip: "Generating: clipper_ip_intel_vvp_clipper_0"
Info: clipper_ip: "Generating: clipper_ip_intel_vvp_tpg_0"
Info: clipper_ip: "Generating: clipper_ip_reset_in"
Info: clipper_ip: "Generating: altera_reset_controller"
Info: clipper_ip: Done "clipper_ip" with 6 modules, 4 files
Info: Finished: Create HDL design files for synthesis
