Info: Generated by version: 25.1.1 build 125
Info: Starting: Create simulation model
Info: qsys-generate /home/lpt-10xe/Desktop/Internship10x/tpg_full_mode_configurable/platform/ip/tpg_ip/tpg_ip_clock_in.ip --simulation=VERILOG --allow-mixed-language-simulation --simulator=MODELSIM --output-directory=/home/lpt-10xe/Desktop/Internship10x/tpg_full_mode_configurable/platform/ip/tpg_ip/tpg_ip_clock_in --family="Cyclone 10 GX" --part=10CX220YF780I5G
Info: tpg_ip_clock_in: "Transforming system: tpg_ip_clock_in"
Info: tpg_ip_clock_in: "Naming system components in system: tpg_ip_clock_in"
Info: tpg_ip_clock_in: "Processing generation queue"
Info: tpg_ip_clock_in: "Generating: tpg_ip_clock_in"
Info: tpg_ip_clock_in: Done "tpg_ip_clock_in" with 1 modules, 1 files
Info: Generating the following file(s) for MODELSIM simulator in /home/lpt-10xe/Desktop/Internship10x/tpg_full_mode_configurable/platform/ip/tpg_ip/tpg_ip_clock_in/sim/ directory:
Info: 	common/modelsim_files.tcl
Info: For information on how to simulate your IP, see the explanatory comments in the simulator-specific subdirectories under /home/lpt-10xe/Desktop/Internship10x/tpg_full_mode_configurable/platform/ip/tpg_ip/tpg_ip_clock_in/sim/.
Info: Regenerate these scripts whenever you make any change to any Quartus-generated IP in your project.
Info: Finished: Create simulation model
Info: Starting: Create simulation script
Info: sim-script-gen --system-file=/home/lpt-10xe/Desktop/Internship10x/tpg_full_mode_configurable/platform/ip/tpg_ip/tpg_ip_clock_in.ip --simulator=MODELSIM --output-directory=/home/lpt-10xe/Desktop/Internship10x/tpg_full_mode_configurable/platform/ip/tpg_ip/tpg_ip_clock_in/sim/ --use-relative-paths=true --modelsim-flow=traditional
Info: Generating the following file(s) for MODELSIM simulator in /home/lpt-10xe/Desktop/Internship10x/tpg_full_mode_configurable/platform/ip/tpg_ip/tpg_ip_clock_in/sim/ directory:
Info: 	mentor/msim_setup.tcl
Info: 	mentor/run_msim_setup.tcl
Info: For information on how to simulate your IP, see the explanatory comments in the simulator-specific subdirectories under /home/lpt-10xe/Desktop/Internship10x/tpg_full_mode_configurable/platform/ip/tpg_ip/tpg_ip_clock_in/sim/.
Info: Regenerate these scripts whenever you make any change to any Quartus-generated IP in your project.
Info: Finished: Create simulation script
Info: 
Info: Starting: Create HDL design files for synthesis
Info: qsys-generate /home/lpt-10xe/Desktop/Internship10x/tpg_full_mode_configurable/platform/ip/tpg_ip/tpg_ip_clock_in.ip --synthesis=VERILOG --output-directory=/home/lpt-10xe/Desktop/Internship10x/tpg_full_mode_configurable/platform/ip/tpg_ip/tpg_ip_clock_in --family="Cyclone 10 GX" --part=10CX220YF780I5G
Info: tpg_ip_clock_in: "Transforming system: tpg_ip_clock_in"
Info: tpg_ip_clock_in: "Naming system components in system: tpg_ip_clock_in"
Info: tpg_ip_clock_in: "Processing generation queue"
Info: tpg_ip_clock_in: "Generating: tpg_ip_clock_in"
Info: tpg_ip_clock_in: Done "tpg_ip_clock_in" with 1 modules, 1 files
Info: Finished: Create HDL design files for synthesis
Info: Starting: Generate IP Core Documentation
Info: No documentation filesets were found for components in tpg_ip_clock_in. No files generated.
Info: Finished: Generate IP Core Documentation
