Info: Generated by version: 25.1.1 build 125
Info: Starting: Create simulation model
Info: qsys-generate /mnt/ssd2/QuartusProjects/VVP_IP_Validation/resampler_II/platform/ip/system/system_alt_vip_cl_crs_0.ip --simulation=VERILOG --allow-mixed-language-simulation --simulator=MODELSIM --output-directory=/mnt/ssd2/QuartusProjects/VVP_IP_Validation/resampler_II/platform/ip/system/system_alt_vip_cl_crs_0 --family="Cyclone 10 GX" --part=10CX220YF780I5G
Info: system_alt_vip_cl_crs_0: "Transforming system: system_alt_vip_cl_crs_0"
Info: system_alt_vip_cl_crs_0: "Naming system components in system: system_alt_vip_cl_crs_0"
Info: system_alt_vip_cl_crs_0: "Processing generation queue"
Info: system_alt_vip_cl_crs_0: "Generating: system_alt_vip_cl_crs_0"
Info: system_alt_vip_cl_crs_0: "Generating: system_alt_vip_cl_crs_0_alt_vip_cl_crs_2360_dbzwawy"
Info: system_alt_vip_cl_crs_0: "Generating: alt_vip_video_input_bridge_resp"
Info: system_alt_vip_cl_crs_0: "Generating: alt_vip_video_output_bridge"
Info: system_alt_vip_cl_crs_0: "Generating: system_alt_vip_cl_crs_0_alt_vip_cl_crs_422_to_var_2360_xj5jyii"
Info: system_alt_vip_cl_crs_0: "Generating: alt_vip_crs_scheduler"
Info: system_alt_vip_cl_crs_0: "Generating: alt_vip_video_input_bridge_cmd"
Info: system_alt_vip_cl_crs_0: "Generating: alt_vip_pip_converter_core"
Info: system_alt_vip_cl_crs_0: "Generating: alt_vip_packet_demux"
Info: system_alt_vip_cl_crs_0: "Generating: alt_vip_crs_h_up_core"
Info: system_alt_vip_cl_crs_0: "Generating: alt_vip_cpp_converter"
Info: system_alt_vip_cl_crs_0: "Generating: alt_vip_packet_mux"
Info: system_alt_vip_cl_crs_0: Done "system_alt_vip_cl_crs_0" with 12 modules, 247 files
Info: Generating the following file(s) for MODELSIM simulator in /mnt/ssd2/QuartusProjects/VVP_IP_Validation/resampler_II/platform/ip/system/system_alt_vip_cl_crs_0/sim/ directory:
Info: 	common/modelsim_files.tcl
Info: For information on how to simulate your IP, see the explanatory comments in the simulator-specific subdirectories under /mnt/ssd2/QuartusProjects/VVP_IP_Validation/resampler_II/platform/ip/system/system_alt_vip_cl_crs_0/sim/.
Info: Regenerate these scripts whenever you make any change to any Quartus-generated IP in your project.
Info: Finished: Create simulation model
Info: Starting: Create simulation script
Info: sim-script-gen --system-file=/mnt/ssd2/QuartusProjects/VVP_IP_Validation/resampler_II/platform/ip/system/system_alt_vip_cl_crs_0.ip --simulator=MODELSIM --output-directory=/mnt/ssd2/QuartusProjects/VVP_IP_Validation/resampler_II/platform/ip/system/system_alt_vip_cl_crs_0/sim/ --use-relative-paths=true --modelsim-flow=traditional
Info: Generating the following file(s) for MODELSIM simulator in /mnt/ssd2/QuartusProjects/VVP_IP_Validation/resampler_II/platform/ip/system/system_alt_vip_cl_crs_0/sim/ directory:
Info: 	mentor/msim_setup.tcl
Info: 	mentor/run_msim_setup.tcl
Info: For information on how to simulate your IP, see the explanatory comments in the simulator-specific subdirectories under /mnt/ssd2/QuartusProjects/VVP_IP_Validation/resampler_II/platform/ip/system/system_alt_vip_cl_crs_0/sim/.
Info: Regenerate these scripts whenever you make any change to any Quartus-generated IP in your project.
Info: Finished: Create simulation script
Info: Starting: Create block symbol file (.bsf)
Info: qsys-generate /mnt/ssd2/QuartusProjects/VVP_IP_Validation/resampler_II/platform/ip/system/system_alt_vip_cl_crs_0.ip --block-symbol-file --output-directory=/mnt/ssd2/QuartusProjects/VVP_IP_Validation/resampler_II/platform/ip/system/system_alt_vip_cl_crs_0 --family="Cyclone 10 GX" --part=10CX220YF780I5G
Info: Finished: Create block symbol file (.bsf)
Info: 
Info: This IP does not support greybox generation. Skipping greybox generation for /mnt/ssd2/QuartusProjects/VVP_IP_Validation/resampler_II/platform/ip/system/system_alt_vip_cl_crs_0.ip.
Info: Starting: Create HDL design files for synthesis
Info: qsys-generate /mnt/ssd2/QuartusProjects/VVP_IP_Validation/resampler_II/platform/ip/system/system_alt_vip_cl_crs_0.ip --synthesis=VERILOG --output-directory=/mnt/ssd2/QuartusProjects/VVP_IP_Validation/resampler_II/platform/ip/system/system_alt_vip_cl_crs_0 --family="Cyclone 10 GX" --part=10CX220YF780I5G
Info: system_alt_vip_cl_crs_0: "Transforming system: system_alt_vip_cl_crs_0"
Info: system_alt_vip_cl_crs_0: "Naming system components in system: system_alt_vip_cl_crs_0"
Info: system_alt_vip_cl_crs_0: "Processing generation queue"
Info: system_alt_vip_cl_crs_0: "Generating: system_alt_vip_cl_crs_0"
Info: system_alt_vip_cl_crs_0: "Generating: system_alt_vip_cl_crs_0_alt_vip_cl_crs_2360_dbzwawy"
Info: system_alt_vip_cl_crs_0: "Generating: alt_vip_video_input_bridge_resp"
Info: system_alt_vip_cl_crs_0: "Generating: alt_vip_video_output_bridge"
Info: system_alt_vip_cl_crs_0: "Generating: system_alt_vip_cl_crs_0_alt_vip_cl_crs_422_to_var_2360_xj5jyii"
Info: system_alt_vip_cl_crs_0: "Generating: alt_vip_crs_scheduler"
Info: system_alt_vip_cl_crs_0: "Generating: alt_vip_video_input_bridge_cmd"
Info: system_alt_vip_cl_crs_0: "Generating: alt_vip_pip_converter_core"
Info: system_alt_vip_cl_crs_0: "Generating: alt_vip_packet_demux"
Info: system_alt_vip_cl_crs_0: "Generating: alt_vip_crs_h_up_core"
Info: system_alt_vip_cl_crs_0: "Generating: alt_vip_cpp_converter"
Info: system_alt_vip_cl_crs_0: "Generating: alt_vip_packet_mux"
Info: system_alt_vip_cl_crs_0: Done "system_alt_vip_cl_crs_0" with 12 modules, 69 files
Info: Finished: Create HDL design files for synthesis
Info: Starting: IP-XACT
Info: qsys-generate /mnt/ssd2/QuartusProjects/VVP_IP_Validation/resampler_II/platform/ip/system/system_alt_vip_cl_crs_0.ip --synthesis=VERILOG --ipxact --output-directory=/mnt/ssd2/QuartusProjects/VVP_IP_Validation/resampler_II/platform/ip/system/system_alt_vip_cl_crs_0 --family="Cyclone 10 GX" --part=10CX220YF780I5G
Info: Finished: IP-XACT
Info: Starting: Generate IP Core Documentation
Info: No documentation filesets were found for components in system_alt_vip_cl_crs_0. No files generated.
Info: Finished: Generate IP Core Documentation
