Info: Generated by version: 25.1.1 build 125
Info: Starting: Create simulation model
Info: qsys-generate /mnt/ssd2/hamza/hello_world/ip/niosv/niosv_onchip_memory2_0.ip --simulation=VERILOG --allow-mixed-language-simulation --simulator=MODELSIM --output-directory=/mnt/ssd2/hamza/hello_world/ip/niosv/niosv_onchip_memory2_0 --family="Cyclone 10 GX" --part=10CX220YF780I5G
Info: niosv_onchip_memory2_0: "Transforming system: niosv_onchip_memory2_0"
Info: niosv_onchip_memory2_0: "Naming system components in system: niosv_onchip_memory2_0"
Info: niosv_onchip_memory2_0: "Processing generation queue"
Info: niosv_onchip_memory2_0: "Generating: niosv_onchip_memory2_0"
Info: niosv_onchip_memory2_0: "Generating: niosv_onchip_memory2_0_altera_avalon_onchip_memory2_1939_nh2noiy"
Info: onchip_memory2_0: Starting RTL generation for module 'niosv_onchip_memory2_0_altera_avalon_onchip_memory2_1939_nh2noiy'
Info: onchip_memory2_0:   Generation command is [exec /mnt/ssd2/Quartus_25_1_1_Setup_Installation/quartus/linux64//perl/bin/perl -I /mnt/ssd2/Quartus_25_1_1_Setup_Installation/quartus/linux64//perl/lib -I /mnt/ssd2/Quartus_25_1_1_Setup_Installation/quartus/sopc_builder/bin/europa -I /mnt/ssd2/Quartus_25_1_1_Setup_Installation/quartus/sopc_builder/bin/perl_lib -I /mnt/ssd2/Quartus_25_1_1_Setup_Installation/quartus/sopc_builder/bin -I /mnt/ssd2/Quartus_25_1_1_Setup_Installation/quartus/../ip/altera/sopc_builder_ip/common -I /mnt/ssd2/Quartus_25_1_1_Setup_Installation/quartus/../ip/altera/platform_designer_ip/altera_avalon_onchip_memory2 -- /mnt/ssd2/Quartus_25_1_1_Setup_Installation/quartus/../ip/altera/platform_designer_ip/altera_avalon_onchip_memory2/generate_rtl.pl --name=niosv_onchip_memory2_0_altera_avalon_onchip_memory2_1939_nh2noiy --dir=/tmp/alt0628_16263406906494469543.dir/0022_onchip_memory2_0_gen/ --quartus_dir=/mnt/ssd2/Quartus_25_1_1_Setup_Installation/quartus --verilog --config=/tmp/alt0628_16263406906494469543.dir/0022_onchip_memory2_0_gen//niosv_onchip_memory2_0_altera_avalon_onchip_memory2_1939_nh2noiy_component_configuration.pl  --do_build_sim=1    --sim_dir=/tmp/alt0628_16263406906494469543.dir/0022_onchip_memory2_0_gen/  ]
Info: onchip_memory2_0: Done RTL generation for module 'niosv_onchip_memory2_0_altera_avalon_onchip_memory2_1939_nh2noiy'
Info: niosv_onchip_memory2_0: Done "niosv_onchip_memory2_0" with 2 modules, 3 files
Info: Generating the following file(s) for MODELSIM simulator in /mnt/ssd2/hamza/hello_world/ip/niosv/niosv_onchip_memory2_0/sim/ directory:
Info: 	common/modelsim_files.tcl
Info: For information on how to simulate your IP, see the explanatory comments in the simulator-specific subdirectories under /mnt/ssd2/hamza/hello_world/ip/niosv/niosv_onchip_memory2_0/sim/.
Info: Regenerate these scripts whenever you make any change to any Quartus-generated IP in your project.
Info: Finished: Create simulation model
Info: Starting: Create simulation script
Info: sim-script-gen --system-file=/mnt/ssd2/hamza/hello_world/ip/niosv/niosv_onchip_memory2_0.ip --simulator=MODELSIM --output-directory=/mnt/ssd2/hamza/hello_world/ip/niosv/niosv_onchip_memory2_0/sim/ --use-relative-paths=true --modelsim-flow=traditional
Info: Generating the following file(s) for MODELSIM simulator in /mnt/ssd2/hamza/hello_world/ip/niosv/niosv_onchip_memory2_0/sim/ directory:
Info: 	mentor/msim_setup.tcl
Info: 	mentor/run_msim_setup.tcl
Info: For information on how to simulate your IP, see the explanatory comments in the simulator-specific subdirectories under /mnt/ssd2/hamza/hello_world/ip/niosv/niosv_onchip_memory2_0/sim/.
Info: Regenerate these scripts whenever you make any change to any Quartus-generated IP in your project.
Info: Finished: Create simulation script
Info: Starting: Create block symbol file (.bsf)
Info: qsys-generate /mnt/ssd2/hamza/hello_world/ip/niosv/niosv_onchip_memory2_0.ip --block-symbol-file --output-directory=/mnt/ssd2/hamza/hello_world/ip/niosv/niosv_onchip_memory2_0 --family="Cyclone 10 GX" --part=10CX220YF780I5G
Info: Finished: Create block symbol file (.bsf)
Info: 
Info: This IP does not support greybox generation. Skipping greybox generation for /mnt/ssd2/hamza/hello_world/ip/niosv/niosv_onchip_memory2_0.ip.
Info: Starting: Create HDL design files for synthesis
Info: qsys-generate /mnt/ssd2/hamza/hello_world/ip/niosv/niosv_onchip_memory2_0.ip --synthesis=VERILOG --output-directory=/mnt/ssd2/hamza/hello_world/ip/niosv/niosv_onchip_memory2_0 --family="Cyclone 10 GX" --part=10CX220YF780I5G
Info: niosv_onchip_memory2_0: "Transforming system: niosv_onchip_memory2_0"
Info: niosv_onchip_memory2_0: "Naming system components in system: niosv_onchip_memory2_0"
Info: niosv_onchip_memory2_0: "Processing generation queue"
Info: niosv_onchip_memory2_0: "Generating: niosv_onchip_memory2_0"
Info: niosv_onchip_memory2_0: "Generating: niosv_onchip_memory2_0_altera_avalon_onchip_memory2_1939_nh2noiy"
Info: onchip_memory2_0: Starting RTL generation for module 'niosv_onchip_memory2_0_altera_avalon_onchip_memory2_1939_nh2noiy'
Info: onchip_memory2_0:   Generation command is [exec /mnt/ssd2/Quartus_25_1_1_Setup_Installation/quartus/linux64//perl/bin/perl -I /mnt/ssd2/Quartus_25_1_1_Setup_Installation/quartus/linux64//perl/lib -I /mnt/ssd2/Quartus_25_1_1_Setup_Installation/quartus/sopc_builder/bin/europa -I /mnt/ssd2/Quartus_25_1_1_Setup_Installation/quartus/sopc_builder/bin/perl_lib -I /mnt/ssd2/Quartus_25_1_1_Setup_Installation/quartus/sopc_builder/bin -I /mnt/ssd2/Quartus_25_1_1_Setup_Installation/quartus/../ip/altera/sopc_builder_ip/common -I /mnt/ssd2/Quartus_25_1_1_Setup_Installation/quartus/../ip/altera/platform_designer_ip/altera_avalon_onchip_memory2 -- /mnt/ssd2/Quartus_25_1_1_Setup_Installation/quartus/../ip/altera/platform_designer_ip/altera_avalon_onchip_memory2/generate_rtl.pl --name=niosv_onchip_memory2_0_altera_avalon_onchip_memory2_1939_nh2noiy --dir=/tmp/alt0628_16263406906494469543.dir/0024_onchip_memory2_0_gen/ --quartus_dir=/mnt/ssd2/Quartus_25_1_1_Setup_Installation/quartus --verilog --config=/tmp/alt0628_16263406906494469543.dir/0024_onchip_memory2_0_gen//niosv_onchip_memory2_0_altera_avalon_onchip_memory2_1939_nh2noiy_component_configuration.pl  --do_build_sim=0  ]
Info: onchip_memory2_0: Done RTL generation for module 'niosv_onchip_memory2_0_altera_avalon_onchip_memory2_1939_nh2noiy'
Info: niosv_onchip_memory2_0: Done "niosv_onchip_memory2_0" with 2 modules, 3 files
Info: Finished: Create HDL design files for synthesis
Info: Starting: IP-XACT
Info: qsys-generate /mnt/ssd2/hamza/hello_world/ip/niosv/niosv_onchip_memory2_0.ip --synthesis=VERILOG --ipxact --output-directory=/mnt/ssd2/hamza/hello_world/ip/niosv/niosv_onchip_memory2_0 --family="Cyclone 10 GX" --part=10CX220YF780I5G
Info: Finished: IP-XACT
Info: Starting: Generate IP Core Documentation
Info: No documentation filesets were found for components in niosv_onchip_memory2_0. No files generated.
Info: Finished: Generate IP Core Documentation
