Info: Generated by version: 25.1.1 build 125
Info: Starting: Create simulation model
Info: qsys-generate /home/lpt-10xe/Desktop/Internship10x/ColorSpace/platform/color_space.qsys --simulation=VERILOG --allow-mixed-language-simulation --simulator=MODELSIM --output-directory=/home/lpt-10xe/Desktop/Internship10x/ColorSpace/platform/color_space --family="Cyclone 10 GX" --part=10CX220YF780I5G
Progress: Loading platform/color_space.qsys
Progress: Reading input file
Progress: Parameterizing module clock_in
Progress: Parameterizing module intel_vvp_csc_0
Progress: Parameterizing module intel_vvp_tpg_0
Progress: Parameterizing module reset_in
Progress: Building connections
Progress: Parameterizing connections
Progress: Validating
Progress: Done reading input file
Info: color_space: "Transforming system: color_space"
Info: color_space: "Naming system components in system: color_space"
Info: color_space: "Processing generation queue"
Info: color_space: "Generating: color_space"
Info: color_space: "Generating: color_space_clock_in"
Info: color_space: "Generating: color_space_intel_vvp_csc_0"
Info: color_space: "Generating: color_space_intel_vvp_tpg_0"
Info: color_space: "Generating: color_space_reset_in"
Info: color_space: "Generating: altera_reset_controller"
Info: color_space: Done "color_space" with 6 modules, 4 files
Info: Generating the following file(s) for MODELSIM simulator in /home/lpt-10xe/Desktop/Internship10x/ColorSpace/platform/color_space/sim/ directory:
Info: 	common/modelsim_files.tcl
Info: For information on how to simulate your IP, see the explanatory comments in the simulator-specific subdirectories under /home/lpt-10xe/Desktop/Internship10x/ColorSpace/platform/color_space/sim/.
Info: Regenerate these scripts whenever you make any change to any Quartus-generated IP in your project.
Info: Finished: Create simulation model
Info: Starting: Create simulation script
Info: sim-script-gen --system-file=/home/lpt-10xe/Desktop/Internship10x/ColorSpace/platform/color_space.qsys --simulator=MODELSIM --output-directory=/home/lpt-10xe/Desktop/Internship10x/ColorSpace/platform/color_space/sim/ --use-relative-paths=true --modelsim-flow=traditional
Info: Generating the following file(s) for MODELSIM simulator in /home/lpt-10xe/Desktop/Internship10x/ColorSpace/platform/color_space/sim/ directory:
Info: 	mentor/msim_setup.tcl
Info: 	mentor/run_msim_setup.tcl
Info: For information on how to simulate your IP, see the explanatory comments in the simulator-specific subdirectories under /home/lpt-10xe/Desktop/Internship10x/ColorSpace/platform/color_space/sim/.
Info: Regenerate these scripts whenever you make any change to any Quartus-generated IP in your project.
Info: Finished: Create simulation script
Info: Starting: Create block symbol file (.bsf)
Info: qsys-generate /home/lpt-10xe/Desktop/Internship10x/ColorSpace/platform/color_space.qsys --block-symbol-file --output-directory=/home/lpt-10xe/Desktop/Internship10x/ColorSpace/platform/color_space --family="Cyclone 10 GX" --part=10CX220YF780I5G
Progress: Loading platform/color_space.qsys
Progress: Reading input file
Progress: Parameterizing module clock_in
Progress: Parameterizing module intel_vvp_csc_0
Progress: Parameterizing module intel_vvp_tpg_0
Progress: Parameterizing module reset_in
Progress: Building connections
Progress: Parameterizing connections
Progress: Validating
Progress: Done reading input file
Info: Finished: Create block symbol file (.bsf)
Info: 
Warning: Creating netlists for third-party EDA synthesis is only supported for standalone IP. Skipping greybox generation for /home/lpt-10xe/Desktop/Internship10x/ColorSpace/platform/color_space.qsys.
Info: Starting: Create HDL design files for synthesis
Info: qsys-generate /home/lpt-10xe/Desktop/Internship10x/ColorSpace/platform/color_space.qsys --synthesis=VERILOG --output-directory=/home/lpt-10xe/Desktop/Internship10x/ColorSpace/platform/color_space --family="Cyclone 10 GX" --part=10CX220YF780I5G
Progress: Loading platform/color_space.qsys
Progress: Reading input file
Progress: Parameterizing module clock_in
Progress: Parameterizing module intel_vvp_csc_0
Progress: Parameterizing module intel_vvp_tpg_0
Progress: Parameterizing module reset_in
Progress: Building connections
Progress: Parameterizing connections
Progress: Validating
Progress: Done reading input file
Info: color_space: "Transforming system: color_space"
Info: color_space: "Naming system components in system: color_space"
Info: color_space: "Processing generation queue"
Info: color_space: "Generating: color_space"
Info: color_space: "Generating: color_space_clock_in"
Info: color_space: "Generating: color_space_intel_vvp_csc_0"
Info: color_space: "Generating: color_space_intel_vvp_tpg_0"
Info: color_space: "Generating: color_space_reset_in"
Info: color_space: "Generating: altera_reset_controller"
Info: color_space: Done "color_space" with 6 modules, 4 files
Info: Finished: Create HDL design files for synthesis
Info: Starting: IP-XACT
Info: qsys-generate /home/lpt-10xe/Desktop/Internship10x/ColorSpace/platform/color_space.qsys --synthesis=VERILOG --ipxact --output-directory=/home/lpt-10xe/Desktop/Internship10x/ColorSpace/platform/color_space --family="Cyclone 10 GX" --part=10CX220YF780I5G
Info: Finished: IP-XACT
Info: Starting: Generate IP Core Documentation
Info: No documentation filesets were found for components in color_space. No files generated.
Info: Finished: Generate IP Core Documentation
