SDC Constraints report for niosv
Wed Jun 24 12:42:05 2026
Quartus Prime Version 25.1.1 Build 125 07/31/2025 Patches 1.31 SC Pro Edition


---------------------
; Table of Contents ;
---------------------
  1. Post-Elaboration Constraints
  2. Post-Synthesis Constraints



+-----------------------------------------------------------------------------------------------------------------------------------------------+
; Post-Elaboration Constraints                                                                                                                  ;
+---------------+--------------------------+----------------------------------------------------------------------------------------+-----------+
; Constraint ID ; Command                  ; Value and Target Options                                                               ; File Name ;
+---------------+--------------------------+----------------------------------------------------------------------------------------+-----------+
; 0             ; SDC::stmt_of_source_file ; [-qip] { dni/sandboxes/ipaa-10xe_140841_0/sld/ipgen/alt_sld_fab_0/alt_sld_fab_0.qip }  ; :0        ;
+---------------+--------------------------+----------------------------------------------------------------------------------------+-----------+


+-----------------------------------------------------------------------------------------------------------------------------------------------+
; Post-Synthesis Constraints                                                                                                                    ;
+---------------+--------------------------+----------------------------------------------------------------------------------------+-----------+
; Constraint ID ; Command                  ; Value and Target Options                                                               ; File Name ;
+---------------+--------------------------+----------------------------------------------------------------------------------------+-----------+
; 0             ; SDC::stmt_of_source_file ; [-qip] { dni/sandboxes/ipaa-10xe_140841_0/sld/ipgen/alt_sld_fab_0/alt_sld_fab_0.qip }  ; :0        ;
+---------------+--------------------------+----------------------------------------------------------------------------------------+-----------+


