EDA Netlist Writer report for niosv
Wed Jun 24 11:10:27 2026
Quartus Prime Version 25.1.1 Build 125 07/31/2025 Patches 1.31 SC Pro Edition


---------------------
; Table of Contents ;
---------------------
  1. Legal Notice
  2. EDA Netlist Writer Summary
  3. EDA Netlist Writer Messages



----------------
; Legal Notice ;
----------------
Copyright (C) 2025  Altera Corporation. All rights reserved.
Your use of Altera Corporation's design tools, logic functions 
and other software and tools, and any partner logic 
functions, and any output files from any of the foregoing 
(including device programming or simulation files), and any 
associated documentation or information are expressly subject 
to the terms and conditions of the Altera Program License 
Subscription Agreement, the Altera Quartus Prime License Agreement,
the Altera IP License Agreement, or other applicable license
agreement, including, without limitation, that your use is for
the sole purpose of programming logic devices manufactured by
Altera and sold by Altera or its authorized distributors.  Please
refer to the Altera Software License Subscription Agreements 
on the Quartus Prime software download page.



+---------------------------------------------------------------+
; EDA Netlist Writer Summary                                    ;
+---------------------------+-----------------------------------+
; EDA Netlist Writer Status ; Failed - Wed Jun 24 11:10:27 2026 ;
; Revision Name             ; niosv                             ;
; Top-level Entity Name     ; niosv                             ;
; Family                    ; Cyclone 10 GX                     ;
+---------------------------+-----------------------------------+


+-----------------------------+
; EDA Netlist Writer Messages ;
+-----------------------------+
Info: *******************************************************************
Info: Running Quartus Prime EDA Netlist Writer
    Info: Version 25.1.1 Build 125 07/31/2025 Patches 1.31 SC Pro Edition
    Info: Processing started: Wed Jun 24 11:10:18 2026
    Info: System process ID: 42053
Info: Command: quartus_eda --read_settings_files=on --write_settings_files=off niosv -c niosv
Info (16677): Loading final database.
Info (16734): Loading "final" snapshot for partition "root_partition".
Info (16734): Loading "final" snapshot for partition "auto_fab_0".
Info (16678): Successfully loaded final database: elapsed time is 00:00:04.
Error (204009): Can't generate netlist output files because the license for encrypted file "/mnt/ssd2/hamza/hello_world/qdb/_compiler/niosv/root_partition/25.1.1/final/1/netlist.model Vendor: Altera QDB (6a81) Product:  (bcec)" is not available
Error (204009): Can't generate netlist output files because the license for encrypted file "/mnt/ssd2/hamza/hello_world/qdb/_compiler/niosv/root_partition/25.1.1/final/1/names.model Vendor: Altera QDB (6a81) Product:  (bcec)" is not available
Error (204009): Can't generate netlist output files because the license for encrypted file "/mnt/ssd2/hamza/hello_world/qdb/_compiler/niosv/root_partition/25.1.1/final/1/netlist.model Vendor: Altera QDB (6a81) Product:  (bcec)" is not available
Error (204009): Can't generate netlist output files because the license for encrypted file "/mnt/ssd2/hamza/hello_world/qdb/_compiler/niosv/root_partition/25.1.1/final/1/names.model Vendor: Altera QDB (6a81) Product:  (bcec)" is not available
Error (204009): Can't generate netlist output files because the license for encrypted file "/mnt/ssd2/hamza/hello_world/qdb/_compiler/niosv/auto_fab_0/25.1.1/final/1/netlist.model Vendor: Altera QDB (6a81) Product:  (bcec)" is not available
Error (204009): Can't generate netlist output files because the license for encrypted file "/mnt/ssd2/hamza/hello_world/qdb/_compiler/niosv/auto_fab_0/25.1.1/final/1/names.model Vendor: Altera QDB (6a81) Product:  (bcec)" is not available
Error (204009): Can't generate netlist output files because the license for encrypted file "/mnt/ssd2/hamza/hello_world/qdb/_compiler/niosv/root_partition/25.1.1/final/1/netlist.model Vendor: Altera QDB (6a81) Product:  (bcec)" is not available
Error (204009): Can't generate netlist output files because the license for encrypted file "/mnt/ssd2/hamza/hello_world/qdb/_compiler/niosv/root_partition/25.1.1/final/1/names.model Vendor: Altera QDB (6a81) Product:  (bcec)" is not available
Error (204009): Can't generate netlist output files because the license for encrypted file "/mnt/ssd2/hamza/hello_world/qdb/_compiler/niosv/root_partition/25.1.1/final/1/netlist.model Vendor: Altera QDB (6a81) Product:  (bcec)" is not available
Error (204009): Can't generate netlist output files because the license for encrypted file "/mnt/ssd2/hamza/hello_world/qdb/_compiler/niosv/root_partition/25.1.1/final/1/names.model Vendor: Altera QDB (6a81) Product:  (bcec)" is not available
Error (204009): Can't generate netlist output files because the license for encrypted file "/mnt/ssd2/hamza/hello_world/qdb/_compiler/niosv/auto_fab_0/25.1.1/final/1/netlist.model Vendor: Altera QDB (6a81) Product:  (bcec)" is not available
Error (204009): Can't generate netlist output files because the license for encrypted file "/mnt/ssd2/hamza/hello_world/qdb/_compiler/niosv/auto_fab_0/25.1.1/final/1/names.model Vendor: Altera QDB (6a81) Product:  (bcec)" is not available
Error: Quartus Prime EDA Netlist Writer was unsuccessful. 12 errors, 0 warnings
    Error: Peak virtual memory: 1821 megabytes
    Error: Processing ended: Wed Jun 24 11:10:27 2026
    Error: Elapsed time: 00:00:09
    Error: System process ID: 42053


