Design Assistant report for niosv
Wed Jun 24 12:41:41 2026
Quartus Prime Version 25.1.1 Build 125 07/31/2025 Patches 1.31 SC Pro Edition


---------------------
; Table of Contents ;
---------------------
  1. Legal Notice
  2. Design Assistant (Signoff) Results - 5 of 85 Rules Failed
  3. TMC-20209 - Paths Failing Setup Analysis with High Routing Delay due to Congestion
  4. TMC-20200 - Paths Failing Setup Analysis with Impossible Requirements
  5. FLP-10501 - Top-Level Ports Without Pin Location Assignment
  6. RDC-50003 - Multiple Asynchronous Reset Synchronizers in the Same Clock Domain
  7. RES-50101 - Intra-Clock False Path Reset Synchronizer
  8. CDC-50001 - 1-Bit Asynchronous Transfer Not Synchronized
  9. CDC-50002 - 1-Bit Asynchronous Transfer with Insufficient Constraints
 10. CDC-50003 - CE-Type CDC Transfer with Insufficient Constraints
 11. CDC-50004 - MUX-type CDC Transfer with Insufficient Constraints
 12. CDC-50005 - CDC Bus Constructed with Multi-bit Synchronizer Chains of Different Lengths
 13. CDC-50006 - CDC Bus Constructed with Unsynchronized Registers
 14. CDC-50007 - CDC Bus Constructed with Multi-bit Synchronizer Chains with Insufficient Constraints
 15. CDC-50011 - Combinational Logic Before Synchronizer Chain
 16. CDC-50012 - Multiple Clock Domains Driving a Synchronizer Chain
 17. CLK-30026 - Missing Clock Assignment
 18. CLK-30027 - Multiple Clock Assignments Found
 19. CLK-30028 - Invalid Generated Clock
 20. CLK-30029 - Invalid Clock Assignments
 21. CLK-30030 - PLL Setting Violation
 22. CLK-30033 - Invalid Clock Group Assignment
 23. CLK-30034 - Clock Pairs Missing Logically Exclusive Clock Group Assignment
 24. CLK-30035 - Clock Pairs Missing Physically Exclusive Clock Group Assignment
 25. CLK-30042 - Incorrect Clock Group Type
 26. RES-50001 - Asynchronous Reset Is Not Synchronized
 27. RES-50002 - Asynchronous Reset is Insufficiently Synchronized
 28. RES-50003 - Asynchronous Reset with Insufficient Constraints
 29. RES-50004 - Multiple Asynchronous Resets within Reset Synchronizer Chain
 30. TMC-20011 - Missing Input Delay Constraint
 31. TMC-20012 - Missing Output Delay Constraint
 32. TMC-20013 - Partial Input Delay
 33. TMC-20014 - Partial Output Delay
 34. TMC-20015 - Inconsistent Min-Max Delay
 35. TMC-20016 - Invalid Reference Pin
 36. TMC-20017 - Loops Detected
 37. TMC-20019 - Partial Multicycle Assignment
 38. TMC-20022 - I/O Delay Assignment Missing Parameters
 39. TMC-20023 - Invalid Set Net Delay Assignment
 40. TMC-20027 - Collection Filter Matching Multiple Types
 41. TMC-30041 - Constraint with Invalid Clock Reference
 42. CDC-50103 - Unsynchronized Intra-Clock Forced Synchronizer
 43. CLK-30031 - Input Delay Assigned to Clock
 44. CLK-30032 - Improper Clock Targets
 45. FLP-10000 - Physical RAM with Utilization Below Threshold
 46. LNT-30023 - Reset Nets with Polarity Conflict
 47. TMC-20018 - Unsupported Latches Detected
 48. TMC-20021 - Partial Min-Max Delay Assignment
 49. TMC-20024 - Synchronous Data Delay Assignment
 50. TMC-20025 - Ignored or Overridden Constraints
 51. TMC-20026 - Empty Collection Due To Unmatched Filter
 52. TMC-20201 - Paths Failing Setup Analysis with High Clock Skew
 53. TMC-20204 - Endpoints of Paths Failing Setup Analysis with Retiming Restrictions
 54. TMC-20205 - Endpoints of Paths Failing Setup Analysis with Explicit Power-Up States that Restrict Retiming
 55. TMC-20206 - DSP Blocks with Unregistered Outputs that are the Source of Paths Failing Setup Analysis
 56. TMC-20207 - DSP Blocks with Unregistered Inputs that are the Destination of Paths Failing Setup Analysis
 57. TMC-20208 - RAM Blocks with Unregistered Outputs that are the Source of Paths Failing Setup Analysis
 58. TMC-20210 - Paths Failing Setup Analysis with High Routing Delay Added for Hold
 59. TMC-20212 - Paths Failing Setup Analysis with Global Routing in Data Path
 60. TMC-20213 - Paths Failing Setup Analysis with Locally Routed Clock
 61. TMC-20214 - Buses with Incoming Paths Failing Setup Analysis with Multiple Sequential Adder Chains
 62. TMC-20215 - Buses with Incoming Paths Failing Setup Analysis with Multipliers Implemented in Logic
 63. TMC-20216 - Paths Failing Setup Analysis with Inferred-RAM Shift Register Endpoints
 64. TMC-20217 - Paths Failing Setup Analysis with Clock-As-Data
 65. TMC-20219 - DSP Blocks with Restricted Fmax below Required Fmax
 66. TMC-20220 - RAM Blocks with Restricted Fmax below Required Fmax
 67. TMC-20221 - Nodes Failing Minimum Pulse Width Due to Clock Pulse Collapse
 68. TMC-20312 - Paths Failing Hold Analysis with Global Routing in Data Path
 69. TMC-20313 - Paths Failing Hold Analysis with Locally Routed Clock
 70. TMC-20712 - Paths Failing Recovery Analysis with Global Routing in Data Path
 71. TMC-20713 - Paths Failing Recovery Analysis with Locally Routed Clock
 72. TMC-20812 - Paths Failing Removal Analysis with Global Routing in Data Path
 73. TMC-20813 - Paths Failing Removal Analysis with Locally Routed Clock
 74. CDC-50008 - CDC Bus Constructed with Multi-bit Synchronizer Chains
 75. CDC-50101 - Intra-Clock False Path Synchronizer
 76. CDC-50102 - Synchronizer after CDC Topology with Control Signal
 77. FLP-40006 - Pipelining Registers That Might Be Recoverable
 78. LNT-30010 - Nets Driving both Reset and Clock Enable Signals
 79. RES-50010 - Reset Synchronizer Chains with Constant Output
 80. TMC-20020 - Invalid Multicycle Assignment
 81. TMC-20550 - Automatically Selected Duplication Candidate Rejected for Placement Constraint
 82. TMC-20551 - Automatically Selected Duplication Candidate Likely Requires More Duplication
 83. TMC-20552 - User Selected Duplication Candidate was Rejected
 84. TMC-20601 - Registers with High Immediate Fan-Out Tension
 85. TMC-20602 - Registers with High Timing Path Endpoint Tension
 86. TMC-20603 - Registers with High Immediate Fan-Out Span
 87. TMC-20604 - Registers with High Timing Path Endpoint Span



----------------
; Legal Notice ;
----------------
Copyright (C) 2025  Altera Corporation. All rights reserved.
Your use of Altera Corporation's design tools, logic functions 
and other software and tools, and any partner logic 
functions, and any output files from any of the foregoing 
(including device programming or simulation files), and any 
associated documentation or information are expressly subject 
to the terms and conditions of the Altera Program License 
Subscription Agreement, the Altera Quartus Prime License Agreement,
the Altera IP License Agreement, or other applicable license
agreement, including, without limitation, that your use is for
the sole purpose of programming logic devices manufactured by
Altera and sold by Altera or its authorized distributors.  Please
refer to the Altera Software License Subscription Agreements 
on the Quartus Prime software download page.



+----------------------------------------------------------------------------------------------------------------------------------------------------------------------------------------------+
; Design Assistant (Signoff) Results - 5 of 85 Rules Failed                                                                                                                                    ;
+------------------------------------------------------------------------------------------------------------+----------+------------+--------+------------------------------------------------+
; Rule                                                                                                       ; Severity ; Violations ; Waived ; Tags                                           ;
+------------------------------------------------------------------------------------------------------------+----------+------------+--------+------------------------------------------------+
; TMC-20209 - Paths Failing Setup Analysis with High Routing Delay due to Congestion                         ; Medium   ; 26         ; 0      ; route                                          ;
; TMC-20200 - Paths Failing Setup Analysis with Impossible Requirements                                      ; Medium   ; 4          ; 0      ; intrinsic-margin, impossible-requirements, sdc ;
; FLP-10501 - Top-Level Ports Without Pin Location Assignment                                                ; Medium   ; 1          ; 0      ; system                                         ;
; RDC-50003 - Multiple Asynchronous Reset Synchronizers in the Same Clock Domain                             ; Medium   ; 1          ; 0      ; reset-usage, reset-reachability                ;
; RES-50101 - Intra-Clock False Path Reset Synchronizer                                                      ; Low      ; 1          ; 0      ; synchronizer, false-positive-synchronizer      ;
; CDC-50001 - 1-Bit Asynchronous Transfer Not Synchronized                                                   ; High     ; 0          ; 0      ; synchronizer                                   ;
; CDC-50002 - 1-Bit Asynchronous Transfer with Insufficient Constraints                                      ; High     ; 0          ; 0      ; synchronizer                                   ;
; CDC-50003 - CE-Type CDC Transfer with Insufficient Constraints                                             ; High     ; 0          ; 0      ; cdc-bus                                        ;
; CDC-50004 - MUX-type CDC Transfer with Insufficient Constraints                                            ; High     ; 0          ; 0      ; cdc-bus                                        ;
; CDC-50005 - CDC Bus Constructed with Multi-bit Synchronizer Chains of Different Lengths                    ; High     ; 0          ; 0      ; synchronizer, cdc-bus                          ;
; CDC-50006 - CDC Bus Constructed with Unsynchronized Registers                                              ; High     ; 0          ; 0      ; synchronizer, cdc-bus                          ;
; CDC-50007 - CDC Bus Constructed with Multi-bit Synchronizer Chains with Insufficient Constraints           ; High     ; 0          ; 0      ; synchronizer, cdc-bus                          ;
; CDC-50011 - Combinational Logic Before Synchronizer Chain                                                  ; High     ; 0          ; 0      ; synchronizer                                   ;
; CDC-50012 - Multiple Clock Domains Driving a Synchronizer Chain                                            ; High     ; 0          ; 0      ; synchronizer                                   ;
; CLK-30026 - Missing Clock Assignment                                                                       ; High     ; 0          ; 0      ; sdc                                            ;
; CLK-30027 - Multiple Clock Assignments Found                                                               ; High     ; 0          ; 0      ; sdc                                            ;
; CLK-30028 - Invalid Generated Clock                                                                        ; High     ; 0          ; 0      ; sdc                                            ;
; CLK-30029 - Invalid Clock Assignments                                                                      ; High     ; 0          ; 0      ; sdc                                            ;
; CLK-30030 - PLL Setting Violation                                                                          ; High     ; 0          ; 0      ; sdc                                            ;
; CLK-30033 - Invalid Clock Group Assignment                                                                 ; High     ; 0          ; 0      ; sdc                                            ;
; CLK-30034 - Clock Pairs Missing Logically Exclusive Clock Group Assignment                                 ; High     ; 0          ; 0      ; sdc                                            ;
; CLK-30035 - Clock Pairs Missing Physically Exclusive Clock Group Assignment                                ; High     ; 0          ; 0      ; sdc                                            ;
; CLK-30042 - Incorrect Clock Group Type                                                                     ; High     ; 0          ; 0      ; sdc                                            ;
; RES-50001 - Asynchronous Reset Is Not Synchronized                                                         ; High     ; 0          ; 0      ; synchronizer                                   ;
; RES-50002 - Asynchronous Reset is Insufficiently Synchronized                                              ; High     ; 0          ; 0      ; synchronizer                                   ;
; RES-50003 - Asynchronous Reset with Insufficient Constraints                                               ; High     ; 0          ; 0      ; synchronizer                                   ;
; RES-50004 - Multiple Asynchronous Resets within Reset Synchronizer Chain                                   ; High     ; 0          ; 0      ; synchronizer                                   ;
; TMC-20011 - Missing Input Delay Constraint                                                                 ; High     ; 0          ; 0      ; sdc, system                                    ;
; TMC-20012 - Missing Output Delay Constraint                                                                ; High     ; 0          ; 0      ; sdc, system                                    ;
; TMC-20013 - Partial Input Delay                                                                            ; High     ; 0          ; 0      ; sdc, system                                    ;
; TMC-20014 - Partial Output Delay                                                                           ; High     ; 0          ; 0      ; sdc, system                                    ;
; TMC-20015 - Inconsistent Min-Max Delay                                                                     ; High     ; 0          ; 0      ; sdc                                            ;
; TMC-20016 - Invalid Reference Pin                                                                          ; High     ; 0          ; 0      ; sdc, system                                    ;
; TMC-20017 - Loops Detected                                                                                 ; High     ; 0          ; 0      ; sdc                                            ;
; TMC-20019 - Partial Multicycle Assignment                                                                  ; High     ; 0          ; 0      ; sdc                                            ;
; TMC-20022 - I/O Delay Assignment Missing Parameters                                                        ; High     ; 0          ; 0      ; sdc, system                                    ;
; TMC-20023 - Invalid Set Net Delay Assignment                                                               ; High     ; 0          ; 0      ; sdc                                            ;
; TMC-20027 - Collection Filter Matching Multiple Types                                                      ; High     ; 0          ; 0      ; sdc                                            ;
; TMC-30041 - Constraint with Invalid Clock Reference                                                        ; High     ; 0          ; 0      ; sdc                                            ;
; CDC-50103 - Unsynchronized Intra-Clock Forced Synchronizer                                                 ; Medium   ; 0          ; 0      ; synchronizer                                   ;
; CLK-30031 - Input Delay Assigned to Clock                                                                  ; Medium   ; 0          ; 0      ; sdc, system                                    ;
; CLK-30032 - Improper Clock Targets                                                                         ; Medium   ; 0          ; 0      ; sdc                                            ;
; FLP-10000 - Physical RAM with Utilization Below Threshold                                                  ; Medium   ; 0          ; 0      ; ram, resource-usage                            ;
; LNT-30023 - Reset Nets with Polarity Conflict                                                              ; Medium   ; 0          ; 0      ; reset-usage                                    ;
; TMC-20018 - Unsupported Latches Detected                                                                   ; Medium   ; 0          ; 0      ; latch                                          ;
; TMC-20021 - Partial Min-Max Delay Assignment                                                               ; Medium   ; 0          ; 0      ; sdc                                            ;
; TMC-20024 - Synchronous Data Delay Assignment                                                              ; Medium   ; 0          ; 0      ; sdc                                            ;
; TMC-20025 - Ignored or Overridden Constraints                                                              ; Medium   ; 0          ; 0      ; sdc                                            ;
; TMC-20026 - Empty Collection Due To Unmatched Filter                                                       ; Medium   ; 0          ; 0      ; sdc                                            ;
; TMC-20201 - Paths Failing Setup Analysis with High Clock Skew                                              ; Medium   ; 0          ; 0      ; intrinsic-margin                               ;
; TMC-20204 - Endpoints of Paths Failing Setup Analysis with Retiming Restrictions                           ; Medium   ; 0          ; 0      ; retime                                         ;
; TMC-20205 - Endpoints of Paths Failing Setup Analysis with Explicit Power-Up States that Restrict Retiming ; Medium   ; 0          ; 0      ; retime                                         ;
; TMC-20206 - DSP Blocks with Unregistered Outputs that are the Source of Paths Failing Setup Analysis       ; Medium   ; 0          ; 0      ; dsp                                            ;
; TMC-20207 - DSP Blocks with Unregistered Inputs that are the Destination of Paths Failing Setup Analysis   ; Medium   ; 0          ; 0      ; dsp                                            ;
; TMC-20208 - RAM Blocks with Unregistered Outputs that are the Source of Paths Failing Setup Analysis       ; Medium   ; 0          ; 0      ; ram                                            ;
; TMC-20210 - Paths Failing Setup Analysis with High Routing Delay Added for Hold                            ; Medium   ; 0          ; 0      ; route                                          ;
; TMC-20212 - Paths Failing Setup Analysis with Global Routing in Data Path                                  ; Medium   ; 0          ; 0      ; global-signal, route                           ;
; TMC-20213 - Paths Failing Setup Analysis with Locally Routed Clock                                         ; Medium   ; 0          ; 0      ; global-signal, clock-skew                      ;
; TMC-20214 - Buses with Incoming Paths Failing Setup Analysis with Multiple Sequential Adder Chains         ; Medium   ; 0          ; 0      ; logic-levels                                   ;
; TMC-20215 - Buses with Incoming Paths Failing Setup Analysis with Multipliers Implemented in Logic         ; Medium   ; 0          ; 0      ; logic-levels, dsp                              ;
; TMC-20216 - Paths Failing Setup Analysis with Inferred-RAM Shift Register Endpoints                        ; Medium   ; 0          ; 0      ; ram                                            ;
; TMC-20217 - Paths Failing Setup Analysis with Clock-As-Data                                                ; Medium   ; 0          ; 0      ; nonstandard-timing                             ;
; TMC-20219 - DSP Blocks with Restricted Fmax below Required Fmax                                            ; Medium   ; 0          ; 0      ; dsp, minimum-pulse-width                       ;
; TMC-20220 - RAM Blocks with Restricted Fmax below Required Fmax                                            ; Medium   ; 0          ; 0      ; ram, minimum-pulse-width                       ;
; TMC-20221 - Nodes Failing Minimum Pulse Width Due to Clock Pulse Collapse                                  ; Medium   ; 0          ; 0      ; minimum-pulse-width                            ;
; TMC-20312 - Paths Failing Hold Analysis with Global Routing in Data Path                                   ; Medium   ; 0          ; 0      ; global-signal, route                           ;
; TMC-20313 - Paths Failing Hold Analysis with Locally Routed Clock                                          ; Medium   ; 0          ; 0      ; global-signal, clock-skew                      ;
; TMC-20712 - Paths Failing Recovery Analysis with Global Routing in Data Path                               ; Medium   ; 0          ; 0      ; global-signal, route                           ;
; TMC-20713 - Paths Failing Recovery Analysis with Locally Routed Clock                                      ; Medium   ; 0          ; 0      ; global-signal, clock-skew                      ;
; TMC-20812 - Paths Failing Removal Analysis with Global Routing in Data Path                                ; Medium   ; 0          ; 0      ; global-signal, route                           ;
; TMC-20813 - Paths Failing Removal Analysis with Locally Routed Clock                                       ; Medium   ; 0          ; 0      ; global-signal, clock-skew                      ;
; CDC-50008 - CDC Bus Constructed with Multi-bit Synchronizer Chains                                         ; Low      ; 0          ; 0      ; synchronizer, cdc-bus                          ;
; CDC-50101 - Intra-Clock False Path Synchronizer                                                            ; Low      ; 0          ; 0      ; synchronizer, false-positive-synchronizer      ;
; CDC-50102 - Synchronizer after CDC Topology with Control Signal                                            ; Low      ; 0          ; 0      ; synchronizer, false-positive-synchronizer      ;
; FLP-40006 - Pipelining Registers That Might Be Recoverable                                                 ; Low      ; 0          ; 0      ; resource-usage                                 ;
; LNT-30010 - Nets Driving both Reset and Clock Enable Signals                                               ; Low      ; 0          ; 0      ; reset-usage                                    ;
; RES-50010 - Reset Synchronizer Chains with Constant Output                                                 ; Low      ; 0          ; 0      ; synchronizer                                   ;
; TMC-20020 - Invalid Multicycle Assignment                                                                  ; Low      ; 0          ; 0      ; sdc                                            ;
; TMC-20550 - Automatically Selected Duplication Candidate Rejected for Placement Constraint                 ; Low      ; 0          ; 0      ; register-duplication, place                    ;
; TMC-20551 - Automatically Selected Duplication Candidate Likely Requires More Duplication                  ; Low      ; 0          ; 0      ; register-duplication, place                    ;
; TMC-20552 - User Selected Duplication Candidate was Rejected                                               ; Low      ; 0          ; 0      ; register-duplication, place                    ;
; TMC-20601 - Registers with High Immediate Fan-Out Tension                                                  ; Low      ; 0          ; 0      ; register-duplication, register-spread, place   ;
; TMC-20602 - Registers with High Timing Path Endpoint Tension                                               ; Low      ; 0          ; 0      ; register-duplication, register-spread, place   ;
; TMC-20603 - Registers with High Immediate Fan-Out Span                                                     ; Low      ; 0          ; 0      ; register-duplication, register-spread, place   ;
; TMC-20604 - Registers with High Timing Path Endpoint Span                                                  ; Low      ; 0          ; 0      ; register-duplication, register-spread, place   ;
+------------------------------------------------------------------------------------------------------------+----------+------------+--------+------------------------------------------------+


Status:		FAIL
Severity:		Medium
Number of violations: 	26
Rule Parameters:      	
		max_violations = 5000
		maximum_setup_slack = 0
		to_clock_filter = "*"
+------------------------------------------------------------------------------------------------------------------------------------------------------------------------------------------------------------------------------------------------+
; TMC-20209 - Paths Failing Setup Analysis with High Routing Delay due to Congestion                                                                                                                                                             ;
+------------------------+-------------------------------------------------------------------------------------------------------------+------------------------------------------------------------------------------------------------+--------+
; Worst-Case Setup Slack ; From Node                                                                                                   ; To Node                                                                                        ; Waived ;
+------------------------+-------------------------------------------------------------------------------------------------------------+------------------------------------------------------------------------------------------------+--------+
; -3.607                 ; mm_interconnect_0|my_niosv_timer_sw_agent_agent_rdata_fifo|mem_used[0]~_Duplicate_1                         ; my_niosv|my_niosv|hart|m_core.niosv_m_full_inst|D_stage_inst|D_rs2_gpr[1]~DUPLICATE            ;        ;
; -3.607                 ; mm_interconnect_0|my_niosv_timer_sw_agent_agent_rdata_fifo|mem_used[0]~_Duplicate_1                         ; my_niosv|my_niosv|hart|m_core.niosv_m_full_inst|D_stage_inst|D_rs2_gpr[1]                      ;        ;
; -3.607                 ; mm_interconnect_0|my_niosv_timer_sw_agent_agent_rdata_fifo|mem_used[0]~_Duplicate_1                         ; my_niosv|my_niosv|hart|m_core.niosv_m_full_inst|D_stage_inst|D_rs1_gpr[3]~DUPLICATE            ;        ;
; -3.607                 ; mm_interconnect_0|my_niosv_timer_sw_agent_agent_rdata_fifo|mem_used[0]~_Duplicate_1                         ; my_niosv|my_niosv|hart|m_core.niosv_m_full_inst|D_stage_inst|D_rs1_gpr[3]                      ;        ;
; -3.599                 ; mm_interconnect_0|my_niosv_timer_sw_agent_agent_rdata_fifo|mem_used[0]~_Duplicate_1                         ; my_niosv|my_niosv|hart|m_core.niosv_m_full_inst|E_stage_inst|E_exe_s2[23]                      ;        ;
; -3.579                 ; sram|intel_onchip_memory_0|altera_syncram_component|auto_generated|altera_syncram_impl1|ram_block2a119~reg0 ; mm_interconnect_0|rsp_mux_001|Select_159~10xsyn_BLOCK_INPUT_MUX_PASSTHROUGH_X27_Y22_N0_I75_dff ;        ;
; -3.578                 ; mm_interconnect_0|my_niosv_timer_sw_agent_agent_rdata_fifo|mem_used[0]~_Duplicate_1                         ; my_niosv|my_niosv|hart|m_core.niosv_m_full_inst|D_stage_inst|D_instr_pc[3]                     ;        ;
; -3.578                 ; mm_interconnect_0|my_niosv_timer_sw_agent_agent_rdata_fifo|mem_used[0]~_Duplicate_1                         ; my_niosv|my_niosv|hart|m_core.niosv_m_full_inst|D_stage_inst|D_instr_pc[15]                    ;        ;
; -3.578                 ; mm_interconnect_0|my_niosv_timer_sw_agent_agent_rdata_fifo|mem_used[0]~_Duplicate_1                         ; my_niosv|my_niosv|hart|m_core.niosv_m_full_inst|D_stage_inst|D_instr_pc[10]                    ;        ;
; -3.578                 ; mm_interconnect_0|my_niosv_timer_sw_agent_agent_rdata_fifo|mem_used[0]~_Duplicate_1                         ; my_niosv|my_niosv|hart|m_core.niosv_m_full_inst|D_stage_inst|D_instr_pc[3]~DUPLICATE           ;        ;
; -3.578                 ; mm_interconnect_0|my_niosv_timer_sw_agent_agent_rdata_fifo|mem_used[0]~_Duplicate_1                         ; my_niosv|my_niosv|hart|m_core.niosv_m_full_inst|D_stage_inst|D_instr_pc[15]~DUPLICATE          ;        ;
; -3.578                 ; mm_interconnect_0|my_niosv_timer_sw_agent_agent_rdata_fifo|mem_used[0]~_Duplicate_1                         ; my_niosv|my_niosv|hart|m_core.niosv_m_full_inst|D_stage_inst|D_instr_pc[10]~DUPLICATE          ;        ;
; -3.577                 ; mm_interconnect_0|my_niosv_timer_sw_agent_agent_rdata_fifo|mem_used[0]~_Duplicate_1                         ; my_niosv|my_niosv|hart|m_core.niosv_m_full_inst|D_stage_inst|D_instr_pc[14]~DUPLICATE          ;        ;
; -3.577                 ; mm_interconnect_0|my_niosv_timer_sw_agent_agent_rdata_fifo|mem_used[0]~_Duplicate_1                         ; my_niosv|my_niosv|hart|m_core.niosv_m_full_inst|D_stage_inst|D_instr_pc[14]                    ;        ;
; -3.577                 ; mm_interconnect_0|my_niosv_timer_sw_agent_agent_rdata_fifo|mem_used[0]~_Duplicate_1                         ; my_niosv|my_niosv|hart|m_core.niosv_m_full_inst|D_stage_inst|D_instr_pc[7]~DUPLICATE           ;        ;
; -3.577                 ; mm_interconnect_0|my_niosv_timer_sw_agent_agent_rdata_fifo|mem_used[0]~_Duplicate_1                         ; my_niosv|my_niosv|hart|m_core.niosv_m_full_inst|D_stage_inst|D_instr_pc[7]                     ;        ;
; -3.577                 ; mm_interconnect_0|my_niosv_timer_sw_agent_agent_rdata_fifo|mem_used[0]~_Duplicate_1                         ; my_niosv|my_niosv|hart|m_core.niosv_m_full_inst|D_stage_inst|D_instr_pc[9]~DUPLICATE           ;        ;
; -3.577                 ; mm_interconnect_0|my_niosv_timer_sw_agent_agent_rdata_fifo|mem_used[0]~_Duplicate_1                         ; my_niosv|my_niosv|hart|m_core.niosv_m_full_inst|D_stage_inst|D_instr_pc[5]                     ;        ;
; -3.577                 ; mm_interconnect_0|my_niosv_timer_sw_agent_agent_rdata_fifo|mem_used[0]~_Duplicate_1                         ; my_niosv|my_niosv|hart|m_core.niosv_m_full_inst|D_stage_inst|D_instr_pc[13]                    ;        ;
; -3.577                 ; mm_interconnect_0|my_niosv_timer_sw_agent_agent_rdata_fifo|mem_used[0]~_Duplicate_1                         ; my_niosv|my_niosv|hart|m_core.niosv_m_full_inst|D_stage_inst|D_instr_pc[9]                     ;        ;
; -3.577                 ; mm_interconnect_0|my_niosv_timer_sw_agent_agent_rdata_fifo|mem_used[0]~_Duplicate_1                         ; my_niosv|my_niosv|hart|m_core.niosv_m_full_inst|D_stage_inst|D_instr_pc[11]                    ;        ;
; -3.576                 ; mm_interconnect_0|my_niosv_timer_sw_agent_agent_rdata_fifo|mem_used[0]~_Duplicate_1                         ; my_niosv|my_niosv|hart|m_core.niosv_m_full_inst|D_stage_inst|D_instr_pc[6]~DUPLICATE           ;        ;
; -3.576                 ; mm_interconnect_0|my_niosv_timer_sw_agent_agent_rdata_fifo|mem_used[0]~_Duplicate_1                         ; my_niosv|my_niosv|hart|m_core.niosv_m_full_inst|D_stage_inst|D_instr_pc[8]                     ;        ;
; -3.576                 ; mm_interconnect_0|my_niosv_timer_sw_agent_agent_rdata_fifo|mem_used[0]~_Duplicate_1                         ; my_niosv|my_niosv|hart|m_core.niosv_m_full_inst|D_stage_inst|D_instr_pc[6]                     ;        ;
; -3.568                 ; mm_interconnect_0|my_niosv_timer_sw_agent_agent_rdata_fifo|mem_used[0]~_Duplicate_1                         ; my_niosv|my_niosv|hart|m_core.niosv_m_full_inst|D_stage_inst|D_instr_pc[30]                    ;        ;
; -3.563                 ; mm_interconnect_0|my_niosv_timer_sw_agent_agent_rdata_fifo|mem_used[0]~_Duplicate_1                         ; my_niosv|my_niosv|hart|m_core.niosv_m_full_inst|D_stage_inst|D_instr_pc[4]                     ;        ;
+------------------------+-------------------------------------------------------------------------------------------------------------+------------------------------------------------------------------------------------------------+--------+


Status:		FAIL
Severity:		Medium
Number of violations: 	4
Rule Parameters:      	
		max_violations = 5000
		maximum_setup_slack = 0
		to_clock_filter = "*"
+-------------------------------------------------------------------------------------------------------------------------------------------------------------------------------------------------------------------------------------------------------------------------+
; TMC-20200 - Paths Failing Setup Analysis with Impossible Requirements                                                                                                                                                                                                   ;
+--------+-------------------------------------------------------------------------------------------------------------+------------------------------------------------------------------------------------------------+------------------+---------------------+--------+
; Slack  ; From Node                                                                                                   ; To Node                                                                                        ; Intrinsic Margin ; Worst-Case Corner   ; Waived ;
+--------+-------------------------------------------------------------------------------------------------------------+------------------------------------------------------------------------------------------------+------------------+---------------------+--------+
; -3.695 ; sram|intel_onchip_memory_0|altera_syncram_component|auto_generated|altera_syncram_impl1|ram_block2a343~reg0 ; mm_interconnect_0|rsp_mux_001|Select_159~10xsyn_BLOCK_INPUT_MUX_PASSTHROUGH_X27_Y22_N0_I75_dff ; -0.667           ; Slow fix6a 0C Model ;        ;
; -3.597 ; sram|intel_onchip_memory_0|altera_syncram_component|auto_generated|altera_syncram_impl1|ram_block2a471~reg0 ; mm_interconnect_0|rsp_mux_001|Select_159~10xsyn_BLOCK_INPUT_MUX_PASSTHROUGH_X27_Y22_N0_I75_dff ; -0.667           ; Slow fix6a 0C Model ;        ;
; -3.579 ; sram|intel_onchip_memory_0|altera_syncram_component|auto_generated|altera_syncram_impl1|ram_block2a119~reg0 ; mm_interconnect_0|rsp_mux_001|Select_159~10xsyn_BLOCK_INPUT_MUX_PASSTHROUGH_X27_Y22_N0_I75_dff ; -0.667           ; Slow fix6a 0C Model ;        ;
; -3.569 ; sram|intel_onchip_memory_0|altera_syncram_component|auto_generated|altera_syncram_impl1|ram_block2a503~reg0 ; mm_interconnect_0|rsp_mux_001|Select_159~10xsyn_BLOCK_INPUT_MUX_PASSTHROUGH_X27_Y22_N0_I75_dff ; -0.667           ; Slow fix6a 0C Model ;        ;
+--------+-------------------------------------------------------------------------------------------------------------+------------------------------------------------------------------------------------------------+------------------+---------------------+--------+


Status:		FAIL
Severity:		Medium
Number of violations: 	1
Rule Parameters:      	max_violations = 5000
+-------------------------------------------------------------+
; FLP-10501 - Top-Level Ports Without Pin Location Assignment ;
+-----------------+-------------------------------------------+
; Top-Level Ports ; Waived                                    ;
+-----------------+-------------------------------------------+
; clk_clk         ;                                           ;
+-----------------+-------------------------------------------+


Status:		FAIL
Severity:		Medium
Number of violations: 	1
Rule Parameters:      	max_violations = 5000
+--------------------------------------------------------------------------------------------------------------------------------------------------------------------------------------------------------------------------------------------------------------------------------------------------------------------------------------------------------------------------------------------------------------------------------------------------------------------------------------------------------------------------------------------------------------------------------------------------------------------------------------------------------------------------------------------------------------------------------+
; RDC-50003 - Multiple Asynchronous Reset Synchronizers in the Same Clock Domain                                                                                                                                                                                                                                                                                                                                                                                                                                                                                                                                                                                                                                                 ;
+--------------------+------------------------+----------------------------------------------------------------------------------------------------------------------------------------------------------------------------------------------------------------------------------------------------------------------------------------------------------------------------------------------------------------------------------------------------------------------------+--------------------------------------------------------------------------------------------------------------------------------------------------------------------------------------------------------------------------------------------+--------+
; Reset Clock Domain ; Number of Reset Chains ; Reset Chain Register Heads                                                                                                                                                                                                                                                                                                                                                                                                 ; Reset Sources                                                                                                                                                                                                                              ; Waived ;
+--------------------+------------------------+----------------------------------------------------------------------------------------------------------------------------------------------------------------------------------------------------------------------------------------------------------------------------------------------------------------------------------------------------------------------------------------------------------------------------+--------------------------------------------------------------------------------------------------------------------------------------------------------------------------------------------------------------------------------------------+--------+
; clk_clk~derived    ; 4                      ; my_niosv|my_niosv|rst_controller_001|alt_rst_sync_uq1|altera_reset_synchronizer_int_chain[1]   my_niosv|my_niosv|dbg_mod|dtm_inst|rsp_clk_xer|clock_xer|alt_rst_req_sync_in_rst|altera_reset_synchronizer_int_chain[1]   rst_controller|alt_rst_sync_uq1|altera_reset_synchronizer_int_chain[1]   my_niosv|my_niosv|dbg_mod|dtm_inst|cmd_clk_xer|clock_xer|alt_rst_req_sync_out_rst|altera_reset_synchronizer_int_chain[1] ; rst_controller|r_sync_rst   my_niosv|my_niosv|dbg_mod|dtm_inst|rst_controller|alt_rst_sync_uq1|altera_reset_synchronizer_int_chain_out   my_niosv|my_niosv|dbg_mod|rst_controller|alt_rst_sync_uq1|altera_reset_synchronizer_int_chain_out ;        ;
+--------------------+------------------------+----------------------------------------------------------------------------------------------------------------------------------------------------------------------------------------------------------------------------------------------------------------------------------------------------------------------------------------------------------------------------------------------------------------------------+--------------------------------------------------------------------------------------------------------------------------------------------------------------------------------------------------------------------------------------------+--------+


Status:		FAIL
Severity:		Low
Number of violations: 	1
Rule Parameters:      	max_violations = 500
+-------------------------------------------------------------------------------------------------------------------------------------------------------------------------------------------------------+
; RES-50101 - Intra-Clock False Path Reset Synchronizer                                                                                                                                                 ;
+---------------------------------------------------------------------------------------------------+------------------------------------------------------------------------+-----------------+--------+
; From                                                                                              ; To                                                                     ; From/To Clock   ; Waived ;
+---------------------------------------------------------------------------------------------------+------------------------------------------------------------------------+-----------------+--------+
; my_niosv|my_niosv|dbg_mod|rst_controller|alt_rst_sync_uq1|altera_reset_synchronizer_int_chain_out ; rst_controller|alt_rst_sync_uq1|altera_reset_synchronizer_int_chain[1] ; clk_clk~derived ;        ;
+---------------------------------------------------------------------------------------------------+------------------------------------------------------------------------+-----------------+--------+


Status:		PASS
Severity:		High
Number of violations: 	0
Rule Parameters:      	max_violations = 500
+----------------------------------------------------------+
; CDC-50001 - 1-Bit Asynchronous Transfer Not Synchronized ;
+----------------------------------------------------------+


Status:		PASS
Severity:		High
Number of violations: 	0
Rule Parameters:      	max_violations = 500
+-----------------------------------------------------------------------+
; CDC-50002 - 1-Bit Asynchronous Transfer with Insufficient Constraints ;
+-----------------------------------------------------------------------+


Status:		PASS
Severity:		High
Number of violations: 	0
Rule Parameters:      	max_violations = 500
+----------------------------------------------------------------+
; CDC-50003 - CE-Type CDC Transfer with Insufficient Constraints ;
+----------------------------------------------------------------+


Status:		PASS
Severity:		High
Number of violations: 	0
Rule Parameters:      	max_violations = 500
+-----------------------------------------------------------------+
; CDC-50004 - MUX-type CDC Transfer with Insufficient Constraints ;
+-----------------------------------------------------------------+


Status:		PASS
Severity:		High
Number of violations: 	0
Rule Parameters:      	max_violations = 500
+-----------------------------------------------------------------------------------------+
; CDC-50005 - CDC Bus Constructed with Multi-bit Synchronizer Chains of Different Lengths ;
+-----------------------------------------------------------------------------------------+


Status:		PASS
Severity:		High
Number of violations: 	0
Rule Parameters:      	max_violations = 500
+---------------------------------------------------------------+
; CDC-50006 - CDC Bus Constructed with Unsynchronized Registers ;
+---------------------------------------------------------------+


Status:		PASS
Severity:		High
Number of violations: 	0
Rule Parameters:      	max_violations = 500
+--------------------------------------------------------------------------------------------------+
; CDC-50007 - CDC Bus Constructed with Multi-bit Synchronizer Chains with Insufficient Constraints ;
+--------------------------------------------------------------------------------------------------+


Status:		PASS
Severity:		High
Number of violations: 	0
Rule Parameters:      	max_violations = 500
+-----------------------------------------------------------+
; CDC-50011 - Combinational Logic Before Synchronizer Chain ;
+-----------------------------------------------------------+


Status:		PASS
Severity:		High
Number of violations: 	0
Rule Parameters:      	max_violations = 500
+-----------------------------------------------------------------+
; CDC-50012 - Multiple Clock Domains Driving a Synchronizer Chain ;
+-----------------------------------------------------------------+


Status:		PASS
Severity:		High
Number of violations: 	0
Rule Parameters:      	max_violations = 5000
+--------------------------------------+
; CLK-30026 - Missing Clock Assignment ;
+--------------------------------------+


Status:		PASS
Severity:		High
Number of violations: 	0
Rule Parameters:      	max_violations = 5000
+----------------------------------------------+
; CLK-30027 - Multiple Clock Assignments Found ;
+----------------------------------------------+


Status:		PASS
Severity:		High
Number of violations: 	0
Rule Parameters:      	max_violations = 5000
+-------------------------------------+
; CLK-30028 - Invalid Generated Clock ;
+-------------------------------------+


Status:		PASS
Severity:		High
Number of violations: 	0
Rule Parameters:      	max_violations = 5000
+---------------------------------------+
; CLK-30029 - Invalid Clock Assignments ;
+---------------------------------------+


Status:		PASS
Severity:		High
Number of violations: 	0
Rule Parameters:      	max_violations = 5000
+-----------------------------------+
; CLK-30030 - PLL Setting Violation ;
+-----------------------------------+


Status:		PASS
Severity:		High
Number of violations: 	0
Rule Parameters:      	max_violations = 5000
+--------------------------------------------+
; CLK-30033 - Invalid Clock Group Assignment ;
+--------------------------------------------+


Status:		PASS
Severity:		High
Number of violations: 	0
Rule Parameters:      	max_violations = 5000
+----------------------------------------------------------------------------+
; CLK-30034 - Clock Pairs Missing Logically Exclusive Clock Group Assignment ;
+----------------------------------------------------------------------------+


Status:		PASS
Severity:		High
Number of violations: 	0
Rule Parameters:      	max_violations = 5000
+-----------------------------------------------------------------------------+
; CLK-30035 - Clock Pairs Missing Physically Exclusive Clock Group Assignment ;
+-----------------------------------------------------------------------------+


Status:		PASS
Severity:		High
Number of violations: 	0
Rule Parameters:      	max_violations = 5000
+----------------------------------------+
; CLK-30042 - Incorrect Clock Group Type ;
+----------------------------------------+


Status:		PASS
Severity:		High
Number of violations: 	0
Rule Parameters:      	max_violations = 500
+----------------------------------------------------+
; RES-50001 - Asynchronous Reset Is Not Synchronized ;
+----------------------------------------------------+


Status:		PASS
Severity:		High
Number of violations: 	0
Rule Parameters:      	max_violations = 500
+---------------------------------------------------------------+
; RES-50002 - Asynchronous Reset is Insufficiently Synchronized ;
+---------------------------------------------------------------+


Status:		PASS
Severity:		High
Number of violations: 	0
Rule Parameters:      	max_violations = 500
+--------------------------------------------------------------+
; RES-50003 - Asynchronous Reset with Insufficient Constraints ;
+--------------------------------------------------------------+


Status:		PASS
Severity:		High
Number of violations: 	0
Rule Parameters:      	max_violations = 500
+--------------------------------------------------------------------------+
; RES-50004 - Multiple Asynchronous Resets within Reset Synchronizer Chain ;
+--------------------------------------------------------------------------+


Status:		PASS
Severity:		High
Number of violations: 	0
Rule Parameters:      	max_violations = 5000
+--------------------------------------------+
; TMC-20011 - Missing Input Delay Constraint ;
+--------------------------------------------+


Status:		PASS
Severity:		High
Number of violations: 	0
Rule Parameters:      	max_violations = 5000
+---------------------------------------------+
; TMC-20012 - Missing Output Delay Constraint ;
+---------------------------------------------+


Status:		PASS
Severity:		High
Number of violations: 	0
Rule Parameters:      	max_violations = 5000
+---------------------------------+
; TMC-20013 - Partial Input Delay ;
+---------------------------------+


Status:		PASS
Severity:		High
Number of violations: 	0
Rule Parameters:      	max_violations = 5000
+----------------------------------+
; TMC-20014 - Partial Output Delay ;
+----------------------------------+


Status:		PASS
Severity:		High
Number of violations: 	0
Rule Parameters:      	max_violations = 5000
+----------------------------------------+
; TMC-20015 - Inconsistent Min-Max Delay ;
+----------------------------------------+


Status:		PASS
Severity:		High
Number of violations: 	0
Rule Parameters:      	max_violations = 5000
+-----------------------------------+
; TMC-20016 - Invalid Reference Pin ;
+-----------------------------------+


Status:		PASS
Severity:		High
Number of violations: 	0
Rule Parameters:      	max_violations = 5000
+----------------------------+
; TMC-20017 - Loops Detected ;
+----------------------------+


Status:		PASS
Severity:		High
Number of violations: 	0
Rule Parameters:      	max_violations = 5000
+-------------------------------------------+
; TMC-20019 - Partial Multicycle Assignment ;
+-------------------------------------------+


Status:		PASS
Severity:		High
Number of violations: 	0
Rule Parameters:      	max_violations = 5000
+-----------------------------------------------------+
; TMC-20022 - I/O Delay Assignment Missing Parameters ;
+-----------------------------------------------------+


Status:		PASS
Severity:		High
Number of violations: 	0
Rule Parameters:      	max_violations = 5000
+----------------------------------------------+
; TMC-20023 - Invalid Set Net Delay Assignment ;
+----------------------------------------------+


Status:		PASS
Severity:		High
Number of violations: 	0
Rule Parameters:      	max_violations = 5000
+-------------------------------------------------------+
; TMC-20027 - Collection Filter Matching Multiple Types ;
+-------------------------------------------------------+


Status:		PASS
Severity:		High
Number of violations: 	0
Rule Parameters:      	max_violations = 5000
+-----------------------------------------------------+
; TMC-30041 - Constraint with Invalid Clock Reference ;
+-----------------------------------------------------+


Status:		PASS
Severity:		Medium
Number of violations: 	0
Rule Parameters:      	max_violations = 5000
+------------------------------------------------------------+
; CDC-50103 - Unsynchronized Intra-Clock Forced Synchronizer ;
+------------------------------------------------------------+


Status:		PASS
Severity:		Medium
Number of violations: 	0
Rule Parameters:      	max_violations = 5000
+-------------------------------------------+
; CLK-30031 - Input Delay Assigned to Clock ;
+-------------------------------------------+


Status:		PASS
Severity:		Medium
Number of violations: 	0
Rule Parameters:      	max_violations = 5000
+------------------------------------+
; CLK-30032 - Improper Clock Targets ;
+------------------------------------+


Status:		PASS
Severity:		Medium
Number of violations: 	0
Rule Parameters:      	
		max_violations = 5000
		device_ram_occupation = 80
		low_utilization = 10
+-----------------------------------------------------------+
; FLP-10000 - Physical RAM with Utilization Below Threshold ;
+-----------------------------------------------------------+


Status:		PASS
Severity:		Medium
Number of violations: 	0
Rule Parameters:      	max_violations = 5000
+-----------------------------------------------+
; LNT-30023 - Reset Nets with Polarity Conflict ;
+-----------------------------------------------+


Status:		PASS
Severity:		Medium
Number of violations: 	0
Rule Parameters:      	max_violations = 5000
+------------------------------------------+
; TMC-20018 - Unsupported Latches Detected ;
+------------------------------------------+


Status:		PASS
Severity:		Medium
Number of violations: 	0
Rule Parameters:      	max_violations = 5000
+----------------------------------------------+
; TMC-20021 - Partial Min-Max Delay Assignment ;
+----------------------------------------------+


Status:		PASS
Severity:		Medium
Number of violations: 	0
Rule Parameters:      	max_violations = 5000
+-----------------------------------------------+
; TMC-20024 - Synchronous Data Delay Assignment ;
+-----------------------------------------------+


Status:		PASS
Severity:		Medium
Number of violations: 	0
Rule Parameters:      	max_violations = 5000
+-----------------------------------------------+
; TMC-20025 - Ignored or Overridden Constraints ;
+-----------------------------------------------+


Status:		PASS
Severity:		Medium
Number of violations: 	0
Rule Parameters:      	max_violations = 5000
+------------------------------------------------------+
; TMC-20026 - Empty Collection Due To Unmatched Filter ;
+------------------------------------------------------+


Status:		PASS
Severity:		Medium
Number of violations: 	0
Rule Parameters:      	
		max_violations = 5000
		maximum_setup_slack = 0
		to_clock_filter = "*"
+---------------------------------------------------------------+
; TMC-20201 - Paths Failing Setup Analysis with High Clock Skew ;
+---------------------------------------------------------------+


Status:		PASS
Severity:		Medium
Number of violations: 	0
Rule Parameters:      	
		max_violations = 5000
		maximum_setup_slack = 0
		to_clock_filter = "*"
+----------------------------------------------------------------------------------+
; TMC-20204 - Endpoints of Paths Failing Setup Analysis with Retiming Restrictions ;
+----------------------------------------------------------------------------------+


Status:		PASS
Severity:		Medium
Number of violations: 	0
Rule Parameters:      	
		max_violations = 5000
		maximum_setup_slack = 0
		to_clock_filter = "*"
+------------------------------------------------------------------------------------------------------------+
; TMC-20205 - Endpoints of Paths Failing Setup Analysis with Explicit Power-Up States that Restrict Retiming ;
+------------------------------------------------------------------------------------------------------------+


Status:		PASS
Severity:		Medium
Number of violations: 	0
Rule Parameters:      	
		max_violations = 5000
		maximum_setup_slack = 0
		to_clock_filter = "*"
+------------------------------------------------------------------------------------------------------+
; TMC-20206 - DSP Blocks with Unregistered Outputs that are the Source of Paths Failing Setup Analysis ;
+------------------------------------------------------------------------------------------------------+


Status:		PASS
Severity:		Medium
Number of violations: 	0
Rule Parameters:      	
		max_violations = 5000
		maximum_setup_slack = 0
		to_clock_filter = "*"
+----------------------------------------------------------------------------------------------------------+
; TMC-20207 - DSP Blocks with Unregistered Inputs that are the Destination of Paths Failing Setup Analysis ;
+----------------------------------------------------------------------------------------------------------+


Status:		PASS
Severity:		Medium
Number of violations: 	0
Rule Parameters:      	
		max_violations = 5000
		maximum_setup_slack = 0
		to_clock_filter = "*"
+------------------------------------------------------------------------------------------------------+
; TMC-20208 - RAM Blocks with Unregistered Outputs that are the Source of Paths Failing Setup Analysis ;
+------------------------------------------------------------------------------------------------------+


Status:		PASS
Severity:		Medium
Number of violations: 	0
Rule Parameters:      	
		max_violations = 5000
		maximum_setup_slack = 0
		to_clock_filter = "*"
+---------------------------------------------------------------------------------+
; TMC-20210 - Paths Failing Setup Analysis with High Routing Delay Added for Hold ;
+---------------------------------------------------------------------------------+


Status:		PASS
Severity:		Medium
Number of violations: 	0
Rule Parameters:      	
		max_violations = 5000
		maximum_setup_slack = 0
		to_clock_filter = "*"
+---------------------------------------------------------------------------+
; TMC-20212 - Paths Failing Setup Analysis with Global Routing in Data Path ;
+---------------------------------------------------------------------------+


Status:		PASS
Severity:		Medium
Number of violations: 	0
Rule Parameters:      	
		max_violations = 5000
		maximum_setup_slack = 0
		to_clock_filter = "*"
+--------------------------------------------------------------------+
; TMC-20213 - Paths Failing Setup Analysis with Locally Routed Clock ;
+--------------------------------------------------------------------+


Status:		PASS
Severity:		Medium
Number of violations: 	0
Rule Parameters:      	
		max_violations = 5000
		maximum_setup_slack = 0
		to_clock_filter = "*"
		minimum_number_of_adders = 3
+----------------------------------------------------------------------------------------------------+
; TMC-20214 - Buses with Incoming Paths Failing Setup Analysis with Multiple Sequential Adder Chains ;
+----------------------------------------------------------------------------------------------------+


Status:		PASS
Severity:		Medium
Number of violations: 	0
Rule Parameters:      	
		max_violations = 5000
		maximum_setup_slack = 0
		to_clock_filter = "*"
		minimum_number_of_soft_mult_chains = 2
+----------------------------------------------------------------------------------------------------+
; TMC-20215 - Buses with Incoming Paths Failing Setup Analysis with Multipliers Implemented in Logic ;
+----------------------------------------------------------------------------------------------------+


Status:		PASS
Severity:		Medium
Number of violations: 	0
Rule Parameters:      	
		max_violations = 5000
		maximum_setup_slack = 0
		to_clock_filter = "*"
+-------------------------------------------------------------------------------------+
; TMC-20216 - Paths Failing Setup Analysis with Inferred-RAM Shift Register Endpoints ;
+-------------------------------------------------------------------------------------+


Status:		PASS
Severity:		Medium
Number of violations: 	0
Rule Parameters:      	
		max_violations = 5000
		maximum_setup_slack = 0
		to_clock_filter = "*"
+-------------------------------------------------------------+
; TMC-20217 - Paths Failing Setup Analysis with Clock-As-Data ;
+-------------------------------------------------------------+


Status:		PASS
Severity:		Medium
Number of violations: 	0
Rule Parameters:      	
		max_violations = 5000
		maximum_pulse_width_slack = 0
+-----------------------------------------------------------------+
; TMC-20219 - DSP Blocks with Restricted Fmax below Required Fmax ;
+-----------------------------------------------------------------+


Status:		PASS
Severity:		Medium
Number of violations: 	0
Rule Parameters:      	
		max_violations = 5000
		maximum_pulse_width_slack = 0
+-----------------------------------------------------------------+
; TMC-20220 - RAM Blocks with Restricted Fmax below Required Fmax ;
+-----------------------------------------------------------------+


Status:		PASS
Severity:		Medium
Number of violations: 	0
Rule Parameters:      	
		max_violations = 5000
		maximum_pulse_width_slack = 0
+---------------------------------------------------------------------------+
; TMC-20221 - Nodes Failing Minimum Pulse Width Due to Clock Pulse Collapse ;
+---------------------------------------------------------------------------+


Status:		PASS
Severity:		Medium
Number of violations: 	0
Rule Parameters:      	
		max_violations = 5000
		maximum_hold_slack = 0
		to_clock_filter = "*"
+--------------------------------------------------------------------------+
; TMC-20312 - Paths Failing Hold Analysis with Global Routing in Data Path ;
+--------------------------------------------------------------------------+


Status:		PASS
Severity:		Medium
Number of violations: 	0
Rule Parameters:      	
		max_violations = 5000
		maximum_hold_slack = 0
		to_clock_filter = "*"
+-------------------------------------------------------------------+
; TMC-20313 - Paths Failing Hold Analysis with Locally Routed Clock ;
+-------------------------------------------------------------------+


Status:		PASS
Severity:		Medium
Number of violations: 	0
Rule Parameters:      	
		max_violations = 5000
		maximum_recovery_slack = 0
		to_clock_filter = "*"
+------------------------------------------------------------------------------+
; TMC-20712 - Paths Failing Recovery Analysis with Global Routing in Data Path ;
+------------------------------------------------------------------------------+


Status:		PASS
Severity:		Medium
Number of violations: 	0
Rule Parameters:      	
		max_violations = 5000
		maximum_recovery_slack = 0
		to_clock_filter = "*"
+-----------------------------------------------------------------------+
; TMC-20713 - Paths Failing Recovery Analysis with Locally Routed Clock ;
+-----------------------------------------------------------------------+


Status:		PASS
Severity:		Medium
Number of violations: 	0
Rule Parameters:      	
		max_violations = 5000
		maximum_removal_slack = 0
		to_clock_filter = "*"
+-----------------------------------------------------------------------------+
; TMC-20812 - Paths Failing Removal Analysis with Global Routing in Data Path ;
+-----------------------------------------------------------------------------+


Status:		PASS
Severity:		Medium
Number of violations: 	0
Rule Parameters:      	
		max_violations = 5000
		maximum_removal_slack = 0
		to_clock_filter = "*"
+----------------------------------------------------------------------+
; TMC-20813 - Paths Failing Removal Analysis with Locally Routed Clock ;
+----------------------------------------------------------------------+


Status:		PASS
Severity:		Low
Number of violations: 	0
Rule Parameters:      	max_violations = 500
+--------------------------------------------------------------------+
; CDC-50008 - CDC Bus Constructed with Multi-bit Synchronizer Chains ;
+--------------------------------------------------------------------+


Status:		PASS
Severity:		Low
Number of violations: 	0
Rule Parameters:      	max_violations = 500
+-------------------------------------------------+
; CDC-50101 - Intra-Clock False Path Synchronizer ;
+-------------------------------------------------+


Status:		PASS
Severity:		Low
Number of violations: 	0
Rule Parameters:      	max_violations = 500
+-----------------------------------------------------------------+
; CDC-50102 - Synchronizer after CDC Topology with Control Signal ;
+-----------------------------------------------------------------+


Status:		PASS
Severity:		Low
Number of violations: 	0
Rule Parameters:      	
		max_violations = 5000
		max_stage_adjustment = -1
		min_width = 16
		min_depth = 3
+------------------------------------------------------------+
; FLP-40006 - Pipelining Registers That Might Be Recoverable ;
+------------------------------------------------------------+


Status:		PASS
Severity:		Low
Number of violations: 	0
Rule Parameters:      	max_violations = 5000
+--------------------------------------------------------------+
; LNT-30010 - Nets Driving both Reset and Clock Enable Signals ;
+--------------------------------------------------------------+


Status:		PASS
Severity:		Low
Number of violations: 	0
Rule Parameters:      	max_violations = 500
+------------------------------------------------------------+
; RES-50010 - Reset Synchronizer Chains with Constant Output ;
+------------------------------------------------------------+


Status:		PASS
Severity:		Low
Number of violations: 	0
Rule Parameters:      	max_violations = 5000
+-------------------------------------------+
; TMC-20020 - Invalid Multicycle Assignment ;
+-------------------------------------------+


Status:		PASS
Severity:		Low
Number of violations: 	0
Rule Parameters:      	max_violations = 5000
+--------------------------------------------------------------------------------------------+
; TMC-20550 - Automatically Selected Duplication Candidate Rejected for Placement Constraint ;
+--------------------------------------------------------------------------------------------+


Status:		PASS
Severity:		Low
Number of violations: 	0
Rule Parameters:      	
		max_violations = 5000
		avg_dup_fanout = 1000
+-------------------------------------------------------------------------------------------+
; TMC-20551 - Automatically Selected Duplication Candidate Likely Requires More Duplication ;
+-------------------------------------------------------------------------------------------+


Status:		PASS
Severity:		Low
Number of violations: 	0
Rule Parameters:      	max_violations = 5000
+--------------------------------------------------------------+
; TMC-20552 - User Selected Duplication Candidate was Rejected ;
+--------------------------------------------------------------+


Status:		PASS
Severity:		Low
Number of violations: 	0
Rule Parameters:      	
		max_violations = 5000
		minimum_tension = 100000
		minimum_sinks = 2
+-----------------------------------------------------------+
; TMC-20601 - Registers with High Immediate Fan-Out Tension ;
+-----------------------------------------------------------+


Status:		PASS
Severity:		Low
Number of violations: 	0
Rule Parameters:      	
		max_violations = 5000
		minimum_tension = 100000
		ignore_high_fanout_tension = False
		minimum_sinks = 2
+--------------------------------------------------------------+
; TMC-20602 - Registers with High Timing Path Endpoint Tension ;
+--------------------------------------------------------------+


Status:		PASS
Severity:		Low
Number of violations: 	0
Rule Parameters:      	
		max_violations = 5000
		minimum_span = 250
		minimum_sinks = 2
+--------------------------------------------------------+
; TMC-20603 - Registers with High Immediate Fan-Out Span ;
+--------------------------------------------------------+


Status:		PASS
Severity:		Low
Number of violations: 	0
Rule Parameters:      	
		max_violations = 5000
		minimum_span = 250
		ignore_high_fanout_span = False
		minimum_sinks = 2
+-----------------------------------------------------------+
; TMC-20604 - Registers with High Timing Path Endpoint Span ;
+-----------------------------------------------------------+


