Power Analyzer report for niosv
Tue Jun 23 15:43:45 2026
Quartus Prime Version 25.1.1 Build 125 07/31/2025 Patches 1.31 SC Pro Edition


---------------------
; Table of Contents ;
---------------------
  1. Legal Notice
  2. Power Analyzer Summary
  3. Power Analyzer Settings
  4. Power Analyzer Messages
  5. Indeterminate Toggle Rates
  6. Power Analyzer Generated Files
  7. Current Drawn per Supply
  8. On-Chip Power Dissipation by Block Type
  9. On-Chip Power Dissipation by Hierarchy
 10. Confidence Metric Details
 11. Signal Activities



----------------
; Legal Notice ;
----------------
Copyright (C) 2025  Altera Corporation. All rights reserved.
Your use of Altera Corporation's design tools, logic functions 
and other software and tools, and any partner logic 
functions, and any output files from any of the foregoing 
(including device programming or simulation files), and any 
associated documentation or information are expressly subject 
to the terms and conditions of the Altera Program License 
Subscription Agreement, the Altera Quartus Prime License Agreement,
the Altera IP License Agreement, or other applicable license
agreement, including, without limitation, that your use is for
the sole purpose of programming logic devices manufactured by
Altera and sold by Altera or its authorized distributors.  Please
refer to the Altera Software License Subscription Agreements 
on the Quartus Prime software download page.



+-----------------------------------------------------------------------------------------------------------+
; Power Analyzer Summary                                                                                    ;
+-------------------------------------------------+---------------------------------------------------------+
; Power Analyzer Status                           ; Successful - Tue Jun 23 15:43:45 2026                   ;
; Quartus Prime Version                           ; 25.1.1 Build 125 07/31/2025 Patches 1.31 SC Pro Edition ;
; Revision Name                                   ; niosv                                                   ;
; Top-level Entity Name                           ; niosv                                                   ;
; Family                                          ; Agilex 5                                                ;
; Device                                          ; A5ED065BB32AE6SR0                                       ;
; Timing Models                                   ; Preliminary                                             ;
; Power Models                                    ; Preliminary                                             ;
; Device Status                                   ; Preliminary                                             ;
; Total Dynamic Power Dissipation                 ; 1.007 W                                                 ;
; Total Static Power Dissipation (Before Savings) ; 1.378 W                                                 ;
; Static Power Dissipation Savings                ; -0.000 W                                                ;
; SmartVID Power Savings                          ; -0.000 W                                                ;
; Total On-Chip Power Dissipation                 ; 2.385 W                                                 ;
; Power Estimation Confidence                     ; Low: user provided insufficient toggle rate data        ;
+-------------------------------------------------+---------------------------------------------------------+


+-----------------------------------------------------------------------------------------------+
; Power Analyzer Settings                                                                       ;
+------------------------------------------------------------------+------------+---------------+
; Option                                                           ; Setting    ; Default Value ;
+------------------------------------------------------------------+------------+---------------+
; Enable parallel Assembler and Timing Analyzer during compilation ; On         ; On            ;
; Enable compact report table                                      ; Off        ; Off           ;
; Enable Design Assistant in the compilation flow                  ; On         ; On            ;
; Design Assistant include IP blocks                               ; Off        ; Off           ;
; High fanout net threshold for RAM inference                      ; 15         ; 15            ;
; Design Assistant limit on reported violations per rule           ; 5000       ; 5000          ;
; Allow RAM Retiming                                               ; Off        ; Off           ;
; Apply additional margin                                          ; ADDITIONAL ; Off           ;
; Default Power Toggle Rate                                        ; 12.5%      ; 12.5%         ;
; Default Power Input I/O Toggle Rate                              ; 12.5%      ; 12.5%         ;
; Use vectorless estimation                                        ; Off        ; On            ;
; Use Input Files                                                  ; Off        ; Off           ;
; Filter Glitches in VCD File Reader                               ; On         ; On            ;
; Power Analyzer Report Signal Activity                            ; Off        ; Off           ;
; Power Analyzer Report Power Dissipation                          ; Off        ; Off           ;
; Device Power Characteristics                                     ; MAXIMUM    ; MAXIMUM       ;
; Specified Junction Temperature                                   ; 25         ; 25            ;
; Ambient Temperature                                              ; 50         ; 50            ;
; Find cooling solution for maximum junction temperature limit     ; Off        ; Off           ;
; Maximum junction temperature limit                               ; 100        ; 100           ;
; Case-to-ambient thermal resistance                               ; 0.5        ; 0.5           ;
; Apply additional margin                                          ; 0.0        ; 0.0           ;
; Temperature measurement method                                   ; DTS        ; DTS           ;
; Power and Thermal Calculator Export File                         ; niosv.qptc ; niosv.qptc    ;
+------------------------------------------------------------------+------------+---------------+


+-------------------------+
; Power Analyzer Messages ;
+-------------------------+
Info: *******************************************************************
Info: Running Quartus Prime Power Analyzer
    Info: Version 25.1.1 Build 125 07/31/2025 Patches 1.31 SC Pro Edition
    Info: Processing started: Tue Jun 23 15:42:59 2026
    Info: System process ID: 1133300
Info: Command: quartus_pow --read_settings_files=on --write_settings_files=off niosv -c niosv
Info (16677): Loading final database.
Info (16734): Loading "final" snapshot for partition "root_partition".
Info (16734): Loading "final" snapshot for partition "auto_fab_0".
Info (16678): Successfully loaded final database: elapsed time is 00:00:08.
Info (21076): High junction temperature operating condition is not set. Assuming a default value of '100'.
Info (21076): Low junction temperature operating condition is not set. Assuming a default value of '0'.
Info (332164): Evaluating HDL-embedded SDC commands
    Info (332165): Entity alt_jtag_atlantic
        Info (332166): set_false_path -from [get_registers {*|alt_jtag_atlantic:*|jupdate}] -to [get_registers {*|alt_jtag_atlantic:*|jupdate1*}] 
        Info (332166): set_false_path -from [get_registers {*|alt_jtag_atlantic:*|rdata[*]}] -to [get_registers {*|alt_jtag_atlantic*|td_shift[*]}]
        Info (332166): set_false_path -from [get_registers {*|alt_jtag_atlantic:*|read}] -to [get_registers {*|alt_jtag_atlantic:*|read1*}] 
        Info (332166): set_false_path -from [get_registers {*|alt_jtag_atlantic:*|read_req}]
        Info (332166): set_false_path -from [get_registers {*|alt_jtag_atlantic:*|rvalid}] -to [get_registers {*|alt_jtag_atlantic*|td_shift[*]}]
        Info (332166): set_false_path -from [get_registers {*|t_dav}] -to [get_registers {*|alt_jtag_atlantic:*|tck_t_dav}]
        Info (332166): set_false_path -from [get_registers {*|alt_jtag_atlantic:*|user_saw_rvalid}] -to [get_registers {*|alt_jtag_atlantic:*|rvalid0*}]
        Info (332166): set_false_path -from [get_registers {*|alt_jtag_atlantic:*|wdata[*]}] -to [get_registers {*}]
        Info (332166): set_false_path -from [get_registers {*|alt_jtag_atlantic:*|write}] -to [get_registers {*|alt_jtag_atlantic:*|write1*}] 
        Info (332166): set_false_path -from [get_registers {*|alt_jtag_atlantic:*|write_stalled}] -to [get_registers {*|alt_jtag_atlantic:*|t_ena*}]
        Info (332166): set_false_path -from [get_registers {*|alt_jtag_atlantic:*|write_stalled}] -to [get_registers {*|alt_jtag_atlantic:*|t_pause*}]
        Info (332166): set_false_path -from [get_registers {*|alt_jtag_atlantic:*|write_valid}]
Info (19539): Reading the HDL-embedded SDC files elapsed 00:00:00.
Info (18794): Reading SDC File: 'niosv/altera_reset_controller_1924/synth/altera_reset_controller.sdc' for instance: 'my_niosv|intel_niosv_m_0|rst_controller'
Info (18794): Reading SDC File: 'niosv/altera_reset_controller_1924/synth/altera_reset_controller.sdc' for instance: 'my_niosv|intel_niosv_m_0|rst_controller_001'
Info (18794): Reading SDC File: 'niosv/altera_reset_controller_1924/synth/altera_reset_controller.sdc' for instance: 'rst_controller'
Info (18794): Reading SDC File: 'niosv/altera_reset_controller_1924/synth/altera_reset_controller.sdc' for instance: 'rst_controller_001'
Info (18794): Reading SDC File: 'ip/niosv/niosv_intel_niosv_m_0/altera_reset_controller_1924/synth/altera_reset_controller.sdc' for instance: 'my_niosv|intel_niosv_m_0|rst_controller'
Info (18794): Reading SDC File: 'ip/niosv/niosv_intel_niosv_m_0/altera_reset_controller_1924/synth/altera_reset_controller.sdc' for instance: 'my_niosv|intel_niosv_m_0|rst_controller_001'
Info (18794): Reading SDC File: 'ip/niosv/niosv_intel_niosv_m_0/altera_reset_controller_1924/synth/altera_reset_controller.sdc' for instance: 'rst_controller'
Info (18794): Reading SDC File: 'ip/niosv/niosv_intel_niosv_m_0/altera_reset_controller_1924/synth/altera_reset_controller.sdc' for instance: 'rst_controller_001'
Info (332104): Reading SDC File: 'ip/niosv/niosv_intel_niosv_m_0/intel_niosv_dbg_mod_210/synth/altera_avalon_st_handshake_clock_crosser.sdc'
Info (332104): Reading SDC File: 'ip/niosv/niosv_intel_niosv_m_0/intel_niosv_dbg_mod_210/synth/altera_reset_controller.sdc'
Info (332104): Reading SDC File: '/mnt/ssd2/hamza/hello_world/qdb/_compiler/niosv/_flat/25.1.1/source/1/.temp/cpt_proxy/default_jtag.sdc'
Info (19449): Reading SDC files elapsed 00:00:00.
Info (23800): Derived clock name suffix defaults to '~derived'.
Critical Warning (19317): No user constrained base clocks found in the design. Calling "derive_clocks -period 1.0 -suffix derived"
Info (332105): Deriving Clocks
    Info (332105): create_clock -period 1.000 -name altera_reserved_tck~derived [get_ports {altera_reserved_tck}]
    Info (332105): create_clock -period 1.000 -name clk_clk~derived [get_ports {clk_clk}]
Info (332143): No user constrained clock uncertainty found in the design. Calling "derive_clock_uncertainty"
Warning (332158): Clock uncertainty characteristics of the Agilex 5 device family are preliminary
Info (332123): Deriving Clock Uncertainty. Please refer to report_sdc in the Timing Analyzer to see clock uncertainties.
Warning (222013): Relative toggle rates could not be calculated because no clock domain could be identified for some nodes
Warning (22299): The power calculated in the constant junction temperature mode is not representative of actual power during use. It is unlikely that all components of the die are at uniform temperature during normal operation. For more representative power, use the other calculation modes that utilize the thermal calculator.
Warning (18291): Timing characteristics of device A5ED065BB32AE6SR0 are preliminary
Info (21674): Created Power and Thermal Calculator export file "niosv.qptc"
Info (215049): Average toggle rate for this design is 125.434 millions of transitions / sec.
Info (215031): Total on-chip power estimate for the design is 2385.14 mW.
Info: Quartus Prime Power Analyzer was successful. 0 errors, 5 warnings
    Info: Peak virtual memory: 4565 megabytes
    Info: Processing ended: Tue Jun 23 15:43:46 2026
    Info: Elapsed time: 00:00:47
    Info: System process ID: 1133300


+------------------------------------------------------------------------------------------------------------+
; Indeterminate Toggle Rates                                                                                 ;
+------------------------------------------------------------------------------+-----------------------------+
; Node                                                                         ; Reason                      ;
+------------------------------------------------------------------------------+-----------------------------+
; rst_controller|alt_rst_req_sync_uq1|altera_reset_synchronizer_int_chain[1]~0 ; No valid clock domain found ;
+------------------------------------------------------------------------------+-----------------------------+


+--------------------------------------------------------------+
; Power Analyzer Generated Files                               ;
+-------------------------------------------------+------------+
; Description                                     ; Filename   ;
+-------------------------------------------------+------------+
; Design summary for Power and Thermal Calculator ; niosv.qptc ;
+-------------------------------------------------+------------+


+--------------------------------------------------------------------------------------------------------------------------+
; Current Drawn per Supply                                                                                                 ;
+----------------+---------+---------------------+-----------------------+----------------------+--------------------------+
; Supply         ; Voltage ; Total Current Drawn ; Dynamic Current Drawn ; Static Current Drawn ; SmartVID Current Savings ;
+----------------+---------+---------------------+-----------------------+----------------------+--------------------------+
; VCC            ; 0.750 V ; 0.921 A             ; 0.718 A               ; 0.202 A              ; 0.000 A                  ;
; VCCADC         ; 1.800 V ; 0.005 A             ; 0.004 A               ; 0.001 A              ; 0.000 A                  ;
; VCCBAT         ; 1.800 V ; 5.78E-07 A          ; 0.000 A               ; 5.78E-07 A           ; 0.000 A                  ;
; VCCEHT_GTSL1A  ; 1.800 V ; 0.010 A             ; 0.000 A               ; 0.010 A              ; 0.000 A                  ;
; VCCEHT_GTSL1B  ; 1.800 V ; 0.010 A             ; 0.000 A               ; 0.010 A              ; 0.000 A                  ;
; VCCEHT_GTSL1C  ; 1.800 V ; 0.010 A             ; 0.000 A               ; 0.010 A              ; 0.000 A                  ;
; VCCEHT_GTSR4A  ; 1.800 V ; 0.010 A             ; 0.000 A               ; 0.010 A              ; 0.000 A                  ;
; VCCEHT_GTSR4B  ; 1.800 V ; 0.010 A             ; 0.000 A               ; 0.010 A              ; 0.000 A                  ;
; VCCEHT_GTSR4C  ; 1.800 V ; 0.010 A             ; 0.000 A               ; 0.010 A              ; 0.000 A                  ;
; VCCERT_GTSL1A  ; 1.000 V ; 0.007 A             ; 0.000 A               ; 0.007 A              ; 0.000 A                  ;
; VCCERT_GTSL1B  ; 1.000 V ; 0.007 A             ; 0.000 A               ; 0.007 A              ; 0.000 A                  ;
; VCCERT_GTSL1C  ; 1.000 V ; 0.007 A             ; 0.000 A               ; 0.007 A              ; 0.000 A                  ;
; VCCERT_GTSR4A  ; 1.000 V ; 0.007 A             ; 0.000 A               ; 0.007 A              ; 0.000 A                  ;
; VCCERT_GTSR4B  ; 1.000 V ; 0.007 A             ; 0.000 A               ; 0.007 A              ; 0.000 A                  ;
; VCCERT_GTSR4C  ; 1.000 V ; 0.007 A             ; 0.000 A               ; 0.007 A              ; 0.000 A                  ;
; VCCFUSEWR_SDM  ; 1.800 V ; 2.23E-04 A          ; 0.000 A               ; 2.23E-04 A           ; 0.000 A                  ;
; VCCH_SDM       ; 1.000 V ; 4.19E-05 A          ; 0.000 A               ; 4.19E-05 A           ; 0.000 A                  ;
; VCCIO_HPS      ; 1.800 V ; 0.007 A             ; 0.007 A               ; 4.64E-05 A           ; 0.000 A                  ;
; VCCIO_HVIO_5A  ; 3.300 V ; 9.69E-04 A          ; 1.90E-04 A            ; 7.79E-04 A           ; 0.000 A                  ;
; VCCIO_HVIO_5B  ; 3.300 V ; 9.69E-04 A          ; 1.90E-04 A            ; 7.79E-04 A           ; 0.000 A                  ;
; VCCIO_HVIO_6A  ; 3.300 V ; 9.69E-04 A          ; 1.90E-04 A            ; 7.79E-04 A           ; 0.000 A                  ;
; VCCIO_HVIO_6B  ; 3.300 V ; 9.69E-04 A          ; 1.90E-04 A            ; 7.79E-04 A           ; 0.000 A                  ;
; VCCIO_HVIO_6C  ; 3.300 V ; 9.69E-04 A          ; 1.90E-04 A            ; 7.79E-04 A           ; 0.000 A                  ;
; VCCIO_HVIO_6D  ; 3.300 V ; 9.69E-04 A          ; 1.90E-04 A            ; 7.79E-04 A           ; 0.000 A                  ;
; VCCIO_PIO_2A_B ; 1.200 V ; 0.014 A             ; 0.008 A               ; 0.005 A              ; 0.000 A                  ;
; VCCIO_PIO_2A_T ; 1.200 V ; 0.010 A             ; 0.005 A               ; 0.005 A              ; 0.000 A                  ;
; VCCIO_PIO_2B_B ; 1.200 V ; 0.014 A             ; 0.008 A               ; 0.005 A              ; 0.000 A                  ;
; VCCIO_PIO_2B_T ; 1.200 V ; 0.010 A             ; 0.005 A               ; 0.005 A              ; 0.000 A                  ;
; VCCIO_PIO_3A_B ; 1.200 V ; 0.014 A             ; 0.008 A               ; 0.005 A              ; 0.000 A                  ;
; VCCIO_PIO_3A_T ; 1.200 V ; 0.011 A             ; 0.007 A               ; 0.005 A              ; 0.000 A                  ;
; VCCIO_PIO_3B_B ; 1.200 V ; 0.014 A             ; 0.008 A               ; 0.005 A              ; 0.000 A                  ;
; VCCIO_PIO_3B_T ; 1.200 V ; 0.010 A             ; 0.005 A               ; 0.005 A              ; 0.000 A                  ;
; VCCIO_PIO_SDM  ; 1.200 V ; 1.88E-05 A          ; 0.000 A               ; 1.88E-05 A           ; 0.000 A                  ;
; VCCIO_SDM      ; 1.800 V ; 1.92E-04 A          ; 1.50E-04 A            ; 4.16E-05 A           ; 0.000 A                  ;
; VCCL_HPS       ; 0.750 V ; 0.126 A             ; 0.088 A               ; 0.038 A              ; 0.000 A                  ;
; VCCL_SDM       ; 0.750 V ; 0.068 A             ; 0.049 A               ; 0.018 A              ; 0.000 A                  ;
; VCCP           ; 0.750 V ; 0.331 A             ; 0.161 A               ; 0.169 A              ; 0.000 A                  ;
; VCCPLL1_HPS    ; 1.800 V ; 0.001 A             ; 9.78E-04 A            ; 2.81E-05 A           ; 0.000 A                  ;
; VCCPLL2_HPS    ; 1.800 V ; 0.001 A             ; 9.78E-04 A            ; 2.81E-05 A           ; 0.000 A                  ;
; VCCPLLDIG1_HPS ; 0.750 V ; 0.003 A             ; 0.003 A               ; 6.62E-05 A           ; 0.000 A                  ;
; VCCPLLDIG2_HPS ; 0.750 V ; 0.003 A             ; 0.003 A               ; 6.62E-05 A           ; 0.000 A                  ;
; VCCPLLDIG_SDM  ; 0.750 V ; 2.99E-04 A          ; 2.47E-04 A            ; 5.21E-05 A           ; 0.000 A                  ;
; VCCPLL_SDM     ; 1.800 V ; 1.30E-04 A          ; 9.06E-05 A            ; 3.99E-05 A           ; 0.000 A                  ;
; VCCPT          ; 1.800 V ; 0.110 A             ; 0.060 A               ; 0.050 A              ; 0.000 A                  ;
; VCCPT_HVIO     ; 1.800 V ; 0.044 A             ; 0.008 A               ; 0.036 A              ; 0.000 A                  ;
; VCCRCORE       ; 1.200 V ; 0.498 A             ; 0.004 A               ; 0.494 A              ; 0.000 A                  ;
; VCC_HSSI_L1    ; 0.750 V ; 0.076 A             ; 0.011 A               ; 0.064 A              ; 0.000 A                  ;
; VCC_HSSI_R4    ; 0.750 V ; 0.076 A             ; 0.011 A               ; 0.064 A              ; 0.000 A                  ;
; VCC_IO_SDM     ; 0.750 V ; 3.48E-05 A          ; 0.000 A               ; 3.48E-05 A           ; 0.000 A                  ;
+----------------+---------+---------------------+-----------------------+----------------------+--------------------------+


+--------------------------------------------------------------------------------------------------------------------------+
; On-Chip Power Dissipation by Block Type                                                                                  ;
+---------------+---------------------------------------+---------------------------------+--------------------------------+
; Block Type    ; Total On-Chip Power by Block Type (W) ; Block On-Chip Dynamic Power (W) ; Block On-Chip Static Power (W) ;
+---------------+---------------------------------------+---------------------------------+--------------------------------+
; Clock         ; 0.102                                 ; 0.087                           ; 0.015                          ;
; DSP           ; 0.005                                 ; 0.001                           ; 0.003                          ;
; IO            ; 0.677                                 ; 0.337                           ; 0.339                          ;
; Logic         ; 0.321                                 ; 0.137                           ; 0.184                          ;
; Miscellaneous ; 0.867                                 ; 0.313                           ; 0.554                          ;
; PLL           ; 0.003                                 ; 0.000                           ; 0.003                          ;
; RAM           ; 0.095                                 ; 0.069                           ; 0.026                          ;
; Transceiver   ; 0.316                                 ; 0.062                           ; 0.254                          ;
+---------------+---------------------------------------+---------------------------------+--------------------------------+


+---------------------------------------------------------------------------------------------------------------------------------------------------------------------------------------------------------------------------------------------------------------------------------------------------------------------------------------------------------------------------------------------------+
; On-Chip Power Dissipation by Hierarchy                                                                                                                                                                                                                                                                                                                                                            ;
+--------------------------------------------------------------------------+------------------------------------------+-----------------------------------------+-----------------------------------------------------------------------------------------------------------------------------------------------------------+-----------------------------------------------------------------------+
; Compilation Hierarchy Node                                               ; Cumulative Dynamic On-Chip Power (W) (1) ; Current Level Dynamic On-Chip Power (W) ; Full Hierarchy Name                                                                                                                                       ; Entity Name                                                           ;
+--------------------------------------------------------------------------+------------------------------------------+-----------------------------------------+-----------------------------------------------------------------------------------------------------------------------------------------------------------+-----------------------------------------------------------------------+
; Global Resources                                                         ; 1.007                                    ; 0.679                                   ;                                                                                                                                                           ;                                                                       ;
;     |                                                                    ; 0.328                                    ; 0.098                                   ;                                                                                                                                                           ; niosv                                                                 ;
;         |rst_controller                                                  ; 0.001                                    ; 9.66E-04                                ; rst_controller                                                                                                                                            ; altera_reset_controller                                               ;
;             |alt_rst_sync_uq1                                            ; 3.74E-05                                 ; 3.74E-05                                ; rst_controller|alt_rst_sync_uq1                                                                                                                           ; altera_reset_synchronizer                                             ;
;             |alt_rst_req_sync_uq1                                        ; 2.25E-05                                 ; 2.25E-05                                ; rst_controller|alt_rst_req_sync_uq1                                                                                                                       ; altera_reset_synchronizer                                             ;
;         |sram                                                            ; 0.055                                    ; 0.000                                   ; sram                                                                                                                                                      ; niosv_intel_onchip_memory_0                                           ;
;             |intel_onchip_memory_0                                       ; 0.055                                    ; 0.000                                   ; sram|intel_onchip_memory_0                                                                                                                                ; niosv_intel_onchip_memory_0_intel_onchip_memory_1410_tz44c5y          ;
;                 |altera_syncram_component                                ; 0.055                                    ; 0.000                                   ; sram|intel_onchip_memory_0|altera_syncram_component                                                                                                       ; altera_syncram                                                        ;
;                     |auto_generated                                      ; 0.055                                    ; 0.000                                   ; sram|intel_onchip_memory_0|altera_syncram_component|auto_generated                                                                                        ; altera_syncram_rio3                                                   ;
;                         |altera_syncram_impl1                            ; 0.055                                    ; 0.052                                   ; sram|intel_onchip_memory_0|altera_syncram_component|auto_generated|altera_syncram_impl1                                                                   ; altera_syncram_impl_h2j3                                              ;
;                             |decode3                                     ; 7.90E-04                                 ; 7.90E-04                                ; sram|intel_onchip_memory_0|altera_syncram_component|auto_generated|altera_syncram_impl1|decode3                                                           ; decode_m7op                                                           ;
;                             |mux4                                        ; 0.002                                    ; 0.002                                   ; sram|intel_onchip_memory_0|altera_syncram_component|auto_generated|altera_syncram_impl1|mux4                                                              ; mux_lrsc1                                                             ;
;         |my_niosv                                                        ; 0.091                                    ; 0.000                                   ; my_niosv                                                                                                                                                  ; niosv_intel_niosv_m_0                                                 ;
;             |intel_niosv_m_0                                             ; 0.091                                    ; 2.02E-05                                ; my_niosv|intel_niosv_m_0                                                                                                                                  ; niosv_intel_niosv_m_0_intel_niosv_m_2600_yimltqq                      ;
;                 |timer_module                                            ; 0.005                                    ; 0.005                                   ; my_niosv|intel_niosv_m_0|timer_module                                                                                                                     ; niosv_timer_msip                                                      ;
;                 |rst_controller_001                                      ; 1.14E-04                                 ; 0.000                                   ; my_niosv|intel_niosv_m_0|rst_controller_001                                                                                                               ; altera_reset_controller                                               ;
;                     |alt_rst_sync_uq1                                    ; 1.14E-04                                 ; 1.14E-04                                ; my_niosv|intel_niosv_m_0|rst_controller_001|alt_rst_sync_uq1                                                                                              ; altera_reset_synchronizer                                             ;
;                 |dbg_mod                                                 ; 0.016                                    ; 9.55E-05                                ; my_niosv|intel_niosv_m_0|dbg_mod                                                                                                                          ; niosv_dm_top                                                          ;
;                     |rst_controller                                      ; 5.18E-05                                 ; 0.000                                   ; my_niosv|intel_niosv_m_0|dbg_mod|rst_controller                                                                                                           ; altera_reset_controller                                               ;
;                         |alt_rst_sync_uq1                                ; 5.18E-05                                 ; 5.18E-05                                ; my_niosv|intel_niosv_m_0|dbg_mod|rst_controller|alt_rst_sync_uq1                                                                                          ; altera_reset_synchronizer                                             ;
;                     |dtm_inst                                            ; 0.006                                    ; 0.003                                   ; my_niosv|intel_niosv_m_0|dbg_mod|dtm_inst                                                                                                                 ; niosv_dm_jtag2mm                                                      ;
;                         |rst_controller                                  ; 3.47E-05                                 ; 0.000                                   ; my_niosv|intel_niosv_m_0|dbg_mod|dtm_inst|rst_controller                                                                                                  ; altera_reset_controller                                               ;
;                             |alt_rst_sync_uq1                            ; 3.47E-05                                 ; 3.47E-05                                ; my_niosv|intel_niosv_m_0|dbg_mod|dtm_inst|rst_controller|alt_rst_sync_uq1                                                                                 ; altera_reset_synchronizer                                             ;
;                         |vjtag_inst                                      ; 2.39E-05                                 ; 0.000                                   ; my_niosv|intel_niosv_m_0|dbg_mod|dtm_inst|vjtag_inst                                                                                                      ; sld_virtual_jtag_basic                                                ;
;                             |sld_virtual_jtag_impl_inst                  ; 2.39E-05                                 ; 2.39E-05                                ; my_niosv|intel_niosv_m_0|dbg_mod|dtm_inst|vjtag_inst|sld_virtual_jtag_impl_inst                                                                           ; sld_virtual_jtag_impl                                                 ;
;                                 |jtag_signal_adapter                     ; 0.000                                    ; 0.000                                   ; my_niosv|intel_niosv_m_0|dbg_mod|dtm_inst|vjtag_inst|sld_virtual_jtag_impl_inst|jtag_signal_adapter                                                       ; sld_jtag_endpoint_adapter                                             ;
;                                     |sld_jtag_endpoint_adapter_impl_inst ; 0.000                                    ; 0.000                                   ; my_niosv|intel_niosv_m_0|dbg_mod|dtm_inst|vjtag_inst|sld_virtual_jtag_impl_inst|jtag_signal_adapter|sld_jtag_endpoint_adapter_impl_inst                   ; sld_jtag_endpoint_adapter_impl                                        ;
;                                         |sld_agent_ep_inst               ; 0.000                                    ; 0.000                                   ; my_niosv|intel_niosv_m_0|dbg_mod|dtm_inst|vjtag_inst|sld_virtual_jtag_impl_inst|jtag_signal_adapter|sld_jtag_endpoint_adapter_impl_inst|sld_agent_ep_inst ; altera_sld_agent_endpoint                                             ;
;                         |cmd_clk_xer                                     ; 0.002                                    ; 0.000                                   ; my_niosv|intel_niosv_m_0|dbg_mod|dtm_inst|cmd_clk_xer                                                                                                     ; altera_avalon_st_handshake_clock_crosser                              ;
;                             |clock_xer                                   ; 0.002                                    ; 0.001                                   ; my_niosv|intel_niosv_m_0|dbg_mod|dtm_inst|cmd_clk_xer|clock_xer                                                                                           ; altera_avalon_st_clock_crosser                                        ;
;                                 |in_to_out_synchronizer                  ; 2.15E-05                                 ; 2.15E-05                                ; my_niosv|intel_niosv_m_0|dbg_mod|dtm_inst|cmd_clk_xer|clock_xer|in_to_out_synchronizer                                                                    ; altera_std_synchronizer_nocut                                         ;
;                                 |out_to_in_synchronizer                  ; 2.39E-05                                 ; 2.39E-05                                ; my_niosv|intel_niosv_m_0|dbg_mod|dtm_inst|cmd_clk_xer|clock_xer|out_to_in_synchronizer                                                                    ; altera_std_synchronizer_nocut                                         ;
;                                 |output_stage                            ; 5.39E-04                                 ; 5.39E-04                                ; my_niosv|intel_niosv_m_0|dbg_mod|dtm_inst|cmd_clk_xer|clock_xer|output_stage                                                                              ; altera_avalon_st_pipeline_base                                        ;
;                                 |alt_rst_req_sync_in_rst                 ; 4.99E-05                                 ; 4.99E-05                                ; my_niosv|intel_niosv_m_0|dbg_mod|dtm_inst|cmd_clk_xer|clock_xer|alt_rst_req_sync_in_rst                                                                   ; altera_reset_synchronizer                                             ;
;                                 |alt_rst_req_sync_out_rst                ; 7.84E-05                                 ; 7.84E-05                                ; my_niosv|intel_niosv_m_0|dbg_mod|dtm_inst|cmd_clk_xer|clock_xer|alt_rst_req_sync_out_rst                                                                  ; altera_reset_synchronizer                                             ;
;                         |rsp_clk_xer                                     ; 0.002                                    ; 0.000                                   ; my_niosv|intel_niosv_m_0|dbg_mod|dtm_inst|rsp_clk_xer                                                                                                     ; altera_avalon_st_handshake_clock_crosser                              ;
;                             |clock_xer                                   ; 0.002                                    ; 9.32E-04                                ; my_niosv|intel_niosv_m_0|dbg_mod|dtm_inst|rsp_clk_xer|clock_xer                                                                                           ; altera_avalon_st_clock_crosser                                        ;
;                                 |in_to_out_synchronizer                  ; 2.18E-05                                 ; 2.18E-05                                ; my_niosv|intel_niosv_m_0|dbg_mod|dtm_inst|rsp_clk_xer|clock_xer|in_to_out_synchronizer                                                                    ; altera_std_synchronizer_nocut                                         ;
;                                 |out_to_in_synchronizer                  ; 2.10E-05                                 ; 2.10E-05                                ; my_niosv|intel_niosv_m_0|dbg_mod|dtm_inst|rsp_clk_xer|clock_xer|out_to_in_synchronizer                                                                    ; altera_std_synchronizer_nocut                                         ;
;                                 |alt_rst_req_sync_in_rst                 ; 6.46E-05                                 ; 6.46E-05                                ; my_niosv|intel_niosv_m_0|dbg_mod|dtm_inst|rsp_clk_xer|clock_xer|alt_rst_req_sync_in_rst                                                                   ; altera_reset_synchronizer                                             ;
;                                 |output_stage                            ; 4.45E-04                                 ; 4.45E-04                                ; my_niosv|intel_niosv_m_0|dbg_mod|dtm_inst|rsp_clk_xer|clock_xer|output_stage                                                                              ; altera_avalon_st_pipeline_base                                        ;
;                                 |alt_rst_req_sync_out_rst                ; 4.75E-05                                 ; 4.75E-05                                ; my_niosv|intel_niosv_m_0|dbg_mod|dtm_inst|rsp_clk_xer|clock_xer|alt_rst_req_sync_out_rst                                                                  ; altera_reset_synchronizer                                             ;
;                     |dm_inst                                             ; 0.010                                    ; 0.007                                   ; my_niosv|intel_niosv_m_0|dbg_mod|dm_inst                                                                                                                  ; niosv_debug_module                                                    ;
;                         |niosv_dm_csr_mem_inst                           ; 0.002                                    ; 0.000                                   ; my_niosv|intel_niosv_m_0|dbg_mod|dm_inst|niosv_dm_csr_mem_inst                                                                                            ; niosv_ram                                                             ;
;                             |ram_no_ecc.data_ram_inst                    ; 0.002                                    ; 0.000                                   ; my_niosv|intel_niosv_m_0|dbg_mod|dm_inst|niosv_dm_csr_mem_inst|ram_no_ecc.data_ram_inst                                                                   ; altsyncram                                                            ;
;                                 |auto_generated                          ; 0.002                                    ; 0.000                                   ; my_niosv|intel_niosv_m_0|dbg_mod|dm_inst|niosv_dm_csr_mem_inst|ram_no_ecc.data_ram_inst|auto_generated                                                    ; altsyncram_gm7r1                                                      ;
;                                     |altera_syncram_impl1                ; 0.002                                    ; 0.002                                   ; my_niosv|intel_niosv_m_0|dbg_mod|dm_inst|niosv_dm_csr_mem_inst|ram_no_ecc.data_ram_inst|auto_generated|altera_syncram_impl1                               ; altera_syncram_impl_22tt1                                             ;
;                         |dbg_rom_inst                                    ; 0.001                                    ; 0.000                                   ; my_niosv|intel_niosv_m_0|dbg_mod|dm_inst|dbg_rom_inst                                                                                                     ; niosv_debug_rom                                                       ;
;                             |gen_mlab_rom.dbg_rom_inst                   ; 0.001                                    ; 0.000                                   ; my_niosv|intel_niosv_m_0|dbg_mod|dm_inst|dbg_rom_inst|gen_mlab_rom.dbg_rom_inst                                                                           ; niosv_ram                                                             ;
;                                 |ram_no_ecc.data_ram_inst                ; 0.001                                    ; 0.000                                   ; my_niosv|intel_niosv_m_0|dbg_mod|dm_inst|dbg_rom_inst|gen_mlab_rom.dbg_rom_inst|ram_no_ecc.data_ram_inst                                                  ; altsyncram                                                            ;
;                                     |auto_generated                      ; 0.001                                    ; 0.000                                   ; my_niosv|intel_niosv_m_0|dbg_mod|dm_inst|dbg_rom_inst|gen_mlab_rom.dbg_rom_inst|ram_no_ecc.data_ram_inst|auto_generated                                   ; altsyncram_pl301                                                      ;
;                                         |altera_syncram_impl1            ; 0.001                                    ; 0.001                                   ; my_niosv|intel_niosv_m_0|dbg_mod|dm_inst|dbg_rom_inst|gen_mlab_rom.dbg_rom_inst|ram_no_ecc.data_ram_inst|auto_generated|altera_syncram_impl1              ; altera_syncram_impl_37g7                                              ;
;                 |hart                                                    ; 0.070                                    ; 0.000                                   ; my_niosv|intel_niosv_m_0|hart                                                                                                                             ; niosv_intel_niosv_m_0_intel_niosv_m_unit_2600_ez2mqoy                 ;
;                     |m_core.niosv_m_full_inst                            ; 0.070                                    ; 0.008                                   ; my_niosv|intel_niosv_m_0|hart|m_core.niosv_m_full_inst                                                                                                    ; niosv_m_core                                                          ;
;                         |lsu_inst                                        ; 0.004                                    ; 0.004                                   ; my_niosv|intel_niosv_m_0|hart|m_core.niosv_m_full_inst|lsu_inst                                                                                           ; niosv_lsu                                                             ;
;                             |read_cmd                                    ; 5.55E-05                                 ; 5.55E-05                                ; my_niosv|intel_niosv_m_0|hart|m_core.niosv_m_full_inst|lsu_inst|read_cmd                                                                                  ; niosv_mem_op_state                                                    ;
;                             |wr_data                                     ; 8.60E-05                                 ; 8.60E-05                                ; my_niosv|intel_niosv_m_0|hart|m_core.niosv_m_full_inst|lsu_inst|wr_data                                                                                   ; niosv_mem_op_state                                                    ;
;                             |wr_addr                                     ; 3.60E-05                                 ; 3.60E-05                                ; my_niosv|intel_niosv_m_0|hart|m_core.niosv_m_full_inst|lsu_inst|wr_addr                                                                                   ; niosv_mem_op_state                                                    ;
;                         |csr_inst                                        ; 0.014                                    ; 0.014                                   ; my_niosv|intel_niosv_m_0|hart|m_core.niosv_m_full_inst|csr_inst                                                                                           ; niosv_csr                                                             ;
;                             |irq_inst                                    ; 1.91E-04                                 ; 1.91E-04                                ; my_niosv|intel_niosv_m_0|hart|m_core.niosv_m_full_inst|csr_inst|irq_inst                                                                                  ; niosv_interrupt_handler                                               ;
;                         |prefetch_inst                                   ; 0.007                                    ; 0.004                                   ; my_niosv|intel_niosv_m_0|hart|m_core.niosv_m_full_inst|prefetch_inst                                                                                      ; niosv_m_instr_prefetch                                                ;
;                             |buffer_inst                                 ; 0.003                                    ; 0.003                                   ; my_niosv|intel_niosv_m_0|hart|m_core.niosv_m_full_inst|prefetch_inst|buffer_inst                                                                          ; niosv_instr_buffer                                                    ;
;                         |D_stage_inst                                    ; 0.006                                    ; 0.005                                   ; my_niosv|intel_niosv_m_0|hart|m_core.niosv_m_full_inst|D_stage_inst                                                                                       ; niosv_m_D_stage                                                       ;
;                             |instr_decoder_inst                          ; 0.001                                    ; 0.001                                   ; my_niosv|intel_niosv_m_0|hart|m_core.niosv_m_full_inst|D_stage_inst|instr_decoder_inst                                                                    ; niosv_m_decoder                                                       ;
;                         |E_stage_inst                                    ; 0.013                                    ; 0.011                                   ; my_niosv|intel_niosv_m_0|hart|m_core.niosv_m_full_inst|E_stage_inst                                                                                       ; niosv_m_E_stage                                                       ;
;                             |alu_inst                                    ; 0.002                                    ; 0.002                                   ; my_niosv|intel_niosv_m_0|hart|m_core.niosv_m_full_inst|E_stage_inst|alu_inst                                                                              ; niosv_alu                                                             ;
;                         |M0_stage_inst                                   ; 0.010                                    ; 0.008                                   ; my_niosv|intel_niosv_m_0|hart|m_core.niosv_m_full_inst|M0_stage_inst                                                                                      ; niosv_m_M0_stage                                                      ;
;                             |shifter_inst                                ; 0.002                                    ; 0.002                                   ; my_niosv|intel_niosv_m_0|hart|m_core.niosv_m_full_inst|M0_stage_inst|shifter_inst                                                                         ; niosv_shift                                                           ;
;                         |W_stage_inst                                    ; 6.45E-04                                 ; 6.45E-04                                ; my_niosv|intel_niosv_m_0|hart|m_core.niosv_m_full_inst|W_stage_inst                                                                                       ; niosv_m_W_stage                                                       ;
;                         |reg_file_inst                                   ; 0.007                                    ; 0.000                                   ; my_niosv|intel_niosv_m_0|hart|m_core.niosv_m_full_inst|reg_file_inst                                                                                      ; niosv_reg_file                                                        ;
;                             |reg_file_a                                  ; 0.003                                    ; 0.000                                   ; my_niosv|intel_niosv_m_0|hart|m_core.niosv_m_full_inst|reg_file_inst|reg_file_a                                                                           ; niosv_ram                                                             ;
;                                 |ram_no_ecc.data_ram_inst                ; 0.003                                    ; 0.000                                   ; my_niosv|intel_niosv_m_0|hart|m_core.niosv_m_full_inst|reg_file_inst|reg_file_a|ram_no_ecc.data_ram_inst                                                  ; altsyncram                                                            ;
;                                     |auto_generated                      ; 0.003                                    ; 0.000                                   ; my_niosv|intel_niosv_m_0|hart|m_core.niosv_m_full_inst|reg_file_inst|reg_file_a|ram_no_ecc.data_ram_inst|auto_generated                                   ; altsyncram_f37e1                                                      ;
;                                         |altera_syncram_impl1            ; 0.003                                    ; 0.003                                   ; my_niosv|intel_niosv_m_0|hart|m_core.niosv_m_full_inst|reg_file_inst|reg_file_a|ram_no_ecc.data_ram_inst|auto_generated|altera_syncram_impl1              ; altera_syncram_impl_vara                                              ;
;                             |reg_file_b                                  ; 0.003                                    ; 0.000                                   ; my_niosv|intel_niosv_m_0|hart|m_core.niosv_m_full_inst|reg_file_inst|reg_file_b                                                                           ; niosv_ram                                                             ;
;                                 |ram_no_ecc.data_ram_inst                ; 0.003                                    ; 0.000                                   ; my_niosv|intel_niosv_m_0|hart|m_core.niosv_m_full_inst|reg_file_inst|reg_file_b|ram_no_ecc.data_ram_inst                                                  ; altsyncram                                                            ;
;                                     |auto_generated                      ; 0.003                                    ; 0.000                                   ; my_niosv|intel_niosv_m_0|hart|m_core.niosv_m_full_inst|reg_file_inst|reg_file_b|ram_no_ecc.data_ram_inst|auto_generated                                   ; altsyncram_f37e1                                                      ;
;                                         |altera_syncram_impl1            ; 0.003                                    ; 0.003                                   ; my_niosv|intel_niosv_m_0|hart|m_core.niosv_m_full_inst|reg_file_inst|reg_file_b|ram_no_ecc.data_ram_inst|auto_generated|altera_syncram_impl1              ; altera_syncram_impl_vara                                              ;
;         |debug                                                           ; 0.006                                    ; 0.000                                   ; debug                                                                                                                                                     ; niosv_jtag_uart_0                                                     ;
;             |jtag_uart_0                                                 ; 0.006                                    ; 4.78E-04                                ; debug|jtag_uart_0                                                                                                                                         ; altera_avalon_jtag_uart                                               ;
;                 |altera_avalon_jtag_uart_scfifo_r                        ; 0.002                                    ; 0.000                                   ; debug|jtag_uart_0|altera_avalon_jtag_uart_scfifo_r                                                                                                        ; altera_avalon_jtag_uart_scfifo_r                                      ;
;                     |rfifo                                               ; 0.002                                    ; 0.000                                   ; debug|jtag_uart_0|altera_avalon_jtag_uart_scfifo_r|rfifo                                                                                                  ; scfifo                                                                ;
;                         |auto_generated                                  ; 0.002                                    ; 0.000                                   ; debug|jtag_uart_0|altera_avalon_jtag_uart_scfifo_r|rfifo|auto_generated                                                                                   ; scfifo_v1n72                                                          ;
;                             |dpfifo                                      ; 0.002                                    ; 4.64E-07                                ; debug|jtag_uart_0|altera_avalon_jtag_uart_scfifo_r|rfifo|auto_generated|dpfifo                                                                            ; a_dpfifo_thtu                                                         ;
;                                 |FIFOram                                 ; 0.001                                    ; 0.000                                   ; debug|jtag_uart_0|altera_avalon_jtag_uart_scfifo_r|rfifo|auto_generated|dpfifo|FIFOram                                                                    ; altera_syncram_5s9i1                                                  ;
;                                     |altera_syncram_impl1                ; 0.001                                    ; 0.001                                   ; debug|jtag_uart_0|altera_avalon_jtag_uart_scfifo_r|rfifo|auto_generated|dpfifo|FIFOram|altera_syncram_impl1                                               ; altera_syncram_impl_d6o82                                             ;
;                                 |wr_ptr                                  ; 1.62E-04                                 ; 1.62E-04                                ; debug|jtag_uart_0|altera_avalon_jtag_uart_scfifo_r|rfifo|auto_generated|dpfifo|wr_ptr                                                                     ; altera_counter                                                        ;
;                                 |fifo_state                              ; 2.32E-04                                 ; 7.59E-05                                ; debug|jtag_uart_0|altera_avalon_jtag_uart_scfifo_r|rfifo|auto_generated|dpfifo|fifo_state                                                                 ; a_fefifo_1pu6                                                         ;
;                                     |count_usedw                         ; 1.56E-04                                 ; 1.56E-04                                ; debug|jtag_uart_0|altera_avalon_jtag_uart_scfifo_r|rfifo|auto_generated|dpfifo|fifo_state|count_usedw                                                     ; cntr_mdq02                                                            ;
;                                 |rd_ptr_count                            ; 1.53E-04                                 ; 1.53E-04                                ; debug|jtag_uart_0|altera_avalon_jtag_uart_scfifo_r|rfifo|auto_generated|dpfifo|rd_ptr_count                                                               ; altera_counter                                                        ;
;                 |altera_avalon_jtag_uart_scfifo_w                        ; 0.002                                    ; 0.000                                   ; debug|jtag_uart_0|altera_avalon_jtag_uart_scfifo_w                                                                                                        ; altera_avalon_jtag_uart_scfifo_w                                      ;
;                     |wfifo                                               ; 0.002                                    ; 0.000                                   ; debug|jtag_uart_0|altera_avalon_jtag_uart_scfifo_w|wfifo                                                                                                  ; scfifo                                                                ;
;                         |auto_generated                                  ; 0.002                                    ; 0.000                                   ; debug|jtag_uart_0|altera_avalon_jtag_uart_scfifo_w|wfifo|auto_generated                                                                                   ; scfifo_v1n72                                                          ;
;                             |dpfifo                                      ; 0.002                                    ; 4.64E-07                                ; debug|jtag_uart_0|altera_avalon_jtag_uart_scfifo_w|wfifo|auto_generated|dpfifo                                                                            ; a_dpfifo_thtu                                                         ;
;                                 |wr_ptr                                  ; 1.36E-04                                 ; 1.36E-04                                ; debug|jtag_uart_0|altera_avalon_jtag_uart_scfifo_w|wfifo|auto_generated|dpfifo|wr_ptr                                                                     ; altera_counter                                                        ;
;                                 |fifo_state                              ; 2.51E-04                                 ; 6.67E-05                                ; debug|jtag_uart_0|altera_avalon_jtag_uart_scfifo_w|wfifo|auto_generated|dpfifo|fifo_state                                                                 ; a_fefifo_1pu6                                                         ;
;                                     |count_usedw                         ; 1.85E-04                                 ; 1.85E-04                                ; debug|jtag_uart_0|altera_avalon_jtag_uart_scfifo_w|wfifo|auto_generated|dpfifo|fifo_state|count_usedw                                                     ; cntr_mdq02                                                            ;
;                                 |rd_ptr_count                            ; 1.30E-04                                 ; 1.30E-04                                ; debug|jtag_uart_0|altera_avalon_jtag_uart_scfifo_w|wfifo|auto_generated|dpfifo|rd_ptr_count                                                               ; altera_counter                                                        ;
;                                 |FIFOram                                 ; 0.001                                    ; 0.000                                   ; debug|jtag_uart_0|altera_avalon_jtag_uart_scfifo_w|wfifo|auto_generated|dpfifo|FIFOram                                                                    ; altera_syncram_5s9i1                                                  ;
;                                     |altera_syncram_impl1                ; 0.001                                    ; 0.001                                   ; debug|jtag_uart_0|altera_avalon_jtag_uart_scfifo_w|wfifo|auto_generated|dpfifo|FIFOram|altera_syncram_impl1                                               ; altera_syncram_impl_d6o82                                             ;
;                 |altera_avalon_jtag_uart_alt_jtag_atlantic               ; 0.001                                    ; 0.001                                   ; debug|jtag_uart_0|altera_avalon_jtag_uart_alt_jtag_atlantic                                                                                               ; alt_jtag_atlantic                                                     ;
;                     |inst                                                ; 0.000                                    ; 0.000                                   ; debug|jtag_uart_0|altera_avalon_jtag_uart_alt_jtag_atlantic|inst                                                                                          ; sld_jtag_endpoint_adapter                                             ;
;                         |sld_jtag_endpoint_adapter_impl_inst             ; 0.000                                    ; 0.000                                   ; debug|jtag_uart_0|altera_avalon_jtag_uart_alt_jtag_atlantic|inst|sld_jtag_endpoint_adapter_impl_inst                                                      ; sld_jtag_endpoint_adapter_impl                                        ;
;                             |sld_agent_ep_inst                           ; 0.000                                    ; 0.000                                   ; debug|jtag_uart_0|altera_avalon_jtag_uart_alt_jtag_atlantic|inst|sld_jtag_endpoint_adapter_impl_inst|sld_agent_ep_inst                                    ; altera_sld_agent_endpoint                                             ;
;         |auto_fab_0                                                      ; 0.054                                    ; 0.000                                   ; auto_fab_0                                                                                                                                                ; alt_sld_fab_0                                                         ;
;             |alt_sld_fab_0                                               ; 0.054                                    ; 0.000                                   ; auto_fab_0|alt_sld_fab_0                                                                                                                                  ; alt_sld_fab_0_alt_sld_fab_0_10_fkimwiy                                ;
;                 |alt_sld_fab_0                                           ; 0.054                                    ; 0.046                                   ; auto_fab_0|alt_sld_fab_0|alt_sld_fab_0                                                                                                                    ; alt_sld_fab_0_alt_sld_fab_1920_ypbmkty                                ;
;                     |sldfabric                                           ; 0.003                                    ; 0.000                                   ; auto_fab_0|alt_sld_fab_0|alt_sld_fab_0|sldfabric                                                                                                          ; alt_sld_fab_0_altera_sld_jtag_hub_1920_nxacx4i                        ;
;                         |jtag_hub_gen.real_sld_jtag_hub                  ; 0.003                                    ; 0.002                                   ; auto_fab_0|alt_sld_fab_0|alt_sld_fab_0|sldfabric|jtag_hub_gen.real_sld_jtag_hub                                                                           ; sld_jtag_hub                                                          ;
;                             |shadow_jsm                                  ; 6.15E-04                                 ; 6.15E-04                                ; auto_fab_0|alt_sld_fab_0|alt_sld_fab_0|sldfabric|jtag_hub_gen.real_sld_jtag_hub|shadow_jsm                                                                ; sld_shadow_jsm                                                        ;
;                             |hub_info_reg                                ; 1.99E-04                                 ; 1.99E-04                                ; auto_fab_0|alt_sld_fab_0|alt_sld_fab_0|sldfabric|jtag_hub_gen.real_sld_jtag_hub|hub_info_reg                                                              ; sld_rom_sr                                                            ;
;                     |jtagpins                                            ; 0.005                                    ; 0.000                                   ; auto_fab_0|alt_sld_fab_0|alt_sld_fab_0|jtagpins                                                                                                           ; altera_jtag_wys_atom                                                  ;
;                         |atom_inst                                       ; 0.005                                    ; 0.005                                   ; auto_fab_0|alt_sld_fab_0|alt_sld_fab_0|jtagpins|atom_inst                                                                                                 ; altera_jtag_wys_atom_bare                                             ;
;                     |configresetfabric                                   ; 1.75E-05                                 ; 0.000                                   ; auto_fab_0|alt_sld_fab_0|alt_sld_fab_0|configresetfabric                                                                                                  ; alt_sld_fab_0_intel_configuration_debug_reset_release_hub_203_ku24h5y ;
;                         |conf_reset_src                                  ; 1.75E-05                                 ; 1.75E-05                                ; auto_fab_0|alt_sld_fab_0|alt_sld_fab_0|configresetfabric|conf_reset_src                                                                                   ; intel_configuration_reset_release_for_debug                           ;
;         |mm_interconnect_0                                               ; 0.022                                    ; 5.09E-04                                ; mm_interconnect_0                                                                                                                                         ; niosv_altera_mm_interconnect_1920_4pky6ba                             ;
;             |debug_avalon_jtag_slave_agent                               ; 4.18E-05                                 ; 4.18E-05                                ; mm_interconnect_0|debug_avalon_jtag_slave_agent                                                                                                           ; niosv_altera_merlin_slave_agent_1930_jxauz3i                          ;
;             |router_005                                                  ; 0.000                                    ; 0.000                                   ; mm_interconnect_0|router_005                                                                                                                              ; niosv_altera_merlin_router_1921_5zprxna                               ;
;             |my_niosv_dm_agent_agent_rdata_fifo                          ; 0.002                                    ; 0.002                                   ; mm_interconnect_0|my_niosv_dm_agent_agent_rdata_fifo                                                                                                      ; niosv_altera_avalon_sc_fifo_1932_22gxxgi                              ;
;             |rsp_demux_002                                               ; 9.25E-05                                 ; 9.25E-05                                ; mm_interconnect_0|rsp_demux_002                                                                                                                           ; niosv_altera_merlin_demultiplexer_1921_gf66usy                        ;
;             |my_niosv_instruction_manager_rd_limiter                     ; 1.67E-04                                 ; 1.67E-04                                ; mm_interconnect_0|my_niosv_instruction_manager_rd_limiter                                                                                                 ; niosv_altera_merlin_traffic_limiter_1921_2thi65i                      ;
;             |my_niosv_timer_sw_agent_agent_rsp_fifo                      ; 1.59E-04                                 ; 1.59E-04                                ; mm_interconnect_0|my_niosv_timer_sw_agent_agent_rsp_fifo                                                                                                  ; niosv_altera_avalon_sc_fifo_1932_22gxxgi                              ;
;             |debug_avalon_jtag_slave_agent_rsp_fifo                      ; 1.84E-04                                 ; 1.84E-04                                ; mm_interconnect_0|debug_avalon_jtag_slave_agent_rsp_fifo                                                                                                  ; niosv_altera_avalon_sc_fifo_1932_22gxxgi                              ;
;             |cmd_mux_003                                                 ; 7.80E-04                                 ; 7.31E-04                                ; mm_interconnect_0|cmd_mux_003                                                                                                                             ; niosv_altera_merlin_multiplexer_1922_szjlx7q                          ;
;                 |arb                                                     ; 4.82E-05                                 ; 4.82E-05                                ; mm_interconnect_0|cmd_mux_003|arb                                                                                                                         ; altera_merlin_arbitrator                                              ;
;             |router_006                                                  ; 0.000                                    ; 0.000                                   ; mm_interconnect_0|router_006                                                                                                                              ; niosv_altera_merlin_router_1921_5zprxna                               ;
;             |rsp_mux                                                     ; 1.91E-04                                 ; 1.91E-04                                ; mm_interconnect_0|rsp_mux                                                                                                                                 ; niosv_altera_merlin_multiplexer_1922_pkoothq                          ;
;                 |arb                                                     ; 0.000                                    ; 0.000                                   ; mm_interconnect_0|rsp_mux|arb                                                                                                                             ; altera_merlin_arbitrator                                              ;
;             |cmd_demux_001                                               ; 4.34E-05                                 ; 4.34E-05                                ; mm_interconnect_0|cmd_demux_001                                                                                                                           ; niosv_altera_merlin_demultiplexer_1921_gf66usy                        ;
;             |router                                                      ; 3.44E-05                                 ; 3.44E-05                                ; mm_interconnect_0|router                                                                                                                                  ; niosv_altera_merlin_router_1921_f7bfoqi                               ;
;             |my_niosv_dm_agent_agent                                     ; 2.40E-05                                 ; 2.40E-05                                ; mm_interconnect_0|my_niosv_dm_agent_agent                                                                                                                 ; niosv_altera_merlin_slave_agent_1930_jxauz3i                          ;
;                 |uncompressor                                            ; 0.000                                    ; 0.000                                   ; mm_interconnect_0|my_niosv_dm_agent_agent|uncompressor                                                                                                    ; altera_merlin_burst_uncompressor                                      ;
;             |router_007                                                  ; 0.000                                    ; 0.000                                   ; mm_interconnect_0|router_007                                                                                                                              ; niosv_altera_merlin_router_1921_m7xr3oa                               ;
;             |sram_s1_agent_rdata_fifo                                    ; 0.001                                    ; 0.001                                   ; mm_interconnect_0|sram_s1_agent_rdata_fifo                                                                                                                ; niosv_altera_avalon_sc_fifo_1932_22gxxgi                              ;
;             |cmd_demux_003                                               ; 4.20E-05                                 ; 4.20E-05                                ; mm_interconnect_0|cmd_demux_003                                                                                                                           ; niosv_altera_merlin_demultiplexer_1921_eqthw6y                        ;
;             |router_001                                                  ; 5.74E-05                                 ; 5.74E-05                                ; mm_interconnect_0|router_001                                                                                                                              ; niosv_altera_merlin_router_1921_f7bfoqi                               ;
;             |my_niosv_instruction_manager_agent                          ; 3.71E-04                                 ; 3.71E-04                                ; mm_interconnect_0|my_niosv_instruction_manager_agent                                                                                                      ; niosv_altera_merlin_axi_master_ni_19112_2jrcixq                       ;
;             |cmd_mux_002                                                 ; 0.009                                    ; 0.008                                   ; mm_interconnect_0|cmd_mux_002                                                                                                                             ; niosv_altera_merlin_multiplexer_1922_lxeu3ki                          ;
;                 |arb                                                     ; 1.12E-04                                 ; 1.03E-04                                ; mm_interconnect_0|cmd_mux_002|arb                                                                                                                         ; altera_merlin_arbitrator                                              ;
;                     |adder                                               ; 9.30E-06                                 ; 9.30E-06                                ; mm_interconnect_0|cmd_mux_002|arb|adder                                                                                                                   ; altera_merlin_arb_adder                                               ;
;             |my_niosv_dm_agent_agent_rsp_fifo                            ; 4.07E-04                                 ; 4.07E-04                                ; mm_interconnect_0|my_niosv_dm_agent_agent_rsp_fifo                                                                                                        ; niosv_altera_avalon_sc_fifo_1932_22gxxgi                              ;
;             |rsp_demux_001                                               ; 2.92E-05                                 ; 2.92E-05                                ; mm_interconnect_0|rsp_demux_001                                                                                                                           ; niosv_altera_merlin_demultiplexer_1921_gf66usy                        ;
;             |rsp_mux_003                                                 ; 3.44E-04                                 ; 3.44E-04                                ; mm_interconnect_0|rsp_mux_003                                                                                                                             ; niosv_altera_merlin_multiplexer_1922_y4jafty                          ;
;                 |arb                                                     ; 0.000                                    ; 0.000                                   ; mm_interconnect_0|rsp_mux_003|arb                                                                                                                         ; altera_merlin_arbitrator                                              ;
;             |debug_avalon_jtag_slave_translator                          ; 6.10E-04                                 ; 6.10E-04                                ; mm_interconnect_0|debug_avalon_jtag_slave_translator                                                                                                      ; niosv_altera_merlin_slave_translator_191_xg7rzxi                      ;
;             |router_002                                                  ; 0.000                                    ; 0.000                                   ; mm_interconnect_0|router_002                                                                                                                              ; niosv_altera_merlin_router_1921_6midycq                               ;
;             |sram_s1_agent                                               ; 4.34E-04                                 ; 4.31E-04                                ; mm_interconnect_0|sram_s1_agent                                                                                                                           ; niosv_altera_merlin_slave_agent_1930_jxauz3i                          ;
;                 |uncompressor                                            ; 3.44E-06                                 ; 3.44E-06                                ; mm_interconnect_0|sram_s1_agent|uncompressor                                                                                                              ; altera_merlin_burst_uncompressor                                      ;
;             |rsp_demux_003                                               ; 2.17E-05                                 ; 2.17E-05                                ; mm_interconnect_0|rsp_demux_003                                                                                                                           ; niosv_altera_merlin_demultiplexer_1921_s633mky                        ;
;             |cmd_demux                                                   ; 3.87E-05                                 ; 3.87E-05                                ; mm_interconnect_0|cmd_demux                                                                                                                               ; niosv_altera_merlin_demultiplexer_1921_gf66usy                        ;
;             |my_niosv_timer_sw_agent_agent_rdata_fifo                    ; 6.36E-04                                 ; 6.36E-04                                ; mm_interconnect_0|my_niosv_timer_sw_agent_agent_rdata_fifo                                                                                                ; niosv_altera_avalon_sc_fifo_1932_22gxxgi                              ;
;             |sram_s1_translator                                          ; 2.06E-04                                 ; 2.06E-04                                ; mm_interconnect_0|sram_s1_translator                                                                                                                      ; niosv_altera_merlin_slave_translator_191_xg7rzxi                      ;
;             |cmd_mux_001                                                 ; 7.62E-04                                 ; 6.55E-04                                ; mm_interconnect_0|cmd_mux_001                                                                                                                             ; niosv_altera_merlin_multiplexer_1922_lxeu3ki                          ;
;                 |arb                                                     ; 1.07E-04                                 ; 1.04E-04                                ; mm_interconnect_0|cmd_mux_001|arb                                                                                                                         ; altera_merlin_arbitrator                                              ;
;                     |adder                                               ; 2.99E-06                                 ; 2.99E-06                                ; mm_interconnect_0|cmd_mux_001|arb|adder                                                                                                                   ; altera_merlin_arb_adder                                               ;
;             |router_003                                                  ; 0.000                                    ; 0.000                                   ; mm_interconnect_0|router_003                                                                                                                              ; niosv_altera_merlin_router_1921_6midycq                               ;
;             |debug_avalon_jtag_slave_agent_rdata_fifo                    ; 6.22E-04                                 ; 6.22E-04                                ; mm_interconnect_0|debug_avalon_jtag_slave_agent_rdata_fifo                                                                                                ; niosv_altera_avalon_sc_fifo_1932_22gxxgi                              ;
;             |sram_s1_agent_rsp_fifo                                      ; 2.29E-04                                 ; 2.29E-04                                ; mm_interconnect_0|sram_s1_agent_rsp_fifo                                                                                                                  ; niosv_altera_avalon_sc_fifo_1932_22gxxgi                              ;
;             |my_niosv_data_manager_agent                                 ; 0.002                                    ; 0.002                                   ; mm_interconnect_0|my_niosv_data_manager_agent                                                                                                             ; niosv_altera_merlin_axi_master_ni_19112_2jrcixq                       ;
;             |router_004                                                  ; 0.000                                    ; 0.000                                   ; mm_interconnect_0|router_004                                                                                                                              ; niosv_altera_merlin_router_1921_m7xr3oa                               ;
;             |rsp_demux                                                   ; 1.85E-05                                 ; 1.85E-05                                ; mm_interconnect_0|rsp_demux                                                                                                                               ; niosv_altera_merlin_demultiplexer_1921_s633mky                        ;
;             |rsp_mux_002                                                 ; 0.000                                    ; 0.000                                   ; mm_interconnect_0|rsp_mux_002                                                                                                                             ; niosv_altera_merlin_multiplexer_1922_y4jafty                          ;
;                 |arb                                                     ; 0.000                                    ; 0.000                                   ; mm_interconnect_0|rsp_mux_002|arb                                                                                                                         ; altera_merlin_arbitrator                                              ;
;             |my_niosv_timer_sw_agent_agent                               ; 3.30E-05                                 ; 3.30E-05                                ; mm_interconnect_0|my_niosv_timer_sw_agent_agent                                                                                                           ; niosv_altera_merlin_slave_agent_1930_jxauz3i                          ;
;             |rsp_mux_001                                                 ; 0.002                                    ; 0.002                                   ; mm_interconnect_0|rsp_mux_001                                                                                                                             ; niosv_altera_merlin_multiplexer_1922_pkoothq                          ;
;                 |arb                                                     ; 0.000                                    ; 0.000                                   ; mm_interconnect_0|rsp_mux_001|arb                                                                                                                         ; altera_merlin_arbitrator                                              ;
;             |cmd_mux                                                     ; 2.89E-04                                 ; 2.40E-04                                ; mm_interconnect_0|cmd_mux                                                                                                                                 ; niosv_altera_merlin_multiplexer_1922_szjlx7q                          ;
;                 |arb                                                     ; 4.88E-05                                 ; 4.88E-05                                ; mm_interconnect_0|cmd_mux|arb                                                                                                                             ; altera_merlin_arbitrator                                              ;
;         |rst_controller_001                                              ; 9.43E-05                                 ; 0.000                                   ; rst_controller_001                                                                                                                                        ; altera_reset_controller                                               ;
;             |alt_rst_sync_uq1                                            ; 9.43E-05                                 ; 9.43E-05                                ; rst_controller_001|alt_rst_sync_uq1                                                                                                                       ; altera_reset_synchronizer                                             ;
+--------------------------------------------------------------------------+------------------------------------------+-----------------------------------------+-----------------------------------------------------------------------------------------------------------------------------------------------------------+-----------------------------------------------------------------------+
(1) Cumulative power is the power consumed at that level of hierarchy plus the power consumed by all levels of hierarchy below it.


+----------------------------------------------------------------------------------------------------------------------------------------------------+
; Confidence Metric Details                                                                                                                          ;
+----------------------------------------------------------------------------------------+--------------+------------+---------------+---------------+
; Data Source                                                                            ; Total        ; Pin        ; Registered    ; Combinational ;
+----------------------------------------------------------------------------------------+--------------+------------+---------------+---------------+
; Simulation (from file)                                                                 ;              ;            ;               ;               ;
;     -- Number of signals with Toggle Rate from Simulation                              ; 0 (0.0%)     ; 0 (0.0%)   ; 0 (0.0%)      ; 0 (0.0%)      ;
;     -- Number of signals with Static Probability from Simulation                       ; 0 (0.0%)     ; 0 (0.0%)   ; 0 (0.0%)      ; 0 (0.0%)      ;
;                                                                                        ;              ;            ;               ;               ;
; Node, entity or clock assignment                                                       ;              ;            ;               ;               ;
;     -- Number of signals with Toggle Rate from Node, entity or clock assignment        ; 5 (0.1%)     ; 2 (10.5%)  ; 0 (0.0%)      ; 3 (0.1%)      ;
;     -- Number of signals with Static Probability from Node, entity or clock assignment ; 5 (0.1%)     ; 2 (10.5%)  ; 0 (0.0%)      ; 3 (0.1%)      ;
;                                                                                        ;              ;            ;               ;               ;
; Vectorless estimation                                                                  ;              ;            ;               ;               ;
;     -- Number of signals with Toggle Rate from Vectorless estimation                   ; 0 (0.0%)     ; 0 (0.0%)   ; 0 (0.0%)      ; 0 (0.0%)      ;
;     -- Number of signals with Static Probability from Vectorless estimation            ; 0 (0.0%)     ; 0 (0.0%)   ; 0 (0.0%)      ; 0 (0.0%)      ;
;                                                                                        ;              ;            ;               ;               ;
; Default assignment                                                                     ;              ;            ;               ;               ;
;     -- Number of signals with Toggle Rate from Default assignment                      ; 9682 (99.7%) ; 3 (15.8%)  ; 4667 (100.0%) ; 5012 (99.6%)  ;
;     -- Number of signals with Static Probability from Default assignment               ; 9711 (99.9%) ; 17 (89.5%) ; 4667 (100.0%) ; 5027 (99.9%)  ;
;                                                                                        ;              ;            ;               ;               ;
; Assumed 0                                                                              ;              ;            ;               ;               ;
;     -- Number of signals with Toggle Rate assumed 0                                    ; 29 (0.3%)    ; 14 (73.7%) ; 0 (0.0%)      ; 15 (0.3%)     ;
+----------------------------------------------------------------------------------------+--------------+------------+---------------+---------------+


+---------------------------------------------------------------------------------------------------------------------------------------------+
; Signal Activities                                                                                                                           ;
+--------+------+---------------------------------------------+-------------------------+--------------------+--------------------------------+
; Signal ; Type ; Toggle Rate (millions of transitions / sec) ; Toggle Rate Data Source ; Static Probability ; Static Probability Data Source ;
+--------+------+---------------------------------------------+-------------------------+--------------------+--------------------------------+
(1) The "Signal Activity" Table has been hidden. To show this table, please select the "Write signal activities to report file" option under "Power Analyzer Settings".


