Fitter Finalize Stage Report for niosv
Wed Jun 24 12:41:10 2026
Quartus Prime Version 25.1.1 Build 125 07/31/2025 Patches 1.31 SC Pro Edition


---------------------
; Table of Contents ;
---------------------
  1. Legal Notice
  2. Routing Usage Summary
  3. Finalize Messages



----------------
; Legal Notice ;
----------------
Copyright (C) 2025  Altera Corporation. All rights reserved.
Your use of Altera Corporation's design tools, logic functions 
and other software and tools, and any partner logic 
functions, and any output files from any of the foregoing 
(including device programming or simulation files), and any 
associated documentation or information are expressly subject 
to the terms and conditions of the Altera Program License 
Subscription Agreement, the Altera Quartus Prime License Agreement,
the Altera IP License Agreement, or other applicable license
agreement, including, without limitation, that your use is for
the sole purpose of programming logic devices manufactured by
Altera and sold by Altera or its authorized distributors.  Please
refer to the Altera Software License Subscription Agreements 
on the Quartus Prime software download page.



+---------------------------------------------------------------------+
; Routing Usage Summary                                               ;
+--------------------------------------+------------------------------+
; Routing Resource Type                ; Usage                        ;
+--------------------------------------+------------------------------+
; Block Input Mux Wrapbacks            ; 10 / 197,400 ( < 1 % )       ;
; Block Input Muxes                    ; 24,213 / 2,278,560 ( 1 % )   ;
; Block interconnects                  ; 18,458 / 2,391,360 ( < 1 % ) ;
; C1 interconnects                     ; 9,596 / 1,071,360 ( < 1 % )  ;
; C4 interconnects                     ; 3,892 / 1,049,040 ( < 1 % )  ;
; C8 interconnects                     ; 95 / 104,904 ( < 1 % )       ;
; DCM_muxes                            ; 1 / 456 ( < 1 % )            ;
; DELAY_CHAINs                         ; 0 / 4,306 ( 0 % )            ;
; Direct links                         ; 1,952 / 2,391,360 ( < 1 % )  ;
; HIO Buffers                          ; 0 / 31,584 ( 0 % )           ;
; IO12PHYTOP_LOGIC_INPUTs              ; 1 / 416 ( < 1 % )            ;
; IO12PHYTOP_LOGIC_OUTPUTs             ; 1 / 960 ( < 1 % )            ;
; IO75XDDRFMXCKTREE_CLKDRV_BIG_VCO_REs ; 0 / 16 ( 0 % )               ;
; IO75XDDRFMXCKTREE_CLKDRV_GM0_REs     ; 0 / 16 ( 0 % )               ;
; IO75XDDRFMXCKTREE_CLKDRV_VCO_INPUTs  ; 0 / 8 ( 0 % )                ;
; IO75XDDRFMXCKTREE_CLKDRV_VCO_OUTPUTs ; 0 / 8 ( 0 % )                ;
; IO75XDDRFMXCKTREE_FB_MUX31_REs       ; 0 / 48 ( 0 % )               ;
; IOFBRADAPT_C2P_BUF_INPUTs            ; 0 / 132 ( 0 % )              ;
; IOFBRADAPT_C2P_BUF_OUTPUTs           ; 0 / 132 ( 0 % )              ;
; IOFBRADAPT_FRZ_BUFS_REs              ; 0 / 616 ( 0 % )              ;
; IOFBRADAPT_P2C_BUF_INPUTs            ; 0 / 284 ( 0 % )              ;
; IOFBRADAPT_P2C_BUF_OUTPUTs           ; 0 / 284 ( 0 % )              ;
; Programmable Invert Buffers          ; 0 / 320 ( 0 % )              ;
; Programmable Invert Inputs           ; 703 / 214,170 ( < 1 % )      ;
; Programmable Inverts                 ; 703 / 214,170 ( < 1 % )      ;
; R0 interconnects                     ; 12,109 / 1,835,820 ( < 1 % ) ;
; R1 interconnects                     ; 6,850 / 1,049,040 ( < 1 % )  ;
; R12 interconnects                    ; 67 / 157,356 ( < 1 % )       ;
; R2 interconnects                     ; 2,955 / 527,340 ( < 1 % )    ;
; R4 interconnects                     ; 1,906 / 532,980 ( < 1 % )    ;
; R6 interconnects                     ; 1,491 / 535,800 ( < 1 % )    ;
; Redundancy Muxes                     ; 0 / 62,248 ( 0 % )           ;
; Row Clock Tap-Offs                   ; 466 / 157,356 ( < 1 % )      ;
; Switchbox_clock_muxes                ; 8 / 5,120 ( < 1 % )          ;
; VIO Buffers                          ; 3 / 12,800 ( < 1 % )         ;
; Vertical_seam_tap_muxes              ; 8 / 2,304 ( < 1 % )          ;
+--------------------------------------+------------------------------+


+-------------------+
; Finalize Messages ;
+-------------------+
Info (20030): Parallel compilation is enabled and will use 24 of the 32 processors detected
Info: *******************************************************************
Info: Running Quartus Prime Fitter
    Info: Version 25.1.1 Build 125 07/31/2025 Patches 1.31 SC Pro Edition
    Info: Processing started: Wed Jun 24 12:34:57 2026
    Info: System process ID: 144171
Info: Command: quartus_fit --read_settings_files=on --write_settings_files=off niosv -c niosv
Info: qfit2_default_script.tcl version: #1
Info: Project  = niosv
Info: Revision = niosv
Info (18258): Fitter Physical Synthesis operations beginning
Info (18259): Fitter Physical Synthesis operations ending: elapsed time is 00:00:01
Info (24604): Global preservation of unused transceiver channels is enabled. All unused transceiver channels will be preserved.
Info (16557): Fitter post-fit operations ending: elapsed time is 00:00:30


