Info: Generated by version: 25.1.1 build 125
Info: Starting: Create simulation model
Info: qsys-generate /mnt/ssd2/Faruqi/ip/pl_sys/pl_sys_reset_in.ip --simulation=VERILOG --allow-mixed-language-simulation --simulator=MODELSIM --output-directory=/mnt/ssd2/Faruqi/ip/pl_sys/pl_sys_reset_in --family="Cyclone 10 GX" --part=10CX220YF672E5G
Info: pl_sys_reset_in: "Transforming system: pl_sys_reset_in"
Info: pl_sys_reset_in: "Naming system components in system: pl_sys_reset_in"
Info: pl_sys_reset_in: "Processing generation queue"
Info: pl_sys_reset_in: "Generating: pl_sys_reset_in"
Info: pl_sys_reset_in: Done "pl_sys_reset_in" with 1 modules, 1 files
Info: Generating the following file(s) for MODELSIM simulator in /mnt/ssd2/Faruqi/ip/pl_sys/pl_sys_reset_in/sim/ directory:
Info: 	common/modelsim_files.tcl
Info: For information on how to simulate your IP, see the explanatory comments in the simulator-specific subdirectories under /mnt/ssd2/Faruqi/ip/pl_sys/pl_sys_reset_in/sim/.
Info: Regenerate these scripts whenever you make any change to any Quartus-generated IP in your project.
Info: Finished: Create simulation model
Info: Starting: Create simulation script
Info: sim-script-gen --system-file=/mnt/ssd2/Faruqi/ip/pl_sys/pl_sys_reset_in.ip --simulator=MODELSIM --output-directory=/mnt/ssd2/Faruqi/ip/pl_sys/pl_sys_reset_in/sim/ --use-relative-paths=true --modelsim-flow=traditional
Info: Generating the following file(s) for MODELSIM simulator in /mnt/ssd2/Faruqi/ip/pl_sys/pl_sys_reset_in/sim/ directory:
Info: 	mentor/msim_setup.tcl
Info: 	mentor/run_msim_setup.tcl
Info: For information on how to simulate your IP, see the explanatory comments in the simulator-specific subdirectories under /mnt/ssd2/Faruqi/ip/pl_sys/pl_sys_reset_in/sim/.
Info: Regenerate these scripts whenever you make any change to any Quartus-generated IP in your project.
Info: Finished: Create simulation script
Info: 
Info: Starting: Create HDL design files for synthesis
Info: qsys-generate /mnt/ssd2/Faruqi/ip/pl_sys/pl_sys_reset_in.ip --synthesis=VERILOG --output-directory=/mnt/ssd2/Faruqi/ip/pl_sys/pl_sys_reset_in --family="Cyclone 10 GX" --part=10CX220YF672E5G
Info: pl_sys_reset_in: "Transforming system: pl_sys_reset_in"
Info: pl_sys_reset_in: "Naming system components in system: pl_sys_reset_in"
Info: pl_sys_reset_in: "Processing generation queue"
Info: pl_sys_reset_in: "Generating: pl_sys_reset_in"
Info: pl_sys_reset_in: Done "pl_sys_reset_in" with 1 modules, 1 files
Info: Finished: Create HDL design files for synthesis
