Info: Generated by version: 25.1.1 build 125
Info: Starting: Create simulation model
Info: qsys-generate /mnt/ssd2/QuartusProjects/VVP_IP_Validation/resampler_II/platform/ip/system/system_alt_vip_cl_tpg_0.ip --simulation=VERILOG --allow-mixed-language-simulation --simulator=MODELSIM --output-directory=/mnt/ssd2/QuartusProjects/VVP_IP_Validation/resampler_II/platform/ip/system/system_alt_vip_cl_tpg_0 --family="Cyclone 10 GX" --part=10CX220YF780I5G
Info: system_alt_vip_cl_tpg_0.alt_vip_cl_tpg_0: The output interface will have 2 colours per pixel
Info: system_alt_vip_cl_tpg_0: "Transforming system: system_alt_vip_cl_tpg_0"
Info: system_alt_vip_cl_tpg_0: "Naming system components in system: system_alt_vip_cl_tpg_0"
Info: system_alt_vip_cl_tpg_0: "Processing generation queue"
Info: system_alt_vip_cl_tpg_0: "Generating: system_alt_vip_cl_tpg_0"
Info: system_alt_vip_cl_tpg_0: "Generating: system_alt_vip_cl_tpg_0_alt_vip_cl_tpg_2360_qjrno4y"
Info: system_alt_vip_cl_tpg_0: "Generating: alt_vip_video_output_bridge"
Info: system_alt_vip_cl_tpg_0: "Generating: system_alt_vip_cl_tpg_0_alt_vip_tpg_multi_scheduler_2360_ktdghqa"
Info: system_alt_vip_cl_tpg_0: "Generating: alt_vip_tpg_bars_alg_core"
Info: system_alt_vip_cl_tpg_0: Done "system_alt_vip_cl_tpg_0" with 5 modules, 87 files
Info: Generating the following file(s) for MODELSIM simulator in /mnt/ssd2/QuartusProjects/VVP_IP_Validation/resampler_II/platform/ip/system/system_alt_vip_cl_tpg_0/sim/ directory:
Info: 	common/modelsim_files.tcl
Info: For information on how to simulate your IP, see the explanatory comments in the simulator-specific subdirectories under /mnt/ssd2/QuartusProjects/VVP_IP_Validation/resampler_II/platform/ip/system/system_alt_vip_cl_tpg_0/sim/.
Info: Regenerate these scripts whenever you make any change to any Quartus-generated IP in your project.
Info: Finished: Create simulation model
Info: Starting: Create simulation script
Info: sim-script-gen --system-file=/mnt/ssd2/QuartusProjects/VVP_IP_Validation/resampler_II/platform/ip/system/system_alt_vip_cl_tpg_0.ip --simulator=MODELSIM --output-directory=/mnt/ssd2/QuartusProjects/VVP_IP_Validation/resampler_II/platform/ip/system/system_alt_vip_cl_tpg_0/sim/ --use-relative-paths=true --modelsim-flow=traditional
Info: Generating the following file(s) for MODELSIM simulator in /mnt/ssd2/QuartusProjects/VVP_IP_Validation/resampler_II/platform/ip/system/system_alt_vip_cl_tpg_0/sim/ directory:
Info: 	mentor/msim_setup.tcl
Info: 	mentor/run_msim_setup.tcl
Info: For information on how to simulate your IP, see the explanatory comments in the simulator-specific subdirectories under /mnt/ssd2/QuartusProjects/VVP_IP_Validation/resampler_II/platform/ip/system/system_alt_vip_cl_tpg_0/sim/.
Info: Regenerate these scripts whenever you make any change to any Quartus-generated IP in your project.
Info: Finished: Create simulation script
Info: Starting: Create block symbol file (.bsf)
Info: qsys-generate /mnt/ssd2/QuartusProjects/VVP_IP_Validation/resampler_II/platform/ip/system/system_alt_vip_cl_tpg_0.ip --block-symbol-file --output-directory=/mnt/ssd2/QuartusProjects/VVP_IP_Validation/resampler_II/platform/ip/system/system_alt_vip_cl_tpg_0 --family="Cyclone 10 GX" --part=10CX220YF780I5G
Info: system_alt_vip_cl_tpg_0.alt_vip_cl_tpg_0: The output interface will have 2 colours per pixel
Info: Finished: Create block symbol file (.bsf)
Info: 
Info: This IP does not support greybox generation. Skipping greybox generation for /mnt/ssd2/QuartusProjects/VVP_IP_Validation/resampler_II/platform/ip/system/system_alt_vip_cl_tpg_0.ip.
Info: Starting: Create HDL design files for synthesis
Info: qsys-generate /mnt/ssd2/QuartusProjects/VVP_IP_Validation/resampler_II/platform/ip/system/system_alt_vip_cl_tpg_0.ip --synthesis=VERILOG --output-directory=/mnt/ssd2/QuartusProjects/VVP_IP_Validation/resampler_II/platform/ip/system/system_alt_vip_cl_tpg_0 --family="Cyclone 10 GX" --part=10CX220YF780I5G
Info: system_alt_vip_cl_tpg_0.alt_vip_cl_tpg_0: The output interface will have 2 colours per pixel
Info: system_alt_vip_cl_tpg_0: "Transforming system: system_alt_vip_cl_tpg_0"
Info: system_alt_vip_cl_tpg_0: "Naming system components in system: system_alt_vip_cl_tpg_0"
Info: system_alt_vip_cl_tpg_0: "Processing generation queue"
Info: system_alt_vip_cl_tpg_0: "Generating: system_alt_vip_cl_tpg_0"
Info: system_alt_vip_cl_tpg_0: "Generating: system_alt_vip_cl_tpg_0_alt_vip_cl_tpg_2360_qjrno4y"
Info: system_alt_vip_cl_tpg_0: "Generating: alt_vip_video_output_bridge"
Info: system_alt_vip_cl_tpg_0: "Generating: system_alt_vip_cl_tpg_0_alt_vip_tpg_multi_scheduler_2360_ktdghqa"
Info: system_alt_vip_cl_tpg_0: "Generating: alt_vip_tpg_bars_alg_core"
Info: system_alt_vip_cl_tpg_0: Done "system_alt_vip_cl_tpg_0" with 5 modules, 27 files
Info: Finished: Create HDL design files for synthesis
Info: Starting: IP-XACT
Info: qsys-generate /mnt/ssd2/QuartusProjects/VVP_IP_Validation/resampler_II/platform/ip/system/system_alt_vip_cl_tpg_0.ip --synthesis=VERILOG --ipxact --output-directory=/mnt/ssd2/QuartusProjects/VVP_IP_Validation/resampler_II/platform/ip/system/system_alt_vip_cl_tpg_0 --family="Cyclone 10 GX" --part=10CX220YF780I5G
Info: Finished: IP-XACT
Info: Starting: Generate IP Core Documentation
Info: No documentation filesets were found for components in system_alt_vip_cl_tpg_0. No files generated.
Info: Finished: Generate IP Core Documentation
