Info: Generated by version: 25.1.1 build 125
Info: Starting: Create simulation model
Info: qsys-generate /home/lpt-10xe/Desktop/Internship10x/ColorSpace/platform/ip/color_space/color_space_intel_vvp_tpg_0.ip --simulation=VERILOG --allow-mixed-language-simulation --simulator=MODELSIM --output-directory=/home/lpt-10xe/Desktop/Internship10x/ColorSpace/platform/ip/color_space/color_space_intel_vvp_tpg_0 --family="Cyclone 10 GX" --part=10CX220YF780I5G
Info: color_space_intel_vvp_tpg_0: "Transforming system: color_space_intel_vvp_tpg_0"
Info: color_space_intel_vvp_tpg_0: "Naming system components in system: color_space_intel_vvp_tpg_0"
Info: color_space_intel_vvp_tpg_0: "Processing generation queue"
Info: color_space_intel_vvp_tpg_0: "Generating: color_space_intel_vvp_tpg_0"
Info: color_space_intel_vvp_tpg_0: "Generating: color_space_intel_vvp_tpg_0_intel_vvp_tpg_2451_fjcws5y"
Info: color_space_intel_vvp_tpg_0: "Generating: intel_vvp_reset_sync"
Info: color_space_intel_vvp_tpg_0: "Generating: intel_vvp_tpg_scheduler"
Info: color_space_intel_vvp_tpg_0: "Generating: intel_vvp_output_interface_bridge"
Info: color_space_intel_vvp_tpg_0: "Generating: intel_vvp_tpg_bars_algo_comp"
Info: color_space_intel_vvp_tpg_0: Done "color_space_intel_vvp_tpg_0" with 6 modules, 96 files
Info: Generating the following file(s) for MODELSIM simulator in /home/lpt-10xe/Desktop/Internship10x/ColorSpace/platform/ip/color_space/color_space_intel_vvp_tpg_0/sim/ directory:
Info: 	common/modelsim_files.tcl
Info: For information on how to simulate your IP, see the explanatory comments in the simulator-specific subdirectories under /home/lpt-10xe/Desktop/Internship10x/ColorSpace/platform/ip/color_space/color_space_intel_vvp_tpg_0/sim/.
Info: Regenerate these scripts whenever you make any change to any Quartus-generated IP in your project.
Info: Finished: Create simulation model
Info: Starting: Create simulation script
Info: sim-script-gen --system-file=/home/lpt-10xe/Desktop/Internship10x/ColorSpace/platform/ip/color_space/color_space_intel_vvp_tpg_0.ip --simulator=MODELSIM --output-directory=/home/lpt-10xe/Desktop/Internship10x/ColorSpace/platform/ip/color_space/color_space_intel_vvp_tpg_0/sim/ --use-relative-paths=true --modelsim-flow=traditional
Info: Generating the following file(s) for MODELSIM simulator in /home/lpt-10xe/Desktop/Internship10x/ColorSpace/platform/ip/color_space/color_space_intel_vvp_tpg_0/sim/ directory:
Info: 	mentor/msim_setup.tcl
Info: 	mentor/run_msim_setup.tcl
Info: For information on how to simulate your IP, see the explanatory comments in the simulator-specific subdirectories under /home/lpt-10xe/Desktop/Internship10x/ColorSpace/platform/ip/color_space/color_space_intel_vvp_tpg_0/sim/.
Info: Regenerate these scripts whenever you make any change to any Quartus-generated IP in your project.
Info: Finished: Create simulation script
Info: Starting: Create block symbol file (.bsf)
Info: qsys-generate /home/lpt-10xe/Desktop/Internship10x/ColorSpace/platform/ip/color_space/color_space_intel_vvp_tpg_0.ip --block-symbol-file --output-directory=/home/lpt-10xe/Desktop/Internship10x/ColorSpace/platform/ip/color_space/color_space_intel_vvp_tpg_0 --family="Cyclone 10 GX" --part=10CX220YF780I5G
Info: Finished: Create block symbol file (.bsf)
Info: 
Info: This IP does not support greybox generation. Skipping greybox generation for /home/lpt-10xe/Desktop/Internship10x/ColorSpace/platform/ip/color_space/color_space_intel_vvp_tpg_0.ip.
Info: Starting: Create HDL design files for synthesis
Info: qsys-generate /home/lpt-10xe/Desktop/Internship10x/ColorSpace/platform/ip/color_space/color_space_intel_vvp_tpg_0.ip --synthesis=VERILOG --output-directory=/home/lpt-10xe/Desktop/Internship10x/ColorSpace/platform/ip/color_space/color_space_intel_vvp_tpg_0 --family="Cyclone 10 GX" --part=10CX220YF780I5G
Info: color_space_intel_vvp_tpg_0: "Transforming system: color_space_intel_vvp_tpg_0"
Info: color_space_intel_vvp_tpg_0: "Naming system components in system: color_space_intel_vvp_tpg_0"
Info: color_space_intel_vvp_tpg_0: "Processing generation queue"
Info: color_space_intel_vvp_tpg_0: "Generating: color_space_intel_vvp_tpg_0"
Info: color_space_intel_vvp_tpg_0: "Generating: color_space_intel_vvp_tpg_0_intel_vvp_tpg_2451_fjcws5y"
Info: color_space_intel_vvp_tpg_0: "Generating: intel_vvp_reset_sync"
Info: color_space_intel_vvp_tpg_0: "Generating: intel_vvp_tpg_scheduler"
Info: color_space_intel_vvp_tpg_0: "Generating: intel_vvp_output_interface_bridge"
Info: color_space_intel_vvp_tpg_0: "Generating: intel_vvp_tpg_bars_algo_comp"
Info: color_space_intel_vvp_tpg_0: Done "color_space_intel_vvp_tpg_0" with 6 modules, 27 files
Info: Finished: Create HDL design files for synthesis
Info: Starting: IP-XACT
Info: qsys-generate /home/lpt-10xe/Desktop/Internship10x/ColorSpace/platform/ip/color_space/color_space_intel_vvp_tpg_0.ip --synthesis=VERILOG --ipxact --output-directory=/home/lpt-10xe/Desktop/Internship10x/ColorSpace/platform/ip/color_space/color_space_intel_vvp_tpg_0 --family="Cyclone 10 GX" --part=10CX220YF780I5G
Info: Finished: IP-XACT
Info: Starting: Generate IP Core Documentation
Info: No documentation filesets were found for components in color_space_intel_vvp_tpg_0. No files generated.
Info: Finished: Generate IP Core Documentation
