Fitter Place Stage Report for resampler
Wed Mar 18 11:35:26 2026
Quartus Prime Version 25.1.1 Build 125 07/31/2025 SC Pro Edition


---------------------
; Table of Contents ;
---------------------
  1. Legal Notice
  2. Fitter Resource Usage Summary
  3. Fitter Resource Utilization by Entity
  4. Place Messages



----------------
; Legal Notice ;
----------------
Copyright (C) 2025  Altera Corporation. All rights reserved.
Your use of Altera Corporation's design tools, logic functions 
and other software and tools, and any partner logic 
functions, and any output files from any of the foregoing 
(including device programming or simulation files), and any 
associated documentation or information are expressly subject 
to the terms and conditions of the Altera Program License 
Subscription Agreement, the Altera Quartus Prime License Agreement,
the Altera IP License Agreement, or other applicable license
agreement, including, without limitation, that your use is for
the sole purpose of programming logic devices manufactured by
Altera and sold by Altera or its authorized distributors.  Please
refer to the Altera Software License Subscription Agreements 
on the Quartus Prime software download page.



+---------------------------------------------------------------------------------------+
; Fitter Resource Usage Summary                                                         ;
+-------------------------------------------------------------+-----------------+-------+
; Resource                                                    ; Usage           ; %     ;
+-------------------------------------------------------------+-----------------+-------+
; Usage Report Generated after: Place                         ;                 ;       ;
;                                                             ;                 ;       ;
; Logic utilization (ALMs needed / total ALMs on device)      ; 722 / 80,330    ; < 1 % ;
; ALMs needed [=A-B+C]                                        ; 722             ;       ;
;     [A] ALMs used in final placement [=a+b+c+d]             ; 899 / 80,330    ; 1 %   ;
;         [a] ALMs used for LUT logic and registers           ; 314             ;       ;
;         [b] ALMs used for LUT logic                         ; 284             ;       ;
;         [c] ALMs used for registers                         ; 301             ;       ;
;         [d] ALMs used for memory (up to half of total ALMs) ; 0               ;       ;
;     [B] Estimate of ALMs recoverable by dense packing       ; 180 / 80,330    ; < 1 % ;
;     [C] Estimate of ALMs unavailable [=a+b+c+d]             ; 3 / 80,330      ; < 1 % ;
;         [a] Due to location constrained logic               ; 0               ;       ;
;         [b] Due to LAB-wide signal conflicts                ; 0               ;       ;
;         [c] Due to LAB input limits                         ; 3               ;       ;
;         [d] Due to virtual I/Os                             ; 0               ;       ;
;                                                             ;                 ;       ;
; Difficulty packing design                                   ; Low             ;       ;
;                                                             ;                 ;       ;
; Total LABs:  partially or completely used                   ; 119 / 8,033     ; 1 %   ;
;     -- Logic LABs                                           ; 119             ;       ;
;     -- Memory LABs (up to half of total LABs)               ; 0               ;       ;
;                                                             ;                 ;       ;
; Combinational ALUT usage for logic                          ; 962             ;       ;
;     -- 7 input functions                                    ; 5               ;       ;
;     -- 6 input functions                                    ; 228             ;       ;
;     -- 5 input functions                                    ; 170             ;       ;
;     -- 4 input functions                                    ; 129             ;       ;
;     -- <=3 input functions                                  ; 430             ;       ;
; Combinational ALUT usage for route-throughs                 ; 543             ;       ;
;                                                             ;                 ;       ;
; Dedicated logic registers                                   ; 1,337           ;       ;
;     -- By type:                                             ;                 ;       ;
;         -- Primary logic registers                          ; 1,229 / 160,660 ; < 1 % ;
;         -- Secondary logic registers                        ; 108 / 160,660   ; < 1 % ;
;     -- By function:                                         ;                 ;       ;
;         -- Design implementation registers                  ; 1,337           ;       ;
;         -- Routing optimization registers                   ; 0               ;       ;
;                                                             ;                 ;       ;
; ALMs adjustment for power estimation                        ; 136             ;       ;
;                                                             ;                 ;       ;
; Virtual pins                                                ; 0               ;       ;
; I/O pins                                                    ; 3 / 340         ; < 1 % ;
;     -- Clock pins                                           ; 1 / 16          ; 6 %   ;
;     -- Dedicated input pins                                 ; 0 / 35          ; 0 %   ;
;                                                             ;                 ;       ;
; M20K blocks                                                 ; 0 / 587         ; 0 %   ;
; Total MLAB memory bits                                      ; 0               ;       ;
; Total block memory bits                                     ; 0 / 12,021,760  ; 0 %   ;
;                                                             ;                 ;       ;
; DSP Blocks Needed [=A+B+C-D]                                ; 0 / 192         ; 0 %   ;
;     [A] Total Fixed Point DSP Blocks                        ; 0               ;       ;
;     [B] Total Floating Point DSP Blocks                     ; 0               ;       ;
;     [C] Total DSP_PRIME Blocks                              ; 0               ;       ;
;     [D] Estimate of DSP Blocks recoverable by dense merging ; 0               ;       ;
;                                                             ;                 ;       ;
; IOPLLs                                                      ; 0 / 6           ; 0 %   ;
; FPLLs                                                       ; 0 / 4           ; 0 %   ;
; Global signals                                              ; 0               ;       ;
;     -- Global clocks                                        ; 0 / 32          ; 0 %   ;
;     -- Regional clocks                                      ; 0 / 8           ; 0 %   ;
;     -- Periphery clocks                                     ; 0 / 144         ; 0 %   ;
; JTAGs                                                       ; 0 / 1           ; 0 %   ;
; ASMI blocks                                                 ; 0 / 1           ; 0 %   ;
; CRC blocks                                                  ; 0 / 1           ; 0 %   ;
; Remote update blocks                                        ; 0 / 1           ; 0 %   ;
; Oscillator blocks                                           ; 0 / 1           ; 0 %   ;
; PCIe Hard IPs                                               ; 0 / 1           ; 0 %   ;
; HSSI RX PCSs                                                ; 0 / 12          ; 0 %   ;
; HSSI PMA RX DESERs                                          ; 0 / 12          ; 0 %   ;
; HSSI TX PCSs                                                ; 0 / 12          ; 0 %   ;
; HSSI PMA TX SERs                                            ; 0 / 12          ; 0 %   ;
; HSSI CDR PLL                                                ; 0 / 12          ; 0 %   ;
;     -- CDR PLLs for Unused RX Clock Workaround              ; 0 / 12          ; 0 %   ;
; HSSI ATX PLL                                                ; 0 / 4           ; 0 %   ;
; Impedance control blocks                                    ; 0 / 7           ; 0 %   ;
; Maximum fan-out                                             ; 100             ;       ;
; Highest non-global fan-out                                  ; 100             ;       ;
; Total fan-out                                               ; 6868            ;       ;
; Average fan-out                                             ; 2.98            ;       ;
+-------------------------------------------------------------+-----------------+-------+
The Fitter Resource Usage Summary report displays a detailed analysis of logic utilization based on calculations of ALM usage. Refer to <a class="xref" href="https://www.intel.com/content/www/us/en/programmable/quartushelp/current/index.htm#mapIdTopics/mwh1465496451103.htm" target="_blank">Fitter Resource Usage Summary Report</a> in the <i>Intel® Quartus® Prime Pro Edition Help</i> for more information.


+------------------------------------------------------------------------------------------------------------------------------------------------------------------------------------------------------------------------------------------------------------------------------------------------------------------------------------------------------------------------------------------------------------------------------------------------------------------------------------------------------------------------------------------------------------------------------------------------------------------------------------------------------------------------------------------------+
; Fitter Resource Utilization by Entity                                                                                                                                                                                                                                                                                                                                                                                                                                                                                                                                                                                                                                                          ;
+------------------------------------------------------+----------------------+----------------------------------+---------------------------------------------------+----------------------------------+----------------------+---------------------+---------------------------+---------------+-------------------+-------+--------------------------+----------------------------------------+---------------------------------------------------+------+--------------+--------+--------------------------------------------------------------------------------------------------+------------------------------------------------------------------+--------------------------------------+
; Compilation Hierarchy Node                           ; ALMs needed [=A-B+C] ; [A] ALMs used in final placement ; [B] Estimate of ALMs recoverable by dense packing ; [C] Estimate of ALMs unavailable ; ALMs used for memory ; Combinational ALUTs ; Dedicated Logic Registers ; I/O Registers ; Block Memory Bits ; M20Ks ; DSP Blocks needed [=A-B] ; [A] DSP Blocks used in final placement ; [B] Estimate of DSPs recoverable by dense merging ; Pins ; Virtual Pins ; IOPLLs ; Full Hierarchy Name                                                                              ; Entity Name                                                      ; Library Name                         ;
+------------------------------------------------------+----------------------+----------------------------------+---------------------------------------------------+----------------------------------+----------------------+---------------------+---------------------------+---------------+-------------------+-------+--------------------------+----------------------------------------+---------------------------------------------------+------+--------------+--------+--------------------------------------------------------------------------------------------------+------------------------------------------------------------------+--------------------------------------+
; |                                                    ; 721.5 (36.5)         ; 898.5 (43.3)                     ; 179.5 (6.8)                                       ; 2.5 (0.0)                        ; 0.0 (0.0)            ; 962 (37)            ; 1337 (72)                 ; 0 (0)         ; 0                 ; 0     ; 0                        ; 0                                      ; 0                                                 ; 6    ; 0            ; 0 (0)  ; |                                                                                                ; resampling_checker                                               ; altera_work                          ;
;    |dut|                                             ; 685.0 (0.0)          ; 855.2 (0.0)                      ; 172.7 (0.0)                                       ; 2.5 (0.0)                        ; 0.0 (0.0)            ; 925 (0)             ; 1265 (0)                  ; 0 (0)         ; 0                 ; 0     ; 0                        ; 0                                      ; 0                                                 ; 0    ; 0            ; 0 (0)  ; dut                                                                                              ; system                                                           ; system                               ;
;       |alt_vip_cl_crs_0|                             ; 497.0 (0.0)          ; 641.0 (0.0)                      ; 146.0 (0.0)                                       ; 2.0 (0.0)                        ; 0.0 (0.0)            ; 616 (0)             ; 986 (0)                   ; 0 (0)         ; 0                 ; 0     ; 0                        ; 0                                      ; 0                                                 ; 0    ; 0            ; 0 (0)  ; dut|alt_vip_cl_crs_0                                                                             ; system_alt_vip_cl_crs_0                                          ; system_alt_vip_cl_crs_0              ;
;          |alt_vip_cl_crs_0|                          ; 497.0 (0.0)          ; 641.0 (0.0)                      ; 146.0 (0.0)                                       ; 2.0 (0.0)                        ; 0.0 (0.0)            ; 616 (0)             ; 986 (0)                   ; 0 (0)         ; 0                 ; 0     ; 0                        ; 0                                      ; 0                                                 ; 0    ; 0            ; 0 (0)  ; dut|alt_vip_cl_crs_0|alt_vip_cl_crs_0                                                            ; system_alt_vip_cl_crs_0_alt_vip_cl_crs_2360_dbzwawy              ; alt_vip_cl_crs_2360                  ;
;             |inst_crs_int|                           ; 143.1 (0.0)          ; 200.3 (0.0)                      ; 57.5 (0.0)                                        ; 0.3 (0.0)                        ; 0.0 (0.0)            ; 181 (0)             ; 303 (0)                   ; 0 (0)         ; 0                 ; 0     ; 0                        ; 0                                      ; 0                                                 ; 0    ; 0            ; 0 (0)  ; dut|alt_vip_cl_crs_0|alt_vip_cl_crs_0|inst_crs_int                                               ; system_alt_vip_cl_crs_0_alt_vip_cl_crs_422_to_var_2360_xj5jyii   ; alt_vip_cl_crs_422_to_var_2360       ;
;                |horiz_upsample|                      ; 8.1 (0.0)            ; 18.9 (0.0)                       ; 10.8 (0.0)                                        ; 0.0 (0.0)                        ; 0.0 (0.0)            ; 2 (0)               ; 45 (0)                    ; 0 (0)         ; 0                 ; 0     ; 0                        ; 0                                      ; 0                                                 ; 0    ; 0            ; 0 (0)  ; dut|alt_vip_cl_crs_0|alt_vip_cl_crs_0|inst_crs_int|horiz_upsample                                ; alt_vip_crs_h_up_core                                            ; alt_vip_crs_h_up_core_2360           ;
;                   |dout_encode|                      ; 7.8 (7.8)            ; 18.6 (18.6)                      ; 10.8 (10.8)                                       ; 0.0 (0.0)                        ; 0.0 (0.0)            ; 1 (1)               ; 45 (45)                   ; 0 (0)         ; 0                 ; 0     ; 0                        ; 0                                      ; 0                                                 ; 0    ; 0            ; 0 (0)  ; dut|alt_vip_cl_crs_0|alt_vip_cl_crs_0|inst_crs_int|horiz_upsample|dout_encode                    ; alt_vip_common_event_packet_encode                               ; alt_vip_crs_h_up_core_2360           ;
;                   |nn_crs_inst|                      ; 0.2 (0.2)            ; 0.3 (0.3)                        ; 0.1 (0.1)                                         ; 0.0 (0.0)                        ; 0.0 (0.0)            ; 1 (1)               ; 0 (0)                     ; 0 (0)         ; 0                 ; 0     ; 0                        ; 0                                      ; 0                                                 ; 0    ; 0            ; 0 (0)  ; dut|alt_vip_cl_crs_0|alt_vip_cl_crs_0|inst_crs_int|horiz_upsample|nn_crs_inst                    ; alt_vip_crs_h_up_core_nn                                         ; alt_vip_crs_h_up_core_2360           ;
;                |middle_demux|                        ; 10.9 (0.5)           ; 32.2 (0.8)                       ; 21.2 (0.2)                                        ; 0.0 (0.0)                        ; 0.0 (0.0)            ; 4 (2)               ; 74 (0)                    ; 0 (0)         ; 0                 ; 0     ; 0                        ; 0                                      ; 0                                                 ; 0    ; 0            ; 0 (0)  ; dut|alt_vip_cl_crs_0|alt_vip_cl_crs_0|inst_crs_int|middle_demux                                  ; alt_vip_packet_demux                                             ; alt_vip_packet_demux_2360            ;
;                   |gen_loop_no_fifo[0].data_encoder| ; 2.7 (2.7)            ; 16.4 (16.4)                      ; 13.7 (13.7)                                       ; 0.0 (0.0)                        ; 0.0 (0.0)            ; 1 (1)               ; 37 (37)                   ; 0 (0)         ; 0                 ; 0     ; 0                        ; 0                                      ; 0                                                 ; 0    ; 0            ; 0 (0)  ; dut|alt_vip_cl_crs_0|alt_vip_cl_crs_0|inst_crs_int|middle_demux|gen_loop_no_fifo[0].data_encoder ; alt_vip_common_event_packet_encode                               ; alt_vip_packet_demux_2360            ;
;                   |gen_loop_no_fifo[1].data_encoder| ; 7.7 (7.7)            ; 15.0 (15.0)                      ; 7.2 (7.2)                                         ; 0.0 (0.0)                        ; 0.0 (0.0)            ; 1 (1)               ; 37 (37)                   ; 0 (0)         ; 0                 ; 0     ; 0                        ; 0                                      ; 0                                                 ; 0    ; 0            ; 0 (0)  ; dut|alt_vip_cl_crs_0|alt_vip_cl_crs_0|inst_crs_int|middle_demux|gen_loop_no_fifo[1].data_encoder ; alt_vip_common_event_packet_encode                               ; alt_vip_packet_demux_2360            ;
;                |middle_mux|                          ; 12.7 (4.5)           ; 13.1 (4.5)                       ; 0.4 (0.0)                                         ; 0.1 (0.0)                        ; 0.0 (0.0)            ; 35 (9)              ; 4 (4)                     ; 0 (0)         ; 0                 ; 0     ; 0                        ; 0                                      ; 0                                                 ; 0    ; 0            ; 0 (0)  ; dut|alt_vip_cl_crs_0|alt_vip_cl_crs_0|inst_crs_int|middle_mux                                    ; alt_vip_packet_mux                                               ; alt_vip_packet_mux_2360              ;
;                   |data_mux_inst|                    ; 7.5 (7.5)            ; 7.6 (7.6)                        ; 0.2 (0.2)                                         ; 0.1 (0.1)                        ; 0.0 (0.0)            ; 25 (25)             ; 0 (0)                     ; 0 (0)         ; 0                 ; 0     ; 0                        ; 0                                      ; 0                                                 ; 0    ; 0            ; 0 (0)  ; dut|alt_vip_cl_crs_0|alt_vip_cl_crs_0|inst_crs_int|middle_mux|data_mux_inst                      ; alt_vip_common_mux_tree                                          ; alt_vip_packet_mux_2360              ;
;                   |valid_mux_inst|                   ; 0.7 (0.7)            ; 1.0 (1.0)                        ; 0.3 (0.3)                                         ; 0.0 (0.0)                        ; 0.0 (0.0)            ; 1 (1)               ; 0 (0)                     ; 0 (0)         ; 0                 ; 0     ; 0                        ; 0                                      ; 0                                                 ; 0    ; 0            ; 0 (0)  ; dut|alt_vip_cl_crs_0|alt_vip_cl_crs_0|inst_crs_int|middle_mux|valid_mux_inst                     ; alt_vip_common_mux_tree                                          ; alt_vip_packet_mux_2360              ;
;                |symbol_conv|                         ; 103.5 (97.9)         ; 116.4 (98.2)                     ; 13.2 (0.3)                                        ; 0.2 (0.0)                        ; 0.0 (0.0)            ; 133 (132)           ; 137 (85)                  ; 0 (0)         ; 0                 ; 0     ; 0                        ; 0                                      ; 0                                                 ; 0    ; 0            ; 0 (0)  ; dut|alt_vip_cl_crs_0|alt_vip_cl_crs_0|inst_crs_int|symbol_conv                                   ; alt_vip_cpp_converter                                            ; alt_vip_cpp_converter_2360           ;
;                   |dout_encoder|                     ; 5.6 (5.6)            ; 18.3 (18.3)                      ; 12.9 (12.9)                                       ; 0.2 (0.2)                        ; 0.0 (0.0)            ; 1 (1)               ; 52 (52)                   ; 0 (0)         ; 0                 ; 0     ; 0                        ; 0                                      ; 0                                                 ; 0    ; 0            ; 0 (0)  ; dut|alt_vip_cl_crs_0|alt_vip_cl_crs_0|inst_crs_int|symbol_conv|dout_encoder                      ; alt_vip_common_event_packet_encode                               ; alt_vip_cpp_converter_2360           ;
;                |video_in_cmd|                        ; 7.8 (2.8)            ; 19.7 (2.8)                       ; 11.8 (0.0)                                        ; 0.0 (0.0)                        ; 0.0 (0.0)            ; 7 (4)               ; 43 (3)                    ; 0 (0)         ; 0                 ; 0     ; 0                        ; 0                                      ; 0                                                 ; 0    ; 0            ; 0 (0)  ; dut|alt_vip_cl_crs_0|alt_vip_cl_crs_0|inst_crs_int|video_in_cmd                                  ; alt_vip_video_input_bridge_cmd                                   ; alt_vip_video_input_bridge_cmd_2360  ;
;                   |cmd_input|                        ; 1.5 (1.5)            ; 1.5 (1.5)                        ; 0.0 (0.0)                                         ; 0.0 (0.0)                        ; 0.0 (0.0)            ; 2 (2)               ; 2 (2)                     ; 0 (0)         ; 0                 ; 0     ; 0                        ; 0                                      ; 0                                                 ; 0    ; 0            ; 0 (0)  ; dut|alt_vip_cl_crs_0|alt_vip_cl_crs_0|inst_crs_int|video_in_cmd|cmd_input                        ; alt_vip_common_event_packet_decode                               ; alt_vip_video_input_bridge_cmd_2360  ;
;                   |data_output|                      ; 3.5 (3.5)            ; 15.4 (15.4)                      ; 11.9 (11.9)                                       ; 0.0 (0.0)                        ; 0.0 (0.0)            ; 1 (1)               ; 38 (38)                   ; 0 (0)         ; 0                 ; 0     ; 0                        ; 0                                      ; 0                                                 ; 0    ; 0            ; 0 (0)  ; dut|alt_vip_cl_crs_0|alt_vip_cl_crs_0|inst_crs_int|video_in_cmd|data_output                      ; alt_vip_common_event_packet_encode                               ; alt_vip_video_input_bridge_cmd_2360  ;
;             |scheduler|                              ; 33.8 (14.9)          ; 59.8 (23.8)                      ; 25.9 (8.8)                                        ; 0.0 (0.0)                        ; 0.0 (0.0)            ; 41 (21)             ; 133 (50)                  ; 0 (0)         ; 0                 ; 0     ; 0                        ; 0                                      ; 0                                                 ; 0    ; 0            ; 0 (0)  ; dut|alt_vip_cl_crs_0|alt_vip_cl_crs_0|scheduler                                                  ; alt_vip_crs_scheduler                                            ; alt_vip_crs_scheduler_2360           ;
;                |mm_cmd_encoder|                      ; 1.5 (1.5)            ; 1.5 (1.5)                        ; 0.0 (0.0)                                         ; 0.0 (0.0)                        ; 0.0 (0.0)            ; 1 (1)               ; 3 (3)                     ; 0 (0)         ; 0                 ; 0     ; 0                        ; 0                                      ; 0                                                 ; 0    ; 0            ; 0 (0)  ; dut|alt_vip_cl_crs_0|alt_vip_cl_crs_0|scheduler|mm_cmd_encoder                                   ; alt_vip_common_event_packet_encode                               ; alt_vip_crs_scheduler_2360           ;
;                |vib_cmd_encoder|                     ; 1.2 (1.2)            ; 1.6 (1.6)                        ; 0.3 (0.3)                                         ; 0.0 (0.0)                        ; 0.0 (0.0)            ; 1 (1)               ; 3 (3)                     ; 0 (0)         ; 0                 ; 0     ; 0                        ; 0                                      ; 0                                                 ; 0    ; 0            ; 0 (0)  ; dut|alt_vip_cl_crs_0|alt_vip_cl_crs_0|scheduler|vib_cmd_encoder                                  ; alt_vip_common_event_packet_encode                               ; alt_vip_crs_scheduler_2360           ;
;                |vib_resp_decoder|                    ; 5.4 (5.4)            ; 17.2 (17.2)                      ; 11.8 (11.8)                                       ; 0.0 (0.0)                        ; 0.0 (0.0)            ; 5 (5)               ; 40 (40)                   ; 0 (0)         ; 0                 ; 0     ; 0                        ; 0                                      ; 0                                                 ; 0    ; 0            ; 0 (0)  ; dut|alt_vip_cl_crs_0|alt_vip_cl_crs_0|scheduler|vib_resp_decoder                                 ; alt_vip_common_event_packet_decode                               ; alt_vip_crs_scheduler_2360           ;
;                |vob_cmd_encoder|                     ; 10.7 (10.7)          ; 15.7 (15.7)                      ; 5.1 (5.1)                                         ; 0.0 (0.0)                        ; 0.0 (0.0)            ; 13 (13)             ; 37 (37)                   ; 0 (0)         ; 0                 ; 0     ; 0                        ; 0                                      ; 0                                                 ; 0    ; 0            ; 0 (0)  ; dut|alt_vip_cl_crs_0|alt_vip_cl_crs_0|scheduler|vob_cmd_encoder                                  ; alt_vip_common_event_packet_encode                               ; alt_vip_crs_scheduler_2360           ;
;             |video_in_resp|                          ; 157.3 (88.3)         ; 179.8 (87.8)                     ; 22.9 (0.0)                                        ; 0.5 (0.5)                        ; 0.0 (0.0)            ; 224 (136)           ; 241 (80)                  ; 0 (0)         ; 0                 ; 0     ; 0                        ; 0                                      ; 0                                                 ; 0    ; 0            ; 0 (0)  ; dut|alt_vip_cl_crs_0|alt_vip_cl_crs_0|video_in_resp                                              ; alt_vip_video_input_bridge_resp                                  ; alt_vip_video_input_bridge_resp_2360 ;
;                |data_output|                         ; 13.2 (13.2)          ; 14.9 (14.9)                      ; 1.7 (1.7)                                         ; 0.0 (0.0)                        ; 0.0 (0.0)            ; 1 (1)               ; 37 (37)                   ; 0 (0)         ; 0                 ; 0     ; 0                        ; 0                                      ; 0                                                 ; 0    ; 0            ; 0 (0)  ; dut|alt_vip_cl_crs_0|alt_vip_cl_crs_0|video_in_resp|data_output                                  ; alt_vip_common_event_packet_encode                               ; alt_vip_video_input_bridge_resp_2360 ;
;                |rsp_output|                          ; 13.9 (13.9)          ; 21.4 (21.4)                      ; 7.5 (7.5)                                         ; 0.0 (0.0)                        ; 0.0 (0.0)            ; 18 (18)             ; 38 (38)                   ; 0 (0)         ; 0                 ; 0     ; 0                        ; 0                                      ; 0                                                 ; 0    ; 0            ; 0 (0)  ; dut|alt_vip_cl_crs_0|alt_vip_cl_crs_0|video_in_resp|rsp_output                                   ; alt_vip_common_event_packet_encode                               ; alt_vip_video_input_bridge_resp_2360 ;
;                |video_input|                         ; 40.8 (32.6)          ; 55.7 (37.4)                      ; 14.8 (4.8)                                        ; 0.0 (0.0)                        ; 0.0 (0.0)            ; 69 (51)             ; 86 (49)                   ; 0 (0)         ; 0                 ; 0     ; 0                        ; 0                                      ; 0                                                 ; 0    ; 0            ; 0 (0)  ; dut|alt_vip_cl_crs_0|alt_vip_cl_crs_0|video_in_resp|video_input                                  ; alt_vip_common_video_packet_decode                               ; alt_vip_video_input_bridge_resp_2360 ;
;                   |latency_converter|                ; 8.2 (8.2)            ; 18.2 (18.2)                      ; 10.0 (10.0)                                       ; 0.0 (0.0)                        ; 0.0 (0.0)            ; 18 (18)             ; 37 (37)                   ; 0 (0)         ; 0                 ; 0     ; 0                        ; 0                                      ; 0                                                 ; 0    ; 0            ; 0 (0)  ; dut|alt_vip_cl_crs_0|alt_vip_cl_crs_0|video_in_resp|video_input|latency_converter                ; alt_vip_common_latency_1_to_latency_0                            ; alt_vip_video_input_bridge_resp_2360 ;
;             |video_out|                              ; 162.8 (23.5)         ; 201.2 (31.7)                     ; 39.7 (8.4)                                        ; 1.2 (0.3)                        ; 0.0 (0.0)            ; 170 (34)            ; 309 (45)                  ; 0 (0)         ; 0                 ; 0     ; 0                        ; 0                                      ; 0                                                 ; 0    ; 0            ; 0 (0)  ; dut|alt_vip_cl_crs_0|alt_vip_cl_crs_0|video_out                                                  ; alt_vip_video_output_bridge                                      ; alt_vip_video_output_bridge_2360     ;
;                |cmd_input|                           ; 7.7 (7.7)            ; 17.9 (17.9)                      ; 10.5 (10.5)                                       ; 0.3 (0.3)                        ; 0.0 (0.0)            ; 5 (5)               ; 39 (39)                   ; 0 (0)         ; 0                 ; 0     ; 0                        ; 0                                      ; 0                                                 ; 0    ; 0            ; 0 (0)  ; dut|alt_vip_cl_crs_0|alt_vip_cl_crs_0|video_out|cmd_input                                        ; alt_vip_common_event_packet_decode                               ; alt_vip_video_output_bridge_2360     ;
;                |data_input|                          ; 0.2 (0.2)            ; 0.2 (0.2)                        ; 0.0 (0.0)                                         ; 0.0 (0.0)                        ; 0.0 (0.0)            ; 1 (1)               ; 0 (0)                     ; 0 (0)         ; 0                 ; 0     ; 0                        ; 0                                      ; 0                                                 ; 0    ; 0            ; 0 (0)  ; dut|alt_vip_cl_crs_0|alt_vip_cl_crs_0|video_out|data_input                                       ; alt_vip_common_event_packet_decode                               ; alt_vip_video_output_bridge_2360     ;
;                |sop_realigner|                       ; 22.6 (22.6)          ; 22.5 (22.5)                      ; 0.0 (0.0)                                         ; 0.1 (0.1)                        ; 0.0 (0.0)            ; 8 (8)               ; 52 (52)                   ; 0 (0)         ; 0                 ; 0     ; 0                        ; 0                                      ; 0                                                 ; 0    ; 0            ; 0 (0)  ; dut|alt_vip_cl_crs_0|alt_vip_cl_crs_0|video_out|sop_realigner                                    ; alt_vip_common_sop_align                                         ; alt_vip_video_output_bridge_2360     ;
;                |video_output|                        ; 108.3 (62.6)         ; 129.0 (75.6)                     ; 21.2 (13.5)                                       ; 0.4 (0.4)                        ; 0.0 (0.0)            ; 122 (104)           ; 173 (45)                  ; 0 (0)         ; 0                 ; 0     ; 0                        ; 0                                      ; 0                                                 ; 0    ; 0            ; 0 (0)  ; dut|alt_vip_cl_crs_0|alt_vip_cl_crs_0|video_out|video_output                                     ; alt_vip_common_video_packet_encode                               ; alt_vip_video_output_bridge_2360     ;
;                   |empty_converter|                  ; 36.2 (36.2)          ; 36.2 (36.2)                      ; 0.0 (0.0)                                         ; 0.0 (0.0)                        ; 0.0 (0.0)            ; 18 (18)             ; 79 (79)                   ; 0 (0)         ; 0                 ; 0     ; 0                        ; 0                                      ; 0                                                 ; 0    ; 0            ; 0 (0)  ; dut|alt_vip_cl_crs_0|alt_vip_cl_crs_0|video_out|video_output|empty_converter                     ; alt_vip_common_video_packet_empty                                ; alt_vip_video_output_bridge_2360     ;
;                   |latency_converter|                ; 8.3 (8.3)            ; 17.2 (17.2)                      ; 8.8 (8.8)                                         ; 0.0 (0.0)                        ; 0.0 (0.0)            ; 0 (0)               ; 49 (49)                   ; 0 (0)         ; 0                 ; 0     ; 0                        ; 0                                      ; 0                                                 ; 0    ; 0            ; 0 (0)  ; dut|alt_vip_cl_crs_0|alt_vip_cl_crs_0|video_out|video_output|latency_converter                   ; alt_vip_common_latency_0_to_latency_1                            ; alt_vip_video_output_bridge_2360     ;
;       |alt_vip_cl_tpg_0|                             ; 188.0 (0.0)          ; 214.2 (0.0)                      ; 26.7 (0.0)                                        ; 0.5 (0.0)                        ; 0.0 (0.0)            ; 309 (0)             ; 279 (0)                   ; 0 (0)         ; 0                 ; 0     ; 0                        ; 0                                      ; 0                                                 ; 0    ; 0            ; 0 (0)  ; dut|alt_vip_cl_tpg_0                                                                             ; system_alt_vip_cl_tpg_0                                          ; system_alt_vip_cl_tpg_0              ;
;          |alt_vip_cl_tpg_0|                          ; 188.0 (0.0)          ; 214.2 (0.0)                      ; 26.7 (0.0)                                        ; 0.5 (0.0)                        ; 0.0 (0.0)            ; 309 (0)             ; 279 (0)                   ; 0 (0)         ; 0                 ; 0     ; 0                        ; 0                                      ; 0                                                 ; 0    ; 0            ; 0 (0)  ; dut|alt_vip_cl_tpg_0|alt_vip_cl_tpg_0                                                            ; system_alt_vip_cl_tpg_0_alt_vip_cl_tpg_2360_qjrno4y              ; alt_vip_cl_tpg_2360                  ;
;             |core_0|                                 ; 79.5 (55.3)          ; 87.7 (56.7)                      ; 8.2 (1.4)                                         ; 0.0 (0.0)                        ; 0.0 (0.0)            ; 140 (106)           ; 98 (42)                   ; 0 (0)         ; 0                 ; 0     ; 0                        ; 0                                      ; 0                                                 ; 0    ; 0            ; 0 (0)  ; dut|alt_vip_cl_tpg_0|alt_vip_cl_tpg_0|core_0                                                     ; alt_vip_tpg_bars_alg_core                                        ; alt_vip_tpg_bars_alg_core_2360       ;
;                |cmd_decode|                          ; 8.8 (8.8)            ; 10.8 (10.8)                      ; 1.9 (1.9)                                         ; 0.0 (0.0)                        ; 0.0 (0.0)            ; 6 (6)               ; 28 (28)                   ; 0 (0)         ; 0                 ; 0     ; 0                        ; 0                                      ; 0                                                 ; 0    ; 0            ; 0 (0)  ; dut|alt_vip_cl_tpg_0|alt_vip_cl_tpg_0|core_0|cmd_decode                                          ; alt_vip_common_event_packet_decode                               ; alt_vip_tpg_bars_alg_core_2360       ;
;                |dout_encode|                         ; 8.3 (8.3)            ; 8.9 (8.9)                        ; 0.7 (0.7)                                         ; 0.0 (0.0)                        ; 0.0 (0.0)            ; 2 (2)               ; 28 (28)                   ; 0 (0)         ; 0                 ; 0     ; 0                        ; 0                                      ; 0                                                 ; 0    ; 0            ; 0 (0)  ; dut|alt_vip_cl_tpg_0|alt_vip_cl_tpg_0|core_0|dout_encode                                         ; alt_vip_common_event_packet_encode                               ; alt_vip_tpg_bars_alg_core_2360       ;
;                |pip_gen[0].col_gen[0].in_par_lut|    ; 1.5 (1.5)            ; 2.3 (2.3)                        ; 0.8 (0.8)                                         ; 0.0 (0.0)                        ; 0.0 (0.0)            ; 6 (6)               ; 0 (0)                     ; 0 (0)         ; 0                 ; 0     ; 0                        ; 0                                      ; 0                                                 ; 0    ; 0            ; 0 (0)  ; dut|alt_vip_cl_tpg_0|alt_vip_cl_tpg_0|core_0|pip_gen[0].col_gen[0].in_par_lut                    ; alt_vip_tpg_bars_alg_core_par_lut                                ; alt_vip_tpg_bars_alg_core_2360       ;
;                |pip_gen[0].col_gen[1].in_par_lut|    ; 1.8 (1.8)            ; 2.8 (2.8)                        ; 1.0 (1.0)                                         ; 0.0 (0.0)                        ; 0.0 (0.0)            ; 6 (6)               ; 0 (0)                     ; 0 (0)         ; 0                 ; 0     ; 0                        ; 0                                      ; 0                                                 ; 0    ; 0            ; 0 (0)  ; dut|alt_vip_cl_tpg_0|alt_vip_cl_tpg_0|core_0|pip_gen[0].col_gen[1].in_par_lut                    ; alt_vip_tpg_bars_alg_core_par_lut                                ; alt_vip_tpg_bars_alg_core_2360       ;
;                |pip_gen[1].col_gen[0].in_par_lut|    ; 2.0 (2.0)            ; 3.1 (3.1)                        ; 1.1 (1.1)                                         ; 0.0 (0.0)                        ; 0.0 (0.0)            ; 7 (7)               ; 0 (0)                     ; 0 (0)         ; 0                 ; 0     ; 0                        ; 0                                      ; 0                                                 ; 0    ; 0            ; 0 (0)  ; dut|alt_vip_cl_tpg_0|alt_vip_cl_tpg_0|core_0|pip_gen[1].col_gen[0].in_par_lut                    ; alt_vip_tpg_bars_alg_core_par_lut                                ; alt_vip_tpg_bars_alg_core_2360       ;
;                |pip_gen[1].col_gen[1].in_par_lut|    ; 1.8 (1.8)            ; 3.1 (3.1)                        ; 1.2 (1.2)                                         ; 0.0 (0.0)                        ; 0.0 (0.0)            ; 7 (7)               ; 0 (0)                     ; 0 (0)         ; 0                 ; 0     ; 0                        ; 0                                      ; 0                                                 ; 0    ; 0            ; 0 (0)  ; dut|alt_vip_cl_tpg_0|alt_vip_cl_tpg_0|core_0|pip_gen[1].col_gen[1].in_par_lut                    ; alt_vip_tpg_bars_alg_core_par_lut                                ; alt_vip_tpg_bars_alg_core_2360       ;
;             |scheduler|                              ; 26.1 (0.0)           ; 27.0 (0.0)                       ; 0.9 (0.0)                                         ; 0.0 (0.0)                        ; 0.0 (0.0)            ; 49 (0)              ; 44 (0)                    ; 0 (0)         ; 0                 ; 0     ; 0                        ; 0                                      ; 0                                                 ; 0    ; 0            ; 0 (0)  ; dut|alt_vip_cl_tpg_0|alt_vip_cl_tpg_0|scheduler                                                  ; system_alt_vip_cl_tpg_0_alt_vip_tpg_multi_scheduler_2360_ktdghqa ; alt_vip_tpg_multi_scheduler_2360     ;
;                |tpg_multi_scheduler_inst|            ; 26.1 (13.4)          ; 27.0 (13.4)                      ; 0.9 (0.0)                                         ; 0.0 (0.0)                        ; 0.0 (0.0)            ; 49 (26)             ; 44 (19)                   ; 0 (0)         ; 0                 ; 0     ; 0                        ; 0                                      ; 0                                                 ; 0    ; 0            ; 0 (0)  ; dut|alt_vip_cl_tpg_0|alt_vip_cl_tpg_0|scheduler|tpg_multi_scheduler_inst                         ; alt_vip_tpg_multi_scheduler                                      ; alt_vip_tpg_multi_scheduler_2360     ;
;                   |ac_cmd_encoder|                   ; 8.9 (8.9)            ; 10.0 (10.0)                      ; 1.1 (1.1)                                         ; 0.0 (0.0)                        ; 0.0 (0.0)            ; 17 (17)             ; 18 (18)                   ; 0 (0)         ; 0                 ; 0     ; 0                        ; 0                                      ; 0                                                 ; 0    ; 0            ; 0 (0)  ; dut|alt_vip_cl_tpg_0|alt_vip_cl_tpg_0|scheduler|tpg_multi_scheduler_inst|ac_cmd_encoder          ; alt_vip_common_event_packet_encode                               ; alt_vip_tpg_multi_scheduler_2360     ;
;                   |vob_cmd_encoder|                  ; 3.5 (3.5)            ; 3.6 (3.6)                        ; 0.1 (0.1)                                         ; 0.0 (0.0)                        ; 0.0 (0.0)            ; 6 (6)               ; 7 (7)                     ; 0 (0)         ; 0                 ; 0     ; 0                        ; 0                                      ; 0                                                 ; 0    ; 0            ; 0 (0)  ; dut|alt_vip_cl_tpg_0|alt_vip_cl_tpg_0|scheduler|tpg_multi_scheduler_inst|vob_cmd_encoder         ; alt_vip_common_event_packet_encode                               ; alt_vip_tpg_multi_scheduler_2360     ;
;             |video_out|                              ; 82.4 (15.2)          ; 99.5 (17.7)                      ; 17.6 (2.6)                                        ; 0.5 (0.0)                        ; 0.0 (0.0)            ; 120 (23)            ; 137 (13)                  ; 0 (0)         ; 0                 ; 0     ; 0                        ; 0                                      ; 0                                                 ; 0    ; 0            ; 0 (0)  ; dut|alt_vip_cl_tpg_0|alt_vip_cl_tpg_0|video_out                                                  ; alt_vip_video_output_bridge                                      ; alt_vip_video_output_bridge_2360     ;
;                |cmd_input|                           ; 3.6 (3.6)            ; 5.3 (5.3)                        ; 1.8 (1.8)                                         ; 0.0 (0.0)                        ; 0.0 (0.0)            ; 6 (6)               ; 8 (8)                     ; 0 (0)         ; 0                 ; 0     ; 0                        ; 0                                      ; 0                                                 ; 0    ; 0            ; 0 (0)  ; dut|alt_vip_cl_tpg_0|alt_vip_cl_tpg_0|video_out|cmd_input                                        ; alt_vip_common_event_packet_decode                               ; alt_vip_video_output_bridge_2360     ;
;                |video_output|                        ; 63.7 (28.3)          ; 76.4 (30.3)                      ; 13.2 (2.1)                                        ; 0.5 (0.1)                        ; 0.0 (0.0)            ; 91 (65)             ; 116 (21)                  ; 0 (0)         ; 0                 ; 0     ; 0                        ; 0                                      ; 0                                                 ; 0    ; 0            ; 0 (0)  ; dut|alt_vip_cl_tpg_0|alt_vip_cl_tpg_0|video_out|video_output                                     ; alt_vip_common_video_packet_encode                               ; alt_vip_video_output_bridge_2360     ;
;                   |empty_converter|                  ; 29.5 (29.5)          ; 29.8 (29.8)                      ; 0.4 (0.4)                                         ; 0.2 (0.2)                        ; 0.0 (0.0)            ; 22 (22)             ; 57 (57)                   ; 0 (0)         ; 0                 ; 0     ; 0                        ; 0                                      ; 0                                                 ; 0    ; 0            ; 0 (0)  ; dut|alt_vip_cl_tpg_0|alt_vip_cl_tpg_0|video_out|video_output|empty_converter                     ; alt_vip_common_video_packet_empty                                ; alt_vip_video_output_bridge_2360     ;
;                   |latency_converter|                ; 5.9 (5.9)            ; 16.4 (16.4)                      ; 10.8 (10.8)                                       ; 0.2 (0.2)                        ; 0.0 (0.0)            ; 4 (4)               ; 38 (38)                   ; 0 (0)         ; 0                 ; 0     ; 0                        ; 0                                      ; 0                                                 ; 0    ; 0            ; 0 (0)  ; dut|alt_vip_cl_tpg_0|alt_vip_cl_tpg_0|video_out|video_output|latency_converter                   ; alt_vip_common_latency_0_to_latency_1                            ; alt_vip_video_output_bridge_2360     ;
+------------------------------------------------------+----------------------+----------------------------------+---------------------------------------------------+----------------------------------+----------------------+---------------------+---------------------------+---------------+-------------------+-------+--------------------------+----------------------------------------+---------------------------------------------------+------+--------------+--------+--------------------------------------------------------------------------------------------------+------------------------------------------------------------------+--------------------------------------+
Note: For table entries with two numbers listed, the numbers in parentheses indicate the number of resources of the given type used by the specific entity alone. The numbers listed outside of parentheses indicate the total resources of the given type used by the specific entity and all of its sub-entities in the hierarchy.


+----------------+
; Place Messages ;
+----------------+
Info (20030): Parallel compilation is enabled and will use 24 of the 32 processors detected
Info: *******************************************************************
Info: Running Quartus Prime Fitter
    Info: Version 25.1.1 Build 125 07/31/2025 SC Pro Edition
    Info: Processing started: Wed Mar 18 11:34:25 2026
    Info: System process ID: 1183095
Info: Command: quartus_fit --read_settings_files=on --write_settings_files=off resampler -c resampler
Info: qfit2_default_script.tcl version: #1
Info: Project  = resampler
Info: Revision = resampler
Info (11165): Fitter preparation operations ending: elapsed time is 00:00:16
Info (22300): Design uses Placement Effort Multiplier = 1.0.
Info (170189): Fitter placement preparation operations beginning
Info (25141): The Fitter is using Advanced Physical Optimization.
Info (170190): Fitter placement preparation operations ending: elapsed time is 00:00:05
Info (25133): Total time spent on timing analysis during Global Placement is 0.09 seconds.
Info (22300): Design uses Placement Effort Multiplier = 1.0.
Info (170189): Fitter placement preparation operations beginning
Info (170190): Fitter placement preparation operations ending: elapsed time is 00:00:02
Info (170191): Fitter placement operations beginning
Info (170137): Fitter placement was successful
Info (170192): Fitter placement operations ending: elapsed time is 00:00:10
Info (25133): Total time spent on timing analysis during Placement is 0.01 seconds.


