Flow report for resampler
Wed Mar 18 11:35:56 2026
Quartus Prime Version 25.1.1 Build 125 07/31/2025 SC Pro Edition


---------------------
; Table of Contents ;
---------------------
  1. Flow Summary
  2. Flow Settings
  3. Flow Non-Default Global Settings
  4. Flow Elapsed Time
  5. Flow OS Summary
  6. Flow Log
  7. Legal Notice



+--------------------------------------------------------------------------+
; Flow Summary                                                             ;
+-----------------------------+--------------------------------------------+
; Flow Status                 ; Successful - Wed Mar 18 11:35:56 2026      ;
; Quartus Prime Version       ; 25.1.1 Build 125 07/31/2025 SC Pro Edition ;
; Revision Name               ; resampler                                  ;
; Top-level Entity Name       ; resampling_checker                         ;
; Family                      ; Cyclone 10 GX                              ;
; Device                      ; 10CX220YF780I5G                            ;
; Timing Models               ; Final                                      ;
; Power Models                ; Final                                      ;
; Device Status               ; Final                                      ;
; Logic utilization (in ALMs) ; 722 / 80,330 ( < 1 % )                     ;
; Total registers             ; 1420                                       ;
; Total pins                  ; 3 / 340 ( < 1 % )                          ;
; Total virtual pins          ; 0                                          ;
; Total block memory bits     ; 0 / 12,021,760 ( 0 % )                     ;
; Total RAM Blocks            ; 0 / 587 ( 0 % )                            ;
; Total DSP Blocks            ; 0 / 192 ( 0 % )                            ;
; Total HSSI RX channels      ; 0 / 12 ( 0 % )                             ;
; Total HSSI TX channels      ; 0 / 12 ( 0 % )                             ;
; Total PLLs                  ; 0 / 30 ( 0 % )                             ;
+-----------------------------+--------------------------------------------+


+-----------------------------------------+
; Flow Settings                           ;
+-------------------+---------------------+
; Option            ; Setting             ;
+-------------------+---------------------+
; Start date & time ; 03/17/2026 16:42:45 ;
; Main task         ; Compilation         ;
; Revision Name     ; resampler           ;
+-------------------+---------------------+


+----------------------------------------------------------------------------------------------------------------------------------------------------------------------------------------------------------------+
; Flow Non-Default Global Settings                                                                                                                                                                               ;
+--------------------------+--------------------------------------------------------------------------------------------------------------------------------------+---------------+-------------+----------------+
; Assignment Name          ; Value                                                                                                                                ; Default Value ; Entity Name ; Section Id     ;
+--------------------------+--------------------------------------------------------------------------------------------------------------------------------------+---------------+-------------+----------------+
; COMPILER_SIGNATURE_ID    ; 71125532752932.177374776552633                                                                                                       ; --            ; --          ; --             ;
; EDA_OUTPUT_DATA_FORMAT   ; Verilog Hdl                                                                                                                          ; --            ; --          ; eda_simulation ;
; EDA_TIME_SCALE           ; 1 ps                                                                                                                                 ; --            ; --          ; eda_simulation ;
; MAX_CORE_JUNCTION_TEMP   ; 100                                                                                                                                  ; --            ; --          ; --             ;
; MIN_CORE_JUNCTION_TEMP   ; -40                                                                                                                                  ; --            ; --          ; --             ;
; MISC_FILE                ; /mnt/ssd2/QuartusProjects/VVP_IP_Validation/resampler_II/platform/ip/system/system_alt_vip_cl_crs_0/system_alt_vip_cl_crs_0.cmp      ; --            ; --          ; --             ;
; MISC_FILE                ; /mnt/ssd2/QuartusProjects/VVP_IP_Validation/resampler_II/platform/ip/system/system_alt_vip_cl_crs_0.ip                               ; --            ; --          ; --             ;
; MISC_FILE                ; /mnt/ssd2/QuartusProjects/VVP_IP_Validation/resampler_II/platform/ip/system/system_alt_vip_cl_tpg_0/system_alt_vip_cl_tpg_0.cmp      ; --            ; --          ; --             ;
; MISC_FILE                ; /mnt/ssd2/QuartusProjects/VVP_IP_Validation/resampler_II/platform/ip/system/system_alt_vip_cl_tpg_0.ip                               ; --            ; --          ; --             ;
; MISC_FILE                ; /mnt/ssd2/QuartusProjects/VVP_IP_Validation/resampler_II/platform/ip/system/system_clock_in/system_clock_in.cmp                      ; --            ; --          ; --             ;
; MISC_FILE                ; /mnt/ssd2/QuartusProjects/VVP_IP_Validation/resampler_II/platform/ip/system/system_clock_in.ip                                       ; --            ; --          ; --             ;
; MISC_FILE                ; /mnt/ssd2/QuartusProjects/VVP_IP_Validation/resampler_II/platform/ip/system/system_reset_in/system_reset_in.cmp                      ; --            ; --          ; --             ;
; MISC_FILE                ; /mnt/ssd2/QuartusProjects/VVP_IP_Validation/resampler_II/platform/ip/system/system_reset_in.ip                                       ; --            ; --          ; --             ;
; MISC_FILE                ; /mnt/ssd2/QuartusProjects/VVP_IP_Validation/resampler_II/platform/system/system.cmp                                                  ; --            ; --          ; --             ;
; MISC_FILE                ; /mnt/ssd2/QuartusProjects/VVP_IP_Validation/resampler_II/platform/system.qsys                                                        ; --            ; --          ; --             ;
; PROJECT_OUTPUT_DIRECTORY ; output_files                                                                                                                         ; --            ; --          ; --             ;
; SOPCINFO_FILE            ; /mnt/ssd2/QuartusProjects/VVP_IP_Validation/resampler_II/platform/ip/system/system_alt_vip_cl_crs_0/system_alt_vip_cl_crs_0.sopcinfo ; --            ; --          ; --             ;
; SOPCINFO_FILE            ; /mnt/ssd2/QuartusProjects/VVP_IP_Validation/resampler_II/platform/ip/system/system_alt_vip_cl_tpg_0/system_alt_vip_cl_tpg_0.sopcinfo ; --            ; --          ; --             ;
; SOPCINFO_FILE            ; /mnt/ssd2/QuartusProjects/VVP_IP_Validation/resampler_II/platform/ip/system/system_clock_in/system_clock_in.sopcinfo                 ; --            ; --          ; --             ;
; SOPCINFO_FILE            ; /mnt/ssd2/QuartusProjects/VVP_IP_Validation/resampler_II/platform/ip/system/system_reset_in/system_reset_in.sopcinfo                 ; --            ; --          ; --             ;
; SOPCINFO_FILE            ; /mnt/ssd2/QuartusProjects/VVP_IP_Validation/resampler_II/platform/system/system.sopcinfo                                             ; --            ; --          ; --             ;
; TOP_LEVEL_ENTITY         ; resampling_checker                                                                                                                   ; resampler     ; --          ; --             ;
; COMPILER_SIGNATURE_ID    ; 71125532752932.177374776552633                                                                                                       ; --            ; --          ; --             ;
; EDA_OUTPUT_DATA_FORMAT   ; Verilog Hdl                                                                                                                          ; --            ; --          ; eda_simulation ;
; EDA_TIME_SCALE           ; 1 ps                                                                                                                                 ; --            ; --          ; eda_simulation ;
; MAX_CORE_JUNCTION_TEMP   ; 100                                                                                                                                  ; --            ; --          ; --             ;
; MIN_CORE_JUNCTION_TEMP   ; -40                                                                                                                                  ; --            ; --          ; --             ;
; MISC_FILE                ; /mnt/ssd2/QuartusProjects/VVP_IP_Validation/resampler_II/platform/ip/system/system_alt_vip_cl_crs_0/system_alt_vip_cl_crs_0.cmp      ; --            ; --          ; --             ;
; MISC_FILE                ; /mnt/ssd2/QuartusProjects/VVP_IP_Validation/resampler_II/platform/ip/system/system_alt_vip_cl_crs_0.ip                               ; --            ; --          ; --             ;
; MISC_FILE                ; /mnt/ssd2/QuartusProjects/VVP_IP_Validation/resampler_II/platform/ip/system/system_alt_vip_cl_tpg_0/system_alt_vip_cl_tpg_0.cmp      ; --            ; --          ; --             ;
; MISC_FILE                ; /mnt/ssd2/QuartusProjects/VVP_IP_Validation/resampler_II/platform/ip/system/system_alt_vip_cl_tpg_0.ip                               ; --            ; --          ; --             ;
; MISC_FILE                ; /mnt/ssd2/QuartusProjects/VVP_IP_Validation/resampler_II/platform/ip/system/system_clock_in/system_clock_in.cmp                      ; --            ; --          ; --             ;
; MISC_FILE                ; /mnt/ssd2/QuartusProjects/VVP_IP_Validation/resampler_II/platform/ip/system/system_clock_in.ip                                       ; --            ; --          ; --             ;
; MISC_FILE                ; /mnt/ssd2/QuartusProjects/VVP_IP_Validation/resampler_II/platform/ip/system/system_reset_in/system_reset_in.cmp                      ; --            ; --          ; --             ;
; MISC_FILE                ; /mnt/ssd2/QuartusProjects/VVP_IP_Validation/resampler_II/platform/ip/system/system_reset_in.ip                                       ; --            ; --          ; --             ;
; MISC_FILE                ; /mnt/ssd2/QuartusProjects/VVP_IP_Validation/resampler_II/platform/system/system.cmp                                                  ; --            ; --          ; --             ;
; MISC_FILE                ; /mnt/ssd2/QuartusProjects/VVP_IP_Validation/resampler_II/platform/system.qsys                                                        ; --            ; --          ; --             ;
; PROJECT_OUTPUT_DIRECTORY ; output_files                                                                                                                         ; --            ; --          ; --             ;
; SOPCINFO_FILE            ; /mnt/ssd2/QuartusProjects/VVP_IP_Validation/resampler_II/platform/ip/system/system_alt_vip_cl_crs_0/system_alt_vip_cl_crs_0.sopcinfo ; --            ; --          ; --             ;
; SOPCINFO_FILE            ; /mnt/ssd2/QuartusProjects/VVP_IP_Validation/resampler_II/platform/ip/system/system_alt_vip_cl_tpg_0/system_alt_vip_cl_tpg_0.sopcinfo ; --            ; --          ; --             ;
; SOPCINFO_FILE            ; /mnt/ssd2/QuartusProjects/VVP_IP_Validation/resampler_II/platform/ip/system/system_clock_in/system_clock_in.sopcinfo                 ; --            ; --          ; --             ;
; SOPCINFO_FILE            ; /mnt/ssd2/QuartusProjects/VVP_IP_Validation/resampler_II/platform/ip/system/system_reset_in/system_reset_in.sopcinfo                 ; --            ; --          ; --             ;
; SOPCINFO_FILE            ; /mnt/ssd2/QuartusProjects/VVP_IP_Validation/resampler_II/platform/system/system.sopcinfo                                             ; --            ; --          ; --             ;
; TOP_LEVEL_ENTITY         ; resampling_checker                                                                                                                   ; resampler     ; --          ; --             ;
+--------------------------+--------------------------------------------------------------------------------------------------------------------------------------+---------------+-------------+----------------+


+----------------------------------------------------------------------------+
; Flow Elapsed Time                                                          ;
+---------------------------------------+--------------+---------------------+
; Module Name                           ; Elapsed Time ; Peak Virtual Memory ;
+---------------------------------------+--------------+---------------------+
; Synthesis                             ; 00:00:41     ; 1876 MB             ;
; Synthesis (Logic Synthesis)           ; 00:00:11     ; 1790 MB             ;
; Fitter (Plan, Place, Route, Finalize) ; 00:01:35     ; 5146 MB             ;
; Fitter (Plan, Place, Route, Finalize) ; 00:01:34     ; 5145 MB             ;
; Fitter (Plan, Place, Route, Finalize) ; 00:01:34     ; 5146 MB             ;
; Fitter                                ; 00:01:32     ; 5144 MB             ;
; Total                                 ; 00:07:07     ; --                  ;
+---------------------------------------+--------------+---------------------+


+--------------------------------------------------------------------------------------------------+
; Flow OS Summary                                                                                  ;
+---------------------------------------+------------------+---------+------------+----------------+
; Module Name                           ; Machine Hostname ; OS Name ; OS Version ; Processor type ;
+---------------------------------------+------------------+---------+------------+----------------+
; Synthesis                             ; ipaa-10xe        ; Ubuntu  ; 20         ; x86_64         ;
; Synthesis (Logic Synthesis)           ; ipaa-10xe        ; Ubuntu  ; 20         ; x86_64         ;
; Fitter (Plan, Place, Route, Finalize) ; ipaa-10xe        ; Ubuntu  ; 20         ; x86_64         ;
; Fitter (Plan, Place, Route, Finalize) ; ipaa-10xe        ; Ubuntu  ; 20         ; x86_64         ;
; Fitter (Plan, Place, Route, Finalize) ; ipaa-10xe        ; Ubuntu  ; 20         ; x86_64         ;
; Fitter                                ; ipaa-10xe        ; Ubuntu  ; 20         ; x86_64         ;
+---------------------------------------+------------------+---------+------------+----------------+


------------
; Flow Log ;
------------
quartus_syn --read_settings_files=on --write_settings_files=off resampler -c resampler
quartus_syn --read_settings_files=on --write_settings_files=off --synthesis resampler -c resampler
quartus_fit --read_settings_files=on --write_settings_files=off resampler -c resampler --plan --place --route --finalize
quartus_fit --read_settings_files=on --write_settings_files=off resampler -c resampler --plan --place --route --finalize
quartus_fit --read_settings_files=on --write_settings_files=off resampler -c resampler --plan --place --route --finalize
quartus_fit --read_settings_files=on --write_settings_files=off resampler -c resampler



----------------
; Legal Notice ;
----------------
Copyright (C) 2025  Altera Corporation. All rights reserved.
Your use of Altera Corporation's design tools, logic functions 
and other software and tools, and any partner logic 
functions, and any output files from any of the foregoing 
(including device programming or simulation files), and any 
associated documentation or information are expressly subject 
to the terms and conditions of the Altera Program License 
Subscription Agreement, the Altera Quartus Prime License Agreement,
the Altera IP License Agreement, or other applicable license
agreement, including, without limitation, that your use is for
the sole purpose of programming logic devices manufactured by
Altera and sold by Altera or its authorized distributors.  Please
refer to the Altera Software License Subscription Agreements 
on the Quartus Prime software download page.



