Fitter Route Stage Report for example_proj
Wed Apr 29 17:59:34 2026
Quartus Prime Version 25.1.1 Build 125 07/31/2025 Patches 1.31 SC Pro Edition


---------------------
; Table of Contents ;
---------------------
  1. Legal Notice
  2. Delay Chain Summary
  3. Routing Usage Summary
  4. Route Messages
  5. Estimated Delay Added for Hold Timing Summary
  6. Estimated Delay Added for Hold Timing Details



----------------
; Legal Notice ;
----------------
Copyright (C) 2025  Altera Corporation. All rights reserved.
Your use of Altera Corporation's design tools, logic functions 
and other software and tools, and any partner logic 
functions, and any output files from any of the foregoing 
(including device programming or simulation files), and any 
associated documentation or information are expressly subject 
to the terms and conditions of the Altera Program License 
Subscription Agreement, the Altera Quartus Prime License Agreement,
the Altera IP License Agreement, or other applicable license
agreement, including, without limitation, that your use is for
the sole purpose of programming logic devices manufactured by
Altera and sold by Altera or its authorized distributors.  Please
refer to the Altera Software License Subscription Agreements 
on the Quartus Prime software download page.



+-------------------------------------------------------------------------------------------------------------------------------------------------------------------+
; Delay Chain Summary                                                                                                                                               ;
+------------------+----------+---------------------+--------------------+----------------+-----------------------------------+-------------------------------------+
; Name             ; Pin Type ; Input Delay Chain 0 ; Output Delay Chain ; OE Delay Chain ; IO_12_LANE Input Data Delay Chain ; IO_12_LANE Input Strobe Delay Chain ;
+------------------+----------+---------------------+--------------------+----------------+-----------------------------------+-------------------------------------+
; m_axis_tdata[0]  ; Output   ; --                  ; 0                  ; 0              ; --                                ; --                                  ;
; m_axis_tdata[1]  ; Output   ; --                  ; 0                  ; 0              ; --                                ; --                                  ;
; m_axis_tdata[2]  ; Output   ; --                  ; 0                  ; 0              ; --                                ; --                                  ;
; m_axis_tdata[3]  ; Output   ; --                  ; 0                  ; 0              ; --                                ; --                                  ;
; m_axis_tdata[4]  ; Output   ; --                  ; 0                  ; 0              ; --                                ; --                                  ;
; m_axis_tdata[5]  ; Output   ; --                  ; 0                  ; 0              ; --                                ; --                                  ;
; m_axis_tdata[6]  ; Output   ; --                  ; 0                  ; 0              ; --                                ; --                                  ;
; m_axis_tdata[7]  ; Output   ; --                  ; 0                  ; 0              ; --                                ; --                                  ;
; m_axis_tdata[8]  ; Output   ; --                  ; 0                  ; 0              ; --                                ; --                                  ;
; m_axis_tdata[9]  ; Output   ; --                  ; 0                  ; 0              ; --                                ; --                                  ;
; m_axis_tdata[10] ; Output   ; --                  ; 0                  ; 0              ; --                                ; --                                  ;
; m_axis_tdata[11] ; Output   ; --                  ; 0                  ; 0              ; --                                ; --                                  ;
; m_axis_tdata[12] ; Output   ; --                  ; 0                  ; 0              ; --                                ; --                                  ;
; m_axis_tdata[13] ; Output   ; --                  ; 0                  ; 0              ; --                                ; --                                  ;
; m_axis_tdata[14] ; Output   ; --                  ; 0                  ; 0              ; --                                ; --                                  ;
; m_axis_tdata[15] ; Output   ; --                  ; 0                  ; 0              ; --                                ; --                                  ;
; m_axis_tdata[16] ; Output   ; --                  ; 0                  ; 0              ; --                                ; --                                  ;
; m_axis_tdata[17] ; Output   ; --                  ; 0                  ; 0              ; --                                ; --                                  ;
; m_axis_tdata[18] ; Output   ; --                  ; 0                  ; 0              ; --                                ; --                                  ;
; m_axis_tdata[19] ; Output   ; --                  ; 0                  ; 0              ; --                                ; --                                  ;
; m_axis_tdata[20] ; Output   ; --                  ; 0                  ; 0              ; --                                ; --                                  ;
; m_axis_tdata[21] ; Output   ; --                  ; 0                  ; 0              ; --                                ; --                                  ;
; m_axis_tdata[22] ; Output   ; --                  ; 0                  ; 0              ; --                                ; --                                  ;
; m_axis_tdata[23] ; Output   ; --                  ; 0                  ; 0              ; --                                ; --                                  ;
; m_axis_tvalid    ; Output   ; --                  ; 0                  ; 0              ; --                                ; --                                  ;
; m_axis_tlast     ; Output   ; --                  ; 0                  ; 0              ; --                                ; --                                  ;
; m_axis_tuser[0]  ; Output   ; --                  ; 0                  ; 0              ; --                                ; --                                  ;
; m_axis_tuser[1]  ; Output   ; --                  ; 0                  ; 0              ; --                                ; --                                  ;
; m_axis_tuser[2]  ; Output   ; --                  ; 0                  ; 0              ; --                                ; --                                  ;
; clk              ; Input    ; 0                   ; --                 ; --             ; --                                ; --                                  ;
; m_axis_tready    ; Input    ; 0                   ; --                 ; --             ; --                                ; --                                  ;
; reset            ; Input    ; 0                   ; --                 ; --             ; --                                ; --                                  ;
+------------------+----------+---------------------+--------------------+----------------+-----------------------------------+-------------------------------------+


+----------------------------------------------------------+
; Routing Usage Summary                                    ;
+------------------------------+---------------------------+
; Routing Resource Type        ; Usage                     ;
+------------------------------+---------------------------+
; Block interconnects          ; 2,591 / 664,374 ( < 1 % ) ;
; C27 interconnects            ; 14 / 12,769 ( < 1 % )     ;
; C4 interconnects             ; 1,142 / 514,392 ( < 1 % ) ;
; Direct links                 ; 779 / 664,374 ( < 1 % )   ;
; Global clocks                ; 1 / 32 ( 3 % )            ;
; Periphery clocks             ; 0 / 410 ( 0 % )           ;
; R3 interconnects             ; 680 / 246,936 ( < 1 % )   ;
; R32 interconnects            ; 2 / 28,257 ( < 1 % )      ;
; R32/C27 interconnect drivers ; 14 / 74,920 ( < 1 % )     ;
; R6 interconnects             ; 1,070 / 527,108 ( < 1 % ) ;
; Regional clock lefts         ; 0 / 8 ( 0 % )             ;
; Regional clock out bottoms   ; 0 / 8 ( 0 % )             ;
; Regional clock out tops      ; 0 / 8 ( 0 % )             ;
; Regional clock rights        ; 0 / 8 ( 0 % )             ;
; Regional clocks              ; 0 / 8 ( 0 % )             ;
; Spine buffers                ; 1 / 220 ( < 1 % )         ;
; Spine clocks                 ; 1 / 330 ( < 1 % )         ;
; Spine feedthroughs           ; 0 / 224 ( 0 % )           ;
+------------------------------+---------------------------+


+----------------+
; Route Messages ;
+----------------+
Info (20030): Parallel compilation is enabled and will use 24 of the 32 processors detected
Info: *******************************************************************
Info: Running Quartus Prime Fitter
    Info: Version 25.1.1 Build 125 07/31/2025 Patches 1.31 SC Pro Edition
    Info: Processing started: Wed Apr 29 17:58:10 2026
    Info: System process ID: 581023
Info: Command: quartus_fit --read_settings_files=on --write_settings_files=off example_proj -c example_proj
Info: qfit2_default_script.tcl version: #1
Info: Project  = example_proj
Info: Revision = example_proj
Info (22300): Design uses Placement Effort Multiplier = 1.0.
Info (170193): Fitter routing operations beginning
Info (170202): The Fitter performed an Auto Fit compilation.  No optimizations were skipped because the design's timing and routability requirements required full optimization.
Info (25133): Total time spent on timing analysis during Routing is 0.29 seconds.
Info (16607): Fitter routing operations ending: elapsed time is 00:00:19


+------------------------------------------------------------+
; Estimated Delay Added for Hold Timing Summary              ;
+-----------------+----------------------+-------------------+
; Source Clock(s) ; Destination Clock(s) ; Delay Added in ns ;
+-----------------+----------------------+-------------------+
; clk~derived     ; clk~derived          ; 170.9             ;
+-----------------+----------------------+-------------------+
Note: For more information on problematic transfers, consider running the Fitter again with the Optimize hold timing option (Settings Menu) turned off.
This will disable optimization of problematic paths and expose them for further analysis using the Timing Analyzer.


+---------------------------------------------------------------------------------------------------------------------------------------------------------------------------------------------------------------------------------------------------------------------------------------------------------------------------------+
; Estimated Delay Added for Hold Timing Details                                                                                                                                                                                                                                                                                   ;
+--------------------------------------------------------------------------------------------------------------------------------------+----------------------------------------------------------------------------------------------------------------------------------------------------------------------+-------------------+
; Source Register                                                                                                                      ; Destination Register                                                                                                                                                 ; Delay Added in ns ;
+--------------------------------------------------------------------------------------------------------------------------------------+----------------------------------------------------------------------------------------------------------------------------------------------------------------------+-------------------+
; u0|intel_vvp_dil_0|intel_vvp_dil_0|line_buffer|resend_inst|line_buffer_main_ram_inst|write_data_pipe[20]                             ; u0|intel_vvp_dil_0|intel_vvp_dil_0|line_buffer|resend_inst|line_buffer_main_ram_inst|ram_gen[2].line_buffer_l0_ram_inst|auto_generated|altsyncram1|ram_block2a0~reg0 ; 0.343             ;
; u0|intel_vvp_dil_0|intel_vvp_dil_0|line_buffer|resend_inst|line_buffer_main_ram_inst|write_data_pipe[10]                             ; u0|intel_vvp_dil_0|intel_vvp_dil_0|line_buffer|resend_inst|line_buffer_main_ram_inst|ram_gen[1].line_buffer_l0_ram_inst|auto_generated|altsyncram1|ram_block2a0~reg0 ; 0.335             ;
; u0|intel_vvp_dil_0|intel_vvp_dil_0|line_buffer|resend_inst|line_buffer_main_ram_inst|write_data_pipe[21]                             ; u0|intel_vvp_dil_0|intel_vvp_dil_0|line_buffer|resend_inst|line_buffer_main_ram_inst|ram_gen[2].line_buffer_l0_ram_inst|auto_generated|altsyncram1|ram_block2a1~reg0 ; 0.328             ;
; u0|intel_vvp_dil_0|intel_vvp_dil_0|line_buffer|resend_inst|line_buffer_main_ram_inst|write_data_pipe[12]                             ; u0|intel_vvp_dil_0|intel_vvp_dil_0|line_buffer|resend_inst|line_buffer_main_ram_inst|ram_gen[1].line_buffer_l0_ram_inst|auto_generated|altsyncram1|ram_block2a2~reg0 ; 0.313             ;
; u0|intel_vvp_dil_0|intel_vvp_dil_0|line_buffer|resend_inst|line_buffer_l0_ram_inst|write_data_pipe[12]                               ; u0|intel_vvp_dil_0|intel_vvp_dil_0|line_buffer|resend_inst|line_buffer_l0_ram_inst|ram_gen[1].line_buffer_l0_ram_inst|auto_generated|altsyncram1|ram_block2a2~reg0   ; 0.310             ;
; u0|intel_vvp_dil_0|intel_vvp_dil_0|line_buffer|resend_inst|line_buffer_main_ram_inst|write_data_pipe[15]                             ; u0|intel_vvp_dil_0|intel_vvp_dil_0|line_buffer|resend_inst|line_buffer_main_ram_inst|ram_gen[1].line_buffer_l0_ram_inst|auto_generated|altsyncram1|ram_block2a5~reg0 ; 0.305             ;
; u0|intel_vvp_dil_0|intel_vvp_dil_0|line_buffer|resend_inst|line_buffer_main_ram_inst|write_data_pipe[16]                             ; u0|intel_vvp_dil_0|intel_vvp_dil_0|line_buffer|resend_inst|line_buffer_main_ram_inst|ram_gen[1].line_buffer_l0_ram_inst|auto_generated|altsyncram1|ram_block2a6~reg0 ; 0.298             ;
; u0|intel_vvp_dil_0|intel_vvp_dil_0|line_buffer|resend_inst|line_buffer_l0_ram_inst|write_data_pipe[15]                               ; u0|intel_vvp_dil_0|intel_vvp_dil_0|line_buffer|resend_inst|line_buffer_l0_ram_inst|ram_gen[1].line_buffer_l0_ram_inst|auto_generated|altsyncram1|ram_block2a5~reg0   ; 0.293             ;
; u0|intel_vvp_dil_0|intel_vvp_dil_0|line_buffer|resend_inst|line_buffer_l0_ram_inst|write_data_pipe[13]                               ; u0|intel_vvp_dil_0|intel_vvp_dil_0|line_buffer|resend_inst|line_buffer_l0_ram_inst|ram_gen[1].line_buffer_l0_ram_inst|auto_generated|altsyncram1|ram_block2a3~reg0   ; 0.287             ;
; u0|intel_vvp_dil_0|intel_vvp_dil_0|line_buffer|resend_inst|line_buffer_main_ram_inst|write_data_pipe[23]                             ; u0|intel_vvp_dil_0|intel_vvp_dil_0|line_buffer|resend_inst|line_buffer_main_ram_inst|ram_gen[2].line_buffer_l0_ram_inst|auto_generated|altsyncram1|ram_block2a3~reg0 ; 0.286             ;
; u0|intel_vvp_dil_0|intel_vvp_dil_0|line_buffer|resend_inst|line_buffer_l0_ram_inst|write_data_pipe[10]                               ; u0|intel_vvp_dil_0|intel_vvp_dil_0|line_buffer|resend_inst|line_buffer_l0_ram_inst|ram_gen[1].line_buffer_l0_ram_inst|auto_generated|altsyncram1|ram_block2a0~reg0   ; 0.283             ;
; u0|intel_vvp_dil_0|intel_vvp_dil_0|line_buffer|resend_inst|line_buffer_main_ram_inst|write_data_pipe[22]                             ; u0|intel_vvp_dil_0|intel_vvp_dil_0|line_buffer|resend_inst|line_buffer_main_ram_inst|ram_gen[2].line_buffer_l0_ram_inst|auto_generated|altsyncram1|ram_block2a2~reg0 ; 0.283             ;
; u0|intel_vvp_adv_tpg_0|intel_vvp_adv_tpg_0|mixer_inst_0|dp_inst|enable_blend_str                                                     ; u0|intel_vvp_adv_tpg_0|intel_vvp_adv_tpg_0|mixer_inst_0|dp_inst|alpha_str[8]                                                                                         ; 0.281             ;
; u0|intel_vvp_dil_0|intel_vvp_dil_0|line_buffer|resend_inst|line_buffer_l0_ram_inst|write_data_pipe[14]                               ; u0|intel_vvp_dil_0|intel_vvp_dil_0|line_buffer|resend_inst|line_buffer_l0_ram_inst|ram_gen[1].line_buffer_l0_ram_inst|auto_generated|altsyncram1|ram_block2a4~reg0   ; 0.275             ;
; u0|intel_vvp_dil_0|intel_vvp_dil_0|line_buffer|resend_inst|line_buffer_l0_ram_inst|write_data_pipe[11]                               ; u0|intel_vvp_dil_0|intel_vvp_dil_0|line_buffer|resend_inst|line_buffer_l0_ram_inst|ram_gen[1].line_buffer_l0_ram_inst|auto_generated|altsyncram1|ram_block2a1~reg0   ; 0.267             ;
; u0|intel_vvp_dil_0|intel_vvp_dil_0|duplicator|output_gen[1].dout_data[0]                                                             ; u0|intel_vvp_dil_0|intel_vvp_dil_0|line_buffer|resend_inst|line_buffer_l0_ram_inst|write_data_pipe[0]                                                                ; 0.263             ;
; u0|intel_vvp_dil_0|intel_vvp_dil_0|duplicator|output_gen[1].dout_data[12]                                                            ; u0|intel_vvp_dil_0|intel_vvp_dil_0|line_buffer|resend_inst|line_buffer_l0_ram_inst|write_data_pipe[12]                                                               ; 0.263             ;
; u0|intel_vvp_dil_0|intel_vvp_dil_0|line_buffer|resend_inst|line_buffer_main_ram_inst|write_data_pipe[17]                             ; u0|intel_vvp_dil_0|intel_vvp_dil_0|line_buffer|resend_inst|line_buffer_main_ram_inst|ram_gen[1].line_buffer_l0_ram_inst|auto_generated|altsyncram1|ram_block2a7~reg0 ; 0.260             ;
; u0|intel_vvp_dil_0|intel_vvp_dil_0|scheduler|iip_packet_received0.count[6]                                                           ; u0|intel_vvp_dil_0|intel_vvp_dil_0|oib|ccd_data[15]                                                                                                                  ; 0.260             ;
; u0|intel_vvp_dil_0|intel_vvp_dil_0|scheduler|iip_packet_received0.packet_type[4]                                                     ; u0|intel_vvp_dil_0|intel_vvp_dil_0|oib|ccd_data[4]                                                                                                                   ; 0.253             ;
; u0|intel_vvp_dil_0|intel_vvp_dil_0|scheduler|iip_packet_received0.count[3]                                                           ; u0|intel_vvp_dil_0|intel_vvp_dil_0|oib|ccd_data[12]                                                                                                                  ; 0.250             ;
; u0|intel_vvp_adv_tpg_0|intel_vvp_adv_tpg_0|scheduler|tpg_core_cmd_gen[1].core_cmd_master_inst|pipe_bridge_inst|tdata_reg[48]         ; u0|intel_vvp_adv_tpg_0|intel_vvp_adv_tpg_0|scheduler|tpg_core_cmd_gen[1].core_cmd_master_inst|pipe_bridge_inst|axi_st_dout_tdata[48]                                 ; 0.250             ;
; u0|intel_vvp_dil_0|intel_vvp_dil_0|duplicator|output_gen[1].dout_data[15]                                                            ; u0|intel_vvp_dil_0|intel_vvp_dil_0|line_buffer|resend_inst|line_buffer_l0_ram_inst|write_data_pipe[15]                                                               ; 0.249             ;
; u0|intel_vvp_dil_0|intel_vvp_dil_0|line_buffer|resend_inst|read_space_minus_safety[11]                                               ; u0|intel_vvp_dil_0|intel_vvp_dil_0|line_buffer|resend_inst|read_has_data                                                                                             ; 0.249             ;
; u0|intel_vvp_dil_0|intel_vvp_dil_0|line_buffer|resend_inst|line_buffer_l0_ram_inst|write_data_pipe[0]                                ; u0|intel_vvp_dil_0|intel_vvp_dil_0|line_buffer|resend_inst|line_buffer_l0_ram_inst|ram_gen[0].line_buffer_l0_ram_inst|auto_generated|altsyncram1|ram_block2a0~reg0   ; 0.248             ;
; u0|intel_vvp_dil_0|intel_vvp_dil_0|duplicator|output_gen[1].dout_data[22]                                                            ; u0|intel_vvp_dil_0|intel_vvp_dil_0|line_buffer|resend_inst|line_buffer_l0_ram_inst|write_data_pipe[22]                                                               ; 0.245             ;
; u0|intel_vvp_dil_0|intel_vvp_dil_0|duplicator|output_gen[1].dout_data[17]                                                            ; u0|intel_vvp_dil_0|intel_vvp_dil_0|line_buffer|resend_inst|line_buffer_l0_ram_inst|write_data_pipe[17]                                                               ; 0.245             ;
; u0|intel_vvp_dil_0|intel_vvp_dil_0|line_buffer|resend_inst|line_buffer_main_ram_inst|write_data_pipe[19]                             ; u0|intel_vvp_dil_0|intel_vvp_dil_0|line_buffer|resend_inst|line_buffer_main_ram_inst|ram_gen[1].line_buffer_l0_ram_inst|auto_generated|altsyncram1|ram_block2a9~reg0 ; 0.242             ;
; u0|intel_vvp_dil_0|intel_vvp_dil_0|duplicator|output_gen[1].dout_data[7]                                                             ; u0|intel_vvp_dil_0|intel_vvp_dil_0|line_buffer|resend_inst|line_buffer_l0_ram_inst|write_data_pipe[7]                                                                ; 0.242             ;
; u0|intel_vvp_dil_0|intel_vvp_dil_0|duplicator|output_gen[1].dout_data[18]                                                            ; u0|intel_vvp_dil_0|intel_vvp_dil_0|line_buffer|resend_inst|line_buffer_l0_ram_inst|write_data_pipe[18]                                                               ; 0.238             ;
; u0|intel_vvp_dil_0|intel_vvp_dil_0|scheduler|iip_packet_received0.count[4]                                                           ; u0|intel_vvp_dil_0|intel_vvp_dil_0|oib|ccd_data[13]                                                                                                                  ; 0.238             ;
; u0|intel_vvp_dil_0|intel_vvp_dil_0|duplicator|output_gen[1].dout_data[9]                                                             ; u0|intel_vvp_dil_0|intel_vvp_dil_0|line_buffer|resend_inst|line_buffer_l0_ram_inst|write_data_pipe[9]                                                                ; 0.238             ;
; u0|intel_vvp_dil_0|intel_vvp_dil_0|mux|data_mux_inst|intermediate_results[0][0][18]                                                  ; u0|intel_vvp_dil_0|intel_vvp_dil_0|oib|ccd_data[18]                                                                                                                  ; 0.238             ;
; u0|intel_vvp_dil_0|intel_vvp_dil_0|line_buffer|resend_inst|read_ignore_pointer                                                       ; u0|intel_vvp_dil_0|intel_vvp_dil_0|line_buffer|resend_inst|read_has_data                                                                                             ; 0.238             ;
; u0|intel_vvp_dil_0|intel_vvp_dil_0|line_buffer|resend_inst|line_buffer_l0_ram_inst|write_data_pipe[21]                               ; u0|intel_vvp_dil_0|intel_vvp_dil_0|line_buffer|resend_inst|line_buffer_l0_ram_inst|ram_gen[2].line_buffer_l0_ram_inst|auto_generated|altsyncram1|ram_block2a1~reg0   ; 0.238             ;
; u0|intel_vvp_dil_0|intel_vvp_dil_0|line_buffer|resend_inst|valid_delay[1]                                                            ; u0|intel_vvp_dil_0|intel_vvp_dil_0|line_buffer|resend_inst|dout_valid                                                                                                ; 0.237             ;
; u0|intel_vvp_dil_0|intel_vvp_dil_0|duplicator|output_gen[1].dout_data[20]                                                            ; u0|intel_vvp_dil_0|intel_vvp_dil_0|line_buffer|resend_inst|line_buffer_l0_ram_inst|write_data_pipe[20]                                                               ; 0.237             ;
; u0|intel_vvp_dil_0|intel_vvp_dil_0|duplicator|output_gen[1].dout_data[5]                                                             ; u0|intel_vvp_dil_0|intel_vvp_dil_0|line_buffer|resend_inst|line_buffer_l0_ram_inst|write_data_pipe[5]                                                                ; 0.237             ;
; u0|intel_vvp_adv_tpg_0|intel_vvp_adv_tpg_0|mixer_inst_0|dp_inst|valid_pipe_delay[1]                                                  ; u0|intel_vvp_adv_tpg_0|intel_vvp_adv_tpg_0|mixer_inst_0|dp_inst|valid_pipe_delay[2]                                                                                  ; 0.234             ;
; u0|intel_vvp_dil_0|intel_vvp_dil_0|algo_comp|valid_pipeline[0]                                                                       ; u0|intel_vvp_dil_0|intel_vvp_dil_0|algo_comp|dout_valid                                                                                                              ; 0.234             ;
; u0|intel_vvp_dil_0|intel_vvp_dil_0|duplicator|output_gen[1].dout_data[4]                                                             ; u0|intel_vvp_dil_0|intel_vvp_dil_0|line_buffer|resend_inst|line_buffer_l0_ram_inst|write_data_pipe[4]                                                                ; 0.233             ;
; u0|intel_vvp_dil_0|intel_vvp_dil_0|line_buffer|resend_inst|write_ignore_pointer                                                      ; u0|intel_vvp_dil_0|intel_vvp_dil_0|line_buffer|resend_inst|write_has_space                                                                                           ; 0.233             ;
; u0|intel_vvp_dil_0|intel_vvp_dil_0|duplicator|output_gen[1].dout_data[3]                                                             ; u0|intel_vvp_dil_0|intel_vvp_dil_0|line_buffer|resend_inst|line_buffer_l0_ram_inst|write_data_pipe[3]                                                                ; 0.231             ;
; u0|intel_vvp_adv_tpg_0|intel_vvp_adv_tpg_0|mixer_inst_0|dp_inst|valid_pipe_delay[2]                                                  ; u0|intel_vvp_adv_tpg_0|intel_vvp_adv_tpg_0|mixer_inst_0|dp_inst|dout_valid                                                                                           ; 0.231             ;
; u0|intel_vvp_dil_0|intel_vvp_dil_0|duplicator|output_gen[1].dout_data[16]                                                            ; u0|intel_vvp_dil_0|intel_vvp_dil_0|line_buffer|resend_inst|line_buffer_l0_ram_inst|write_data_pipe[16]                                                               ; 0.230             ;
; u0|intel_vvp_dil_0|intel_vvp_dil_0|duplicator|output_gen[1].dout_data[10]                                                            ; u0|intel_vvp_dil_0|intel_vvp_dil_0|line_buffer|resend_inst|line_buffer_l0_ram_inst|write_data_pipe[10]                                                               ; 0.230             ;
; u0|intel_vvp_dil_0|intel_vvp_dil_0|line_buffer|resend_inst|line_buffer_main_ram_inst|write_data_pipe[13]                             ; u0|intel_vvp_dil_0|intel_vvp_dil_0|line_buffer|resend_inst|line_buffer_main_ram_inst|ram_gen[1].line_buffer_l0_ram_inst|auto_generated|altsyncram1|ram_block2a3~reg0 ; 0.226             ;
; u0|intel_vvp_adv_tpg_0|intel_vvp_adv_tpg_0|core_inst_1|state.INIT2                                                                   ; u0|intel_vvp_adv_tpg_0|intel_vvp_adv_tpg_0|core_inst_1|state.INIT3                                                                                                   ; 0.226             ;
; u0|intel_vvp_dil_0|intel_vvp_dil_0|line_buffer|resend_inst|line_buffer_l0_ram_inst|write_data_pipe[3]                                ; u0|intel_vvp_dil_0|intel_vvp_dil_0|line_buffer|resend_inst|line_buffer_l0_ram_inst|ram_gen[0].line_buffer_l0_ram_inst|auto_generated|altsyncram1|ram_block2a3~reg0   ; 0.223             ;
; u0|intel_vvp_dil_0|intel_vvp_dil_0|line_buffer|resend_inst|last_delay[1]                                                             ; u0|intel_vvp_dil_0|intel_vvp_dil_0|line_buffer|resend_inst|dout_last                                                                                                 ; 0.223             ;
; u0|intel_vvp_adv_tpg_0|intel_vvp_adv_tpg_0|scheduler|ctrl_out_gen.internal_ctrl_data[1][15]                                          ; u0|intel_vvp_adv_tpg_0|intel_vvp_adv_tpg_0|scheduler|ctrl_out_gen.internal_ctrl_data[0][15]                                                                          ; 0.223             ;
; u0|intel_vvp_adv_tpg_0|intel_vvp_adv_tpg_0|scheduler|tpg_core_cmd_gen[1].core_cmd_master_inst|pipe_bridge_inst|axi_st_dout_tdata[49] ; u0|intel_vvp_adv_tpg_0|intel_vvp_adv_tpg_0|core_inst_1|grey_region                                                                                                   ; 0.223             ;
; u0|intel_vvp_adv_tpg_0|intel_vvp_adv_tpg_0|scheduler|tpg_core_cmd_gen[1].core_cmd_master_inst|pipe_bridge_inst|tdata_reg[47]         ; u0|intel_vvp_adv_tpg_0|intel_vvp_adv_tpg_0|scheduler|tpg_core_cmd_gen[1].core_cmd_master_inst|pipe_bridge_inst|axi_st_dout_tdata[47]                                 ; 0.222             ;
; u0|intel_vvp_dil_0|intel_vvp_dil_0|line_buffer|resend_inst|line_buffer_l0_ram_inst|write_data_pipe[17]                               ; u0|intel_vvp_dil_0|intel_vvp_dil_0|line_buffer|resend_inst|line_buffer_l0_ram_inst|ram_gen[1].line_buffer_l0_ram_inst|auto_generated|altsyncram1|ram_block2a7~reg0   ; 0.222             ;
; u0|intel_vvp_dil_0|intel_vvp_dil_0|duplicator|output_gen[1].dout_data[6]                                                             ; u0|intel_vvp_dil_0|intel_vvp_dil_0|line_buffer|resend_inst|line_buffer_l0_ram_inst|write_data_pipe[6]                                                                ; 0.222             ;
; u0|intel_vvp_dil_0|intel_vvp_dil_0|duplicator|output_gen[1].dout_data[2]                                                             ; u0|intel_vvp_dil_0|intel_vvp_dil_0|line_buffer|resend_inst|line_buffer_l0_ram_inst|write_data_pipe[2]                                                                ; 0.222             ;
; u0|intel_vvp_dil_0|intel_vvp_dil_0|iib|ctrl_data[7]                                                                                  ; u0|intel_vvp_dil_0|intel_vvp_dil_0|oib|ccd_data[7]                                                                                                                   ; 0.222             ;
; u0|intel_vvp_adv_tpg_0|intel_vvp_adv_tpg_0|mixer_inst_0|dp_inst|valid_pipe_delay[0]                                                  ; u0|intel_vvp_adv_tpg_0|intel_vvp_adv_tpg_0|mixer_inst_0|dp_inst|valid_pipe_delay[1]                                                                                  ; 0.222             ;
; u0|intel_vvp_adv_tpg_0|intel_vvp_adv_tpg_0|scheduler|ctrl_out_gen.internal_ctrl_data[1][0]                                           ; u0|intel_vvp_adv_tpg_0|intel_vvp_adv_tpg_0|scheduler|ctrl_out_gen.internal_ctrl_data[0][0]                                                                           ; 0.221             ;
; u0|intel_vvp_dil_0|intel_vvp_dil_0|duplicator|output_gen[1].dout_data[11]                                                            ; u0|intel_vvp_dil_0|intel_vvp_dil_0|line_buffer|resend_inst|line_buffer_l0_ram_inst|write_data_pipe[11]                                                               ; 0.220             ;
; u0|intel_vvp_dil_0|intel_vvp_dil_0|line_buffer|resend_inst|write_state.WRITE_INIT_0                                                  ; u0|intel_vvp_dil_0|intel_vvp_dil_0|line_buffer|resend_inst|write_state.WRITE_INIT_1                                                                                  ; 0.220             ;
; u0|intel_vvp_adv_tpg_0|intel_vvp_adv_tpg_0|out_bridge|ccd_data[12]                                                                   ; u0|intel_vvp_dil_0|intel_vvp_dil_0|iib|ctrl_data[12]                                                                                                                 ; 0.220             ;
; u0|intel_vvp_dil_0|intel_vvp_dil_0|line_buffer|resend_inst|lb_enable_delay[1]                                                        ; u0|intel_vvp_dil_0|intel_vvp_dil_0|line_buffer|resend_inst|line_buffer_main_ram_inst|write_enable_pipe                                                               ; 0.219             ;
; u0|intel_vvp_dil_0|intel_vvp_dil_0|line_buffer|resend_inst|line_buffer_l0_ram_inst|write_data_pipe[1]                                ; u0|intel_vvp_dil_0|intel_vvp_dil_0|line_buffer|resend_inst|line_buffer_l0_ram_inst|ram_gen[0].line_buffer_l0_ram_inst|auto_generated|altsyncram1|ram_block2a1~reg0   ; 0.219             ;
; u0|intel_vvp_adv_tpg_0|intel_vvp_adv_tpg_0|core_inst_0|bar_remainder_gt_zero                                                         ; u0|intel_vvp_adv_tpg_0|intel_vvp_adv_tpg_0|core_inst_0|next_bar_width[1]                                                                                             ; 0.219             ;
; u0|intel_vvp_dil_0|intel_vvp_dil_0|scheduler|iip_packet_received0.packet_type[1]                                                     ; u0|intel_vvp_dil_0|intel_vvp_dil_0|oib|ccd_data[1]                                                                                                                   ; 0.219             ;
; u0|intel_vvp_adv_tpg_0|intel_vvp_adv_tpg_0|core_inst_0|pure_user_out[0]                                                              ; u0|intel_vvp_adv_tpg_0|intel_vvp_adv_tpg_0|mixer_inst_0|dp_inst|user_pipe_delay[0][0]                                                                                ; 0.218             ;
; u0|intel_vvp_dil_0|intel_vvp_dil_0|line_buffer|resend_inst|do_send                                                                   ; u0|intel_vvp_dil_0|intel_vvp_dil_0|line_buffer|resend_inst|valid_delay[0]                                                                                            ; 0.218             ;
; u0|intel_vvp_adv_tpg_0|intel_vvp_adv_tpg_0|scheduler|tpg_core_cmd_gen[1].core_cmd_master_inst|pipe_bridge_inst|tdata_reg[43]         ; u0|intel_vvp_adv_tpg_0|intel_vvp_adv_tpg_0|scheduler|tpg_core_cmd_gen[1].core_cmd_master_inst|pipe_bridge_inst|axi_st_dout_tdata[43]                                 ; 0.218             ;
; u0|intel_vvp_adv_tpg_0|intel_vvp_adv_tpg_0|mixer_inst_0|dp_inst|user_pipe_delay[2][0]                                                ; u0|intel_vvp_adv_tpg_0|intel_vvp_adv_tpg_0|mixer_inst_0|dp_inst|dout_user[0]                                                                                         ; 0.216             ;
; u0|intel_vvp_adv_tpg_0|intel_vvp_adv_tpg_0|core_inst_0|state.INIT2                                                                   ; u0|intel_vvp_adv_tpg_0|intel_vvp_adv_tpg_0|core_inst_0|state.INIT3                                                                                                   ; 0.216             ;
; u0|intel_vvp_adv_tpg_0|intel_vvp_adv_tpg_0|scheduler|tpg_core_cmd_gen[1].core_cmd_master_inst|pipe_bridge_inst|axi_st_dout_tdata[48] ; u0|intel_vvp_adv_tpg_0|intel_vvp_adv_tpg_0|core_inst_1|colour_region                                                                                                 ; 0.216             ;
; u0|intel_vvp_dil_0|intel_vvp_dil_0|line_buffer|resend_inst|line_buffer_l0_ram_inst|write_data_pipe[7]                                ; u0|intel_vvp_dil_0|intel_vvp_dil_0|line_buffer|resend_inst|line_buffer_l0_ram_inst|ram_gen[0].line_buffer_l0_ram_inst|auto_generated|altsyncram1|ram_block2a7~reg0   ; 0.216             ;
; u0|intel_vvp_adv_tpg_0|intel_vvp_adv_tpg_0|scheduler|tpg_core_cmd_gen[1].core_cmd_master_inst|pipe_bridge_inst|tdata_reg[42]         ; u0|intel_vvp_adv_tpg_0|intel_vvp_adv_tpg_0|scheduler|tpg_core_cmd_gen[1].core_cmd_master_inst|pipe_bridge_inst|axi_st_dout_tdata[42]                                 ; 0.216             ;
; u0|intel_vvp_dil_0|intel_vvp_dil_0|duplicator|output_gen[1].dout_data[14]                                                            ; u0|intel_vvp_dil_0|intel_vvp_dil_0|line_buffer|resend_inst|line_buffer_l0_ram_inst|write_data_pipe[14]                                                               ; 0.215             ;
; u0|intel_vvp_dil_0|intel_vvp_dil_0|iib|dout_data[14]                                                                                 ; u0|intel_vvp_dil_0|intel_vvp_dil_0|duplicator|output_gen[0].dout_data[14]                                                                                            ; 0.215             ;
; u0|intel_vvp_dil_0|intel_vvp_dil_0|line_buffer|resend_inst|line_buffer_main_ram_inst|write_data_pipe[11]                             ; u0|intel_vvp_dil_0|intel_vvp_dil_0|line_buffer|resend_inst|line_buffer_main_ram_inst|ram_gen[1].line_buffer_l0_ram_inst|auto_generated|altsyncram1|ram_block2a1~reg0 ; 0.212             ;
; u0|intel_vvp_dil_0|intel_vvp_dil_0|mux|data_mux_inst|intermediate_results[0][0][21]                                                  ; u0|intel_vvp_dil_0|intel_vvp_dil_0|oib|ccd_data[21]                                                                                                                  ; 0.212             ;
; u0|intel_vvp_dil_0|intel_vvp_dil_0|line_buffer|resend_inst|valid_delay[0]                                                            ; u0|intel_vvp_dil_0|intel_vvp_dil_0|line_buffer|resend_inst|valid_delay[1]                                                                                            ; 0.212             ;
; u0|intel_vvp_dil_0|intel_vvp_dil_0|duplicator|output_gen[1].dout_data[19]                                                            ; u0|intel_vvp_dil_0|intel_vvp_dil_0|line_buffer|resend_inst|line_buffer_l0_ram_inst|write_data_pipe[19]                                                               ; 0.212             ;
; u0|intel_vvp_dil_0|intel_vvp_dil_0|duplicator|output_gen[1].dout_data[13]                                                            ; u0|intel_vvp_dil_0|intel_vvp_dil_0|line_buffer|resend_inst|line_buffer_l0_ram_inst|write_data_pipe[13]                                                               ; 0.212             ;
; u0|intel_vvp_adv_tpg_0|intel_vvp_adv_tpg_0|scheduler|tpg_core_cmd_gen[1].core_cmd_master_inst|pipe_bridge_inst|tdata_reg[44]         ; u0|intel_vvp_adv_tpg_0|intel_vvp_adv_tpg_0|scheduler|tpg_core_cmd_gen[1].core_cmd_master_inst|pipe_bridge_inst|axi_st_dout_tdata[44]                                 ; 0.212             ;
; u0|intel_vvp_adv_tpg_0|intel_vvp_adv_tpg_0|scheduler|tpg_core_cmd_gen[1].core_cmd_master_inst|pipe_bridge_inst|tdata_reg[45]         ; u0|intel_vvp_adv_tpg_0|intel_vvp_adv_tpg_0|scheduler|tpg_core_cmd_gen[1].core_cmd_master_inst|pipe_bridge_inst|axi_st_dout_tdata[45]                                 ; 0.212             ;
; u0|intel_vvp_dil_0|intel_vvp_dil_0|line_buffer|resend_inst|do_shift                                                                  ; u0|intel_vvp_dil_0|intel_vvp_dil_0|line_buffer|resend_inst|lb_enable_delay[0]                                                                                        ; 0.212             ;
; u0|intel_vvp_adv_tpg_0|intel_vvp_adv_tpg_0|scheduler|tpg_core_cmd_gen[1].core_cmd_master_inst|pipe_bridge_inst|tdata_reg[41]         ; u0|intel_vvp_adv_tpg_0|intel_vvp_adv_tpg_0|scheduler|tpg_core_cmd_gen[1].core_cmd_master_inst|pipe_bridge_inst|axi_st_dout_tdata[41]                                 ; 0.211             ;
; u0|intel_vvp_dil_0|intel_vvp_dil_0|scheduler|line_count[16]                                                                          ; u0|intel_vvp_dil_0|intel_vvp_dil_0|scheduler|state.INC_LINE_CNT                                                                                                      ; 0.209             ;
; u0|intel_vvp_adv_tpg_0|intel_vvp_adv_tpg_0|scheduler|ctrl_out_gen.internal_ctrl_data[1][6]                                           ; u0|intel_vvp_adv_tpg_0|intel_vvp_adv_tpg_0|scheduler|ctrl_out_gen.internal_ctrl_data[0][6]                                                                           ; 0.208             ;
; u0|intel_vvp_adv_tpg_0|intel_vvp_adv_tpg_0|scheduler|tpg_core_cmd_gen[1].core_cmd_master_inst|pipe_bridge_inst|tdata_reg[36]         ; u0|intel_vvp_adv_tpg_0|intel_vvp_adv_tpg_0|scheduler|tpg_core_cmd_gen[1].core_cmd_master_inst|pipe_bridge_inst|axi_st_dout_tdata[36]                                 ; 0.208             ;
; u0|intel_vvp_adv_tpg_0|intel_vvp_adv_tpg_0|core_inst_1|bar_remainder_gt_zero                                                         ; u0|intel_vvp_adv_tpg_0|intel_vvp_adv_tpg_0|core_inst_1|next_bar_width[1]                                                                                             ; 0.208             ;
; u0|intel_vvp_adv_tpg_0|intel_vvp_adv_tpg_0|scheduler|ctrl_out_gen.internal_ctrl_data[1][14]                                          ; u0|intel_vvp_adv_tpg_0|intel_vvp_adv_tpg_0|scheduler|ctrl_out_gen.internal_ctrl_data[0][14]                                                                          ; 0.204             ;
; u0|intel_vvp_adv_tpg_0|intel_vvp_adv_tpg_0|mixer_inst_0|dp_inst|user_pipe_delay[0][0]                                                ; u0|intel_vvp_adv_tpg_0|intel_vvp_adv_tpg_0|mixer_inst_0|dp_inst|user_pipe_delay[1][0]                                                                                ; 0.204             ;
; u0|intel_vvp_adv_tpg_0|intel_vvp_adv_tpg_0|scheduler|ctrl_out_gen.internal_ctrl_data[1][8]                                           ; u0|intel_vvp_adv_tpg_0|intel_vvp_adv_tpg_0|scheduler|ctrl_out_gen.internal_ctrl_data[0][8]                                                                           ; 0.204             ;
; u0|intel_vvp_dil_0|intel_vvp_dil_0|scheduler|line_buffer_op_code[2]                                                                  ; u0|intel_vvp_dil_0|intel_vvp_dil_0|line_buffer|resend_inst|write_state.WRITE_IDLE                                                                                    ; 0.203             ;
; u0|intel_vvp_dil_0|intel_vvp_dil_0|line_buffer|resend_inst|user_delay[0][0]                                                          ; u0|intel_vvp_dil_0|intel_vvp_dil_0|line_buffer|resend_inst|user_delay[1][0]                                                                                          ; 0.203             ;
; u0|intel_vvp_dil_0|intel_vvp_dil_0|line_buffer|resend_inst|write_state.WRITE_INIT_1                                                  ; u0|intel_vvp_dil_0|intel_vvp_dil_0|line_buffer|resend_inst|write_state.WRITE_WAIT_SPACE                                                                              ; 0.201             ;
; u0|intel_vvp_adv_tpg_0|intel_vvp_adv_tpg_0|mixer_inst_0|dp_inst|user_pipe_delay[1][0]                                                ; u0|intel_vvp_adv_tpg_0|intel_vvp_adv_tpg_0|mixer_inst_0|dp_inst|user_pipe_delay[2][0]                                                                                ; 0.200             ;
; u0|intel_vvp_adv_tpg_0|intel_vvp_adv_tpg_0|scheduler|tpg_core_cmd_gen[0].core_cmd_master_inst|pipe_bridge_inst|tdata_reg[33]         ; u0|intel_vvp_adv_tpg_0|intel_vvp_adv_tpg_0|scheduler|tpg_core_cmd_gen[0].core_cmd_master_inst|pipe_bridge_inst|axi_st_dout_tdata[1]                                  ; 0.198             ;
; u0|intel_vvp_dil_0|intel_vvp_dil_0|iib|dout_data[12]                                                                                 ; u0|intel_vvp_dil_0|intel_vvp_dil_0|duplicator|output_gen[0].dout_data[12]                                                                                            ; 0.197             ;
; u0|intel_vvp_adv_tpg_0|intel_vvp_adv_tpg_0|scheduler|tpg_core_cmd_gen[1].core_cmd_master_inst|pipe_bridge_inst|tdata_reg[1]          ; u0|intel_vvp_adv_tpg_0|intel_vvp_adv_tpg_0|scheduler|tpg_core_cmd_gen[1].core_cmd_master_inst|pipe_bridge_inst|axi_st_dout_tdata[10]                                 ; 0.197             ;
; u0|intel_vvp_dil_0|intel_vvp_dil_0|mux|data_mux_inst|intermediate_results[0][0][16]                                                  ; u0|intel_vvp_dil_0|intel_vvp_dil_0|oib|ccd_data[16]                                                                                                                  ; 0.197             ;
+--------------------------------------------------------------------------------------------------------------------------------------+----------------------------------------------------------------------------------------------------------------------------------------------------------------------+-------------------+
Note: This table only shows the top 100 path(s) that have the largest delay added for hold.


