Flow report for example_proj
Wed Apr 29 18:00:11 2026
Quartus Prime Version 25.1.1 Build 125 07/31/2025 Patches 1.31 SC Pro Edition


---------------------
; Table of Contents ;
---------------------
  1. Flow Summary
  2. Flow Settings
  3. Flow Non-Default Global Settings
  4. Flow Elapsed Time
  5. Flow OS Summary
  6. Flow Log
  7. Legal Notice



+---------------------------------------------------------------------------------------+
; Flow Summary                                                                          ;
+-----------------------------+---------------------------------------------------------+
; Flow Status                 ; Successful - Wed Apr 29 18:00:11 2026                   ;
; Quartus Prime Version       ; 25.1.1 Build 125 07/31/2025 Patches 1.31 SC Pro Edition ;
; Revision Name               ; example_proj                                            ;
; Top-level Entity Name       ; top                                                     ;
; Family                      ; Cyclone 10 GX                                           ;
; Device                      ; 10CX220YF672E5G                                         ;
; Timing Models               ; Final                                                   ;
; Power Models                ; Final                                                   ;
; Device Status               ; Final                                                   ;
; Logic utilization (in ALMs) ; 609 / 80,330 ( < 1 % )                                  ;
; Total registers             ; 1056                                                    ;
; Total pins                  ; 32 / 284 ( 11 % )                                       ;
; Total virtual pins          ; 0                                                       ;
; Total block memory bits     ; 98,304 / 12,021,760 ( < 1 % )                           ;
; Total RAM Blocks            ; 6 / 587 ( 1 % )                                         ;
; Total DSP Blocks            ; 3 / 192 ( 2 % )                                         ;
; Total HSSI RX channels      ; 0 / 10 ( 0 % )                                          ;
; Total HSSI TX channels      ; 0 / 10 ( 0 % )                                          ;
; Total PLLs                  ; 0 / 27 ( 0 % )                                          ;
+-----------------------------+---------------------------------------------------------+


+-----------------------------------------+
; Flow Settings                           ;
+-------------------+---------------------+
; Option            ; Setting             ;
+-------------------+---------------------+
; Start date & time ; 04/29/2026 17:57:37 ;
; Main task         ; Compilation         ;
; Revision Name     ; example_proj        ;
+-------------------+---------------------+


+---------------------------------------------------------------------------------------------------------------------------------------------------------------------+
; Flow Non-Default Global Settings                                                                                                                                    ;
+--------------------------+-------------------------------------------------------------------------------------------+---------------+-------------+----------------+
; Assignment Name          ; Value                                                                                     ; Default Value ; Entity Name ; Section Id     ;
+--------------------------+-------------------------------------------------------------------------------------------+---------------+-------------+----------------+
; COMPILER_SIGNATURE_ID    ; 71125532752932.177746745755592                                                            ; --            ; --          ; --             ;
; EDA_OUTPUT_DATA_FORMAT   ; Verilog Hdl                                                                               ; --            ; --          ; eda_simulation ;
; EDA_TIME_SCALE           ; 1 ps                                                                                      ; --            ; --          ; eda_simulation ;
; MAX_CORE_JUNCTION_TEMP   ; 100                                                                                       ; --            ; --          ; --             ;
; MIN_CORE_JUNCTION_TEMP   ; 0                                                                                         ; --            ; --          ; --             ;
; MISC_FILE                ; /mnt/ssd2/Faruqi/ip/pl_sys/pl_sys_clock_in/pl_sys_clock_in.cmp                            ; --            ; --          ; --             ;
; MISC_FILE                ; /mnt/ssd2/Faruqi/ip/pl_sys/pl_sys_clock_in.ip                                             ; --            ; --          ; --             ;
; MISC_FILE                ; /mnt/ssd2/Faruqi/ip/pl_sys/pl_sys_intel_vvp_adv_tpg_0/pl_sys_intel_vvp_adv_tpg_0.cmp      ; --            ; --          ; --             ;
; MISC_FILE                ; /mnt/ssd2/Faruqi/ip/pl_sys/pl_sys_intel_vvp_adv_tpg_0.ip                                  ; --            ; --          ; --             ;
; MISC_FILE                ; /mnt/ssd2/Faruqi/ip/pl_sys/pl_sys_intel_vvp_dil_0/pl_sys_intel_vvp_dil_0.cmp              ; --            ; --          ; --             ;
; MISC_FILE                ; /mnt/ssd2/Faruqi/ip/pl_sys/pl_sys_intel_vvp_dil_0.ip                                      ; --            ; --          ; --             ;
; MISC_FILE                ; /mnt/ssd2/Faruqi/ip/pl_sys/pl_sys_reset_in/pl_sys_reset_in.cmp                            ; --            ; --          ; --             ;
; MISC_FILE                ; /mnt/ssd2/Faruqi/ip/pl_sys/pl_sys_reset_in.ip                                             ; --            ; --          ; --             ;
; MISC_FILE                ; /mnt/ssd2/Faruqi/pl_sys/pl_sys.cmp                                                        ; --            ; --          ; --             ;
; MISC_FILE                ; /mnt/ssd2/Faruqi/pl_sys.qsys                                                              ; --            ; --          ; --             ;
; PROJECT_OUTPUT_DIRECTORY ; /mnt/ssd2/Faruqi/output_files                                                             ; --            ; --          ; --             ;
; SOPCINFO_FILE            ; /mnt/ssd2/Faruqi/ip/pl_sys/pl_sys_clock_in/pl_sys_clock_in.sopcinfo                       ; --            ; --          ; --             ;
; SOPCINFO_FILE            ; /mnt/ssd2/Faruqi/ip/pl_sys/pl_sys_intel_vvp_adv_tpg_0/pl_sys_intel_vvp_adv_tpg_0.sopcinfo ; --            ; --          ; --             ;
; SOPCINFO_FILE            ; /mnt/ssd2/Faruqi/ip/pl_sys/pl_sys_intel_vvp_dil_0/pl_sys_intel_vvp_dil_0.sopcinfo         ; --            ; --          ; --             ;
; SOPCINFO_FILE            ; /mnt/ssd2/Faruqi/ip/pl_sys/pl_sys_reset_in/pl_sys_reset_in.sopcinfo                       ; --            ; --          ; --             ;
; SOPCINFO_FILE            ; /mnt/ssd2/Faruqi/pl_sys/pl_sys.sopcinfo                                                   ; --            ; --          ; --             ;
; TOP_LEVEL_ENTITY         ; top                                                                                       ; example_proj  ; --          ; --             ;
+--------------------------+-------------------------------------------------------------------------------------------+---------------+-------------+----------------+


+------------------------------------------------------+
; Flow Elapsed Time                                    ;
+-----------------+--------------+---------------------+
; Module Name     ; Elapsed Time ; Peak Virtual Memory ;
+-----------------+--------------+---------------------+
; Synthesis       ; 00:00:33     ; 1964 MB             ;
; Fitter          ; 00:01:35     ; 5573 MB             ;
; Timing Analyzer ; 00:00:12     ; 3155 MB             ;
; Assembler       ; 00:00:07     ; 1665 MB             ;
; Total           ; 00:02:27     ; --                  ;
+-----------------+--------------+---------------------+


+----------------------------------------------------------------------------+
; Flow OS Summary                                                            ;
+-----------------+------------------+---------+------------+----------------+
; Module Name     ; Machine Hostname ; OS Name ; OS Version ; Processor type ;
+-----------------+------------------+---------+------------+----------------+
; Synthesis       ; ipaa-10xe        ; Ubuntu  ; 20         ; x86_64         ;
; Fitter          ; ipaa-10xe        ; Ubuntu  ; 20         ; x86_64         ;
; Timing Analyzer ; ipaa-10xe        ; Ubuntu  ; 20         ; x86_64         ;
; Assembler       ; ipaa-10xe        ; Ubuntu  ; 20         ; x86_64         ;
+-----------------+------------------+---------+------------+----------------+


------------
; Flow Log ;
------------
quartus_syn --read_settings_files=on --write_settings_files=off example_proj -c example_proj
quartus_fit --read_settings_files=on --write_settings_files=off example_proj -c example_proj
quartus_sta example_proj -c example_proj --mode=finalize
quartus_asm --read_settings_files=on --write_settings_files=off example_proj -c example_proj



----------------
; Legal Notice ;
----------------
Copyright (C) 2025  Altera Corporation. All rights reserved.
Your use of Altera Corporation's design tools, logic functions 
and other software and tools, and any partner logic 
functions, and any output files from any of the foregoing 
(including device programming or simulation files), and any 
associated documentation or information are expressly subject 
to the terms and conditions of the Altera Program License 
Subscription Agreement, the Altera Quartus Prime License Agreement,
the Altera IP License Agreement, or other applicable license
agreement, including, without limitation, that your use is for
the sole purpose of programming logic devices manufactured by
Altera and sold by Altera or its authorized distributors.  Please
refer to the Altera Software License Subscription Agreements 
on the Quartus Prime software download page.



