Synthesis Analysis & Elaboration Stage Report for example_proj
Wed Apr 29 17:58:02 2026
Quartus Prime Version 25.1.1 Build 125 07/31/2025 Patches 1.31 SC Pro Edition


---------------------
; Table of Contents ;
---------------------
  1. Legal Notice
  2. Source Assignments for User Entity altera_reset_controller Instance: u0|rst_controller
  3. Source Assignments for User Entity altera_reset_synchronizer Instance: u0|rst_controller|alt_rst_sync_uq1
  4. Source Assignments for User Entity altera_reset_synchronizer_1 Instance: u0|rst_controller|alt_rst_req_sync_uq1
  5. Parameter Settings for User Entity altera_reset_controller Instance: u0|rst_controller
  6. Parameter Settings for User Entity pl_sys_intel_vvp_dil_0_intel_vvp_dil_2451_zskkody Instance: u0|intel_vvp_dil_0|intel_vvp_dil_0
  7. Parameter Settings for User Entity altera_reset_synchronizer Instance: u0|rst_controller|alt_rst_sync_uq1
  8. Parameter Settings for User Entity altera_reset_synchronizer_1 Instance: u0|rst_controller|alt_rst_req_sync_uq1
  9. Top Causes of Logic Optimized Away During Sweep
 10. Analysis & Elaboration Messages



----------------
; Legal Notice ;
----------------
Copyright (C) 2025  Altera Corporation. All rights reserved.
Your use of Altera Corporation's design tools, logic functions 
and other software and tools, and any partner logic 
functions, and any output files from any of the foregoing 
(including device programming or simulation files), and any 
associated documentation or information are expressly subject 
to the terms and conditions of the Altera Program License 
Subscription Agreement, the Altera Quartus Prime License Agreement,
the Altera IP License Agreement, or other applicable license
agreement, including, without limitation, that your use is for
the sole purpose of programming logic devices manufactured by
Altera and sold by Altera or its authorized distributors.  Please
refer to the Altera Software License Subscription Agreements 
on the Quartus Prime software download page.



+--------------------------------------------------------------------------------------------------------+
; Source Assignments for User Entity altera_reset_controller Instance: u0|rst_controller                 ;
+-------------------+-------+------+-------------------------------------+-------------------------------+
; Assignment        ; Value ; From ; To                                  ; Source Location               ;
+-------------------+-------+------+-------------------------------------+-------------------------------+
; PRESERVE_REGISTER ; ON    ; -    ; altera_reset_synchronizer_int_chain ; altera_reset_controller.v:140 ;
+-------------------+-------+------+-------------------------------------+-------------------------------+
All Instances:
u0|rst_controller



+-----------------------------------------------------------------------------------------------------------------+
; Source Assignments for User Entity altera_reset_synchronizer Instance: u0|rst_controller|alt_rst_sync_uq1       ;
+---------------------------+-------+------+-------------------------------------+--------------------------------+
; Assignment                ; Value ; From ; To                                  ; Source Location                ;
+---------------------------+-------+------+-------------------------------------+--------------------------------+
; SUPPRESS_DA_RULE_INTERNAL ; R101  ; -    ; reset_in                            ; altera_reset_synchronizer.v:29 ;
; PRESERVE_REGISTER         ; ON    ; -    ; altera_reset_synchronizer_int_chain ; altera_reset_synchronizer.v:47 ;
+---------------------------+-------+------+-------------------------------------+--------------------------------+
All Instances:
u0|rst_controller|alt_rst_sync_uq1



+-----------------------------------------------------------------------------------------------------------------+
; Source Assignments for User Entity altera_reset_synchronizer_1 Instance: u0|rst_controller|alt_rst_req_sync_uq1 ;
+---------------------------+-------+------+-------------------------------------+--------------------------------+
; Assignment                ; Value ; From ; To                                  ; Source Location                ;
+---------------------------+-------+------+-------------------------------------+--------------------------------+
; SUPPRESS_DA_RULE_INTERNAL ; R101  ; -    ; reset_in                            ; altera_reset_synchronizer.v:29 ;
; PRESERVE_REGISTER         ; ON    ; -    ; altera_reset_synchronizer_int_chain ; altera_reset_synchronizer.v:47 ;
+---------------------------+-------+------+-------------------------------------+--------------------------------+
All Instances:
u0|rst_controller|alt_rst_req_sync_uq1



+----------------------------------------------------------------------------------------+
; Parameter Settings for User Entity altera_reset_controller Instance: u0|rst_controller ;
+---------------------------+-------+----------------------------------------------------+
; Parameter Name            ; Value ; Type                                               ;
+---------------------------+-------+----------------------------------------------------+
; ADAPT_RESET_REQUEST       ; 0     ; Signed Integer                                     ;
; MIN_RST_ASSERTION_TIME    ; 3     ; Signed Integer                                     ;
; NUM_RESET_INPUTS          ; 1     ; Signed Integer                                     ;
; OUTPUT_RESET_SYNC_EDGES   ; both  ; String                                             ;
; RESET_REQUEST_PRESENT     ; 0     ; Signed Integer                                     ;
; RESET_REQ_EARLY_DSRT_TIME ; 1     ; Signed Integer                                     ;
; RESET_REQ_WAIT_TIME       ; 1     ; Signed Integer                                     ;
; SYNC_DEPTH                ; 2     ; Signed Integer                                     ;
; USE_RESET_REQUEST_IN0     ; 0     ; Signed Integer                                     ;
; USE_RESET_REQUEST_IN1     ; 0     ; Signed Integer                                     ;
; USE_RESET_REQUEST_IN10    ; 0     ; Signed Integer                                     ;
; USE_RESET_REQUEST_IN11    ; 0     ; Signed Integer                                     ;
; USE_RESET_REQUEST_IN12    ; 0     ; Signed Integer                                     ;
; USE_RESET_REQUEST_IN13    ; 0     ; Signed Integer                                     ;
; USE_RESET_REQUEST_IN14    ; 0     ; Signed Integer                                     ;
; USE_RESET_REQUEST_IN15    ; 0     ; Signed Integer                                     ;
; USE_RESET_REQUEST_IN2     ; 0     ; Signed Integer                                     ;
; USE_RESET_REQUEST_IN3     ; 0     ; Signed Integer                                     ;
; USE_RESET_REQUEST_IN4     ; 0     ; Signed Integer                                     ;
; USE_RESET_REQUEST_IN5     ; 0     ; Signed Integer                                     ;
; USE_RESET_REQUEST_IN6     ; 0     ; Signed Integer                                     ;
; USE_RESET_REQUEST_IN7     ; 0     ; Signed Integer                                     ;
; USE_RESET_REQUEST_IN8     ; 0     ; Signed Integer                                     ;
; USE_RESET_REQUEST_IN9     ; 0     ; Signed Integer                                     ;
+---------------------------+-------+----------------------------------------------------+
All Instances:
u0|rst_controller



+-----------------------------------------------------------------------------------------------------------------------------------+
; Parameter Settings for User Entity pl_sys_intel_vvp_dil_0_intel_vvp_dil_2451_zskkody Instance: u0|intel_vvp_dil_0|intel_vvp_dil_0 ;
+------------------------+-------+--------------------------------------------------------------------------------------------------+
; Parameter Name         ; Value ; Type                                                                                             ;
+------------------------+-------+--------------------------------------------------------------------------------------------------+
; BPS                    ; 8     ; Signed Integer                                                                                   ;
; CLOCKS_ARE_SEPARATE    ; 1     ; Signed Integer                                                                                   ;
; ENABLE_DEBUG           ; 0     ; Signed Integer                                                                                   ;
; FIFO                   ; 0     ; Signed Integer                                                                                   ;
; MAX_WIDTH              ; 2048  ; Signed Integer                                                                                   ;
; NUMBER_OF_COLOR_PLANES ; 3     ; Signed Integer                                                                                   ;
; PIPELINE_READY         ; 0     ; Signed Integer                                                                                   ;
; PIXELS_IN_PARALLEL     ; 1     ; Signed Integer                                                                                   ;
; P_AV_MM_ADDR_WIDTH     ; 32    ; Signed Integer                                                                                   ;
; P_AV_MM_DATA_WIDTH     ; 32    ; Signed Integer                                                                                   ;
; READ_BURST_TARGET      ; 32    ; Signed Integer                                                                                   ;
; RUNTIME_CONTROL        ; 0     ; Signed Integer                                                                                   ;
; WRITE_BURST_TARGET     ; 32    ; Signed Integer                                                                                   ;
+------------------------+-------+--------------------------------------------------------------------------------------------------+
All Instances:
u0|intel_vvp_dil_0|intel_vvp_dil_0



+-----------------------------------------------------------------------------------------------------------+
; Parameter Settings for User Entity altera_reset_synchronizer Instance: u0|rst_controller|alt_rst_sync_uq1 ;
+----------------+-------+----------------------------------------------------------------------------------+
; Parameter Name ; Value ; Type                                                                             ;
+----------------+-------+----------------------------------------------------------------------------------+
; ASYNC_RESET    ; 0     ; Unsigned Binary                                                                  ;
; DEPTH          ; 2     ; Signed Integer                                                                   ;
+----------------+-------+----------------------------------------------------------------------------------+
All Instances:
u0|rst_controller|alt_rst_sync_uq1



+-----------------------------------------------------------------------------------------------------------------+
; Parameter Settings for User Entity altera_reset_synchronizer_1 Instance: u0|rst_controller|alt_rst_req_sync_uq1 ;
+----------------+-------+----------------------------------------------------------------------------------------+
; Parameter Name ; Value ; Type                                                                                   ;
+----------------+-------+----------------------------------------------------------------------------------------+
; ASYNC_RESET    ; 0     ; Signed Integer                                                                         ;
; DEPTH          ; 2     ; Signed Integer                                                                         ;
+----------------+-------+----------------------------------------------------------------------------------------+
All Instances:
u0|rst_controller|alt_rst_req_sync_uq1



Top root causes of logic optimization that have been identified during sweep. For more details and filtering options, ensure that you have compiled with the "Enable RTL Analysis Debug Mode " setting turned on under Assignments->Settings->Compiler Settings, then go to the " Root Causes Tab " in the " Sweep Hints Viewer " tool in the " RTL Analyzer ".
+-------------------------------------------------------------------------------------------------------------------------------------------------------------------+
; Top Causes of Logic Optimized Away During Sweep                                                                                                                   ;
+----------------------------------------------------------------------------------------------------------+------------------+---------------+---------------------+
; Root Object Path                                                                                         ; Root Object Type ; Root Reason   ; Swept Objects Count ;
+----------------------------------------------------------------------------------------------------------+------------------+---------------+---------------------+
; u0|intel_vvp_dil_0|intel_vvp_dil_0|scheduler|axi_st_cmd_buff_tdata[21]                                   ; OUTPUT_PORT      ; stuck at 0    ; 17                  ;
; u0|intel_vvp_adv_tpg_0|intel_vvp_adv_tpg_0|core_inst_1|pip_gen[0].col_gen[0].bar_lut|output_colour[3]    ; OUTPUT_PORT      ; stuck at 0    ; 16                  ;
; u0|intel_vvp_adv_tpg_0|intel_vvp_adv_tpg_0|core_inst_1|pip_gen[0].col_gen[1].bar_lut|output_colour[3]    ; OUTPUT_PORT      ; stuck at 0    ; 16                  ;
; u0|intel_vvp_adv_tpg_0|intel_vvp_adv_tpg_0|core_inst_1|pip_gen[0].col_gen[2].bar_lut|output_colour[3]    ; OUTPUT_PORT      ; stuck at 0    ; 16                  ;
; u0|intel_vvp_adv_tpg_0|intel_vvp_adv_tpg_0|out_bridge|ccd_master_inst|din_user[2]                        ; INPUT_INST_PORT  ; stuck at 0    ; 15                  ;
; u0|intel_vvp_adv_tpg_0|intel_vvp_adv_tpg_0|out_bridge|axi_st_data_in_tuser[1]                            ; INPUT_PORT       ; has no fanout ; 13                  ;
; u0|intel_vvp_adv_tpg_0|intel_vvp_adv_tpg_0|core_inst_0|pip_gen[0].col_gen[0].bar_lut|output_colour[3]    ; OUTPUT_PORT      ; stuck at 0    ; 13                  ;
; u0|intel_vvp_adv_tpg_0|intel_vvp_adv_tpg_0|core_inst_0|pip_gen[0].col_gen[1].bar_lut|output_colour[3]    ; OUTPUT_PORT      ; stuck at 0    ; 13                  ;
; u0|intel_vvp_adv_tpg_0|intel_vvp_adv_tpg_0|core_inst_0|pip_gen[0].col_gen[2].bar_lut|output_colour[3]    ; OUTPUT_PORT      ; stuck at 0    ; 13                  ;
; u0|intel_vvp_adv_tpg_0|intel_vvp_adv_tpg_0|scheduler|mixer_cmd_gen[0].mixer_cmd_master_inst|din_data[39] ; INPUT_INST_PORT  ; stuck at 0    ; 12                  ;
+----------------------------------------------------------------------------------------------------------+------------------+---------------+---------------------+
Table limited at 10 items. To change the number of top root causes reported, set the "Number of Top Root Causes Reported in Synthesis Report " option under Assignments->Settings->Compiler Settings->Advanced Settings (Synthesis)


+---------------------------------+
; Analysis & Elaboration Messages ;
+---------------------------------+
Info: *******************************************************************
Info: Running Quartus Prime Synthesis
    Info: Version 25.1.1 Build 125 07/31/2025 Patches 1.31 SC Pro Edition
    Info: Processing started: Wed Apr 29 17:57:35 2026
    Info: System process ID: 579880
Info: Command: quartus_syn --read_settings_files=on --write_settings_files=off example_proj -c example_proj
Info: qis_default_flow_script.tcl version: #1
Info: Initializing Synthesis...
Info: Project = "example_proj"
Info: Revision = "example_proj"
Info (21958): Initialized Quartus Message Database
Info: Analyzing source files
Info (18237): File "/mnt/ssd2/Faruqi/ip/pl_sys/pl_sys_intel_vvp_dil_0/intel_vvp_reset_sync_2440/synth/src_hdl/intel_vvp_reset_sync.sv" is a duplicate of already analyzed file "/mnt/ssd2/Faruqi/ip/pl_sys/pl_sys_intel_vvp_adv_tpg_0/intel_vvp_reset_sync_2440/synth/src_hdl/intel_vvp_reset_sync.sv" (same filename, same library name and same md5 digest). Skipping analysis of this file.
Info (18237): File "/mnt/ssd2/Faruqi/ip/pl_sys/pl_sys_intel_vvp_dil_0/intel_vvp_output_interface_bridge_2440/synth/intel_vvp_common_pkg.sv" is a duplicate of already analyzed file "/mnt/ssd2/Faruqi/ip/pl_sys/pl_sys_intel_vvp_adv_tpg_0/intel_vvp_output_interface_bridge_2440/synth/intel_vvp_common_pkg.sv" (same filename, same library name and same md5 digest). Skipping analysis of this file.
Info (18237): File "/mnt/ssd2/Faruqi/ip/pl_sys/pl_sys_intel_vvp_dil_0/intel_vvp_output_interface_bridge_2440/synth/intel_vvp_axi_pipeline_stage.sv" is a duplicate of already analyzed file "/mnt/ssd2/Faruqi/ip/pl_sys/pl_sys_intel_vvp_adv_tpg_0/intel_vvp_output_interface_bridge_2440/synth/intel_vvp_axi_pipeline_stage.sv" (same filename, same library name and same md5 digest). Skipping analysis of this file.
Info (18237): File "/mnt/ssd2/Faruqi/ip/pl_sys/pl_sys_intel_vvp_dil_0/intel_vvp_output_interface_bridge_2440/synth/intel_vvp_axi_master.sv" is a duplicate of already analyzed file "/mnt/ssd2/Faruqi/ip/pl_sys/pl_sys_intel_vvp_adv_tpg_0/intel_vvp_output_interface_bridge_2440/synth/intel_vvp_axi_master.sv" (same filename, same library name and same md5 digest). Skipping analysis of this file.
Info (18237): File "/mnt/ssd2/Faruqi/ip/pl_sys/pl_sys_intel_vvp_dil_0/intel_vvp_output_interface_bridge_2440/synth/src_hdl/intel_vvp_output_interface_bridge.sv" is a duplicate of already analyzed file "/mnt/ssd2/Faruqi/ip/pl_sys/pl_sys_intel_vvp_adv_tpg_0/intel_vvp_output_interface_bridge_2440/synth/src_hdl/intel_vvp_output_interface_bridge.sv" (same filename, same library name and same md5 digest). Skipping analysis of this file.
Info: Elaborating from top-level entity "top"
Info (18235): Library search order is as follows: "pl_sys_clock_in; pl_sys_reset_in; altera_reset_controller_1924; pl_sys; intel_vvp_reset_sync_2440; intel_vvp_adv_tpg_scheduler_2451; intel_vvp_output_interface_bridge_2440; intel_vvp_tpg_bars_algo_comp_2451; intel_vvp_mixer_algo_comp_2451; intel_vvp_adv_tpg_2451; pl_sys_intel_vvp_adv_tpg_0; intel_vvp_input_interface_bridge_2440; intel_vvp_pkt_mux_2450; intel_vvp_pkt_duplicator_2450; intel_vvp_dil_bob_algo_comp_2451; intel_vvp_dil_bob_scheduler_2451; intel_vvp_line_buffer_2440; intel_vvp_dil_2451; pl_sys_intel_vvp_dil_0". Quartus will look for undefined design units in your libraries in that order. To modify the ordering, please specify a semi-colon separated library list using the assignment LIBRARY_SEARCH_ORDER.
Info (22567): Verilog HDL info at intel_vvp_adv_tpg_scheduler.sv(2208): extracting RAM for identifier 'sigtap_secs' File: /mnt/ssd2/Faruqi/ip/pl_sys/pl_sys_intel_vvp_adv_tpg_0/intel_vvp_adv_tpg_scheduler_2451/synth/src_hdl/intel_vvp_adv_tpg_scheduler.sv Line: 2208
Info (22567): Verilog HDL info at intel_vvp_adv_tpg_scheduler.sv(2208): extracting RAM for identifier 'sigtap_frames' File: /mnt/ssd2/Faruqi/ip/pl_sys/pl_sys_intel_vvp_adv_tpg_0/intel_vvp_adv_tpg_scheduler_2451/synth/src_hdl/intel_vvp_adv_tpg_scheduler.sv Line: 2208
Warning (13469): Verilog HDL assignment warning at intel_vvp_adv_tpg_scheduler.sv(2208): truncated value with size 16 to match size of target (14) File: /mnt/ssd2/Faruqi/ip/pl_sys/pl_sys_intel_vvp_adv_tpg_0/intel_vvp_adv_tpg_scheduler_2451/synth/src_hdl/intel_vvp_adv_tpg_scheduler.sv Line: 2208
Warning (13469): Verilog HDL assignment warning at intel_vvp_adv_tpg_scheduler.sv(2208): truncated value with size 16 to match size of target (15) File: /mnt/ssd2/Faruqi/ip/pl_sys/pl_sys_intel_vvp_adv_tpg_0/intel_vvp_adv_tpg_scheduler_2451/synth/src_hdl/intel_vvp_adv_tpg_scheduler.sv Line: 2208
Info (22567): Verilog HDL info at intel_vvp_dil_bob_scheduler.sv(1251): extracting RAM for identifier 'ctrl_reg_in' File: /mnt/ssd2/Faruqi/ip/pl_sys/pl_sys_intel_vvp_dil_0/intel_vvp_dil_bob_scheduler_2451/synth/src_hdl/intel_vvp_dil_bob_scheduler.sv Line: 1251
Info: Found 103 design entities
Info: There are 98 partitions after elaboration.
Info (19337): VHDL info at altera_ocp_endpoint.vhd(122): executing entity "altera_ocp_endpoint(sld_ocp_timeout=3600,sld_ocp_soft_timeout=0,sld_ocp_ip_info="01101010111101110000000011101110")(1,32)" with architecture "rtl" File: /mnt/ssd2/Quartus_Setup_Installation/quartus/libraries/megafunctions/altera_ocp_endpoint.vhd Line: 122
Info (19337): VHDL info at altera_fabric_endpoint.vhd(126): executing entity "altera_fabric_endpoint(send_width=2,receive_width=1,settings="{fabric ocp dir agent sld_ocp_timeout 3600 sld_ocp_soft_timeout 0 sld_ocp_ip_info {01101010111101110000000011101110} type_name 0 instance_name 0 psig 89ac057a}")(1,159)" with architecture "rtl" File: /mnt/ssd2/Quartus_Setup_Installation/quartus/libraries/megafunctions/altera_fabric_endpoint.vhd Line: 126
Warning (23195): Intel FPGA IP Evaluation Mode feature is turned on for the following cores:
    Warning (23196): "IP-VVP" will use the Intel FPGA IP Evaluation Mode feature.
Warning (265072): Messages from megafunction that supports Intel FPGA IP Evaluation Mode feature
    Warning (265073): Messages from megafunction that supports Intel FPGA IP Evaluation Mode feature IP-VVP
        Warning (265074): The Video&Vision Processing functions will be disabled after time-out is reached
        Warning (265074): The Video&Vision Processing functions will be disabled after time-out is reached
        Warning (265074): The Video&Vision Processing functions will be disabled after time-out is reached
        Warning (265074): The Video&Vision Processing functions will be disabled after time-out is reached
        Warning (265074): The Video&Vision Processing functions will be disabled after time-out is reached
Warning (265069): Megafunction that supports Intel FPGA IP Evaluation Mode feature will stop functioning in 1 hour after device is programmed
Info (265071): Evaluation period of megafunction that supports Intel FPGA IP Evaluation Mode feature can be extended indefinitely by using tethered operation
Info: DA report generation in native DNI mode
Info (21615): Running Design Assistant Rules for snapshot 'partitioned'
Info: No waiver waived any violations
Info (22360): Design Assistant Results: 3 of 3 enabled rules passed, and 0 rules was disabled, in snapshot 'partitioned'
Info (21622): Design Assistant Results: 0 of 3 Low severity rules issued violations in snapshot 'partitioned'


