Assembler report for example_proj
Wed Apr 29 18:00:11 2026
Quartus Prime Version 25.1.1 Build 125 07/31/2025 Patches 1.31 SC Pro Edition


---------------------
; Table of Contents ;
---------------------
  1. Legal Notice
  2. Assembler Summary
  3. Assembler Settings
  4. Assembler Messages
  5. Assembler Encrypted IP Cores Summary



----------------
; Legal Notice ;
----------------
Copyright (C) 2025  Altera Corporation. All rights reserved.
Your use of Altera Corporation's design tools, logic functions 
and other software and tools, and any partner logic 
functions, and any output files from any of the foregoing 
(including device programming or simulation files), and any 
associated documentation or information are expressly subject 
to the terms and conditions of the Altera Program License 
Subscription Agreement, the Altera Quartus Prime License Agreement,
the Altera IP License Agreement, or other applicable license
agreement, including, without limitation, that your use is for
the sole purpose of programming logic devices manufactured by
Altera and sold by Altera or its authorized distributors.  Please
refer to the Altera Software License Subscription Agreements 
on the Quartus Prime software download page.



+---------------------------------------------------------------+
; Assembler Summary                                             ;
+-----------------------+---------------------------------------+
; Assembler Status      ; Successful - Wed Apr 29 18:00:11 2026 ;
; Revision Name         ; example_proj                          ;
; Top-level Entity Name ; top                                   ;
; Family                ; Cyclone 10 GX                         ;
; Device                ; 10CX220YF672E5G                       ;
; Timing Models         ; Final                                 ;
; Power Models          ; Final                                 ;
; Device Status         ; Final                                 ;
+-----------------------+---------------------------------------+


+----------------------------------------------------------------------------------------------------+
; Assembler Settings                                                                                 ;
+------------------------------------------------------------------+----------------+----------------+
; Option                                                           ; Setting        ; Default Value  ;
+------------------------------------------------------------------+----------------+----------------+
; Enable parallel Assembler and Timing Analyzer during compilation ; On             ; On             ;
; Enable compact report table                                      ; Off            ; Off            ;
; Design Assistant include IP blocks                               ; Off            ; Off            ;
; High fanout net threshold for RAM inference                      ; 15             ; 15             ;
; Design Assistant limit on reported violations per rule           ; 5000           ; 5000           ;
; Generate compressed bitstreams                                   ; On             ; On             ;
; Auto user code                                                   ; On             ; On             ;
; Configuration device                                             ; Auto           ; Auto           ;
; Voltage output format                                            ; Auto discovery ; Auto discovery ;
; Translated voltage value unit                                    ; Volts          ; Volts          ;
; Configuration device auto user code                              ; Off            ; Off            ;
; Generate Partial Reconfiguration Raw Binary File (.rbf)          ; Off            ; Off            ;
; Release clears before tri-states                                 ; Off            ; Off            ;
; Auto-restart configuration after error                           ; On             ; On             ;
; Enable OCT_DONE                                                  ; Off            ; Off            ;
; Enable autonomous PCIe HIP mode                                  ; Off            ; Off            ;
; Generate programming files                                       ; Off            ; Off            ;
; Enables the HPS early release of HPS IO                          ; Off            ; Off            ;
+------------------------------------------------------------------+----------------+----------------+


+--------------------+
; Assembler Messages ;
+--------------------+
Info: *******************************************************************
Info: Running Quartus Prime Assembler
    Info: Version 25.1.1 Build 125 07/31/2025 Patches 1.31 SC Pro Edition
    Info: Processing started: Wed Apr 29 18:00:05 2026
    Info: System process ID: 584109
Info: Command: quartus_asm --read_settings_files=on --write_settings_files=off example_proj -c example_proj
Info (16677): Loading final database.
Info (16734): Loading "final" snapshot for partition "root_partition".
Info (16678): Successfully loaded final database: elapsed time is 00:00:04.
Critical Warning (25196): A programming file will not be generated because the assembler identified user pins missing pin location assignments. Refer to the I/O Assignment Warnings table in the fitter report for a list of unassigned pins. You can assign these pins in the Pin Planner tool and recompile to allow programming file generation to pass.
Critical Warning (25207): A programming file will not be generated because the assembler identified some pins have missing I/O Standard assignments. Refer to the I/O Assignment Warnings table in the fitter report for details.
Info: Quartus Prime Assembler was successful. 0 errors, 2 warnings
    Info: Peak virtual memory: 1793 megabytes
    Info: Processing ended: Wed Apr 29 18:00:12 2026
    Info: Elapsed time: 00:00:07
    Info: System process ID: 584109


+-----------------------------------------------------------------------+
; Assembler Encrypted IP Cores Summary                                  ;
+--------+----------------------------------------------+---------------+
; Vendor ; IP Core Name                                 ; License Type  ;
+--------+----------------------------------------------+---------------+
; Altera ; Video and Image Processing Suite (6AF7 00EE) ; OpenCore Plus ;
; Altera ; Video and Image Processing Suite (6AF7 00EE) ; Licensed      ;
; Altera ; Signal Tap (6AF7 BCEC)                       ; Licensed      ;
+--------+----------------------------------------------+---------------+


