Fitter Place Stage Report for example_proj
Wed Apr 29 17:59:15 2026
Quartus Prime Version 25.1.1 Build 125 07/31/2025 Patches 1.31 SC Pro Edition


---------------------
; Table of Contents ;
---------------------
  1. Legal Notice
  2. Fitter Resource Usage Summary
  3. Fitter Resource Utilization by Entity
  4. Fitter RAM Summary
  5. Fitter Physical RAM Information
  6. Fitter DSP Block Usage Summary
  7. Place Messages



----------------
; Legal Notice ;
----------------
Copyright (C) 2025  Altera Corporation. All rights reserved.
Your use of Altera Corporation's design tools, logic functions 
and other software and tools, and any partner logic 
functions, and any output files from any of the foregoing 
(including device programming or simulation files), and any 
associated documentation or information are expressly subject 
to the terms and conditions of the Altera Program License 
Subscription Agreement, the Altera Quartus Prime License Agreement,
the Altera IP License Agreement, or other applicable license
agreement, including, without limitation, that your use is for
the sole purpose of programming logic devices manufactured by
Altera and sold by Altera or its authorized distributors.  Please
refer to the Altera Software License Subscription Agreements 
on the Quartus Prime software download page.



+-------------------------------------------------------------------------------------------+
; Fitter Resource Usage Summary                                                             ;
+-------------------------------------------------------------+---------------------+-------+
; Resource                                                    ; Usage               ; %     ;
+-------------------------------------------------------------+---------------------+-------+
; Usage Report Generated after: Place                         ;                     ;       ;
;                                                             ;                     ;       ;
; Logic utilization (ALMs needed / total ALMs on device)      ; 609 / 80,330        ; < 1 % ;
; ALMs needed [=A-B+C]                                        ; 609                 ;       ;
;     [A] ALMs used in final placement [=a+b+c+d]             ; 734 / 80,330        ; < 1 % ;
;         [a] ALMs used for LUT logic and registers           ; 327                 ;       ;
;         [b] ALMs used for LUT logic                         ; 248                 ;       ;
;         [c] ALMs used for registers                         ; 159                 ;       ;
;         [d] ALMs used for memory (up to half of total ALMs) ; 0                   ;       ;
;     [B] Estimate of ALMs recoverable by dense packing       ; 128 / 80,330        ; < 1 % ;
;     [C] Estimate of ALMs unavailable [=a+b+c+d]             ; 3 / 80,330          ; < 1 % ;
;         [a] Due to location constrained logic               ; 0                   ;       ;
;         [b] Due to LAB-wide signal conflicts                ; 0                   ;       ;
;         [c] Due to LAB input limits                         ; 3                   ;       ;
;         [d] Due to virtual I/Os                             ; 0                   ;       ;
;                                                             ;                     ;       ;
; Difficulty packing design                                   ; Low                 ;       ;
;                                                             ;                     ;       ;
; Total LABs:  partially or completely used                   ; 98 / 8,033          ; 1 %   ;
;     -- Logic LABs                                           ; 98                  ;       ;
;     -- Memory LABs (up to half of total LABs)               ; 0                   ;       ;
;                                                             ;                     ;       ;
; Combinational ALUT usage for logic                          ; 975                 ;       ;
;     -- 7 input functions                                    ; 9                   ;       ;
;     -- 6 input functions                                    ; 164                 ;       ;
;     -- 5 input functions                                    ; 102                 ;       ;
;     -- 4 input functions                                    ; 80                  ;       ;
;     -- <=3 input functions                                  ; 620                 ;       ;
; Combinational ALUT usage for route-throughs                 ; 295                 ;       ;
;                                                             ;                     ;       ;
; Dedicated logic registers                                   ; 1,038               ;       ;
;     -- By type:                                             ;                     ;       ;
;         -- Primary logic registers                          ; 971 / 160,660       ; < 1 % ;
;         -- Secondary logic registers                        ; 67 / 160,660        ; < 1 % ;
;     -- By function:                                         ;                     ;       ;
;         -- Design implementation registers                  ; 1,038               ;       ;
;         -- Routing optimization registers                   ; 0                   ;       ;
;                                                             ;                     ;       ;
; ALMs adjustment for power estimation                        ; 93                  ;       ;
;                                                             ;                     ;       ;
; Virtual pins                                                ; 0                   ;       ;
; I/O pins                                                    ; 32 / 284            ; 11 %  ;
;     -- Clock pins                                           ; 1 / 14              ; 7 %   ;
;     -- Dedicated input pins                                 ; 0 / 31              ; 0 %   ;
;                                                             ;                     ;       ;
; M20K blocks                                                 ; 6 / 587             ; 1 %   ;
; Total MLAB memory bits                                      ; 0                   ;       ;
; Total block memory bits                                     ; 98,304 / 12,021,760 ; < 1 % ;
;                                                             ;                     ;       ;
; DSP Blocks Needed [=A+B+C-D]                                ; 3 / 192             ; 2 %   ;
;     [A] Total Fixed Point DSP Blocks                        ; 3                   ;       ;
;     [B] Total Floating Point DSP Blocks                     ; 0                   ;       ;
;     [C] Total DSP_PRIME Blocks                              ; 0                   ;       ;
;     [D] Estimate of DSP Blocks recoverable by dense merging ; 0                   ;       ;
;                                                             ;                     ;       ;
; IOPLLs                                                      ; 0 / 6               ; 0 %   ;
; FPLLs                                                       ; 0 / 4               ; 0 %   ;
; Global signals                                              ; 0                   ;       ;
;     -- Global clocks                                        ; 0 / 32              ; 0 %   ;
;     -- Regional clocks                                      ; 0 / 8               ; 0 %   ;
;     -- Periphery clocks                                     ; 0 / 144             ; 0 %   ;
; JTAGs                                                       ; 0 / 1               ; 0 %   ;
; ASMI blocks                                                 ; 0 / 1               ; 0 %   ;
; CRC blocks                                                  ; 0 / 1               ; 0 %   ;
; Remote update blocks                                        ; 0 / 1               ; 0 %   ;
; Oscillator blocks                                           ; 0 / 1               ; 0 %   ;
; PCIe Hard IPs                                               ; 0 / 1               ; 0 %   ;
; HSSI RX PCSs                                                ; 0 / 10              ; 0 %   ;
; HSSI PMA RX DESERs                                          ; 0 / 10              ; 0 %   ;
; HSSI TX PCSs                                                ; 0 / 10              ; 0 %   ;
; HSSI PMA TX SERs                                            ; 0 / 10              ; 0 %   ;
; HSSI CDR PLL                                                ; 0 / 10              ; 0 %   ;
;     -- CDR PLLs for Unused RX Clock Workaround              ; 0 / 10              ; 0 %   ;
; HSSI ATX PLL                                                ; 0 / 3               ; 0 %   ;
; Impedance control blocks                                    ; 0 / 7               ; 0 %   ;
; Maximum fan-out                                             ; 196                 ;       ;
; Highest non-global fan-out                                  ; 196                 ;       ;
; Total fan-out                                               ; 6996                ;       ;
; Average fan-out                                             ; 3.28                ;       ;
+-------------------------------------------------------------+---------------------+-------+
The Fitter Resource Usage Summary report displays a detailed analysis of logic utilization based on calculations of ALM usage. Refer to <a class="xref" href="https://www.intel.com/content/www/us/en/programmable/quartushelp/current/index.htm#mapIdTopics/mwh1465496451103.htm" target="_blank">Fitter Resource Usage Summary Report</a> in the <i>Intel® Quartus® Prime Pro Edition Help</i> for more information.


+------------------------------------------------------------------------------------------------------------------------------------------------------------------------------------------------------------------------------------------------------------------------------------------------------------------------------------------------------------------------------------------------------------------------------------------------------------------------------------------------------------------------------------------------------------------------------------------------------------------------------------------------------------------------------------------------------------------------------------------------------------------+
; Fitter Resource Utilization by Entity                                                                                                                                                                                                                                                                                                                                                                                                                                                                                                                                                                                                                                                                                                                            ;
+---------------------------------------------------------------------------+----------------------+----------------------------------+---------------------------------------------------+----------------------------------+----------------------+---------------------+---------------------------+---------------+-------------------+-------+--------------------------+----------------------------------------+---------------------------------------------------+------+--------------+--------+----------------------------------------------------------------------------------------------------------------------------------------------------+-----------------------------------------------------------+----------------------------------------+
; Compilation Hierarchy Node                                                ; ALMs needed [=A-B+C] ; [A] ALMs used in final placement ; [B] Estimate of ALMs recoverable by dense packing ; [C] Estimate of ALMs unavailable ; ALMs used for memory ; Combinational ALUTs ; Dedicated Logic Registers ; I/O Registers ; Block Memory Bits ; M20Ks ; DSP Blocks needed [=A-B] ; [A] DSP Blocks used in final placement ; [B] Estimate of DSPs recoverable by dense merging ; Pins ; Virtual Pins ; IOPLLs ; Full Hierarchy Name                                                                                                                                ; Entity Name                                               ; Library Name                           ;
+---------------------------------------------------------------------------+----------------------+----------------------------------+---------------------------------------------------+----------------------------------+----------------------+---------------------+---------------------------+---------------+-------------------+-------+--------------------------+----------------------------------------+---------------------------------------------------+------+--------------+--------+----------------------------------------------------------------------------------------------------------------------------------------------------+-----------------------------------------------------------+----------------------------------------+
; |                                                                         ; 608.5 (0.5)          ; 733.0 (0.5)                      ; 127.5 (0.0)                                       ; 3.0 (0.0)                        ; 0.0 (0.0)            ; 975 (1)             ; 1038 (0)                  ; 0 (0)         ; 98304             ; 6     ; 3                        ; 3                                      ; 0                                                 ; 64   ; 0            ; 0 (0)  ; |                                                                                                                                                  ; top                                                       ; altera_work                            ;
;    |u0|                                                                   ; 608.0 (0.0)          ; 732.5 (0.0)                      ; 127.5 (0.0)                                       ; 3.0 (0.0)                        ; 0.0 (0.0)            ; 974 (0)             ; 1038 (0)                  ; 0 (0)         ; 98304             ; 6     ; 3                        ; 3                                      ; 0                                                 ; 0    ; 0            ; 0 (0)  ; u0                                                                                                                                                 ; pl_sys                                                    ; pl_sys                                 ;
;       |intel_vvp_adv_tpg_0|                                               ; 323.2 (0.0)          ; 352.1 (0.0)                      ; 31.3 (0.0)                                        ; 2.5 (0.0)                        ; 0.0 (0.0)            ; 513 (0)             ; 417 (0)                   ; 0 (0)         ; 0                 ; 0     ; 3                        ; 3                                      ; 0                                                 ; 0    ; 0            ; 0 (0)  ; u0|intel_vvp_adv_tpg_0                                                                                                                             ; pl_sys_intel_vvp_adv_tpg_0                                ; pl_sys_intel_vvp_adv_tpg_0             ;
;          |intel_vvp_adv_tpg_0|                                            ; 323.2 (0.0)          ; 352.1 (0.0)                      ; 31.3 (0.0)                                        ; 2.5 (0.0)                        ; 0.0 (0.0)            ; 513 (0)             ; 417 (0)                   ; 0 (0)         ; 0                 ; 0     ; 3                        ; 3                                      ; 0                                                 ; 0    ; 0            ; 0 (0)  ; u0|intel_vvp_adv_tpg_0|intel_vvp_adv_tpg_0                                                                                                         ; pl_sys_intel_vvp_adv_tpg_0_intel_vvp_adv_tpg_2451_7zqrhlq ; intel_vvp_adv_tpg_2451                 ;
;             |core_inst_0|                                                 ; 33.0 (31.3)          ; 35.8 (33.7)                      ; 3.8 (3.4)                                         ; 1.0 (1.0)                        ; 0.0 (0.0)            ; 56 (52)             ; 57 (57)                   ; 0 (0)         ; 0                 ; 0     ; 0                        ; 0                                      ; 0                                                 ; 0    ; 0            ; 0 (0)  ; u0|intel_vvp_adv_tpg_0|intel_vvp_adv_tpg_0|core_inst_0                                                                                             ; intel_vvp_tpg_bars_algo_comp                              ; intel_vvp_tpg_bars_algo_comp_2451      ;
;                |dout_master_inst|                                         ; 0.7 (0.7)            ; 0.7 (0.7)                        ; 0.0 (0.0)                                         ; 0.0 (0.0)                        ; 0.0 (0.0)            ; 1 (1)               ; 0 (0)                     ; 0 (0)         ; 0                 ; 0     ; 0                        ; 0                                      ; 0                                                 ; 0    ; 0            ; 0 (0)  ; u0|intel_vvp_adv_tpg_0|intel_vvp_adv_tpg_0|core_inst_0|dout_master_inst                                                                            ; intel_vvp_axi_master                                      ; intel_vvp_tpg_bars_algo_comp_2451      ;
;                |pip_gen[0].col_gen[0].bar_lut|                            ; 0.2 (0.2)            ; 0.5 (0.5)                        ; 0.2 (0.2)                                         ; 0.0 (0.0)                        ; 0.0 (0.0)            ; 1 (1)               ; 0 (0)                     ; 0 (0)         ; 0                 ; 0     ; 0                        ; 0                                      ; 0                                                 ; 0    ; 0            ; 0 (0)  ; u0|intel_vvp_adv_tpg_0|intel_vvp_adv_tpg_0|core_inst_0|pip_gen[0].col_gen[0].bar_lut                                                               ; intel_vvp_tpg_bars_algo_comp_lut                          ; intel_vvp_tpg_bars_algo_comp_2451      ;
;                |pip_gen[0].col_gen[1].bar_lut|                            ; 0.2 (0.2)            ; 0.5 (0.5)                        ; 0.2 (0.2)                                         ; 0.0 (0.0)                        ; 0.0 (0.0)            ; 1 (1)               ; 0 (0)                     ; 0 (0)         ; 0                 ; 0     ; 0                        ; 0                                      ; 0                                                 ; 0    ; 0            ; 0 (0)  ; u0|intel_vvp_adv_tpg_0|intel_vvp_adv_tpg_0|core_inst_0|pip_gen[0].col_gen[1].bar_lut                                                               ; intel_vvp_tpg_bars_algo_comp_lut                          ; intel_vvp_tpg_bars_algo_comp_2451      ;
;                |pip_gen[0].col_gen[2].bar_lut|                            ; 0.2 (0.2)            ; 0.5 (0.5)                        ; 0.2 (0.2)                                         ; 0.0 (0.0)                        ; 0.0 (0.0)            ; 1 (1)               ; 0 (0)                     ; 0 (0)         ; 0                 ; 0     ; 0                        ; 0                                      ; 0                                                 ; 0    ; 0            ; 0 (0)  ; u0|intel_vvp_adv_tpg_0|intel_vvp_adv_tpg_0|core_inst_0|pip_gen[0].col_gen[2].bar_lut                                                               ; intel_vvp_tpg_bars_algo_comp_lut                          ; intel_vvp_tpg_bars_algo_comp_2451      ;
;             |core_inst_1|                                                 ; 46.9 (39.9)          ; 49.0 (40.2)                      ; 2.2 (0.3)                                         ; 0.0 (0.0)                        ; 0.0 (0.0)            ; 73 (58)             ; 72 (72)                   ; 0 (0)         ; 0                 ; 0     ; 0                        ; 0                                      ; 0                                                 ; 0    ; 0            ; 0 (0)  ; u0|intel_vvp_adv_tpg_0|intel_vvp_adv_tpg_0|core_inst_1                                                                                             ; intel_vvp_tpg_bars_algo_comp                              ; intel_vvp_tpg_bars_algo_comp_2451      ;
;                |dout_master_inst|                                         ; 0.8 (0.8)            ; 0.8 (0.8)                        ; 0.0 (0.0)                                         ; 0.0 (0.0)                        ; 0.0 (0.0)            ; 2 (2)               ; 0 (0)                     ; 0 (0)         ; 0                 ; 0     ; 0                        ; 0                                      ; 0                                                 ; 0    ; 0            ; 0 (0)  ; u0|intel_vvp_adv_tpg_0|intel_vvp_adv_tpg_0|core_inst_1|dout_master_inst                                                                            ; intel_vvp_axi_master                                      ; intel_vvp_tpg_bars_algo_comp_2451      ;
;                |pip_gen[0].col_gen[0].bar_lut|                            ; 2.2 (2.2)            ; 3.7 (3.7)                        ; 1.5 (1.5)                                         ; 0.0 (0.0)                        ; 0.0 (0.0)            ; 7 (7)               ; 0 (0)                     ; 0 (0)         ; 0                 ; 0     ; 0                        ; 0                                      ; 0                                                 ; 0    ; 0            ; 0 (0)  ; u0|intel_vvp_adv_tpg_0|intel_vvp_adv_tpg_0|core_inst_1|pip_gen[0].col_gen[0].bar_lut                                                               ; intel_vvp_tpg_bars_algo_comp_lut                          ; intel_vvp_tpg_bars_algo_comp_2451      ;
;                |pip_gen[0].col_gen[1].bar_lut|                            ; 2.0 (2.0)            ; 2.0 (2.0)                        ; 0.0 (0.0)                                         ; 0.0 (0.0)                        ; 0.0 (0.0)            ; 3 (3)               ; 0 (0)                     ; 0 (0)         ; 0                 ; 0     ; 0                        ; 0                                      ; 0                                                 ; 0    ; 0            ; 0 (0)  ; u0|intel_vvp_adv_tpg_0|intel_vvp_adv_tpg_0|core_inst_1|pip_gen[0].col_gen[1].bar_lut                                                               ; intel_vvp_tpg_bars_algo_comp_lut                          ; intel_vvp_tpg_bars_algo_comp_2451      ;
;                |pip_gen[0].col_gen[2].bar_lut|                            ; 2.0 (2.0)            ; 2.3 (2.3)                        ; 0.3 (0.3)                                         ; 0.0 (0.0)                        ; 0.0 (0.0)            ; 3 (3)               ; 0 (0)                     ; 0 (0)         ; 0                 ; 0     ; 0                        ; 0                                      ; 0                                                 ; 0    ; 0            ; 0 (0)  ; u0|intel_vvp_adv_tpg_0|intel_vvp_adv_tpg_0|core_inst_1|pip_gen[0].col_gen[2].bar_lut                                                               ; intel_vvp_tpg_bars_algo_comp_lut                          ; intel_vvp_tpg_bars_algo_comp_2451      ;
;             |main_rst_bridge|                                             ; 0.3 (0.3)            ; 1.0 (1.0)                        ; 0.7 (0.7)                                         ; 0.0 (0.0)                        ; 0.0 (0.0)            ; 0 (0)               ; 3 (3)                     ; 0 (0)         ; 0                 ; 0     ; 0                        ; 0                                      ; 0                                                 ; 0    ; 0            ; 0 (0)  ; u0|intel_vvp_adv_tpg_0|intel_vvp_adv_tpg_0|main_rst_bridge                                                                                         ; intel_vvp_reset_sync                                      ; intel_vvp_reset_sync_2440              ;
;             |mixer_inst_0|                                                ; 110.5 (0.0)          ; 113.2 (0.0)                      ; 2.7 (0.0)                                         ; 0.0 (0.0)                        ; 0.0 (0.0)            ; 192 (0)             ; 61 (0)                    ; 0 (0)         ; 0                 ; 0     ; 3                        ; 3                                      ; 0                                                 ; 0    ; 0            ; 0 (0)  ; u0|intel_vvp_adv_tpg_0|intel_vvp_adv_tpg_0|mixer_inst_0                                                                                            ; intel_vvp_mixer_algo_comp                                 ; intel_vvp_mixer_algo_comp_2451         ;
;                |dout_master_inst|                                         ; 0.7 (0.7)            ; 0.7 (0.7)                        ; 0.0 (0.0)                                         ; 0.0 (0.0)                        ; 0.0 (0.0)            ; 1 (1)               ; 0 (0)                     ; 0 (0)         ; 0                 ; 0     ; 0                        ; 0                                      ; 0                                                 ; 0    ; 0            ; 0 (0)  ; u0|intel_vvp_adv_tpg_0|intel_vvp_adv_tpg_0|mixer_inst_0|dout_master_inst                                                                           ; intel_vvp_axi_master                                      ; intel_vvp_mixer_algo_comp_2451         ;
;                |dp_inst|                                                  ; 109.5 (58.0)         ; 112.6 (61.9)                     ; 3.1 (3.9)                                         ; 0.0 (0.0)                        ; 0.0 (0.0)            ; 191 (83)            ; 61 (37)                   ; 0 (0)         ; 0                 ; 0     ; 3                        ; 3                                      ; 0                                                 ; 0    ; 0            ; 0 (0)  ; u0|intel_vvp_adv_tpg_0|intel_vvp_adv_tpg_0|mixer_inst_0|dp_inst                                                                                    ; intel_vvp_mixer_algo_comp_dp                              ; intel_vvp_mixer_algo_comp_2451         ;
;                   |blended_pixel_gen[0].blended_col_gen[0].mult_add_inst| ; 12.3 (0.0)           ; 12.3 (0.0)                       ; 0.0 (0.0)                                         ; 0.0 (0.0)                        ; 0.0 (0.0)            ; 28 (0)              ; 0 (0)                     ; 0 (0)         ; 0                 ; 0     ; 1                        ; 1                                      ; 0                                                 ; 0    ; 0            ; 0 (0)  ; u0|intel_vvp_adv_tpg_0|intel_vvp_adv_tpg_0|mixer_inst_0|dp_inst|blended_pixel_gen[0].blended_col_gen[0].mult_add_inst                              ; intel_vvp_mult_add                                        ; intel_vvp_mixer_algo_comp_2451         ;
;                      |partial_gen[0].mult_2_inst|                         ; 12.3 (12.3)          ; 12.3 (12.3)                      ; 0.0 (0.0)                                         ; 0.0 (0.0)                        ; 0.0 (0.0)            ; 28 (28)             ; 0 (0)                     ; 0 (0)         ; 0                 ; 0     ; 1                        ; 1                                      ; 0                                                 ; 0    ; 0            ; 0 (0)  ; u0|intel_vvp_adv_tpg_0|intel_vvp_adv_tpg_0|mixer_inst_0|dp_inst|blended_pixel_gen[0].blended_col_gen[0].mult_add_inst|partial_gen[0].mult_2_inst   ; intel_vvp_2_mult_add                                      ; intel_vvp_mixer_algo_comp_2451         ;
;                   |blended_pixel_gen[0].blended_col_gen[0].round_inst|    ; 4.0 (4.0)            ; 4.0 (4.0)                        ; 0.0 (0.0)                                         ; 0.0 (0.0)                        ; 0.0 (0.0)            ; 8 (8)               ; 8 (8)                     ; 0 (0)         ; 0                 ; 0     ; 0                        ; 0                                      ; 0                                                 ; 0    ; 0            ; 0 (0)  ; u0|intel_vvp_adv_tpg_0|intel_vvp_adv_tpg_0|mixer_inst_0|dp_inst|blended_pixel_gen[0].blended_col_gen[0].round_inst                                 ; intel_vvp_round_sat                                       ; intel_vvp_mixer_algo_comp_2451         ;
;                   |blended_pixel_gen[0].blended_col_gen[1].mult_add_inst| ; 13.0 (0.0)           ; 13.5 (0.0)                       ; 0.5 (0.0)                                         ; 0.0 (0.0)                        ; 0.0 (0.0)            ; 28 (0)              ; 0 (0)                     ; 0 (0)         ; 0                 ; 0     ; 1                        ; 1                                      ; 0                                                 ; 0    ; 0            ; 0 (0)  ; u0|intel_vvp_adv_tpg_0|intel_vvp_adv_tpg_0|mixer_inst_0|dp_inst|blended_pixel_gen[0].blended_col_gen[1].mult_add_inst                              ; intel_vvp_mult_add                                        ; intel_vvp_mixer_algo_comp_2451         ;
;                      |partial_gen[0].mult_2_inst|                         ; 13.0 (13.0)          ; 13.5 (13.5)                      ; 0.5 (0.5)                                         ; 0.0 (0.0)                        ; 0.0 (0.0)            ; 28 (28)             ; 0 (0)                     ; 0 (0)         ; 0                 ; 0     ; 1                        ; 1                                      ; 0                                                 ; 0    ; 0            ; 0 (0)  ; u0|intel_vvp_adv_tpg_0|intel_vvp_adv_tpg_0|mixer_inst_0|dp_inst|blended_pixel_gen[0].blended_col_gen[1].mult_add_inst|partial_gen[0].mult_2_inst   ; intel_vvp_2_mult_add                                      ; intel_vvp_mixer_algo_comp_2451         ;
;                   |blended_pixel_gen[0].blended_col_gen[1].round_inst|    ; 4.0 (4.0)            ; 4.0 (4.0)                        ; 0.0 (0.0)                                         ; 0.0 (0.0)                        ; 0.0 (0.0)            ; 8 (8)               ; 8 (8)                     ; 0 (0)         ; 0                 ; 0     ; 0                        ; 0                                      ; 0                                                 ; 0    ; 0            ; 0 (0)  ; u0|intel_vvp_adv_tpg_0|intel_vvp_adv_tpg_0|mixer_inst_0|dp_inst|blended_pixel_gen[0].blended_col_gen[1].round_inst                                 ; intel_vvp_round_sat                                       ; intel_vvp_mixer_algo_comp_2451         ;
;                   |blended_pixel_gen[0].blended_col_gen[2].mult_add_inst| ; 12.8 (0.0)           ; 12.8 (0.0)                       ; 0.0 (0.0)                                         ; 0.0 (0.0)                        ; 0.0 (0.0)            ; 28 (0)              ; 0 (0)                     ; 0 (0)         ; 0                 ; 0     ; 1                        ; 1                                      ; 0                                                 ; 0    ; 0            ; 0 (0)  ; u0|intel_vvp_adv_tpg_0|intel_vvp_adv_tpg_0|mixer_inst_0|dp_inst|blended_pixel_gen[0].blended_col_gen[2].mult_add_inst                              ; intel_vvp_mult_add                                        ; intel_vvp_mixer_algo_comp_2451         ;
;                      |partial_gen[0].mult_2_inst|                         ; 12.8 (12.8)          ; 12.8 (12.8)                      ; 0.0 (0.0)                                         ; 0.0 (0.0)                        ; 0.0 (0.0)            ; 28 (28)             ; 0 (0)                     ; 0 (0)         ; 0                 ; 0     ; 1                        ; 1                                      ; 0                                                 ; 0    ; 0            ; 0 (0)  ; u0|intel_vvp_adv_tpg_0|intel_vvp_adv_tpg_0|mixer_inst_0|dp_inst|blended_pixel_gen[0].blended_col_gen[2].mult_add_inst|partial_gen[0].mult_2_inst   ; intel_vvp_2_mult_add                                      ; intel_vvp_mixer_algo_comp_2451         ;
;                   |blended_pixel_gen[0].blended_col_gen[2].round_inst|    ; 4.0 (4.0)            ; 4.0 (4.0)                        ; 0.0 (0.0)                                         ; 0.0 (0.0)                        ; 0.0 (0.0)            ; 8 (8)               ; 8 (8)                     ; 0 (0)         ; 0                 ; 0     ; 0                        ; 0                                      ; 0                                                 ; 0    ; 0            ; 0 (0)  ; u0|intel_vvp_adv_tpg_0|intel_vvp_adv_tpg_0|mixer_inst_0|dp_inst|blended_pixel_gen[0].blended_col_gen[2].round_inst                                 ; intel_vvp_round_sat                                       ; intel_vvp_mixer_algo_comp_2451         ;
;             |out_bridge|                                                  ; 14.8 (13.3)          ; 19.4 (17.8)                      ; 4.6 (4.5)                                         ; 0.0 (0.0)                        ; 0.0 (0.0)            ; 10 (7)              ; 30 (30)                   ; 0 (0)         ; 0                 ; 0     ; 0                        ; 0                                      ; 0                                                 ; 0    ; 0            ; 0 (0)  ; u0|intel_vvp_adv_tpg_0|intel_vvp_adv_tpg_0|out_bridge                                                                                              ; intel_vvp_output_interface_bridge                         ; intel_vvp_output_interface_bridge_2440 ;
;                |ccd_master_inst|                                          ; 1.5 (1.5)            ; 1.6 (1.6)                        ; 0.1 (0.1)                                         ; 0.0 (0.0)                        ; 0.0 (0.0)            ; 3 (3)               ; 0 (0)                     ; 0 (0)         ; 0                 ; 0     ; 0                        ; 0                                      ; 0                                                 ; 0    ; 0            ; 0 (0)  ; u0|intel_vvp_adv_tpg_0|intel_vvp_adv_tpg_0|out_bridge|ccd_master_inst                                                                              ; intel_vvp_axi_master                                      ; intel_vvp_output_interface_bridge_2440 ;
;             |scheduler|                                                   ; 117.7 (102.5)        ; 133.6 (111.1)                    ; 17.3 (9.7)                                        ; 1.5 (1.1)                        ; 0.0 (0.0)            ; 182 (168)           ; 194 (151)                 ; 0 (0)         ; 0                 ; 0     ; 0                        ; 0                                      ; 0                                                 ; 0    ; 0            ; 0 (0)  ; u0|intel_vvp_adv_tpg_0|intel_vvp_adv_tpg_0|scheduler                                                                                               ; intel_vvp_adv_tpg_scheduler                               ; intel_vvp_adv_tpg_scheduler_2451       ;
;                |mixer_cmd_gen[0].mixer_cmd_master_inst|                   ; 2.0 (0.0)            ; 2.8 (0.0)                        ; 0.8 (0.0)                                         ; 0.0 (0.0)                        ; 0.0 (0.0)            ; 4 (0)               ; 4 (0)                     ; 0 (0)         ; 0                 ; 0     ; 0                        ; 0                                      ; 0                                                 ; 0    ; 0            ; 0 (0)  ; u0|intel_vvp_adv_tpg_0|intel_vvp_adv_tpg_0|scheduler|mixer_cmd_gen[0].mixer_cmd_master_inst                                                        ; intel_vvp_axi_master                                      ; intel_vvp_adv_tpg_scheduler_2451       ;
;                   |pipe_bridge_inst|                                      ; 2.0 (2.0)            ; 2.8 (2.8)                        ; 0.8 (0.8)                                         ; 0.0 (0.0)                        ; 0.0 (0.0)            ; 4 (4)               ; 4 (4)                     ; 0 (0)         ; 0                 ; 0     ; 0                        ; 0                                      ; 0                                                 ; 0    ; 0            ; 0 (0)  ; u0|intel_vvp_adv_tpg_0|intel_vvp_adv_tpg_0|scheduler|mixer_cmd_gen[0].mixer_cmd_master_inst|pipe_bridge_inst                                       ; intel_vvp_axi_pipeline_stage                              ; intel_vvp_adv_tpg_scheduler_2451       ;
;                |tpg_core_cmd_gen[0].core_cmd_master_inst|                 ; 2.8 (0.0)            ; 3.5 (0.0)                        ; 0.7 (0.0)                                         ; 0.0 (0.0)                        ; 0.0 (0.0)            ; 5 (0)               ; 6 (0)                     ; 0 (0)         ; 0                 ; 0     ; 0                        ; 0                                      ; 0                                                 ; 0    ; 0            ; 0 (0)  ; u0|intel_vvp_adv_tpg_0|intel_vvp_adv_tpg_0|scheduler|tpg_core_cmd_gen[0].core_cmd_master_inst                                                      ; intel_vvp_axi_master                                      ; intel_vvp_adv_tpg_scheduler_2451       ;
;                   |pipe_bridge_inst|                                      ; 2.8 (2.8)            ; 3.5 (3.5)                        ; 0.7 (0.7)                                         ; 0.0 (0.0)                        ; 0.0 (0.0)            ; 5 (5)               ; 6 (6)                     ; 0 (0)         ; 0                 ; 0     ; 0                        ; 0                                      ; 0                                                 ; 0    ; 0            ; 0 (0)  ; u0|intel_vvp_adv_tpg_0|intel_vvp_adv_tpg_0|scheduler|tpg_core_cmd_gen[0].core_cmd_master_inst|pipe_bridge_inst                                     ; intel_vvp_axi_pipeline_stage                              ; intel_vvp_adv_tpg_scheduler_2451       ;
;                |tpg_core_cmd_gen[1].core_cmd_master_inst|                 ; 10.4 (0.0)           ; 16.2 (0.0)                       ; 6.2 (0.0)                                         ; 0.4 (0.0)                        ; 0.0 (0.0)            ; 5 (0)               ; 33 (0)                    ; 0 (0)         ; 0                 ; 0     ; 0                        ; 0                                      ; 0                                                 ; 0    ; 0            ; 0 (0)  ; u0|intel_vvp_adv_tpg_0|intel_vvp_adv_tpg_0|scheduler|tpg_core_cmd_gen[1].core_cmd_master_inst                                                      ; intel_vvp_axi_master                                      ; intel_vvp_adv_tpg_scheduler_2451       ;
;                   |pipe_bridge_inst|                                      ; 10.4 (10.4)          ; 16.2 (16.2)                      ; 6.2 (6.2)                                         ; 0.4 (0.4)                        ; 0.0 (0.0)            ; 5 (5)               ; 33 (33)                   ; 0 (0)         ; 0                 ; 0     ; 0                        ; 0                                      ; 0                                                 ; 0    ; 0            ; 0 (0)  ; u0|intel_vvp_adv_tpg_0|intel_vvp_adv_tpg_0|scheduler|tpg_core_cmd_gen[1].core_cmd_master_inst|pipe_bridge_inst                                     ; intel_vvp_axi_pipeline_stage                              ; intel_vvp_adv_tpg_scheduler_2451       ;
;       |intel_vvp_dil_0|                                                   ; 284.5 (0.0)          ; 379.2 (0.0)                      ; 95.2 (0.0)                                        ; 0.5 (0.0)                        ; 0.0 (0.0)            ; 461 (0)             ; 618 (0)                   ; 0 (0)         ; 98304             ; 6     ; 0                        ; 0                                      ; 0                                                 ; 0    ; 0            ; 0 (0)  ; u0|intel_vvp_dil_0                                                                                                                                 ; pl_sys_intel_vvp_dil_0                                    ; pl_sys_intel_vvp_dil_0                 ;
;          |intel_vvp_dil_0|                                                ; 284.5 (0.0)          ; 379.2 (0.0)                      ; 95.2 (0.0)                                        ; 0.5 (0.0)                        ; 0.0 (0.0)            ; 461 (0)             ; 618 (0)                   ; 0 (0)         ; 98304             ; 6     ; 0                        ; 0                                      ; 0                                                 ; 0    ; 0            ; 0 (0)  ; u0|intel_vvp_dil_0|intel_vvp_dil_0                                                                                                                 ; pl_sys_intel_vvp_dil_0_intel_vvp_dil_2451_zskkody         ; intel_vvp_dil_2451                     ;
;             |algo_comp|                                                   ; 50.7 (50.7)          ; 51.5 (51.5)                      ; 1.3 (1.3)                                         ; 0.5 (0.5)                        ; 0.0 (0.0)            ; 93 (93)             ; 86 (86)                   ; 0 (0)         ; 0                 ; 0     ; 0                        ; 0                                      ; 0                                                 ; 0    ; 0            ; 0 (0)  ; u0|intel_vvp_dil_0|intel_vvp_dil_0|algo_comp                                                                                                       ; intel_vvp_dil_bob_algo_comp                               ; intel_vvp_dil_bob_algo_comp_2451       ;
;             |duplicator|                                                  ; 5.0 (3.7)            ; 24.5 (23.0)                      ; 19.5 (19.3)                                       ; 0.0 (0.0)                        ; 0.0 (0.0)            ; 6 (4)               ; 56 (56)                   ; 0 (0)         ; 0                 ; 0     ; 0                        ; 0                                      ; 0                                                 ; 0    ; 0            ; 0 (0)  ; u0|intel_vvp_dil_0|intel_vvp_dil_0|duplicator                                                                                                      ; intel_vvp_pkt_duplicator                                  ; intel_vvp_pkt_duplicator_2450          ;
;                |output_gen[0].ccd_master_inst|                            ; 1.0 (1.0)            ; 1.0 (1.0)                        ; 0.0 (0.0)                                         ; 0.0 (0.0)                        ; 0.0 (0.0)            ; 1 (1)               ; 0 (0)                     ; 0 (0)         ; 0                 ; 0     ; 0                        ; 0                                      ; 0                                                 ; 0    ; 0            ; 0 (0)  ; u0|intel_vvp_dil_0|intel_vvp_dil_0|duplicator|output_gen[0].ccd_master_inst                                                                        ; intel_vvp_axi_master                                      ; intel_vvp_pkt_duplicator_2450          ;
;                |output_gen[1].ccd_master_inst|                            ; 0.3 (0.3)            ; 0.5 (0.5)                        ; 0.2 (0.2)                                         ; 0.0 (0.0)                        ; 0.0 (0.0)            ; 1 (1)               ; 0 (0)                     ; 0 (0)         ; 0                 ; 0     ; 0                        ; 0                                      ; 0                                                 ; 0    ; 0            ; 0 (0)  ; u0|intel_vvp_dil_0|intel_vvp_dil_0|duplicator|output_gen[1].ccd_master_inst                                                                        ; intel_vvp_axi_master                                      ; intel_vvp_pkt_duplicator_2450          ;
;             |iib|                                                         ; 11.5 (9.8)           ; 28.6 (26.9)                      ; 17.1 (17.1)                                       ; 0.0 (0.0)                        ; 0.0 (0.0)            ; 15 (13)             ; 50 (50)                   ; 0 (0)         ; 0                 ; 0     ; 0                        ; 0                                      ; 0                                                 ; 0    ; 0            ; 0 (0)  ; u0|intel_vvp_dil_0|intel_vvp_dil_0|iib                                                                                                             ; intel_vvp_input_interface_bridge                          ; intel_vvp_input_interface_bridge_2440  ;
;                |ctrl_master_inst|                                         ; 1.0 (1.0)            ; 1.0 (1.0)                        ; 0.0 (0.0)                                         ; 0.0 (0.0)                        ; 0.0 (0.0)            ; 1 (1)               ; 0 (0)                     ; 0 (0)         ; 0                 ; 0     ; 0                        ; 0                                      ; 0                                                 ; 0    ; 0            ; 0 (0)  ; u0|intel_vvp_dil_0|intel_vvp_dil_0|iib|ctrl_master_inst                                                                                            ; intel_vvp_axi_master                                      ; intel_vvp_input_interface_bridge_2440  ;
;                |data_master_inst|                                         ; 0.7 (0.7)            ; 0.7 (0.7)                        ; 0.0 (0.0)                                         ; 0.0 (0.0)                        ; 0.0 (0.0)            ; 1 (1)               ; 0 (0)                     ; 0 (0)         ; 0                 ; 0     ; 0                        ; 0                                      ; 0                                                 ; 0    ; 0            ; 0 (0)  ; u0|intel_vvp_dil_0|intel_vvp_dil_0|iib|data_master_inst                                                                                            ; intel_vvp_axi_master                                      ; intel_vvp_input_interface_bridge_2440  ;
;             |line_buffer|                                                 ; 86.3 (0.0)           ; 118.0 (0.0)                      ; 31.7 (0.0)                                        ; 0.0 (0.0)                        ; 0.0 (0.0)            ; 163 (0)             ; 201 (0)                   ; 0 (0)         ; 98304             ; 6     ; 0                        ; 0                                      ; 0                                                 ; 0    ; 0            ; 0 (0)  ; u0|intel_vvp_dil_0|intel_vvp_dil_0|line_buffer                                                                                                     ; intel_vvp_line_buffer                                     ; intel_vvp_line_buffer_2440             ;
;                |dout_master_inst|                                         ; 0.3 (0.3)            ; 0.3 (0.3)                        ; 0.0 (0.0)                                         ; 0.0 (0.0)                        ; 0.0 (0.0)            ; 1 (1)               ; 0 (0)                     ; 0 (0)         ; 0                 ; 0     ; 0                        ; 0                                      ; 0                                                 ; 0    ; 0            ; 0 (0)  ; u0|intel_vvp_dil_0|intel_vvp_dil_0|line_buffer|dout_master_inst                                                                                    ; intel_vvp_axi_master                                      ; intel_vvp_line_buffer_2440             ;
;                |resend_inst|                                              ; 85.8 (62.1)          ; 117.7 (68.2)                     ; 31.8 (6.1)                                        ; 0.0 (0.0)                        ; 0.0 (0.0)            ; 162 (117)           ; 201 (89)                  ; 0 (0)         ; 98304             ; 6     ; 0                        ; 0                                      ; 0                                                 ; 0    ; 0            ; 0 (0)  ; u0|intel_vvp_dil_0|intel_vvp_dil_0|line_buffer|resend_inst                                                                                         ; intel_vvp_line_buffer_resend                              ; intel_vvp_line_buffer_2440             ;
;                   |line_buffer_l0_ram_inst|                               ; 12.2 (12.2)          ; 22.3 (22.3)                      ; 10.1 (10.1)                                       ; 0.0 (0.0)                        ; 0.0 (0.0)            ; 23 (23)             ; 50 (50)                   ; 0 (0)         ; 49152             ; 3     ; 0                        ; 0                                      ; 0                                                 ; 0    ; 0            ; 0 (0)  ; u0|intel_vvp_dil_0|intel_vvp_dil_0|line_buffer|resend_inst|line_buffer_l0_ram_inst                                                                 ; intel_vvp_line_buffer_ram                                 ; intel_vvp_line_buffer_2440             ;
;                      |ram_gen[0].line_buffer_l0_ram_inst|                 ; 0.0 (0.0)            ; 0.0 (0.0)                        ; 0.0 (0.0)                                         ; 0.0 (0.0)                        ; 0.0 (0.0)            ; 0 (0)               ; 0 (0)                     ; 0 (0)         ; 20480             ; 1     ; 0                        ; 0                                      ; 0                                                 ; 0    ; 0            ; 0 (0)  ; u0|intel_vvp_dil_0|intel_vvp_dil_0|line_buffer|resend_inst|line_buffer_l0_ram_inst|ram_gen[0].line_buffer_l0_ram_inst                              ; altera_syncram                                            ; altera_work                            ;
;                         |auto_generated|                                  ; 0.0 (0.0)            ; 0.0 (0.0)                        ; 0.0 (0.0)                                         ; 0.0 (0.0)                        ; 0.0 (0.0)            ; 0 (0)               ; 0 (0)                     ; 0 (0)         ; 20480             ; 1     ; 0                        ; 0                                      ; 0                                                 ; 0    ; 0            ; 0 (0)  ; u0|intel_vvp_dil_0|intel_vvp_dil_0|line_buffer|resend_inst|line_buffer_l0_ram_inst|ram_gen[0].line_buffer_l0_ram_inst|auto_generated               ; altera_syncram_e02n1                                      ; altera_work                            ;
;                            |altsyncram1|                                  ; 0.0 (0.0)            ; 0.0 (0.0)                        ; 0.0 (0.0)                                         ; 0.0 (0.0)                        ; 0.0 (0.0)            ; 0 (0)               ; 0 (0)                     ; 0 (0)         ; 20480             ; 1     ; 0                        ; 0                                      ; 0                                                 ; 0    ; 0            ; 0 (0)  ; u0|intel_vvp_dil_0|intel_vvp_dil_0|line_buffer|resend_inst|line_buffer_l0_ram_inst|ram_gen[0].line_buffer_l0_ram_inst|auto_generated|altsyncram1   ; altsyncram_psuc1                                          ; altera_work                            ;
;                      |ram_gen[1].line_buffer_l0_ram_inst|                 ; 0.0 (0.0)            ; 0.0 (0.0)                        ; 0.0 (0.0)                                         ; 0.0 (0.0)                        ; 0.0 (0.0)            ; 0 (0)               ; 0 (0)                     ; 0 (0)         ; 20480             ; 1     ; 0                        ; 0                                      ; 0                                                 ; 0    ; 0            ; 0 (0)  ; u0|intel_vvp_dil_0|intel_vvp_dil_0|line_buffer|resend_inst|line_buffer_l0_ram_inst|ram_gen[1].line_buffer_l0_ram_inst                              ; altera_syncram                                            ; altera_work                            ;
;                         |auto_generated|                                  ; 0.0 (0.0)            ; 0.0 (0.0)                        ; 0.0 (0.0)                                         ; 0.0 (0.0)                        ; 0.0 (0.0)            ; 0 (0)               ; 0 (0)                     ; 0 (0)         ; 20480             ; 1     ; 0                        ; 0                                      ; 0                                                 ; 0    ; 0            ; 0 (0)  ; u0|intel_vvp_dil_0|intel_vvp_dil_0|line_buffer|resend_inst|line_buffer_l0_ram_inst|ram_gen[1].line_buffer_l0_ram_inst|auto_generated               ; altera_syncram_e02n1                                      ; altera_work                            ;
;                            |altsyncram1|                                  ; 0.0 (0.0)            ; 0.0 (0.0)                        ; 0.0 (0.0)                                         ; 0.0 (0.0)                        ; 0.0 (0.0)            ; 0 (0)               ; 0 (0)                     ; 0 (0)         ; 20480             ; 1     ; 0                        ; 0                                      ; 0                                                 ; 0    ; 0            ; 0 (0)  ; u0|intel_vvp_dil_0|intel_vvp_dil_0|line_buffer|resend_inst|line_buffer_l0_ram_inst|ram_gen[1].line_buffer_l0_ram_inst|auto_generated|altsyncram1   ; altsyncram_psuc1                                          ; altera_work                            ;
;                      |ram_gen[2].line_buffer_l0_ram_inst|                 ; 0.0 (0.0)            ; 0.0 (0.0)                        ; 0.0 (0.0)                                         ; 0.0 (0.0)                        ; 0.0 (0.0)            ; 0 (0)               ; 0 (0)                     ; 0 (0)         ; 8192              ; 1     ; 0                        ; 0                                      ; 0                                                 ; 0    ; 0            ; 0 (0)  ; u0|intel_vvp_dil_0|intel_vvp_dil_0|line_buffer|resend_inst|line_buffer_l0_ram_inst|ram_gen[2].line_buffer_l0_ram_inst                              ; altera_syncram                                            ; altera_work                            ;
;                         |auto_generated|                                  ; 0.0 (0.0)            ; 0.0 (0.0)                        ; 0.0 (0.0)                                         ; 0.0 (0.0)                        ; 0.0 (0.0)            ; 0 (0)               ; 0 (0)                     ; 0 (0)         ; 8192              ; 1     ; 0                        ; 0                                      ; 0                                                 ; 0    ; 0            ; 0 (0)  ; u0|intel_vvp_dil_0|intel_vvp_dil_0|line_buffer|resend_inst|line_buffer_l0_ram_inst|ram_gen[2].line_buffer_l0_ram_inst|auto_generated               ; altera_syncram_e02n1                                      ; altera_work                            ;
;                            |altsyncram1|                                  ; 0.0 (0.0)            ; 0.0 (0.0)                        ; 0.0 (0.0)                                         ; 0.0 (0.0)                        ; 0.0 (0.0)            ; 0 (0)               ; 0 (0)                     ; 0 (0)         ; 8192              ; 1     ; 0                        ; 0                                      ; 0                                                 ; 0    ; 0            ; 0 (0)  ; u0|intel_vvp_dil_0|intel_vvp_dil_0|line_buffer|resend_inst|line_buffer_l0_ram_inst|ram_gen[2].line_buffer_l0_ram_inst|auto_generated|altsyncram1   ; altsyncram_psuc1                                          ; altera_work                            ;
;                   |line_buffer_main_ram_inst|                             ; 11.5 (11.5)          ; 27.1 (27.1)                      ; 15.6 (15.6)                                       ; 0.0 (0.0)                        ; 0.0 (0.0)            ; 22 (22)             ; 62 (62)                   ; 0 (0)         ; 49152             ; 3     ; 0                        ; 0                                      ; 0                                                 ; 0    ; 0            ; 0 (0)  ; u0|intel_vvp_dil_0|intel_vvp_dil_0|line_buffer|resend_inst|line_buffer_main_ram_inst                                                               ; intel_vvp_line_buffer_ram                                 ; intel_vvp_line_buffer_2440             ;
;                      |ram_gen[0].line_buffer_l0_ram_inst|                 ; 0.0 (0.0)            ; 0.0 (0.0)                        ; 0.0 (0.0)                                         ; 0.0 (0.0)                        ; 0.0 (0.0)            ; 0 (0)               ; 0 (0)                     ; 0 (0)         ; 20480             ; 1     ; 0                        ; 0                                      ; 0                                                 ; 0    ; 0            ; 0 (0)  ; u0|intel_vvp_dil_0|intel_vvp_dil_0|line_buffer|resend_inst|line_buffer_main_ram_inst|ram_gen[0].line_buffer_l0_ram_inst                            ; altera_syncram                                            ; altera_work                            ;
;                         |auto_generated|                                  ; 0.0 (0.0)            ; 0.0 (0.0)                        ; 0.0 (0.0)                                         ; 0.0 (0.0)                        ; 0.0 (0.0)            ; 0 (0)               ; 0 (0)                     ; 0 (0)         ; 20480             ; 1     ; 0                        ; 0                                      ; 0                                                 ; 0    ; 0            ; 0 (0)  ; u0|intel_vvp_dil_0|intel_vvp_dil_0|line_buffer|resend_inst|line_buffer_main_ram_inst|ram_gen[0].line_buffer_l0_ram_inst|auto_generated             ; altera_syncram_e02n1                                      ; altera_work                            ;
;                            |altsyncram1|                                  ; 0.0 (0.0)            ; 0.0 (0.0)                        ; 0.0 (0.0)                                         ; 0.0 (0.0)                        ; 0.0 (0.0)            ; 0 (0)               ; 0 (0)                     ; 0 (0)         ; 20480             ; 1     ; 0                        ; 0                                      ; 0                                                 ; 0    ; 0            ; 0 (0)  ; u0|intel_vvp_dil_0|intel_vvp_dil_0|line_buffer|resend_inst|line_buffer_main_ram_inst|ram_gen[0].line_buffer_l0_ram_inst|auto_generated|altsyncram1 ; altsyncram_psuc1                                          ; altera_work                            ;
;                      |ram_gen[1].line_buffer_l0_ram_inst|                 ; 0.0 (0.0)            ; 0.0 (0.0)                        ; 0.0 (0.0)                                         ; 0.0 (0.0)                        ; 0.0 (0.0)            ; 0 (0)               ; 0 (0)                     ; 0 (0)         ; 20480             ; 1     ; 0                        ; 0                                      ; 0                                                 ; 0    ; 0            ; 0 (0)  ; u0|intel_vvp_dil_0|intel_vvp_dil_0|line_buffer|resend_inst|line_buffer_main_ram_inst|ram_gen[1].line_buffer_l0_ram_inst                            ; altera_syncram                                            ; altera_work                            ;
;                         |auto_generated|                                  ; 0.0 (0.0)            ; 0.0 (0.0)                        ; 0.0 (0.0)                                         ; 0.0 (0.0)                        ; 0.0 (0.0)            ; 0 (0)               ; 0 (0)                     ; 0 (0)         ; 20480             ; 1     ; 0                        ; 0                                      ; 0                                                 ; 0    ; 0            ; 0 (0)  ; u0|intel_vvp_dil_0|intel_vvp_dil_0|line_buffer|resend_inst|line_buffer_main_ram_inst|ram_gen[1].line_buffer_l0_ram_inst|auto_generated             ; altera_syncram_e02n1                                      ; altera_work                            ;
;                            |altsyncram1|                                  ; 0.0 (0.0)            ; 0.0 (0.0)                        ; 0.0 (0.0)                                         ; 0.0 (0.0)                        ; 0.0 (0.0)            ; 0 (0)               ; 0 (0)                     ; 0 (0)         ; 20480             ; 1     ; 0                        ; 0                                      ; 0                                                 ; 0    ; 0            ; 0 (0)  ; u0|intel_vvp_dil_0|intel_vvp_dil_0|line_buffer|resend_inst|line_buffer_main_ram_inst|ram_gen[1].line_buffer_l0_ram_inst|auto_generated|altsyncram1 ; altsyncram_psuc1                                          ; altera_work                            ;
;                      |ram_gen[2].line_buffer_l0_ram_inst|                 ; 0.0 (0.0)            ; 0.0 (0.0)                        ; 0.0 (0.0)                                         ; 0.0 (0.0)                        ; 0.0 (0.0)            ; 0 (0)               ; 0 (0)                     ; 0 (0)         ; 8192              ; 1     ; 0                        ; 0                                      ; 0                                                 ; 0    ; 0            ; 0 (0)  ; u0|intel_vvp_dil_0|intel_vvp_dil_0|line_buffer|resend_inst|line_buffer_main_ram_inst|ram_gen[2].line_buffer_l0_ram_inst                            ; altera_syncram                                            ; altera_work                            ;
;                         |auto_generated|                                  ; 0.0 (0.0)            ; 0.0 (0.0)                        ; 0.0 (0.0)                                         ; 0.0 (0.0)                        ; 0.0 (0.0)            ; 0 (0)               ; 0 (0)                     ; 0 (0)         ; 8192              ; 1     ; 0                        ; 0                                      ; 0                                                 ; 0    ; 0            ; 0 (0)  ; u0|intel_vvp_dil_0|intel_vvp_dil_0|line_buffer|resend_inst|line_buffer_main_ram_inst|ram_gen[2].line_buffer_l0_ram_inst|auto_generated             ; altera_syncram_e02n1                                      ; altera_work                            ;
;                            |altsyncram1|                                  ; 0.0 (0.0)            ; 0.0 (0.0)                        ; 0.0 (0.0)                                         ; 0.0 (0.0)                        ; 0.0 (0.0)            ; 0 (0)               ; 0 (0)                     ; 0 (0)         ; 8192              ; 1     ; 0                        ; 0                                      ; 0                                                 ; 0    ; 0            ; 0 (0)  ; u0|intel_vvp_dil_0|intel_vvp_dil_0|line_buffer|resend_inst|line_buffer_main_ram_inst|ram_gen[2].line_buffer_l0_ram_inst|auto_generated|altsyncram1 ; altsyncram_psuc1                                          ; altera_work                            ;
;             |main_rst_bridge|                                             ; 0.3 (0.3)            ; 0.8 (0.8)                        ; 0.4 (0.4)                                         ; 0.0 (0.0)                        ; 0.0 (0.0)            ; 0 (0)               ; 3 (3)                     ; 0 (0)         ; 0                 ; 0     ; 0                        ; 0                                      ; 0                                                 ; 0    ; 0            ; 0 (0)  ; u0|intel_vvp_dil_0|intel_vvp_dil_0|main_rst_bridge                                                                                                 ; intel_vvp_reset_sync                                      ; intel_vvp_reset_sync_2440              ;
;             |mux|                                                         ; 18.4 (4.2)           ; 18.4 (4.2)                       ; 0.0 (0.0)                                         ; 0.0 (0.0)                        ; 0.0 (0.0)            ; 9 (7)               ; 31 (4)                    ; 0 (0)         ; 0                 ; 0     ; 0                        ; 0                                      ; 0                                                 ; 0    ; 0            ; 0 (0)  ; u0|intel_vvp_dil_0|intel_vvp_dil_0|mux                                                                                                             ; intel_vvp_pkt_mux                                         ; intel_vvp_pkt_mux_2450                 ;
;                |data_master_inst|                                         ; 0.5 (0.5)            ; 0.5 (0.5)                        ; 0.0 (0.0)                                         ; 0.0 (0.0)                        ; 0.0 (0.0)            ; 1 (1)               ; 0 (0)                     ; 0 (0)         ; 0                 ; 0     ; 0                        ; 0                                      ; 0                                                 ; 0    ; 0            ; 0 (0)  ; u0|intel_vvp_dil_0|intel_vvp_dil_0|mux|data_master_inst                                                                                            ; intel_vvp_axi_master                                      ; intel_vvp_pkt_mux_2450                 ;
;                |data_mux_inst|                                            ; 12.0 (12.0)          ; 12.0 (12.0)                      ; 0.0 (0.0)                                         ; 0.0 (0.0)                        ; 0.0 (0.0)            ; 0 (0)               ; 24 (24)                   ; 0 (0)         ; 0                 ; 0     ; 0                        ; 0                                      ; 0                                                 ; 0    ; 0            ; 0 (0)  ; u0|intel_vvp_dil_0|intel_vvp_dil_0|mux|data_mux_inst                                                                                               ; intel_vvp_pipelined_mux                                   ; intel_vvp_pkt_mux_2450                 ;
;                |last_mux_inst|                                            ; 0.5 (0.5)            ; 0.5 (0.5)                        ; 0.0 (0.0)                                         ; 0.0 (0.0)                        ; 0.0 (0.0)            ; 0 (0)               ; 1 (1)                     ; 0 (0)         ; 0                 ; 0     ; 0                        ; 0                                      ; 0                                                 ; 0    ; 0            ; 0 (0)  ; u0|intel_vvp_dil_0|intel_vvp_dil_0|mux|last_mux_inst                                                                                               ; intel_vvp_pipelined_mux                                   ; intel_vvp_pkt_mux_2450                 ;
;                |user_mux_inst|                                            ; 0.5 (0.5)            ; 0.5 (0.5)                        ; 0.0 (0.0)                                         ; 0.0 (0.0)                        ; 0.0 (0.0)            ; 0 (0)               ; 1 (1)                     ; 0 (0)         ; 0                 ; 0     ; 0                        ; 0                                      ; 0                                                 ; 0    ; 0            ; 0 (0)  ; u0|intel_vvp_dil_0|intel_vvp_dil_0|mux|user_mux_inst                                                                                               ; intel_vvp_pipelined_mux                                   ; intel_vvp_pkt_mux_2450                 ;
;                |valid_mux_inst|                                           ; 0.8 (0.8)            ; 0.8 (0.8)                        ; 0.0 (0.0)                                         ; 0.0 (0.0)                        ; 0.0 (0.0)            ; 1 (1)               ; 1 (1)                     ; 0 (0)         ; 0                 ; 0     ; 0                        ; 0                                      ; 0                                                 ; 0    ; 0            ; 0 (0)  ; u0|intel_vvp_dil_0|intel_vvp_dil_0|mux|valid_mux_inst                                                                                              ; intel_vvp_pipelined_mux                                   ; intel_vvp_pkt_mux_2450                 ;
;             |oib|                                                         ; 26.5 (26.0)          ; 28.8 (28.3)                      ; 2.3 (2.3)                                         ; 0.0 (0.0)                        ; 0.0 (0.0)            ; 37 (36)             ; 30 (30)                   ; 0 (0)         ; 0                 ; 0     ; 0                        ; 0                                      ; 0                                                 ; 0    ; 0            ; 0 (0)  ; u0|intel_vvp_dil_0|intel_vvp_dil_0|oib                                                                                                             ; intel_vvp_output_interface_bridge                         ; intel_vvp_output_interface_bridge_2440 ;
;                |ccd_master_inst|                                          ; 0.5 (0.5)            ; 0.5 (0.5)                        ; 0.0 (0.0)                                         ; 0.0 (0.0)                        ; 0.0 (0.0)            ; 1 (1)               ; 0 (0)                     ; 0 (0)         ; 0                 ; 0     ; 0                        ; 0                                      ; 0                                                 ; 0    ; 0            ; 0 (0)  ; u0|intel_vvp_dil_0|intel_vvp_dil_0|oib|ccd_master_inst                                                                                             ; intel_vvp_axi_master                                      ; intel_vvp_output_interface_bridge_2440 ;
;             |scheduler|                                                   ; 84.8 (83.8)          ; 108.7 (108.0)                    ; 23.8 (24.2)                                       ; 0.0 (0.0)                        ; 0.0 (0.0)            ; 138 (137)           ; 161 (161)                 ; 0 (0)         ; 0                 ; 0     ; 0                        ; 0                                      ; 0                                                 ; 0    ; 0            ; 0 (0)  ; u0|intel_vvp_dil_0|intel_vvp_dil_0|scheduler                                                                                                       ; intel_vvp_dil_bob_scheduler                               ; intel_vvp_dil_bob_scheduler_2451       ;
;                |axi_out|                                                  ; 0.7 (0.7)            ; 0.7 (0.7)                        ; 0.0 (0.0)                                         ; 0.0 (0.0)                        ; 0.0 (0.0)            ; 1 (1)               ; 0 (0)                     ; 0 (0)         ; 0                 ; 0     ; 0                        ; 0                                      ; 0                                                 ; 0    ; 0            ; 0 (0)  ; u0|intel_vvp_dil_0|intel_vvp_dil_0|scheduler|axi_out                                                                                               ; intel_vvp_axi_master                                      ; intel_vvp_dil_bob_scheduler_2451       ;
;       |rst_controller|                                                    ; 0.2 (0.0)            ; 1.2 (0.0)                        ; 1.0 (0.0)                                         ; 0.0 (0.0)                        ; 0.0 (0.0)            ; 0 (0)               ; 3 (0)                     ; 0 (0)         ; 0                 ; 0     ; 0                        ; 0                                      ; 0                                                 ; 0    ; 0            ; 0 (0)  ; u0|rst_controller                                                                                                                                  ; altera_reset_controller                                   ; altera_reset_controller_1924           ;
;          |alt_rst_sync_uq1|                                               ; 0.2 (0.2)            ; 1.2 (1.2)                        ; 1.0 (1.0)                                         ; 0.0 (0.0)                        ; 0.0 (0.0)            ; 0 (0)               ; 3 (3)                     ; 0 (0)         ; 0                 ; 0     ; 0                        ; 0                                      ; 0                                                 ; 0    ; 0            ; 0 (0)  ; u0|rst_controller|alt_rst_sync_uq1                                                                                                                 ; altera_reset_synchronizer                                 ; altera_reset_controller_1924           ;
+---------------------------------------------------------------------------+----------------------+----------------------------------+---------------------------------------------------+----------------------------------+----------------------+---------------------+---------------------------+---------------+-------------------+-------+--------------------------+----------------------------------------+---------------------------------------------------+------+--------------+--------+----------------------------------------------------------------------------------------------------------------------------------------------------+-----------------------------------------------------------+----------------------------------------+
Note: For table entries with two numbers listed, the numbers in parentheses indicate the number of resources of the given type used by the specific entity alone. The numbers listed outside of parentheses indicate the total resources of the given type used by the specific entity and all of its sub-entities in the hierarchy.


+-------------------------------------------------------------------------------------------------------------------------------------------------------------------------------------------------------------------------------------------------------------------------------------------------------------------------------------------------------------------------------------------------------------------------------------------------------------------------------------------------------------------------------------------------------------------------------------------------------------------------------------------------------------------------------------------------------------------------------+
; Fitter RAM Summary                                                                                                                                                                                                                                                                                                                                                                                                                                                                                                                                                                                                                                                                                                            ;
+---------------------------------------------------------------------------------------------------------------------------------------------------------------+------+------------------+--------------+--------------+--------------+--------------+--------------+------------------------+-------------------------+------------------------+-------------------------+--------------+-----------------------------+-----------------------------+-----------------------------+-----------------------------+---------------------+-------------+-------+------+-----------------+---------------------+-----------------+-----------------+----------+------------------------+------------------+-----------------------+
; Name                                                                                                                                                          ; Type ; Mode             ; Clock Mode   ; Port A Depth ; Port A Width ; Port B Depth ; Port B Width ; Port A Input Registers ; Port A Output Registers ; Port B Input Registers ; Port B Output Registers ; Logical Size ; Implementation Port A Depth ; Implementation Port A Width ; Implementation Port B Depth ; Implementation Port B Width ; Implementation Bits ; M20K blocks ; MLABs ; MIF  ; Location        ; Mixed Port RDW Mode ; Port A RDW Mode ; Port B RDW Mode ; ECC Mode ; ECC Pipeline Registers ; Performance Mode ; Fits in MLABs         ;
+---------------------------------------------------------------------------------------------------------------------------------------------------------------+------+------------------+--------------+--------------+--------------+--------------+--------------+------------------------+-------------------------+------------------------+-------------------------+--------------+-----------------------------+-----------------------------+-----------------------------+-----------------------------+---------------------+-------------+-------+------+-----------------+---------------------+-----------------+-----------------+----------+------------------------+------------------+-----------------------+
; u0|intel_vvp_dil_0|intel_vvp_dil_0|line_buffer|resend_inst|line_buffer_l0_ram_inst|ram_gen[0].line_buffer_l0_ram_inst|auto_generated|altsyncram1|ALTSYNCRAM   ; M20K ; Simple Dual Port ; Single Clock ; 2048         ; 10           ; 2048         ; 10           ; yes                    ; no                      ; yes                    ; yes                     ; 20480        ; 2048                        ; 10                          ; 2048                        ; 10                          ; 20480               ; 1.000       ; 0.000 ; None ; M20K_X94_Y40_N0 ; Don't care          ; New data        ; New data        ; Off      ; No                     ;                  ; No - Address Too Wide ;
; u0|intel_vvp_dil_0|intel_vvp_dil_0|line_buffer|resend_inst|line_buffer_l0_ram_inst|ram_gen[1].line_buffer_l0_ram_inst|auto_generated|altsyncram1|ALTSYNCRAM   ; M20K ; Simple Dual Port ; Single Clock ; 2048         ; 10           ; 2048         ; 10           ; yes                    ; no                      ; yes                    ; yes                     ; 20480        ; 2048                        ; 10                          ; 2048                        ; 10                          ; 20480               ; 1.000       ; 0.000 ; None ; M20K_X94_Y38_N0 ; Don't care          ; New data        ; New data        ; Off      ; No                     ;                  ; No - Address Too Wide ;
; u0|intel_vvp_dil_0|intel_vvp_dil_0|line_buffer|resend_inst|line_buffer_l0_ram_inst|ram_gen[2].line_buffer_l0_ram_inst|auto_generated|altsyncram1|ALTSYNCRAM   ; M20K ; Simple Dual Port ; Single Clock ; 2048         ; 10           ; 2048         ; 10           ; yes                    ; no                      ; yes                    ; yes                     ; 20480        ; 2048                        ; 4                           ; 2048                        ; 4                           ; 8192                ; 1.000       ; 0.000 ; None ; M20K_X94_Y39_N0 ; Don't care          ; New data        ; New data        ; Off      ; No                     ;                  ; No - Address Too Wide ;
; u0|intel_vvp_dil_0|intel_vvp_dil_0|line_buffer|resend_inst|line_buffer_main_ram_inst|ram_gen[0].line_buffer_l0_ram_inst|auto_generated|altsyncram1|ALTSYNCRAM ; M20K ; Simple Dual Port ; Single Clock ; 2048         ; 10           ; 2048         ; 10           ; yes                    ; no                      ; yes                    ; yes                     ; 20480        ; 2048                        ; 10                          ; 2048                        ; 10                          ; 20480               ; 1.000       ; 0.000 ; None ; M20K_X94_Y42_N0 ; Don't care          ; New data        ; New data        ; Off      ; No                     ;                  ; No - Address Too Wide ;
; u0|intel_vvp_dil_0|intel_vvp_dil_0|line_buffer|resend_inst|line_buffer_main_ram_inst|ram_gen[1].line_buffer_l0_ram_inst|auto_generated|altsyncram1|ALTSYNCRAM ; M20K ; Simple Dual Port ; Single Clock ; 2048         ; 10           ; 2048         ; 10           ; yes                    ; no                      ; yes                    ; yes                     ; 20480        ; 2048                        ; 10                          ; 2048                        ; 10                          ; 20480               ; 1.000       ; 0.000 ; None ; M20K_X94_Y41_N0 ; Don't care          ; New data        ; New data        ; Off      ; No                     ;                  ; No - Address Too Wide ;
; u0|intel_vvp_dil_0|intel_vvp_dil_0|line_buffer|resend_inst|line_buffer_main_ram_inst|ram_gen[2].line_buffer_l0_ram_inst|auto_generated|altsyncram1|ALTSYNCRAM ; M20K ; Simple Dual Port ; Single Clock ; 2048         ; 10           ; 2048         ; 10           ; yes                    ; no                      ; yes                    ; yes                     ; 20480        ; 2048                        ; 4                           ; 2048                        ; 4                           ; 8192                ; 1.000       ; 0.000 ; None ; M20K_X94_Y43_N0 ; Don't care          ; New data        ; New data        ; Off      ; No                     ;                  ; No - Address Too Wide ;
+---------------------------------------------------------------------------------------------------------------------------------------------------------------+------+------------------+--------------+--------------+--------------+--------------+--------------+------------------------+-------------------------+------------------------+-------------------------+--------------+-----------------------------+-----------------------------+-----------------------------+-----------------------------+---------------------+-------------+-------+------+-----------------+---------------------+-----------------+-----------------+----------+------------------------+------------------+-----------------------+
Note: Fitter may spread logical memories into multiple blocks to improve timing. The actual required RAM blocks can be found in the Fitter Resource Usage section.


+-------------------------------------------------------------------------------------------------------------------------------------------------------------------------------------------------------------------------------------------------+
; Fitter Physical RAM Information                                                                                                                                                                                                                 ;
+-----------------------+-------------------------+-------------------------------+---------------------------------------------------------------------------------------------------------------------------------------------------------------+
; Physical RAM Location ; Physical RAM Usage Bits ; Physical RAM Usage Percentage ; Logical RAM Name                                                                                                                                              ;
+-----------------------+-------------------------+-------------------------------+---------------------------------------------------------------------------------------------------------------------------------------------------------------+
; M20K_X94_Y39_N0       ; 8192                    ; 40.0                          ; u0|intel_vvp_dil_0|intel_vvp_dil_0|line_buffer|resend_inst|line_buffer_l0_ram_inst|ram_gen[2].line_buffer_l0_ram_inst|auto_generated|altsyncram1|ALTSYNCRAM   ;
; M20K_X94_Y43_N0       ; 8192                    ; 40.0                          ; u0|intel_vvp_dil_0|intel_vvp_dil_0|line_buffer|resend_inst|line_buffer_main_ram_inst|ram_gen[2].line_buffer_l0_ram_inst|auto_generated|altsyncram1|ALTSYNCRAM ;
; M20K_X94_Y38_N0       ; 20480                   ; 100.0                         ; u0|intel_vvp_dil_0|intel_vvp_dil_0|line_buffer|resend_inst|line_buffer_l0_ram_inst|ram_gen[1].line_buffer_l0_ram_inst|auto_generated|altsyncram1|ALTSYNCRAM   ;
; M20K_X94_Y40_N0       ; 20480                   ; 100.0                         ; u0|intel_vvp_dil_0|intel_vvp_dil_0|line_buffer|resend_inst|line_buffer_l0_ram_inst|ram_gen[0].line_buffer_l0_ram_inst|auto_generated|altsyncram1|ALTSYNCRAM   ;
; M20K_X94_Y41_N0       ; 20480                   ; 100.0                         ; u0|intel_vvp_dil_0|intel_vvp_dil_0|line_buffer|resend_inst|line_buffer_main_ram_inst|ram_gen[1].line_buffer_l0_ram_inst|auto_generated|altsyncram1|ALTSYNCRAM ;
; M20K_X94_Y42_N0       ; 20480                   ; 100.0                         ; u0|intel_vvp_dil_0|intel_vvp_dil_0|line_buffer|resend_inst|line_buffer_main_ram_inst|ram_gen[0].line_buffer_l0_ram_inst|auto_generated|altsyncram1|ALTSYNCRAM ;
+-----------------------+-------------------------+-------------------------------+---------------------------------------------------------------------------------------------------------------------------------------------------------------+
Note: This table shows up to 500 physical rams that are least utilized. You can change this number by setting PHYSICAL_RAM_RPT_MAX_ROW in qsf file.


+-----------------------------------------------+
; Fitter DSP Block Usage Summary                ;
+---------------------------------+-------------+
; Statistic                       ; Number Used ;
+---------------------------------+-------------+
; Sum of Two 18x18                ; 3           ;
; Total number of DSP blocks      ; 3           ;
; Fixed Point Unsigned Multiplier ; 6           ;
+---------------------------------+-------------+


+----------------+
; Place Messages ;
+----------------+
Info (20030): Parallel compilation is enabled and will use 24 of the 32 processors detected
Info: *******************************************************************
Info: Running Quartus Prime Fitter
    Info: Version 25.1.1 Build 125 07/31/2025 Patches 1.31 SC Pro Edition
    Info: Processing started: Wed Apr 29 17:58:10 2026
    Info: System process ID: 581023
Info: Command: quartus_fit --read_settings_files=on --write_settings_files=off example_proj -c example_proj
Info: qfit2_default_script.tcl version: #1
Info: Project  = example_proj
Info: Revision = example_proj
Info (11165): Fitter preparation operations ending: elapsed time is 00:00:19
Info (22300): Design uses Placement Effort Multiplier = 1.0.
Info (170189): Fitter placement preparation operations beginning
Info (25141): The Fitter is using Advanced Physical Optimization.
Info (170190): Fitter placement preparation operations ending: elapsed time is 00:00:04
Info (25133): Total time spent on timing analysis during Global Placement is 0.13 seconds.
Info (22300): Design uses Placement Effort Multiplier = 1.0.
Info (170189): Fitter placement preparation operations beginning
Info (170190): Fitter placement preparation operations ending: elapsed time is 00:00:02
Info (170191): Fitter placement operations beginning
Info (170137): Fitter placement was successful
Info (170192): Fitter placement operations ending: elapsed time is 00:00:09
Info (25133): Total time spent on timing analysis during Placement is 0.01 seconds.


