Info: Generated by version: 25.1.1 build 125
Info: Starting: Create simulation model
Info: qsys-generate /mnt/ssd2/QuartusProjects/VVP_IP_Validation/resampler_II/platform/system.qsys --simulation=VERILOG --allow-mixed-language-simulation --simulator=MODELSIM --output-directory=/mnt/ssd2/QuartusProjects/VVP_IP_Validation/resampler_II/platform/system --family="Cyclone 10 GX" --part=10CX220YF780I5G
Progress: Loading platform/system.qsys
Progress: Reading input file
Progress: Parameterizing module alt_vip_cl_crs_0
Progress: Parameterizing module alt_vip_cl_tpg_0
Progress: Parameterizing module clock_in
Progress: Parameterizing module reset_in
Progress: Building connections
Progress: Parameterizing connections
Progress: Validating
Progress: Done reading input file
Info: system: "Transforming system: system"
Info: system: "Naming system components in system: system"
Info: system: "Processing generation queue"
Info: system: "Generating: system"
Info: system: "Generating: system_alt_vip_cl_crs_0"
Info: system: "Generating: system_alt_vip_cl_tpg_0"
Info: system: "Generating: system_clock_in"
Info: system: "Generating: system_reset_in"
Info: system: Done "system" with 5 modules, 1 files
Info: Generating the following file(s) for MODELSIM simulator in /mnt/ssd2/QuartusProjects/VVP_IP_Validation/resampler_II/platform/system/sim/ directory:
Info: 	common/modelsim_files.tcl
Info: For information on how to simulate your IP, see the explanatory comments in the simulator-specific subdirectories under /mnt/ssd2/QuartusProjects/VVP_IP_Validation/resampler_II/platform/system/sim/.
Info: Regenerate these scripts whenever you make any change to any Quartus-generated IP in your project.
Info: Finished: Create simulation model
Info: Starting: Create simulation script
Info: sim-script-gen --system-file=/mnt/ssd2/QuartusProjects/VVP_IP_Validation/resampler_II/platform/system.qsys --simulator=MODELSIM --output-directory=/mnt/ssd2/QuartusProjects/VVP_IP_Validation/resampler_II/platform/system/sim/ --use-relative-paths=true --modelsim-flow=traditional
Info: Generating the following file(s) for MODELSIM simulator in /mnt/ssd2/QuartusProjects/VVP_IP_Validation/resampler_II/platform/system/sim/ directory:
Info: 	mentor/msim_setup.tcl
Info: 	mentor/run_msim_setup.tcl
Info: For information on how to simulate your IP, see the explanatory comments in the simulator-specific subdirectories under /mnt/ssd2/QuartusProjects/VVP_IP_Validation/resampler_II/platform/system/sim/.
Info: Regenerate these scripts whenever you make any change to any Quartus-generated IP in your project.
Info: Finished: Create simulation script
Info: Starting: Create block symbol file (.bsf)
Info: qsys-generate /mnt/ssd2/QuartusProjects/VVP_IP_Validation/resampler_II/platform/system.qsys --block-symbol-file --output-directory=/mnt/ssd2/QuartusProjects/VVP_IP_Validation/resampler_II/platform/system --family="Cyclone 10 GX" --part=10CX220YF780I5G
Progress: Loading platform/system.qsys
Progress: Reading input file
Progress: Parameterizing module alt_vip_cl_crs_0
Progress: Parameterizing module alt_vip_cl_tpg_0
Progress: Parameterizing module clock_in
Progress: Parameterizing module reset_in
Progress: Building connections
Progress: Parameterizing connections
Progress: Validating
Progress: Done reading input file
Info: Finished: Create block symbol file (.bsf)
Info: 
Warning: Creating netlists for third-party EDA synthesis is only supported for standalone IP. Skipping greybox generation for /mnt/ssd2/QuartusProjects/VVP_IP_Validation/resampler_II/platform/system.qsys.
Info: Starting: Create HDL design files for synthesis
Info: qsys-generate /mnt/ssd2/QuartusProjects/VVP_IP_Validation/resampler_II/platform/system.qsys --synthesis=VERILOG --output-directory=/mnt/ssd2/QuartusProjects/VVP_IP_Validation/resampler_II/platform/system --family="Cyclone 10 GX" --part=10CX220YF780I5G
Progress: Loading platform/system.qsys
Progress: Reading input file
Progress: Parameterizing module alt_vip_cl_crs_0
Progress: Parameterizing module alt_vip_cl_tpg_0
Progress: Parameterizing module clock_in
Progress: Parameterizing module reset_in
Progress: Building connections
Progress: Parameterizing connections
Progress: Validating
Progress: Done reading input file
Info: system: "Transforming system: system"
Info: system: "Naming system components in system: system"
Info: system: "Processing generation queue"
Info: system: "Generating: system"
Info: system: "Generating: system_alt_vip_cl_crs_0"
Info: system: "Generating: system_alt_vip_cl_tpg_0"
Info: system: "Generating: system_clock_in"
Info: system: "Generating: system_reset_in"
Info: system: Done "system" with 5 modules, 1 files
Info: Finished: Create HDL design files for synthesis
Info: Starting: IP-XACT
Info: qsys-generate /mnt/ssd2/QuartusProjects/VVP_IP_Validation/resampler_II/platform/system.qsys --synthesis=VERILOG --ipxact --output-directory=/mnt/ssd2/QuartusProjects/VVP_IP_Validation/resampler_II/platform/system --family="Cyclone 10 GX" --part=10CX220YF780I5G
Info: Finished: IP-XACT
Info: Starting: Generate IP Core Documentation
Info: No documentation filesets were found for components in system. No files generated.
Info: Finished: Generate IP Core Documentation
